0:0:0:0:0:0:0:1 - - [25/Feb/2020:02:15:30 -0500] GET /api/am/store/v1.0/applications/239d7d37-b066-43a3-885d-0612e5e6817d/keys HTTP/1.1 200 480 https://localhost:9443/devportal/applications/239d7d37-b066-43a3-885d-0612e5e6817d/productionkeys Mozilla/5.0 (Windows NT 10.0; Win64; x64) AppleWebKit/537.36 (KHTML, like Gecko) Chrome/80.0.3987.116 Safari/537.36 0.015
0:0:0:0:0:0:0:1 - - [25/Feb/2020:02:15:30 -0500] GET /api/am/store/v1.0/swagger.yaml HTTP/1.1 200 219176 https://localhost:9443/devportal/applications/239d7d37-b066-43a3-885d-0612e5e6817d/productionkeys Mozilla/5.0 (Windows NT 10.0; Win64; x64) AppleWebKit/537.36 (KHTML, like Gecko) Chrome/80.0.3987.116 Safari/537.36 0.022
127.0.0.1 - - [25/Feb/2020:02:15:31 -0500] POST /services/APIKeyMgtSubscriberService HTTP/1.1 200 1368 - Axis2 0.003
0:0:0:0:0:0:0:1 - - [25/Feb/2020:02:15:31 -0500] GET /api/am/store/v1.0/applications/239d7d37-b066-43a3-885d-0612e5e6817d HTTP/1.1 200 324 https://localhost:9443/devportal/applications/239d7d37-b066-43a3-885d-0612e5e6817d/productionkeys Mozilla/5.0 (Windows NT 10.0; Win64; x64) AppleWebKit/537.36 (KHTML, like Gecko) Chrome/80.0.3987.116 Safari/537.36 0.012
127.0.0.1 - - [25/Feb/2020:02:15:31 -0500] POST /services/APIKeyMgtSubscriberService HTTP/1.1 200 1368 - Axis2 0.002
0:0:0:0:0:0:0:1 - - [25/Feb/2020:02:15:31 -0500] GET /api/am/store/v1.0/applications/239d7d37-b066-43a3-885d-0612e5e6817d/keys HTTP/1.1 200 480 https://localhost:9443/devportal/applications/239d7d37-b066-43a3-885d-0612e5e6817d/productionkeys Mozilla/5.0 (Windows NT 10.0; Win64; x64) AppleWebKit/537.36 (KHTML, like Gecko) Chrome/80.0.3987.116 Safari/537.36 0.013
0:0:0:0:0:0:0:1 - - [25/Feb/2020:02:15:39 -0500] GET /devportal/site/public/images/_favicon.ico HTTP/1.1 200 1150 https://localhost:9443/devportal/applications Mozilla/5.0 (Windows NT 10.0; Win64; x64) AppleWebKit/537.36 (KHTML, like Gecko) Chrome/80.0.3987.116 Safari/537.36 0.004
0:0:0:0:0:0:0:1 - - [25/Feb/2020:02:15:39 -0500] GET /api/am/store/v1.0/swagger.yaml HTTP/1.1 200 219176 https://localhost:9443/devportal/applications Mozilla/5.0 (Windows NT 10.0; Win64; x64) AppleWebKit/537.36 (KHTML, like Gecko) Chrome/80.0.3987.116 Safari/537.36 0.025
0:0:0:0:0:0:0:1 - - [25/Feb/2020:02:15:41 -0500] GET /api/am/store/v1.0/applications?sortBy=name&sortOrder=asc&limit=10&offset=0 HTTP/1.1 200 565 https://localhost:9443/devportal/applications Mozilla/5.0 (Windows NT 10.0; Win64; x64) AppleWebKit/537.36 (KHTML, like Gecko) Chrome/80.0.3987.116 Safari/537.36 0.021
0:0:0:0:0:0:0:1 - - [25/Feb/2020:02:15:43 -0500] GET /api/am/store/v1.0/throttling-policies/application?limit=25&offset=0 HTTP/1.1 200 1655 https://localhost:9443/devportal/applications/239d7d37-b066-43a3-885d-0612e5e6817d/edit/ Mozilla/5.0 (Windows NT 10.0; Win64; x64) AppleWebKit/537.36 (KHTML, like Gecko) Chrome/80.0.3987.116 Safari/537.36 0.018
0:0:0:0:0:0:0:1 - - [25/Feb/2020:02:15:43 -0500] GET /api/am/store/v1.0/swagger.yaml HTTP/1.1 200 219176 https://localhost:9443/devportal/applications/239d7d37-b066-43a3-885d-0612e5e6817d/edit/ Mozilla/5.0 (Windows NT 10.0; Win64; x64) AppleWebKit/537.36 (KHTML, like Gecko) Chrome/80.0.3987.116 Safari/537.36 0.032
0:0:0:0:0:0:0:1 - - [25/Feb/2020:02:15:43 -0500] GET /devportal/site/public/images/_favicon.ico HTTP/1.1 200 1150 https://localhost:9443/devportal/applications/239d7d37-b066-43a3-885d-0612e5e6817d/edit/ Mozilla/5.0 (Windows NT 10.0; Win64; x64) AppleWebKit/537.36 (KHTML, like Gecko) Chrome/80.0.3987.116 Safari/537.36 0.001
0:0:0:0:0:0:0:1 - - [25/Feb/2020:02:15:43 -0500] GET /api/am/store/v1.0/settings/application-attributes HTTP/1.1 200 32 https://localhost:9443/devportal/applications/239d7d37-b066-43a3-885d-0612e5e6817d/edit/ Mozilla/5.0 (Windows NT 10.0; Win64; x64) AppleWebKit/537.36 (KHTML, like Gecko) Chrome/80.0.3987.116 Safari/537.36 0.010
127.0.0.1 - - [25/Feb/2020:02:15:44 -0500] POST /services/APIKeyMgtSubscriberService HTTP/1.1 200 1368 - Axis2 0.004
0:0:0:0:0:0:0:1 - - [25/Feb/2020:02:15:44 -0500] GET /api/am/store/v1.0/applications/239d7d37-b066-43a3-885d-0612e5e6817d HTTP/1.1 200 324 https://localhost:9443/devportal/applications/239d7d37-b066-43a3-885d-0612e5e6817d/edit/ Mozilla/5.0 (Windows NT 10.0; Win64; x64) AppleWebKit/537.36 (KHTML, like Gecko) Chrome/80.0.3987.116 Safari/537.36 0.018
0:0:0:0:0:0:0:1 - - [25/Feb/2020:02:15:47 -0500] GET /devportal/site/public/images/_favicon.ico HTTP/1.1 200 1150 https://localhost:9443/devportal/applications Mozilla/5.0 (Windows NT 10.0; Win64; x64) AppleWebKit/537.36 (KHTML, like Gecko) Chrome/80.0.3987.116 Safari/537.36 0.004
0:0:0:0:0:0:0:1 - - [25/Feb/2020:02:15:47 -0500] GET /api/am/store/v1.0/swagger.yaml HTTP/1.1 200 219176 https://localhost:9443/devportal/applications Mozilla/5.0 (Windows NT 10.0; Win64; x64) AppleWebKit/537.36 (KHTML, like Gecko) Chrome/80.0.3987.116 Safari/537.36 0.023
0:0:0:0:0:0:0:1 - - [25/Feb/2020:02:15:48 -0500] GET /api/am/store/v1.0/applications?sortBy=name&sortOrder=asc&limit=10&offset=0 HTTP/1.1 200 565 https://localhost:9443/devportal/applications Mozilla/5.0 (Windows NT 10.0; Win64; x64) AppleWebKit/537.36 (KHTML, like Gecko) Chrome/80.0.3987.116 Safari/537.36 0.007
127.0.0.1 - - [25/Feb/2020:02:15:50 -0500] POST /services/APIKeyMgtSubscriberService HTTP/1.1 200 1368 - Axis2 0.003
0:0:0:0:0:0:0:1 - - [25/Feb/2020:02:15:50 -0500] GET /api/am/store/v1.0/applications/239d7d37-b066-43a3-885d-0612e5e6817d HTTP/1.1 200 324 https://localhost:9443/devportal/applications/239d7d37-b066-43a3-885d-0612e5e6817d Mozilla/5.0 (Windows NT 10.0; Win64; x64) AppleWebKit/537.36 (KHTML, like Gecko) Chrome/80.0.3987.116 Safari/537.36 0.015
0:0:0:0:0:0:0:1 - - [25/Feb/2020:02:15:50 -0500] GET /devportal/site/public/images/_favicon.ico HTTP/1.1 200 1150 https://localhost:9443/devportal/applications/239d7d37-b066-43a3-885d-0612e5e6817d Mozilla/5.0 (Windows NT 10.0; Win64; x64) AppleWebKit/537.36 (KHTML, like Gecko) Chrome/80.0.3987.116 Safari/537.36 0.002
0:0:0:0:0:0:0:1 - - [25/Feb/2020:02:15:50 -0500] GET /api/am/store/v1.0/swagger.yaml HTTP/1.1 200 219176 https://localhost:9443/devportal/applications/239d7d37-b066-43a3-885d-0612e5e6817d/productionkeys Mozilla/5.0 (Windows NT 10.0; Win64; x64) AppleWebKit/537.36 (KHTML, like Gecko) Chrome/80.0.3987.116 Safari/537.36 0.018
127.0.0.1 - - [25/Feb/2020:02:15:50 -0500] POST /services/APIKeyMgtSubscriberService HTTP/1.1 200 1368 - Axis2 0.003
0:0:0:0:0:0:0:1 - - [25/Feb/2020:02:15:50 -0500] GET /api/am/store/v1.0/applications/239d7d37-b066-43a3-885d-0612e5e6817d HTTP/1.1 200 324 https://localhost:9443/devportal/applications/239d7d37-b066-43a3-885d-0612e5e6817d/productionkeys Mozilla/5.0 (Windows NT 10.0; Win64; x64) AppleWebKit/537.36 (KHTML, like Gecko) Chrome/80.0.3987.116 Safari/537.36 0.015
0:0:0:0:0:0:0:1 - - [25/Feb/2020:02:15:50 -0500] GET /devportal/site/public/images/_favicon.ico HTTP/1.1 200 1150 https://localhost:9443/devportal/applications/239d7d37-b066-43a3-885d-0612e5e6817d/productionkeys Mozilla/5.0 (Windows NT 10.0; Win64; x64) AppleWebKit/537.36 (KHTML, like Gecko) Chrome/80.0.3987.116 Safari/537.36 0.001
0:0:0:0:0:0:0:1 - - [25/Feb/2020:02:15:50 -0500] GET /api/am/store/v1.0/settings HTTP/1.1 200 539 https://localhost:9443/devportal/applications/239d7d37-b066-43a3-885d-0612e5e6817d/productionkeys Mozilla/5.0 (Windows NT 10.0; Win64; x64) AppleWebKit/537.36 (KHTML, like Gecko) Chrome/80.0.3987.116 Safari/537.36 0.184
127.0.0.1 - - [25/Feb/2020:02:15:50 -0500] POST /services/APIKeyMgtSubscriberService HTTP/1.1 200 1368 - Axis2 0.004
0:0:0:0:0:0:0:1 - - [25/Feb/2020:02:15:50 -0500] GET /api/am/store/v1.0/applications/239d7d37-b066-43a3-885d-0612e5e6817d HTTP/1.1 200 324 https://localhost:9443/devportal/applications/239d7d37-b066-43a3-885d-0612e5e6817d/productionkeys Mozilla/5.0 (Windows NT 10.0; Win64; x64) AppleWebKit/537.36 (KHTML, like Gecko) Chrome/80.0.3987.116 Safari/537.36 0.014
0:0:0:0:0:0:0:1 - - [25/Feb/2020:02:15:50 -0500] GET /api/am/store/v1.0/throttling-policies/application/Unlimited HTTP/1.1 200 403 https://localhost:9443/devportal/applications/239d7d37-b066-43a3-885d-0612e5e6817d/productionkeys Mozilla/5.0 (Windows NT 10.0; Win64; x64) AppleWebKit/537.36 (KHTML, like Gecko) Chrome/80.0.3987.116 Safari/537.36 0.011
127.0.0.1 - - [25/Feb/2020:02:15:50 -0500] POST /services/APIKeyMgtSubscriberService HTTP/1.1 200 1368 - Axis2 0.003
0:0:0:0:0:0:0:1 - - [25/Feb/2020:02:15:50 -0500] GET /api/am/store/v1.0/applications/239d7d37-b066-43a3-885d-0612e5e6817d/keys HTTP/1.1 200 480 https://localhost:9443/devportal/applications/239d7d37-b066-43a3-885d-0612e5e6817d/productionkeys Mozilla/5.0 (Windows NT 10.0; Win64; x64) AppleWebKit/537.36 (KHTML, like Gecko) Chrome/80.0.3987.116 Safari/537.36 0.013
0:0:0:0:0:0:0:1 - - [25/Feb/2020:02:15:50 -0500] GET /api/am/store/v1.0/swagger.yaml HTTP/1.1 200 219176 https://localhost:9443/devportal/applications/239d7d37-b066-43a3-885d-0612e5e6817d/productionkeys Mozilla/5.0 (Windows NT 10.0; Win64; x64) AppleWebKit/537.36 (KHTML, like Gecko) Chrome/80.0.3987.116 Safari/537.36 0.020
127.0.0.1 - - [25/Feb/2020:02:15:51 -0500] POST /services/APIKeyMgtSubscriberService HTTP/1.1 200 1368 - Axis2 0.003
0:0:0:0:0:0:0:1 - - [25/Feb/2020:02:15:51 -0500] GET /api/am/store/v1.0/applications/239d7d37-b066-43a3-885d-0612e5e6817d HTTP/1.1 200 324 https://localhost:9443/devportal/applications/239d7d37-b066-43a3-885d-0612e5e6817d/productionkeys Mozilla/5.0 (Windows NT 10.0; Win64; x64) AppleWebKit/537.36 (KHTML, like Gecko) Chrome/80.0.3987.116 Safari/537.36 0.017
127.0.0.1 - - [25/Feb/2020:02:15:51 -0500] POST /services/APIKeyMgtSubscriberService HTTP/1.1 200 1368 - Axis2 0.002
0:0:0:0:0:0:0:1 - - [25/Feb/2020:02:15:51 -0500] GET /api/am/store/v1.0/applications/239d7d37-b066-43a3-885d-0612e5e6817d/keys HTTP/1.1 200 480 https://localhost:9443/devportal/applications/239d7d37-b066-43a3-885d-0612e5e6817d/productionkeys Mozilla/5.0 (Windows NT 10.0; Win64; x64) AppleWebKit/537.36 (KHTML, like Gecko) Chrome/80.0.3987.116 Safari/537.36 0.011
127.0.0.1 - - [25/Feb/2020:02:15:59 -0500] POST /services/APIKeyMgtSubscriberService HTTP/1.1 200 1368 - Axis2 0.003
0:0:0:0:0:0:0:1 - - [25/Feb/2020:02:15:59 -0500] GET /devportal/site/public/images/_favicon.ico HTTP/1.1 200 1150 https://localhost:9443/devportal/applications/239d7d37-b066-43a3-885d-0612e5e6817d/subscriptions Mozilla/5.0 (Windows NT 10.0; Win64; x64) AppleWebKit/537.36 (KHTML, like Gecko) Chrome/80.0.3987.116 Safari/537.36 0.015
0:0:0:0:0:0:0:1 - - [25/Feb/2020:02:15:59 -0500] GET /api/am/store/v1.0/subscriptions?applicationId=239d7d37-b066-43a3-885d-0612e5e6817d&offset=0&limit=25 HTTP/1.1 200 4980 https://localhost:9443/devportal/applications/239d7d37-b066-43a3-885d-0612e5e6817d/subscriptions Mozilla/5.0 (Windows NT 10.0; Win64; x64) AppleWebKit/537.36 (KHTML, like Gecko) Chrome/80.0.3987.116 Safari/537.36 0.060
0:0:0:0:0:0:0:1 - - [25/Feb/2020:02:15:59 -0500] GET /api/am/store/v1.0/apis?limit=25&offset=0&query=status%3Apublished HTTP/1.1 200 2627 https://localhost:9443/devportal/applications/239d7d37-b066-43a3-885d-0612e5e6817d/subscriptions Mozilla/5.0 (Windows NT 10.0; Win64; x64) AppleWebKit/537.36 (KHTML, like Gecko) Chrome/80.0.3987.116 Safari/537.36 0.241
0:0:0:0:0:0:0:1 - - [25/Feb/2020:02:15:59 -0500] GET /api/am/store/v1.0/apis/2a3811af-0ada-4c74-ac63-c65d42cf82ca HTTP/1.1 200 5012 https://localhost:9443/devportal/applications/239d7d37-b066-43a3-885d-0612e5e6817d/subscriptions Mozilla/5.0 (Windows NT 10.0; Win64; x64) AppleWebKit/537.36 (KHTML, like Gecko) Chrome/80.0.3987.116 Safari/537.36 0.031
0:0:0:0:0:0:0:1 - - [25/Feb/2020:02:15:59 -0500] GET /api/am/store/v1.0/subscriptions/d187472c-5f6d-45a7-bdec-e94235080e02 HTTP/1.1 200 1000 https://localhost:9443/devportal/applications/239d7d37-b066-43a3-885d-0612e5e6817d/subscriptions Mozilla/5.0 (Windows NT 10.0; Win64; x64) AppleWebKit/537.36 (KHTML, like Gecko) Chrome/80.0.3987.116 Safari/537.36 0.033
0:0:0:0:0:0:0:1 - - [25/Feb/2020:02:15:59 -0500] GET /api/am/store/v1.0/apis/cc689bc4-e79b-4af0-b018-3e5e86fb743a HTTP/1.1 200 4183 https://localhost:9443/devportal/applications/239d7d37-b066-43a3-885d-0612e5e6817d/subscriptions Mozilla/5.0 (Windows NT 10.0; Win64; x64) AppleWebKit/537.36 (KHTML, like Gecko) Chrome/80.0.3987.116 Safari/537.36 0.022
127.0.0.1 - - [25/Feb/2020:02:15:59 -0500] POST /services/APIKeyMgtSubscriberService HTTP/1.1 200 1368 - Axis2 0.016
127.0.0.1 - - [25/Feb/2020:02:15:59 -0500] POST /services/APIKeyMgtSubscriberService HTTP/1.1 200 1368 - Axis2 0.008
0:0:0:0:0:0:0:1 - - [25/Feb/2020:02:15:59 -0500] GET /api/am/store/v1.0/subscriptions/da0bb484-022a-4630-b109-a86fe4e3168b HTTP/1.1 200 992 https://localhost:9443/devportal/applications/239d7d37-b066-43a3-885d-0612e5e6817d/subscriptions Mozilla/5.0 (Windows NT 10.0; Win64; x64) AppleWebKit/537.36 (KHTML, like Gecko) Chrome/80.0.3987.116 Safari/537.36 0.035
0:0:0:0:0:0:0:1 - - [25/Feb/2020:02:15:59 -0500] GET /api/am/store/v1.0/apis/304ad494-308a-479b-ae7a-5ac64beffe60 HTTP/1.1 200 2320 https://localhost:9443/devportal/applications/239d7d37-b066-43a3-885d-0612e5e6817d/subscriptions Mozilla/5.0 (Windows NT 10.0; Win64; x64) AppleWebKit/537.36 (KHTML, like Gecko) Chrome/80.0.3987.116 Safari/537.36 0.046
127.0.0.1 - - [25/Feb/2020:02:15:59 -0500] POST /services/APIKeyMgtSubscriberService HTTP/1.1 200 1368 - Axis2 0.005
0:0:0:0:0:0:0:1 - - [25/Feb/2020:02:15:59 -0500] GET /api/am/store/v1.0/subscriptions/27321b7b-4c62-4ff2-bc53-1cf0a2d064d2 HTTP/1.1 200 998 https://localhost:9443/devportal/applications/239d7d37-b066-43a3-885d-0612e5e6817d/subscriptions Mozilla/5.0 (Windows NT 10.0; Win64; x64) AppleWebKit/537.36 (KHTML, like Gecko) Chrome/80.0.3987.116 Safari/537.36 0.061
127.0.0.1 - - [25/Feb/2020:02:15:59 -0500] POST /services/APIKeyMgtSubscriberService HTTP/1.1 200 1368 - Axis2 0.012
0:0:0:0:0:0:0:1 - - [25/Feb/2020:02:16:00 -0500] GET /api/am/store/v1.0/apis/bacd087f-16bd-439b-ab64-d3077a078910 HTTP/1.1 200 3034 https://localhost:9443/devportal/applications/239d7d37-b066-43a3-885d-0612e5e6817d/subscriptions Mozilla/5.0 (Windows NT 10.0; Win64; x64) AppleWebKit/537.36 (KHTML, like Gecko) Chrome/80.0.3987.116 Safari/537.36 0.112
0:0:0:0:0:0:0:1 - - [25/Feb/2020:02:16:00 -0500] GET /api/am/store/v1.0/subscriptions/71516a41-d53e-4120-8842-d000ced48680 HTTP/1.1 200 1001 https://localhost:9443/devportal/applications/239d7d37-b066-43a3-885d-0612e5e6817d/subscriptions Mozilla/5.0 (Windows NT 10.0; Win64; x64) AppleWebKit/537.36 (KHTML, like Gecko) Chrome/80.0.3987.116 Safari/537.36 0.150
0:0:0:0:0:0:0:1 - - [25/Feb/2020:02:16:00 -0500] GET /api/am/store/v1.0/apis/41940dae-cce1-4b33-93fd-37f274deb5db HTTP/1.1 200 2323 https://localhost:9443/devportal/applications/239d7d37-b066-43a3-885d-0612e5e6817d/subscriptions Mozilla/5.0 (Windows NT 10.0; Win64; x64) AppleWebKit/537.36 (KHTML, like Gecko) Chrome/80.0.3987.116 Safari/537.36 0.178
127.0.0.1 - - [25/Feb/2020:02:16:00 -0500] POST /services/APIKeyMgtSubscriberService HTTP/1.1 200 1368 - Axis2 0.056
0:0:0:0:0:0:0:1 - - [25/Feb/2020:02:16:00 -0500] GET /api/am/store/v1.0/apis?limit=25&offset=0&query=status%3Apublished HTTP/1.1 200 2627 https://localhost:9443/devportal/applications/239d7d37-b066-43a3-885d-0612e5e6817d/subscriptions Mozilla/5.0 (Windows NT 10.0; Win64; x64) AppleWebKit/537.36 (KHTML, like Gecko) Chrome/80.0.3987.116 Safari/537.36 0.221
0:0:0:0:0:0:0:1 - - [25/Feb/2020:02:16:00 -0500] GET /api/am/store/v1.0/subscriptions/30abad82-28ab-44d9-bbee-aa71f2521eb6 HTTP/1.1 200 993 https://localhost:9443/devportal/applications/239d7d37-b066-43a3-885d-0612e5e6817d/subscriptions Mozilla/5.0 (Windows NT 10.0; Win64; x64) AppleWebKit/537.36 (KHTML, like Gecko) Chrome/80.0.3987.116 Safari/537.36 0.154
0:0:0:0:0:0:0:1 - - [25/Feb/2020:02:16:00 -0500] GET /api/am/store/v1.0/throttling-policies/subscription/Unlimited HTTP/1.1 200 404 https://localhost:9443/devportal/applications/239d7d37-b066-43a3-885d-0612e5e6817d/subscriptions Mozilla/5.0 (Windows NT 10.0; Win64; x64) AppleWebKit/537.36 (KHTML, like Gecko) Chrome/80.0.3987.116 Safari/537.36 0.007
0:0:0:0:0:0:0:1 - - [25/Feb/2020:02:16:00 -0500] GET /api/am/store/v1.0/throttling-policies/subscription/Unlimited HTTP/1.1 200 404 https://localhost:9443/devportal/applications/239d7d37-b066-43a3-885d-0612e5e6817d/subscriptions Mozilla/5.0 (Windows NT 10.0; Win64; x64) AppleWebKit/537.36 (KHTML, like Gecko) Chrome/80.0.3987.116 Safari/537.36 0.006
0:0:0:0:0:0:0:1 - - [25/Feb/2020:02:16:00 -0500] GET /api/am/store/v1.0/throttling-policies/subscription/Unlimited HTTP/1.1 200 404 https://localhost:9443/devportal/applications/239d7d37-b066-43a3-885d-0612e5e6817d/subscriptions Mozilla/5.0 (Windows NT 10.0; Win64; x64) AppleWebKit/537.36 (KHTML, like Gecko) Chrome/80.0.3987.116 Safari/537.36 0.005
0:0:0:0:0:0:0:1 - - [25/Feb/2020:02:16:00 -0500] GET /api/am/store/v1.0/throttling-policies/subscription/Unlimited HTTP/1.1 200 404 https://localhost:9443/devportal/applications/239d7d37-b066-43a3-885d-0612e5e6817d/subscriptions Mozilla/5.0 (Windows NT 10.0; Win64; x64) AppleWebKit/537.36 (KHTML, like Gecko) Chrome/80.0.3987.116 Safari/537.36 0.005
0:0:0:0:0:0:0:1 - - [25/Feb/2020:02:16:00 -0500] GET /api/am/store/v1.0/throttling-policies/subscription/Unlimited HTTP/1.1 200 404 https://localhost:9443/devportal/applications/239d7d37-b066-43a3-885d-0612e5e6817d/subscriptions Mozilla/5.0 (Windows NT 10.0; Win64; x64) AppleWebKit/537.36 (KHTML, like Gecko) Chrome/80.0.3987.116 Safari/537.36 0.005
0:0:0:0:0:0:0:1 - - [25/Feb/2020:02:16:07 -0500] GET /devportal/site/public/images/_favicon.ico HTTP/1.1 200 1150 https://localhost:9443/devportal/apis/41940dae-cce1-4b33-93fd-37f274deb5db Mozilla/5.0 (Windows NT 10.0; Win64; x64) AppleWebKit/537.36 (KHTML, like Gecko) Chrome/80.0.3987.116 Safari/537.36 0.011
0:0:0:0:0:0:0:1 - - [25/Feb/2020:02:16:07 -0500] GET /api/am/store/v1.0/apis/41940dae-cce1-4b33-93fd-37f274deb5db HTTP/1.1 200 2323 https://localhost:9443/devportal/apis/41940dae-cce1-4b33-93fd-37f274deb5db Mozilla/5.0 (Windows NT 10.0; Win64; x64) AppleWebKit/537.36 (KHTML, like Gecko) Chrome/80.0.3987.116 Safari/537.36 0.044
0:0:0:0:0:0:0:1 - - [25/Feb/2020:02:16:07 -0500] GET /api/am/store/v1.0/applications?limit=25&offset=0 HTTP/1.1 200 565 https://localhost:9443/devportal/apis/41940dae-cce1-4b33-93fd-37f274deb5db Mozilla/5.0 (Windows NT 10.0; Win64; x64) AppleWebKit/537.36 (KHTML, like Gecko) Chrome/80.0.3987.116 Safari/537.36 0.031
127.0.0.1 - - [25/Feb/2020:02:16:07 -0500] POST /services/APIKeyMgtSubscriberService HTTP/1.1 200 1368 - Axis2 0.002
0:0:0:0:0:0:0:1 - - [25/Feb/2020:02:16:07 -0500] GET /api/am/store/v1.0/subscriptions?apiId=41940dae-cce1-4b33-93fd-37f274deb5db&offset=0&limit=25 HTTP/1.1 200 1040 https://localhost:9443/devportal/apis/41940dae-cce1-4b33-93fd-37f274deb5db Mozilla/5.0 (Windows NT 10.0; Win64; x64) AppleWebKit/537.36 (KHTML, like Gecko) Chrome/80.0.3987.116 Safari/537.36 0.048
0:0:0:0:0:0:0:1 - - [25/Feb/2020:02:16:07 -0500] GET /devportal/site/public/dist/ApiConsole.bundle.js HTTP/1.1 200 19889 https://localhost:9443/devportal/apis/41940dae-cce1-4b33-93fd-37f274deb5db Mozilla/5.0 (Windows NT 10.0; Win64; x64) AppleWebKit/537.36 (KHTML, like Gecko) Chrome/80.0.3987.116 Safari/537.36 0.012
0:0:0:0:0:0:0:1 - - [25/Feb/2020:02:16:07 -0500] GET /devportal/site/public/dist/Comments.bundle.js HTTP/1.1 200 45629 https://localhost:9443/devportal/apis/41940dae-cce1-4b33-93fd-37f274deb5db Mozilla/5.0 (Windows NT 10.0; Win64; x64) AppleWebKit/537.36 (KHTML, like Gecko) Chrome/80.0.3987.116 Safari/537.36 0.018
0:0:0:0:0:0:0:1 - - [25/Feb/2020:02:16:07 -0500] GET /devportal/site/public/dist/Overview.bundle.js HTTP/1.1 200 37193 https://localhost:9443/devportal/apis/41940dae-cce1-4b33-93fd-37f274deb5db Mozilla/5.0 (Windows NT 10.0; Win64; x64) AppleWebKit/537.36 (KHTML, like Gecko) Chrome/80.0.3987.116 Safari/537.36 0.016
0:0:0:0:0:0:0:1 - - [25/Feb/2020:02:16:07 -0500] GET /devportal/site/public/dist/Sdk.bundle.js HTTP/1.1 200 11384 https://localhost:9443/devportal/apis/41940dae-cce1-4b33-93fd-37f274deb5db Mozilla/5.0 (Windows NT 10.0; Win64; x64) AppleWebKit/537.36 (KHTML, like Gecko) Chrome/80.0.3987.116 Safari/537.36 0.006
0:0:0:0:0:0:0:1 - - [25/Feb/2020:02:16:07 -0500] GET /devportal/site/public/dist/Documentation.bundle.js HTTP/1.1 200 21429 https://localhost:9443/devportal/apis/41940dae-cce1-4b33-93fd-37f274deb5db Mozilla/5.0 (Windows NT 10.0; Win64; x64) AppleWebKit/537.36 (KHTML, like Gecko) Chrome/80.0.3987.116 Safari/537.36 0.011
0:0:0:0:0:0:0:1 - - [25/Feb/2020:02:16:07 -0500] GET /devportal/site/public/dist/Credentials.bundle.js HTTP/1.1 200 20278 https://localhost:9443/devportal/apis/41940dae-cce1-4b33-93fd-37f274deb5db Mozilla/5.0 (Windows NT 10.0; Win64; x64) AppleWebKit/537.36 (KHTML, like Gecko) Chrome/80.0.3987.116 Safari/537.36 0.013
0:0:0:0:0:0:0:1 - - [25/Feb/2020:02:16:07 -0500] GET /api/am/store/v1.0/apis/41940dae-cce1-4b33-93fd-37f274deb5db/thumbnail HTTP/1.1 200 74 https://localhost:9443/devportal/apis/41940dae-cce1-4b33-93fd-37f274deb5db Mozilla/5.0 (Windows NT 10.0; Win64; x64) AppleWebKit/537.36 (KHTML, like Gecko) Chrome/80.0.3987.116 Safari/537.36 0.016
0:0:0:0:0:0:0:1 - - [25/Feb/2020:02:16:07 -0500] GET /devportal/site/public/dist/vendors~Documentation~Overview.bundle.js HTTP/1.1 200 137752 https://localhost:9443/devportal/apis/41940dae-cce1-4b33-93fd-37f274deb5db Mozilla/5.0 (Windows NT 10.0; Win64; x64) AppleWebKit/537.36 (KHTML, like Gecko) Chrome/80.0.3987.116 Safari/537.36 0.100
0:0:0:0:0:0:0:1 - - [25/Feb/2020:02:16:07 -0500] GET /api/am/store/v1.0/apis/41940dae-cce1-4b33-93fd-37f274deb5db/ratings?limit=25&offset=0 HTTP/1.1 200 263 https://localhost:9443/devportal/apis/41940dae-cce1-4b33-93fd-37f274deb5db Mozilla/5.0 (Windows NT 10.0; Win64; x64) AppleWebKit/537.36 (KHTML, like Gecko) Chrome/80.0.3987.116 Safari/537.36 0.016
0:0:0:0:0:0:0:1 - - [25/Feb/2020:02:16:07 -0500] GET /api/am/store/v1.0/apis/41940dae-cce1-4b33-93fd-37f274deb5db/ratings?limit=25&offset=0 HTTP/1.1 200 263 https://localhost:9443/devportal/apis/41940dae-cce1-4b33-93fd-37f274deb5db Mozilla/5.0 (Windows NT 10.0; Win64; x64) AppleWebKit/537.36 (KHTML, like Gecko) Chrome/80.0.3987.116 Safari/537.36 0.012
0:0:0:0:0:0:0:1 - - [25/Feb/2020:02:16:08 -0500] GET /devportal/site/public/dist/vendors~ApiConsole.bundle.js HTTP/1.1 200 1898211 https://localhost:9443/devportal/apis/41940dae-cce1-4b33-93fd-37f274deb5db Mozilla/5.0 (Windows NT 10.0; Win64; x64) AppleWebKit/537.36 (KHTML, like Gecko) Chrome/80.0.3987.116 Safari/537.36 0.878
0:0:0:0:0:0:0:1 - - [25/Feb/2020:02:16:08 -0500] GET /api/am/store/v1.0/apis/41940dae-cce1-4b33-93fd-37f274deb5db/ratings?limit=25&offset=0 HTTP/1.1 200 263 https://localhost:9443/devportal/apis/41940dae-cce1-4b33-93fd-37f274deb5db/overview Mozilla/5.0 (Windows NT 10.0; Win64; x64) AppleWebKit/537.36 (KHTML, like Gecko) Chrome/80.0.3987.116 Safari/537.36 0.014
0:0:0:0:0:0:0:1 - - [25/Feb/2020:02:16:08 -0500] GET /api/am/store/v1.0/apis/41940dae-cce1-4b33-93fd-37f274deb5db/comments?limit=25&offset=0 HTTP/1.1 201 50 https://localhost:9443/devportal/apis/41940dae-cce1-4b33-93fd-37f274deb5db/overview Mozilla/5.0 (Windows NT 10.0; Win64; x64) AppleWebKit/537.36 (KHTML, like Gecko) Chrome/80.0.3987.116 Safari/537.36 0.016
0:0:0:0:0:0:0:1 - - [25/Feb/2020:02:16:08 -0500] GET /api/am/store/v1.0/apis/41940dae-cce1-4b33-93fd-37f274deb5db/swagger HTTP/1.1 200 1077 https://localhost:9443/devportal/apis/41940dae-cce1-4b33-93fd-37f274deb5db/overview Mozilla/5.0 (Windows NT 10.0; Win64; x64) AppleWebKit/537.36 (KHTML, like Gecko) Chrome/80.0.3987.116 Safari/537.36 0.028
0:0:0:0:0:0:0:1 - - [25/Feb/2020:02:16:08 -0500] GET /api/am/store/v1.0/sdk-gen/languages HTTP/1.1 200 51 https://localhost:9443/devportal/apis/41940dae-cce1-4b33-93fd-37f274deb5db/overview Mozilla/5.0 (Windows NT 10.0; Win64; x64) AppleWebKit/537.36 (KHTML, like Gecko) Chrome/80.0.3987.116 Safari/537.36 0.005
0:0:0:0:0:0:0:1 - - [25/Feb/2020:02:16:08 -0500] GET /api/am/store/v1.0/apis/41940dae-cce1-4b33-93fd-37f274deb5db/documents?limit=25&offset=0 HTTP/1.1 200 103 https://localhost:9443/devportal/apis/41940dae-cce1-4b33-93fd-37f274deb5db/overview Mozilla/5.0 (Windows NT 10.0; Win64; x64) AppleWebKit/537.36 (KHTML, like Gecko) Chrome/80.0.3987.116 Safari/537.36 0.013
0:0:0:0:0:0:0:1 - - [25/Feb/2020:02:16:08 -0500] GET /api/am/store/v1.0/apis/41940dae-cce1-4b33-93fd-37f274deb5db/documents?limit=25&offset=0 HTTP/1.1 200 103 https://localhost:9443/devportal/apis/41940dae-cce1-4b33-93fd-37f274deb5db/overview Mozilla/5.0 (Windows NT 10.0; Win64; x64) AppleWebKit/537.36 (KHTML, like Gecko) Chrome/80.0.3987.116 Safari/537.36 0.009
0:0:0:0:0:0:0:1 - - [25/Feb/2020:02:16:08 -0500] GET /devportal/site/public/images/_favicon.ico HTTP/1.1 200 1150 https://localhost:9443/devportal/apis/41940dae-cce1-4b33-93fd-37f274deb5db/overview Mozilla/5.0 (Windows NT 10.0; Win64; x64) AppleWebKit/537.36 (KHTML, like Gecko) Chrome/80.0.3987.116 Safari/537.36 0.002
0:0:0:0:0:0:0:1 - - [25/Feb/2020:02:16:08 -0500] GET /devportal/site/public/images/sdks/android.svg HTTP/1.1 200 1521 https://localhost:9443/devportal/apis/41940dae-cce1-4b33-93fd-37f274deb5db/overview Mozilla/5.0 (Windows NT 10.0; Win64; x64) AppleWebKit/537.36 (KHTML, like Gecko) Chrome/80.0.3987.116 Safari/537.36 0.004
0:0:0:0:0:0:0:1 - - [25/Feb/2020:02:16:08 -0500] GET /devportal/site/public/images/sdks/java.svg HTTP/1.1 200 2633 https://localhost:9443/devportal/apis/41940dae-cce1-4b33-93fd-37f274deb5db/overview Mozilla/5.0 (Windows NT 10.0; Win64; x64) AppleWebKit/537.36 (KHTML, like Gecko) Chrome/80.0.3987.116 Safari/537.36 0.003
0:0:0:0:0:0:0:1 - - [25/Feb/2020:02:16:08 -0500] GET /devportal/site/public/images/sdks/javascript.svg HTTP/1.1 200 79025 https://localhost:9443/devportal/apis/41940dae-cce1-4b33-93fd-37f274deb5db/overview Mozilla/5.0 (Windows NT 10.0; Win64; x64) AppleWebKit/537.36 (KHTML, like Gecko) Chrome/80.0.3987.116 Safari/537.36 0.007
0:0:0:0:0:0:0:1 - - [25/Feb/2020:02:16:09 -0500] GET /devportal/site/public/images/overview/documents.svg HTTP/1.1 200 1199064 https://localhost:9443/devportal/ Mozilla/5.0 (Windows NT 10.0; Win64; x64) AppleWebKit/537.36 (KHTML, like Gecko) Chrome/80.0.3987.116 Safari/537.36 0.352
0:0:0:0:0:0:0:1 - - [25/Feb/2020:02:16:09 -0500] GET /devportal/site/public/images/overview/comments.svg HTTP/1.1 200 1201417 https://localhost:9443/devportal/ Mozilla/5.0 (Windows NT 10.0; Win64; x64) AppleWebKit/537.36 (KHTML, like Gecko) Chrome/80.0.3987.116 Safari/537.36 0.367
0:0:0:0:0:0:0:1 - - [25/Feb/2020:02:16:16 -0500] GET /devportal/site/public/images/_favicon.ico HTTP/1.1 200 1150 https://localhost:9443/devportal/apis/41940dae-cce1-4b33-93fd-37f274deb5db/credentials Mozilla/5.0 (Windows NT 10.0; Win64; x64) AppleWebKit/537.36 (KHTML, like Gecko) Chrome/80.0.3987.116 Safari/537.36 0.002
0:0:0:0:0:0:0:1 - - [25/Feb/2020:02:16:16 -0500] GET /devportal/site/public/images/_favicon.ico HTTP/1.1 200 1150 https://localhost:9443/devportal/apis/41940dae-cce1-4b33-93fd-37f274deb5db/credentials Mozilla/5.0 (Windows NT 10.0; Win64; x64) AppleWebKit/537.36 (KHTML, like Gecko) Chrome/80.0.3987.116 Safari/537.36 0.003
127.0.0.1 - - [25/Feb/2020:02:16:24 -0500] POST /services/APIKeyMgtSubscriberService HTTP/1.1 200 1368 - Axis2 0.007
0:0:0:0:0:0:0:1 - - [25/Feb/2020:02:16:24 -0500] GET /devportal/site/public/images/_favicon.ico HTTP/1.1 200 1150 https://localhost:9443/devportal/apis/41940dae-cce1-4b33-93fd-37f274deb5db/credentials Mozilla/5.0 (Windows NT 10.0; Win64; x64) AppleWebKit/537.36 (KHTML, like Gecko) Chrome/80.0.3987.116 Safari/537.36 0.003
127.0.0.1 - - [25/Feb/2020:02:16:24 -0500] POST /services/APIKeyMgtSubscriberService HTTP/1.1 200 1368 - Axis2 0.003
0:0:0:0:0:0:0:1 - - [25/Feb/2020:02:16:24 -0500] DELETE /api/am/store/v1.0/subscriptions/71516a41-d53e-4120-8842-d000ced48680 HTTP/1.1 200 - https://localhost:9443/devportal/apis/41940dae-cce1-4b33-93fd-37f274deb5db/credentials Mozilla/5.0 (Windows NT 10.0; Win64; x64) AppleWebKit/537.36 (KHTML, like Gecko) Chrome/80.0.3987.116 Safari/537.36 0.046
0:0:0:0:0:0:0:1 - - [25/Feb/2020:02:16:24 -0500] GET /api/am/store/v1.0/apis/41940dae-cce1-4b33-93fd-37f274deb5db HTTP/1.1 200 2323 https://localhost:9443/devportal/apis/41940dae-cce1-4b33-93fd-37f274deb5db/credentials Mozilla/5.0 (Windows NT 10.0; Win64; x64) AppleWebKit/537.36 (KHTML, like Gecko) Chrome/80.0.3987.116 Safari/537.36 0.015
0:0:0:0:0:0:0:1 - - [25/Feb/2020:02:16:24 -0500] GET /api/am/store/v1.0/subscriptions?apiId=41940dae-cce1-4b33-93fd-37f274deb5db&offset=0&limit=25 HTTP/1.1 200 50 https://localhost:9443/devportal/apis/41940dae-cce1-4b33-93fd-37f274deb5db/credentials Mozilla/5.0 (Windows NT 10.0; Win64; x64) AppleWebKit/537.36 (KHTML, like Gecko) Chrome/80.0.3987.116 Safari/537.36 0.019
0:0:0:0:0:0:0:1 - - [25/Feb/2020:02:16:24 -0500] GET /api/am/store/v1.0/applications?limit=25&offset=0 HTTP/1.1 200 565 https://localhost:9443/devportal/apis/41940dae-cce1-4b33-93fd-37f274deb5db/credentials Mozilla/5.0 (Windows NT 10.0; Win64; x64) AppleWebKit/537.36 (KHTML, like Gecko) Chrome/80.0.3987.116 Safari/537.36 0.025
127.0.0.1 - - [25/Feb/2020:02:16:24 -0500] POST /services/AuthenticationAdmin HTTP/1.1 200 299 - Axis2 0.021
127.0.0.1 - - [25/Feb/2020:02:16:24 -0500] POST /services/APIAuthenticationService HTTP/1.1 202 5 - Axis2 0.002
0:0:0:0:0:0:0:1 - - [25/Feb/2020:02:17:01 -0500] GET /api/am/store/v1.0/tags?limit=25&offset=0 HTTP/1.1 200 103 https://localhost:9443/devportal/apis Mozilla/5.0 (Windows NT 10.0; Win64; x64) AppleWebKit/537.36 (KHTML, like Gecko) Chrome/80.0.3987.116 Safari/537.36 0.038
0:0:0:0:0:0:0:1 - - [25/Feb/2020:02:17:01 -0500] GET /devportal/site/public/images/_favicon.ico HTTP/1.1 200 1150 https://localhost:9443/devportal/apis Mozilla/5.0 (Windows NT 10.0; Win64; x64) AppleWebKit/537.36 (KHTML, like Gecko) Chrome/80.0.3987.116 Safari/537.36 0.004
0:0:0:0:0:0:0:1 - - [25/Feb/2020:02:17:01 -0500] GET /devportal/site/public/images/_favicon.ico HTTP/1.1 200 1150 https://localhost:9443/devportal/apis Mozilla/5.0 (Windows NT 10.0; Win64; x64) AppleWebKit/537.36 (KHTML, like Gecko) Chrome/80.0.3987.116 Safari/537.36 0.001
0:0:0:0:0:0:0:1 - - [25/Feb/2020:02:17:01 -0500] GET /api/am/store/v1.0/apis?limit=10&offset=0 HTTP/1.1 200 2627 https://localhost:9443/devportal/apis Mozilla/5.0 (Windows NT 10.0; Win64; x64) AppleWebKit/537.36 (KHTML, like Gecko) Chrome/80.0.3987.116 Safari/537.36 0.089
0:0:0:0:0:0:0:1 - - [25/Feb/2020:02:17:01 -0500] GET /api/am/store/v1.0/apis/304ad494-308a-479b-ae7a-5ac64beffe60/ratings?limit=25&offset=0 HTTP/1.1 200 263 https://localhost:9443/devportal/apis Mozilla/5.0 (Windows NT 10.0; Win64; x64) AppleWebKit/537.36 (KHTML, like Gecko) Chrome/80.0.3987.116 Safari/537.36 0.013
0:0:0:0:0:0:0:1 - - [25/Feb/2020:02:17:01 -0500] GET /api/am/store/v1.0/apis/304ad494-308a-479b-ae7a-5ac64beffe60/thumbnail HTTP/1.1 200 77 https://localhost:9443/devportal/apis Mozilla/5.0 (Windows NT 10.0; Win64; x64) AppleWebKit/537.36 (KHTML, like Gecko) Chrome/80.0.3987.116 Safari/537.36 0.010
0:0:0:0:0:0:0:1 - - [25/Feb/2020:02:17:01 -0500] GET /api/am/store/v1.0/apis/cc689bc4-e79b-4af0-b018-3e5e86fb743a/ratings?limit=25&offset=0 HTTP/1.1 200 263 https://localhost:9443/devportal/apis Mozilla/5.0 (Windows NT 10.0; Win64; x64) AppleWebKit/537.36 (KHTML, like Gecko) Chrome/80.0.3987.116 Safari/537.36 0.017
0:0:0:0:0:0:0:1 - - [25/Feb/2020:02:17:01 -0500] GET /api/am/store/v1.0/apis/cc689bc4-e79b-4af0-b018-3e5e86fb743a/thumbnail HTTP/1.1 200 74 https://localhost:9443/devportal/apis Mozilla/5.0 (Windows NT 10.0; Win64; x64) AppleWebKit/537.36 (KHTML, like Gecko) Chrome/80.0.3987.116 Safari/537.36 0.016
0:0:0:0:0:0:0:1 - - [25/Feb/2020:02:17:01 -0500] GET /api/am/store/v1.0/apis/bacd087f-16bd-439b-ab64-d3077a078910/ratings?limit=25&offset=0 HTTP/1.1 200 263 https://localhost:9443/devportal/apis Mozilla/5.0 (Windows NT 10.0; Win64; x64) AppleWebKit/537.36 (KHTML, like Gecko) Chrome/80.0.3987.116 Safari/537.36 0.015
0:0:0:0:0:0:0:1 - - [25/Feb/2020:02:17:01 -0500] GET /api/am/store/v1.0/apis/bacd087f-16bd-439b-ab64-d3077a078910/thumbnail HTTP/1.1 200 74 https://localhost:9443/devportal/apis Mozilla/5.0 (Windows NT 10.0; Win64; x64) AppleWebKit/537.36 (KHTML, like Gecko) Chrome/80.0.3987.116 Safari/537.36 0.010
0:0:0:0:0:0:0:1 - - [25/Feb/2020:02:17:01 -0500] GET /api/am/store/v1.0/apis/41940dae-cce1-4b33-93fd-37f274deb5db/ratings?limit=25&offset=0 HTTP/1.1 200 263 https://localhost:9443/devportal/apis Mozilla/5.0 (Windows NT 10.0; Win64; x64) AppleWebKit/537.36 (KHTML, like Gecko) Chrome/80.0.3987.116 Safari/537.36 0.016
0:0:0:0:0:0:0:1 - - [25/Feb/2020:02:17:01 -0500] GET /api/am/store/v1.0/apis/41940dae-cce1-4b33-93fd-37f274deb5db/thumbnail HTTP/1.1 200 74 https://localhost:9443/devportal/apis Mozilla/5.0 (Windows NT 10.0; Win64; x64) AppleWebKit/537.36 (KHTML, like Gecko) Chrome/80.0.3987.116 Safari/537.36 0.009
0:0:0:0:0:0:0:1 - - [25/Feb/2020:02:17:01 -0500] GET /api/am/store/v1.0/apis/2a3811af-0ada-4c74-ac63-c65d42cf82ca/ratings?limit=25&offset=0 HTTP/1.1 200 263 https://localhost:9443/devportal/apis Mozilla/5.0 (Windows NT 10.0; Win64; x64) AppleWebKit/537.36 (KHTML, like Gecko) Chrome/80.0.3987.116 Safari/537.36 0.015
0:0:0:0:0:0:0:1 - - [25/Feb/2020:02:17:01 -0500] GET /api/am/store/v1.0/apis/2a3811af-0ada-4c74-ac63-c65d42cf82ca/thumbnail HTTP/1.1 200 74 https://localhost:9443/devportal/apis Mozilla/5.0 (Windows NT 10.0; Win64; x64) AppleWebKit/537.36 (KHTML, like Gecko) Chrome/80.0.3987.116 Safari/537.36 0.009
0:0:0:0:0:0:0:1 - - [25/Feb/2020:02:17:05 -0500] GET /api/am/store/v1.0/apis/41940dae-cce1-4b33-93fd-37f274deb5db HTTP/1.1 200 2323 https://localhost:9443/devportal/apis/41940dae-cce1-4b33-93fd-37f274deb5db Mozilla/5.0 (Windows NT 10.0; Win64; x64) AppleWebKit/537.36 (KHTML, like Gecko) Chrome/80.0.3987.116 Safari/537.36 0.036
0:0:0:0:0:0:0:1 - - [25/Feb/2020:02:17:05 -0500] GET /api/am/store/v1.0/applications?limit=25&offset=0 HTTP/1.1 200 565 https://localhost:9443/devportal/apis/41940dae-cce1-4b33-93fd-37f274deb5db Mozilla/5.0 (Windows NT 10.0; Win64; x64) AppleWebKit/537.36 (KHTML, like Gecko) Chrome/80.0.3987.116 Safari/537.36 0.019
0:0:0:0:0:0:0:1 - - [25/Feb/2020:02:17:05 -0500] GET /api/am/store/v1.0/subscriptions?apiId=41940dae-cce1-4b33-93fd-37f274deb5db&offset=0&limit=25 HTTP/1.1 200 50 https://localhost:9443/devportal/apis/41940dae-cce1-4b33-93fd-37f274deb5db Mozilla/5.0 (Windows NT 10.0; Win64; x64) AppleWebKit/537.36 (KHTML, like Gecko) Chrome/80.0.3987.116 Safari/537.36 0.034
0:0:0:0:0:0:0:1 - - [25/Feb/2020:02:17:05 -0500] GET /devportal/site/public/images/_favicon.ico HTTP/1.1 200 1150 https://localhost:9443/devportal/apis/41940dae-cce1-4b33-93fd-37f274deb5db Mozilla/5.0 (Windows NT 10.0; Win64; x64) AppleWebKit/537.36 (KHTML, like Gecko) Chrome/80.0.3987.116 Safari/537.36 0.002
0:0:0:0:0:0:0:1 - - [25/Feb/2020:02:17:05 -0500] GET /devportal/site/public/images/_favicon.ico HTTP/1.1 200 1150 https://localhost:9443/devportal/apis/41940dae-cce1-4b33-93fd-37f274deb5db Mozilla/5.0 (Windows NT 10.0; Win64; x64) AppleWebKit/537.36 (KHTML, like Gecko) Chrome/80.0.3987.116 Safari/537.36 0.002
0:0:0:0:0:0:0:1 - - [25/Feb/2020:02:17:05 -0500] GET /api/am/store/v1.0/apis/41940dae-cce1-4b33-93fd-37f274deb5db/thumbnail HTTP/1.1 200 74 https://localhost:9443/devportal/apis/41940dae-cce1-4b33-93fd-37f274deb5db/overview Mozilla/5.0 (Windows NT 10.0; Win64; x64) AppleWebKit/537.36 (KHTML, like Gecko) Chrome/80.0.3987.116 Safari/537.36 0.011
0:0:0:0:0:0:0:1 - - [25/Feb/2020:02:17:05 -0500] GET /api/am/store/v1.0/apis/41940dae-cce1-4b33-93fd-37f274deb5db/ratings?limit=25&offset=0 HTTP/1.1 200 263 https://localhost:9443/devportal/apis/41940dae-cce1-4b33-93fd-37f274deb5db/overview Mozilla/5.0 (Windows NT 10.0; Win64; x64) AppleWebKit/537.36 (KHTML, like Gecko) Chrome/80.0.3987.116 Safari/537.36 0.015
0:0:0:0:0:0:0:1 - - [25/Feb/2020:02:17:05 -0500] GET /api/am/store/v1.0/apis/41940dae-cce1-4b33-93fd-37f274deb5db/ratings?limit=25&offset=0 HTTP/1.1 200 263 https://localhost:9443/devportal/apis/41940dae-cce1-4b33-93fd-37f274deb5db/overview Mozilla/5.0 (Windows NT 10.0; Win64; x64) AppleWebKit/537.36 (KHTML, like Gecko) Chrome/80.0.3987.116 Safari/537.36 0.014
0:0:0:0:0:0:0:1 - - [25/Feb/2020:02:17:05 -0500] GET /api/am/store/v1.0/apis/41940dae-cce1-4b33-93fd-37f274deb5db/swagger HTTP/1.1 200 1077 https://localhost:9443/devportal/apis/41940dae-cce1-4b33-93fd-37f274deb5db/overview Mozilla/5.0 (Windows NT 10.0; Win64; x64) AppleWebKit/537.36 (KHTML, like Gecko) Chrome/80.0.3987.116 Safari/537.36 0.020
0:0:0:0:0:0:0:1 - - [25/Feb/2020:02:17:05 -0500] GET /api/am/store/v1.0/apis/41940dae-cce1-4b33-93fd-37f274deb5db/comments?limit=25&offset=0 HTTP/1.1 201 50 https://localhost:9443/devportal/apis/41940dae-cce1-4b33-93fd-37f274deb5db/overview Mozilla/5.0 (Windows NT 10.0; Win64; x64) AppleWebKit/537.36 (KHTML, like Gecko) Chrome/80.0.3987.116 Safari/537.36 0.018
0:0:0:0:0:0:0:1 - - [25/Feb/2020:02:17:05 -0500] GET /api/am/store/v1.0/sdk-gen/languages HTTP/1.1 200 51 https://localhost:9443/devportal/apis/41940dae-cce1-4b33-93fd-37f274deb5db/overview Mozilla/5.0 (Windows NT 10.0; Win64; x64) AppleWebKit/537.36 (KHTML, like Gecko) Chrome/80.0.3987.116 Safari/537.36 0.004
0:0:0:0:0:0:0:1 - - [25/Feb/2020:02:17:05 -0500] GET /api/am/store/v1.0/apis/41940dae-cce1-4b33-93fd-37f274deb5db/documents?limit=25&offset=0 HTTP/1.1 200 103 https://localhost:9443/devportal/apis/41940dae-cce1-4b33-93fd-37f274deb5db/overview Mozilla/5.0 (Windows NT 10.0; Win64; x64) AppleWebKit/537.36 (KHTML, like Gecko) Chrome/80.0.3987.116 Safari/537.36 0.011
0:0:0:0:0:0:0:1 - - [25/Feb/2020:02:17:05 -0500] GET /api/am/store/v1.0/apis/41940dae-cce1-4b33-93fd-37f274deb5db/documents?limit=25&offset=0 HTTP/1.1 200 103 https://localhost:9443/devportal/apis/41940dae-cce1-4b33-93fd-37f274deb5db/overview Mozilla/5.0 (Windows NT 10.0; Win64; x64) AppleWebKit/537.36 (KHTML, like Gecko) Chrome/80.0.3987.116 Safari/537.36 0.009
0:0:0:0:0:0:0:1 - - [25/Feb/2020:02:17:05 -0500] GET /devportal/site/public/images/_favicon.ico HTTP/1.1 200 1150 https://localhost:9443/devportal/apis/41940dae-cce1-4b33-93fd-37f274deb5db/overview Mozilla/5.0 (Windows NT 10.0; Win64; x64) AppleWebKit/537.36 (KHTML, like Gecko) Chrome/80.0.3987.116 Safari/537.36 0.002
0:0:0:0:0:0:0:1 - - [25/Feb/2020:02:17:05 -0500] GET /devportal/site/public/images/overview/documents.svg HTTP/1.1 200 1199064 https://localhost:9443/devportal/ Mozilla/5.0 (Windows NT 10.0; Win64; x64) AppleWebKit/537.36 (KHTML, like Gecko) Chrome/80.0.3987.116 Safari/537.36 0.099
0:0:0:0:0:0:0:1 - - [25/Feb/2020:02:17:05 -0500] GET /devportal/site/public/images/overview/comments.svg HTTP/1.1 200 1201417 https://localhost:9443/devportal/ Mozilla/5.0 (Windows NT 10.0; Win64; x64) AppleWebKit/537.36 (KHTML, like Gecko) Chrome/80.0.3987.116 Safari/537.36 0.110
0:0:0:0:0:0:0:1 - - [25/Feb/2020:02:17:05 -0500] GET /devportal/site/public/images/sdks/java.svg HTTP/1.1 200 2633 https://localhost:9443/devportal/apis/41940dae-cce1-4b33-93fd-37f274deb5db/overview Mozilla/5.0 (Windows NT 10.0; Win64; x64) AppleWebKit/537.36 (KHTML, like Gecko) Chrome/80.0.3987.116 Safari/537.36 0.006
0:0:0:0:0:0:0:1 - - [25/Feb/2020:02:17:05 -0500] GET /devportal/site/public/images/sdks/android.svg HTTP/1.1 200 1521 https://localhost:9443/devportal/apis/41940dae-cce1-4b33-93fd-37f274deb5db/overview Mozilla/5.0 (Windows NT 10.0; Win64; x64) AppleWebKit/537.36 (KHTML, like Gecko) Chrome/80.0.3987.116 Safari/537.36 0.007
0:0:0:0:0:0:0:1 - - [25/Feb/2020:02:17:05 -0500] GET /devportal/site/public/images/sdks/javascript.svg HTTP/1.1 200 79025 https://localhost:9443/devportal/apis/41940dae-cce1-4b33-93fd-37f274deb5db/overview Mozilla/5.0 (Windows NT 10.0; Win64; x64) AppleWebKit/537.36 (KHTML, like Gecko) Chrome/80.0.3987.116 Safari/537.36 0.008
0:0:0:0:0:0:0:1 - - [25/Feb/2020:02:17:09 -0500] GET /devportal/site/public/images/_favicon.ico HTTP/1.1 200 1150 https://localhost:9443/devportal/apis/41940dae-cce1-4b33-93fd-37f274deb5db/credentials Mozilla/5.0 (Windows NT 10.0; Win64; x64) AppleWebKit/537.36 (KHTML, like Gecko) Chrome/80.0.3987.116 Safari/537.36 0.005
0:0:0:0:0:0:0:1 - - [25/Feb/2020:02:17:09 -0500] GET /devportal/site/public/images/_favicon.ico HTTP/1.1 200 1150 https://localhost:9443/devportal/apis/41940dae-cce1-4b33-93fd-37f274deb5db/credentials Mozilla/5.0 (Windows NT 10.0; Win64; x64) AppleWebKit/537.36 (KHTML, like Gecko) Chrome/80.0.3987.116 Safari/537.36 0.003
127.0.0.1 - - [25/Feb/2020:02:17:13 -0500] POST /services/APIKeyMgtSubscriberService HTTP/1.1 200 1368 - Axis2 0.011
127.0.0.1 - - [25/Feb/2020:02:17:13 -0500] POST /services/APIKeyMgtSubscriberService HTTP/1.1 200 1368 - Axis2 0.003
127.0.0.1 - - [25/Feb/2020:02:17:13 -0500] POST /services/AuthenticationAdmin HTTP/1.1 200 299 - Axis2 0.014
0:0:0:0:0:0:0:1 - - [25/Feb/2020:02:17:13 -0500] POST /api/am/store/v1.0/subscriptions HTTP/1.1 201 1001 https://localhost:9443/devportal/apis/41940dae-cce1-4b33-93fd-37f274deb5db/credentials Mozilla/5.0 (Windows NT 10.0; Win64; x64) AppleWebKit/537.36 (KHTML, like Gecko) Chrome/80.0.3987.116 Safari/537.36 0.071
127.0.0.1 - - [25/Feb/2020:02:17:13 -0500] POST /services/APIAuthenticationService HTTP/1.1 202 5 - Axis2 0.002
0:0:0:0:0:0:0:1 - - [25/Feb/2020:02:17:13 -0500] GET /api/am/store/v1.0/apis/41940dae-cce1-4b33-93fd-37f274deb5db HTTP/1.1 200 2323 https://localhost:9443/devportal/apis/41940dae-cce1-4b33-93fd-37f274deb5db/credentials Mozilla/5.0 (Windows NT 10.0; Win64; x64) AppleWebKit/537.36 (KHTML, like Gecko) Chrome/80.0.3987.116 Safari/537.36 0.048
0:0:0:0:0:0:0:1 - - [25/Feb/2020:02:17:13 -0500] GET /api/am/store/v1.0/applications?limit=25&offset=0 HTTP/1.1 200 565 https://localhost:9443/devportal/apis/41940dae-cce1-4b33-93fd-37f274deb5db/credentials Mozilla/5.0 (Windows NT 10.0; Win64; x64) AppleWebKit/537.36 (KHTML, like Gecko) Chrome/80.0.3987.116 Safari/537.36 0.015
127.0.0.1 - - [25/Feb/2020:02:17:13 -0500] POST /services/APIKeyMgtSubscriberService HTTP/1.1 200 1368 - Axis2 0.006
0:0:0:0:0:0:0:1 - - [25/Feb/2020:02:17:13 -0500] GET /api/am/store/v1.0/subscriptions?apiId=41940dae-cce1-4b33-93fd-37f274deb5db&offset=0&limit=25 HTTP/1.1 200 1040 https://localhost:9443/devportal/apis/41940dae-cce1-4b33-93fd-37f274deb5db/credentials Mozilla/5.0 (Windows NT 10.0; Win64; x64) AppleWebKit/537.36 (KHTML, like Gecko) Chrome/80.0.3987.116 Safari/537.36 0.065
0:0:0:0:0:0:0:1 - - [25/Feb/2020:02:17:26 -0500] GET /api/am/store/v1.0/swagger.yaml HTTP/1.1 200 219176 https://localhost:9443/devportal/apis/41940dae-cce1-4b33-93fd-37f274deb5db/credentials Mozilla/5.0 (Windows NT 10.0; Win64; x64) AppleWebKit/537.36 (KHTML, like Gecko) Chrome/80.0.3987.116 Safari/537.36 0.018
0:0:0:0:0:0:0:1 - - [25/Feb/2020:02:17:26 -0500] GET /api/am/store/v1.0/swagger.yaml HTTP/1.1 200 219176 https://localhost:9443/devportal/apis/41940dae-cce1-4b33-93fd-37f274deb5db/credentials Mozilla/5.0 (Windows NT 10.0; Win64; x64) AppleWebKit/537.36 (KHTML, like Gecko) Chrome/80.0.3987.116 Safari/537.36 0.021
0:0:0:0:0:0:0:1 - - [25/Feb/2020:02:17:26 -0500] GET /devportal/site/public/images/_favicon.ico HTTP/1.1 200 1150 https://localhost:9443/devportal/apis/41940dae-cce1-4b33-93fd-37f274deb5db/credentials Mozilla/5.0 (Windows NT 10.0; Win64; x64) AppleWebKit/537.36 (KHTML, like Gecko) Chrome/80.0.3987.116 Safari/537.36 0.002
0:0:0:0:0:0:0:1 - - [25/Feb/2020:02:17:26 -0500] GET /api/am/store/v1.0/settings HTTP/1.1 200 539 https://localhost:9443/devportal/apis/41940dae-cce1-4b33-93fd-37f274deb5db/credentials Mozilla/5.0 (Windows NT 10.0; Win64; x64) AppleWebKit/537.36 (KHTML, like Gecko) Chrome/80.0.3987.116 Safari/537.36 0.247
127.0.0.1 - - [25/Feb/2020:02:17:27 -0500] POST /services/APIKeyMgtSubscriberService HTTP/1.1 200 1368 - Axis2 0.004
0:0:0:0:0:0:0:1 - - [25/Feb/2020:02:17:27 -0500] GET /api/am/store/v1.0/applications/239d7d37-b066-43a3-885d-0612e5e6817d HTTP/1.1 200 324 https://localhost:9443/devportal/apis/41940dae-cce1-4b33-93fd-37f274deb5db/credentials Mozilla/5.0 (Windows NT 10.0; Win64; x64) AppleWebKit/537.36 (KHTML, like Gecko) Chrome/80.0.3987.116 Safari/537.36 0.013
127.0.0.1 - - [25/Feb/2020:02:17:28 -0500] POST /services/APIKeyMgtSubscriberService HTTP/1.1 200 1368 - Axis2 0.003
0:0:0:0:0:0:0:1 - - [25/Feb/2020:02:17:28 -0500] GET /api/am/store/v1.0/applications/239d7d37-b066-43a3-885d-0612e5e6817d HTTP/1.1 200 324 https://localhost:9443/devportal/apis/41940dae-cce1-4b33-93fd-37f274deb5db/credentials Mozilla/5.0 (Windows NT 10.0; Win64; x64) AppleWebKit/537.36 (KHTML, like Gecko) Chrome/80.0.3987.116 Safari/537.36 0.013
127.0.0.1 - - [25/Feb/2020:02:17:28 -0500] POST /services/APIKeyMgtSubscriberService HTTP/1.1 200 1368 - Axis2 0.002
0:0:0:0:0:0:0:1 - - [25/Feb/2020:02:17:28 -0500] GET /api/am/store/v1.0/applications/239d7d37-b066-43a3-885d-0612e5e6817d/keys HTTP/1.1 200 480 https://localhost:9443/devportal/apis/41940dae-cce1-4b33-93fd-37f274deb5db/credentials Mozilla/5.0 (Windows NT 10.0; Win64; x64) AppleWebKit/537.36 (KHTML, like Gecko) Chrome/80.0.3987.116 Safari/537.36 0.011
0:0:0:0:0:0:0:1 - - [25/Feb/2020:02:17:28 -0500] GET /api/am/store/v1.0/swagger.yaml HTTP/1.1 200 219176 https://localhost:9443/devportal/apis/41940dae-cce1-4b33-93fd-37f274deb5db/credentials Mozilla/5.0 (Windows NT 10.0; Win64; x64) AppleWebKit/537.36 (KHTML, like Gecko) Chrome/80.0.3987.116 Safari/537.36 0.018
127.0.0.1 - - [25/Feb/2020:02:17:30 -0500] POST /services/APIKeyMgtSubscriberService HTTP/1.1 200 1368 - Axis2 0.018
0:0:0:0:0:0:0:1 - - [25/Feb/2020:02:17:30 -0500] GET /api/am/store/v1.0/applications/239d7d37-b066-43a3-885d-0612e5e6817d HTTP/1.1 200 324 https://localhost:9443/devportal/apis/41940dae-cce1-4b33-93fd-37f274deb5db/credentials Mozilla/5.0 (Windows NT 10.0; Win64; x64) AppleWebKit/537.36 (KHTML, like Gecko) Chrome/80.0.3987.116 Safari/537.36 0.027
127.0.0.1 - - [25/Feb/2020:02:17:30 -0500] POST /services/APIKeyMgtSubscriberService HTTP/1.1 200 1368 - Axis2 0.004
0:0:0:0:0:0:0:1 - - [25/Feb/2020:02:17:30 -0500] GET /api/am/store/v1.0/applications/239d7d37-b066-43a3-885d-0612e5e6817d/keys HTTP/1.1 200 480 https://localhost:9443/devportal/apis/41940dae-cce1-4b33-93fd-37f274deb5db/credentials Mozilla/5.0 (Windows NT 10.0; Win64; x64) AppleWebKit/537.36 (KHTML, like Gecko) Chrome/80.0.3987.116 Safari/537.36 0.014
127.0.0.1 - - [25/Feb/2020:02:17:37 -0500] POST /services/APIKeyMgtSubscriberService HTTP/1.1 200 1368 - Axis2 0.005
0:0:0:0:0:0:0:1 - - [25/Feb/2020:02:17:37 -0500] GET /api/am/store/v1.0/applications/239d7d37-b066-43a3-885d-0612e5e6817d/keys HTTP/1.1 200 480 https://localhost:9443/devportal/apis/41940dae-cce1-4b33-93fd-37f274deb5db/credentials Mozilla/5.0 (Windows NT 10.0; Win64; x64) AppleWebKit/537.36 (KHTML, like Gecko) Chrome/80.0.3987.116 Safari/537.36 0.021
127.0.0.1 - - [25/Feb/2020:02:17:37 -0500] POST /services/APIKeyMgtSubscriberService HTTP/1.1 200 1368 - Axis2 0.002
127.0.0.1 - - [25/Feb/2020:02:17:37 -0500] POST /services/APIKeyMgtSubscriberService HTTP/1.1 200 1368 - Axis2 0.003
127.0.0.1 - - [25/Feb/2020:02:17:37 -0500] POST /oauth2/token HTTP/1.1 200 2413 - Synapse-PT-HttpComponents-NIO 0.012
0:0:0:0:0:0:0:1 - - [25/Feb/2020:02:17:37 -0500] POST /api/am/store/v1.0/applications/239d7d37-b066-43a3-885d-0612e5e6817d/keys/PRODUCTION/generate-token HTTP/1.1 200 2414 https://localhost:9443/devportal/apis/41940dae-cce1-4b33-93fd-37f274deb5db/credentials Mozilla/5.0 (Windows NT 10.0; Win64; x64) AppleWebKit/537.36 (KHTML, like Gecko) Chrome/80.0.3987.116 Safari/537.36 0.105
127.0.0.1 - - [25/Feb/2020:02:17:59 -0500] POST /services/APIKeyMgtSubscriberService HTTP/1.1 200 1368 - Axis2 0.002
127.0.0.1 - - [25/Feb/2020:02:17:59 -0500] POST /services/APIKeyMgtSubscriberService HTTP/1.1 200 1345 - Axis2 0.051
0:0:0:0:0:0:0:1 - - [25/Feb/2020:02:17:59 -0500] PUT /api/am/store/v1.0/applications/239d7d37-b066-43a3-885d-0612e5e6817d/keys/PRODUCTION HTTP/1.1 200 348 https://localhost:9443/devportal/apis/41940dae-cce1-4b33-93fd-37f274deb5db/credentials Mozilla/5.0 (Windows NT 10.0; Win64; x64) AppleWebKit/537.36 (KHTML, like Gecko) Chrome/80.0.3987.116 Safari/537.36 0.077
127.0.0.1 - - [25/Feb/2020:02:18:08 -0500] POST /services/APIKeyMgtSubscriberService HTTP/1.1 200 1349 - Axis2 0.004
127.0.0.1 - - [25/Feb/2020:02:18:08 -0500] POST /services/APIKeyMgtSubscriberService HTTP/1.1 200 1301 - Axis2 0.078
0:0:0:0:0:0:0:1 - - [25/Feb/2020:02:18:08 -0500] PUT /api/am/store/v1.0/applications/239d7d37-b066-43a3-885d-0612e5e6817d/keys/PRODUCTION HTTP/1.1 200 302 https://localhost:9443/devportal/apis/41940dae-cce1-4b33-93fd-37f274deb5db/credentials Mozilla/5.0 (Windows NT 10.0; Win64; x64) AppleWebKit/537.36 (KHTML, like Gecko) Chrome/80.0.3987.116 Safari/537.36 0.112
127.0.0.1 - - [25/Feb/2020:02:18:42 -0500] POST /services/APIKeyMgtSubscriberService HTTP/1.1 200 1305 - Axis2 0.004
127.0.0.1 - - [25/Feb/2020:02:18:42 -0500] POST /services/APIKeyMgtSubscriberService HTTP/1.1 200 1350 - Axis2 0.018
0:0:0:0:0:0:0:1 - - [25/Feb/2020:02:18:42 -0500] PUT /api/am/store/v1.0/applications/239d7d37-b066-43a3-885d-0612e5e6817d/keys/PRODUCTION HTTP/1.1 200 353 https://localhost:9443/devportal/apis/41940dae-cce1-4b33-93fd-37f274deb5db/credentials Mozilla/5.0 (Windows NT 10.0; Win64; x64) AppleWebKit/537.36 (KHTML, like Gecko) Chrome/80.0.3987.116 Safari/537.36 0.057
127.0.0.1 - - [25/Feb/2020:02:18:58 -0500] POST /services/APIKeyMgtSubscriberService HTTP/1.1 200 1354 - Axis2 0.008
127.0.0.1 - - [25/Feb/2020:02:18:58 -0500] POST /services/APIKeyMgtSubscriberService HTTP/1.1 200 1364 - Axis2 0.024
0:0:0:0:0:0:0:1 - - [25/Feb/2020:02:18:58 -0500] PUT /api/am/store/v1.0/applications/239d7d37-b066-43a3-885d-0612e5e6817d/keys/PRODUCTION HTTP/1.1 200 369 https://localhost:9443/devportal/apis/41940dae-cce1-4b33-93fd-37f274deb5db/credentials Mozilla/5.0 (Windows NT 10.0; Win64; x64) AppleWebKit/537.36 (KHTML, like Gecko) Chrome/80.0.3987.116 Safari/537.36 0.058
127.0.0.1 - - [25/Feb/2020:02:19:05 -0500] POST /services/APIKeyMgtSubscriberService HTTP/1.1 200 1368 - Axis2 0.003
