- 0:0:0:0:0:0:0:1  - [24/Feb/2020:22:31:33 -0500] "- - " 301 - "-" "-"
- 192.168.0.108  - [24/Feb/2020:22:31:41 -0500] "- - " 404 - "-" "-"
- 0:0:0:0:0:0:0:1  - [24/Feb/2020:22:31:41 -0500] "- - " 404 - "-" "-"
- 0:0:0:0:0:0:0:1 - - [24/Feb/2020:22:33:05 -0500] "GET //api/mapa-digital/v1.0/sectors HTTP/1.1" - - "-" "Mozilla/5.0 (Windows NT 10.0; Win64; x64) AppleWebKit/537.36 (KHTML, like Gecko) Chrome/80.0.3987.116 Safari/537.36"
- 0:0:0:0:0:0:0:1 - - [24/Feb/2020:22:33:11 -0500] "GET /api/mapa-digital/v1.0/sectors HTTP/1.1" - - "-" "Mozilla/5.0 (Windows NT 10.0; Win64; x64) AppleWebKit/537.36 (KHTML, like Gecko) Chrome/80.0.3987.116 Safari/537.36"
- 192.168.0.108 - - [24/Feb/2020:22:33:11 -0500] "GET /api/v1/sectors HTTP/1.1" - - "-" "Synapse-PT-HttpComponents-NIO"
- 0:0:0:0:0:0:0:1 - - [24/Feb/2020:22:33:19 -0500] "GET /api/mapa-digital/v1.0/sectorss HTTP/1.1" - - "-" "Mozilla/5.0 (Windows NT 10.0; Win64; x64) AppleWebKit/537.36 (KHTML, like Gecko) Chrome/80.0.3987.116 Safari/537.36"
- 0:0:0:0:0:0:0:1  - [24/Feb/2020:22:33:05 -0500] "- - " 404 - "-" "-"
- 192.168.0.108  - [24/Feb/2020:22:33:11 -0500] "- - " 404 - "-" "-"
- 0:0:0:0:0:0:0:1  - [24/Feb/2020:22:33:11 -0500] "- - " 404 - "-" "-"
- 0:0:0:0:0:0:0:1  - [24/Feb/2020:22:33:19 -0500] "- - " 404 - "-" "-"
- 0:0:0:0:0:0:0:1 - - [24/Feb/2020:22:33:22 -0500] "GET /api/mapa-digital/v1.0/sectors HTTP/1.1" - - "-" "Mozilla/5.0 (Windows NT 10.0; Win64; x64) AppleWebKit/537.36 (KHTML, like Gecko) Chrome/80.0.3987.116 Safari/537.36"
- 192.168.0.108 - - [24/Feb/2020:22:33:22 -0500] "GET /api/v1/sectors HTTP/1.1" - - "-" "Synapse-PT-HttpComponents-NIO"
- 192.168.0.108  - [24/Feb/2020:22:33:22 -0500] "- - " 404 - "-" "-"
- 0:0:0:0:0:0:0:1  - [24/Feb/2020:22:33:22 -0500] "- - " 404 - "-" "-"
- 0:0:0:0:0:0:0:1 - - [24/Feb/2020:22:33:54 -0500] "GET /api/mapa-digital/v1.0/mapa-digital/sectors HTTP/1.1" - - "-" "Mozilla/5.0 (Windows NT 10.0; Win64; x64) AppleWebKit/537.36 (KHTML, like Gecko) Chrome/80.0.3987.116 Safari/537.36"
- 0:0:0:0:0:0:0:1  - [24/Feb/2020:22:33:54 -0500] "- - " 404 - "-" "-"
- 0:0:0:0:0:0:0:1 - - [24/Feb/2020:22:34:31 -0500] "GET /api/mapa-digital/v1.0/mapa-digital/sectors HTTP/1.1" - - "-" "Mozilla/5.0 (Windows NT 10.0; Win64; x64) AppleWebKit/537.36 (KHTML, like Gecko) Chrome/80.0.3987.116 Safari/537.36"
- 0:0:0:0:0:0:0:1  - [24/Feb/2020:22:34:31 -0500] "- - " 404 - "-" "-"
- 0:0:0:0:0:0:0:1 - - [24/Feb/2020:22:35:35 -0500] "GET /api/mapa-digital/v1.0/sectors HTTP/1.1" - - "-" "Mozilla/5.0 (Windows NT 10.0; Win64; x64) AppleWebKit/537.36 (KHTML, like Gecko) Chrome/80.0.3987.116 Safari/537.36"
- 192.168.0.108 - - [24/Feb/2020:22:35:35 -0500] "GET /api/v1/sectors HTTP/1.1" - - "-" "Synapse-PT-HttpComponents-NIO"
- 192.168.0.108  - [24/Feb/2020:22:35:35 -0500] "- - " 404 - "-" "-"
- 0:0:0:0:0:0:0:1  - [24/Feb/2020:22:35:35 -0500] "- - " 404 - "-" "-"
- 0:0:0:0:0:0:0:1 - - [24/Feb/2020:22:36:08 -0500] "GET /api/mapa-digital/v1.0/sectors HTTP/1.1" - - "-" "Mozilla/5.0 (Windows NT 10.0; Win64; x64) AppleWebKit/537.36 (KHTML, like Gecko) Chrome/80.0.3987.116 Safari/537.36"
- 192.168.0.108 - - [24/Feb/2020:22:36:08 -0500] "GET /api/v1/mapa-digital/sectors HTTP/1.1" - - "-" "Synapse-PT-HttpComponents-NIO"
- 0:0:0:0:0:0:0:1 - - [24/Feb/2020:22:36:08 -0500] "GET /favicon.ico HTTP/1.1" - - "http://localhost:8280/api/mapa-digital/v1.0/sectors" "Mozilla/5.0 (Windows NT 10.0; Win64; x64) AppleWebKit/537.36 (KHTML, like Gecko) Chrome/80.0.3987.116 Safari/537.36"
- 0:0:0:0:0:0:0:1 - - [24/Feb/2020:22:36:12 -0500] "GET /api/mapa-digital/v1.0/sectors HTTP/1.1" - - "-" "Mozilla/5.0 (Windows NT 10.0; Win64; x64) AppleWebKit/537.36 (KHTML, like Gecko) Chrome/80.0.3987.116 Safari/537.36"
- 192.168.0.108 - - [24/Feb/2020:22:36:12 -0500] "GET /api/v1/mapa-digital/sectors HTTP/1.1" - - "-" "Synapse-PT-HttpComponents-NIO"
- 0:0:0:0:0:0:0:1 - - [24/Feb/2020:22:36:12 -0500] "GET /favicon.ico HTTP/1.1" - - "http://localhost:8280/api/mapa-digital/v1.0/sectors" "Mozilla/5.0 (Windows NT 10.0; Win64; x64) AppleWebKit/537.36 (KHTML, like Gecko) Chrome/80.0.3987.116 Safari/537.36"
- 192.168.0.108  - [24/Feb/2020:22:36:08 -0500] "- - " 200 - "-" "-"
- 0:0:0:0:0:0:0:1  - [24/Feb/2020:22:36:08 -0500] "- - " 200 - "-" "-"
- 0:0:0:0:0:0:0:1  - [24/Feb/2020:22:36:08 -0500] "- - " 301 - "-" "-"
- 192.168.0.108  - [24/Feb/2020:22:36:12 -0500] "- - " 200 - "-" "-"
- 0:0:0:0:0:0:0:1  - [24/Feb/2020:22:36:12 -0500] "- - " 200 - "-" "-"
- 0:0:0:0:0:0:0:1  - [24/Feb/2020:22:36:12 -0500] "- - " 301 - "-" "-"
- 0:0:0:0:0:0:0:1 - - [24/Feb/2020:22:36:52 -0500] "OPTIONS /api/mapa-digital/v1.0/sectors HTTP/1.1" - - "https://localhost:9443/devportal/apis/304ad494-308a-479b-ae7a-5ac64beffe60/test" "Mozilla/5.0 (Windows NT 10.0; Win64; x64) AppleWebKit/537.36 (KHTML, like Gecko) Chrome/80.0.3987.116 Safari/537.36"
- 0:0:0:0:0:0:0:1 - - [24/Feb/2020:22:36:52 -0500] "GET /api/mapa-digital/v1.0/sectors HTTP/1.1" - - "https://localhost:9443/devportal/apis/304ad494-308a-479b-ae7a-5ac64beffe60/test" "Mozilla/5.0 (Windows NT 10.0; Win64; x64) AppleWebKit/537.36 (KHTML, like Gecko) Chrome/80.0.3987.116 Safari/537.36"
- 192.168.0.108 - - [24/Feb/2020:22:36:52 -0500] "GET /api/v1/mapa-digital/sectors HTTP/1.1" - - "https://localhost:9443/devportal/apis/304ad494-308a-479b-ae7a-5ac64beffe60/test" "Synapse-PT-HttpComponents-NIO"
- 0:0:0:0:0:0:0:1 - - [24/Feb/2020:22:37:08 -0500] "GET /api/mapa-digital/v1.0/sectors HTTP/1.1" - - "-" "Mozilla/5.0 (Windows NT 10.0; Win64; x64) AppleWebKit/537.36 (KHTML, like Gecko) Chrome/80.0.3987.116 Safari/537.36"
- 192.168.0.108 - - [24/Feb/2020:22:37:08 -0500] "GET /api/v1/mapa-digital/sectors HTTP/1.1" - - "-" "Synapse-PT-HttpComponents-NIO"
- 0:0:0:0:0:0:0:1 - - [24/Feb/2020:22:37:08 -0500] "GET /favicon.ico HTTP/1.1" - - "https://localhost:8243/api/mapa-digital/v1.0/sectors" "Mozilla/5.0 (Windows NT 10.0; Win64; x64) AppleWebKit/537.36 (KHTML, like Gecko) Chrome/80.0.3987.116 Safari/537.36"
- 0:0:0:0:0:0:0:1  - [24/Feb/2020:22:36:52 -0500] "- - " 200 - "-" "-"
- 192.168.0.108  - [24/Feb/2020:22:36:52 -0500] "- - " 200 - "-" "-"
- 0:0:0:0:0:0:0:1  - [24/Feb/2020:22:36:52 -0500] "- - " 200 - "-" "-"
- 192.168.0.108  - [24/Feb/2020:22:37:08 -0500] "- - " 200 - "-" "-"
- 0:0:0:0:0:0:0:1  - [24/Feb/2020:22:37:08 -0500] "- - " 200 - "-" "-"
- 0:0:0:0:0:0:0:1  - [24/Feb/2020:22:37:09 -0500] "- - " 301 - "-" "-"
- 0:0:0:0:0:0:0:1 - - [24/Feb/2020:22:37:40 -0500] "POST /api/session/v1.0/accounts/login HTTP/1.1" - 53 "-" "GuzzleHttp/6.4.1 curl/7.61.1 PHP/7.2.11"
- 192.168.0.108 - - [24/Feb/2020:22:37:40 -0500] "POST /api/v1/accounts/login HTTP/1.1" - - "-" "Synapse-PT-HttpComponents-NIO"
- 0:0:0:0:0:0:0:1 - - [24/Feb/2020:22:37:50 -0500] "GET /api/georeferencia/v1.0/emprendimientos HTTP/1.1" - 2 "-" "GuzzleHttp/6.4.1 curl/7.61.1 PHP/7.2.11"
- 192.168.0.108 - - [24/Feb/2020:22:37:50 -0500] "GET /api/v1/emprendimientos HTTP/1.1" - - "-" "Synapse-PT-HttpComponents-NIO"
- 192.168.0.108  - [24/Feb/2020:22:37:40 -0500] "- - " 200 - "-" "-"
- 0:0:0:0:0:0:0:1  - [24/Feb/2020:22:37:40 -0500] "- - " 200 - "-" "-"
- 192.168.0.108  - [24/Feb/2020:22:37:50 -0500] "- - " 400 - "-" "-"
- 0:0:0:0:0:0:0:1  - [24/Feb/2020:22:37:50 -0500] "- - " 400 - "-" "-"
- 0:0:0:0:0:0:0:1 - - [24/Feb/2020:22:38:33 -0500] "GET /api/mapa-digital/v1.0/sectors HTTP/1.1" - - "-" "PostmanRuntime/7.22.0"
- 127.0.0.1 - - [24/Feb/2020:22:38:33 -0500] "GET /api/v1/mapa-digital/sectors HTTP/1.1" - - "-" "Synapse-PT-HttpComponents-NIO"
- 0:0:0:0:0:0:0:1 - - [24/Feb/2020:22:38:42 -0500] "GET /api/mapa-digital/v1.0/sectors HTTP/1.1" - - "-" "PostmanRuntime/7.22.0"
- 127.0.0.1 - - [24/Feb/2020:22:38:42 -0500] "GET /api/v1/mapa-digital/sectors HTTP/1.1" - - "-" "Synapse-PT-HttpComponents-NIO"
- 127.0.0.1  - [24/Feb/2020:22:38:33 -0500] "- - " 200 - "-" "-"
- 0:0:0:0:0:0:0:1  - [24/Feb/2020:22:38:33 -0500] "- - " 200 - "-" "-"
- 127.0.0.1  - [24/Feb/2020:22:38:42 -0500] "- - " 200 - "-" "-"
- 0:0:0:0:0:0:0:1  - [24/Feb/2020:22:38:42 -0500] "- - " 200 - "-" "-"
- 0:0:0:0:0:0:0:1 - - [24/Feb/2020:22:39:08 -0500] "GET /api/georeferencia/v1.0/emprendimientos HTTP/1.1" - 2 "-" "GuzzleHttp/6.4.1 curl/7.61.1 PHP/7.2.11"
- 192.168.0.108 - - [24/Feb/2020:22:39:08 -0500] "GET /api/v1/emprendimientos HTTP/1.1" - - "-" "Synapse-PT-HttpComponents-NIO"
- 192.168.0.108  - [24/Feb/2020:22:39:08 -0500] "- - " 400 - "-" "-"
- 0:0:0:0:0:0:0:1  - [24/Feb/2020:22:39:08 -0500] "- - " 400 - "-" "-"
- 0:0:0:0:0:0:0:1 - - [24/Feb/2020:22:39:53 -0500] "GET /api/georeferencia/v1.0/emprendimientos HTTP/1.1" - 2 "-" "GuzzleHttp/6.4.1 curl/7.61.1 PHP/7.2.11"
- 192.168.0.108 - - [24/Feb/2020:22:39:53 -0500] "GET /api/v1/emprendimientos HTTP/1.1" - - "-" "Synapse-PT-HttpComponents-NIO"
- 192.168.0.108  - [24/Feb/2020:22:39:53 -0500] "- - " 400 - "-" "-"
- 0:0:0:0:0:0:0:1  - [24/Feb/2020:22:39:53 -0500] "- - " 400 - "-" "-"
- 0:0:0:0:0:0:0:1 - - [24/Feb/2020:22:40:50 -0500] "GET /api/georeferencia/v1.0/emprendimientos HTTP/1.1" - - "-" "PostmanRuntime/7.22.0"
- 192.168.0.108 - - [24/Feb/2020:22:40:50 -0500] "GET /api/v1/emprendimientos HTTP/1.1" - - "-" "Synapse-PT-HttpComponents-NIO"
- 192.168.0.108  - [24/Feb/2020:22:40:50 -0500] "- - " 200 - "-" "-"
- 0:0:0:0:0:0:0:1  - [24/Feb/2020:22:40:50 -0500] "- - " 200 - "-" "-"
- 0:0:0:0:0:0:0:1 - - [24/Feb/2020:22:40:52 -0500] "GET /api/georeferencia/v1.0/emprendimientos HTTP/1.1" - - "-" "PostmanRuntime/7.22.0"
- 192.168.0.108 - - [24/Feb/2020:22:40:52 -0500] "GET /api/v1/emprendimientos HTTP/1.1" - - "-" "Synapse-PT-HttpComponents-NIO"
- 0:0:0:0:0:0:0:1 - - [24/Feb/2020:22:40:54 -0500] "GET /api/georeferencia/v1.0/emprendimientos HTTP/1.1" - - "-" "PostmanRuntime/7.22.0"
- 192.168.0.108 - - [24/Feb/2020:22:40:54 -0500] "GET /api/v1/emprendimientos HTTP/1.1" - - "-" "Synapse-PT-HttpComponents-NIO"
- 0:0:0:0:0:0:0:1 - - [24/Feb/2020:22:41:15 -0500] "GET /api/georeferencia/v1.0/emprendimientos HTTP/1.1" - 2 "-" "GuzzleHttp/6.4.1 curl/7.61.1 PHP/7.2.11"
- 192.168.0.108 - - [24/Feb/2020:22:41:15 -0500] "GET /api/v1/emprendimientos HTTP/1.1" - - "-" "Synapse-PT-HttpComponents-NIO"
- 192.168.0.108  - [24/Feb/2020:22:40:52 -0500] "- - " 200 - "-" "-"
- 0:0:0:0:0:0:0:1  - [24/Feb/2020:22:40:52 -0500] "- - " 200 - "-" "-"
- 192.168.0.108  - [24/Feb/2020:22:40:54 -0500] "- - " 200 - "-" "-"
- 0:0:0:0:0:0:0:1  - [24/Feb/2020:22:40:54 -0500] "- - " 200 - "-" "-"
- 192.168.0.108  - [24/Feb/2020:22:41:15 -0500] "- - " 400 - "-" "-"
- 0:0:0:0:0:0:0:1  - [24/Feb/2020:22:41:15 -0500] "- - " 400 - "-" "-"
- 0:0:0:0:0:0:0:1 - - [24/Feb/2020:22:41:48 -0500] "GET /api/georeferencia/v1.0/emprendimientos HTTP/1.1" - 2 "-" "GuzzleHttp/6.4.1 curl/7.61.1 PHP/7.2.11"
- 192.168.0.108 - - [24/Feb/2020:22:41:48 -0500] "GET /api/v1/emprendimientos HTTP/1.1" - - "-" "Synapse-PT-HttpComponents-NIO"
- 192.168.0.108  - [24/Feb/2020:22:41:48 -0500] "- - " 400 - "-" "-"
- 0:0:0:0:0:0:0:1  - [24/Feb/2020:22:41:48 -0500] "- - " 400 - "-" "-"
- 0:0:0:0:0:0:0:1 - - [24/Feb/2020:22:42:37 -0500] "GET /api/session/v1.0/georeferencia/find-all-select HTTP/1.1" - 2 "-" "GuzzleHttp/6.4.1 curl/7.61.1 PHP/7.2.11"
- 192.168.0.108 - - [24/Feb/2020:22:42:37 -0500] "GET /api/v1/georeferencia/find-all-select HTTP/1.1" - - "-" "Synapse-PT-HttpComponents-NIO"
- 0:0:0:0:0:0:0:1 - - [24/Feb/2020:22:42:41 -0500] "POST /api/session/v1.0/accounts/login HTTP/1.1" - 58 "-" "GuzzleHttp/6.4.1 curl/7.61.1 PHP/7.2.11"
- 192.168.0.108 - - [24/Feb/2020:22:42:41 -0500] "POST /api/v1/accounts/login HTTP/1.1" - - "-" "Synapse-PT-HttpComponents-NIO"
- 192.168.0.108  - [24/Feb/2020:22:42:37 -0500] "- - " 200 - "-" "-"
- 0:0:0:0:0:0:0:1  - [24/Feb/2020:22:42:37 -0500] "- - " 200 - "-" "-"
- 192.168.0.108  - [24/Feb/2020:22:42:41 -0500] "- - " 200 - "-" "-"
- 0:0:0:0:0:0:0:1  - [24/Feb/2020:22:42:41 -0500] "- - " 200 - "-" "-"
- 0:0:0:0:0:0:0:1 - - [24/Feb/2020:22:42:52 -0500] "GET /api/georeferencia/v1.0/emprendimientos HTTP/1.1" - 2 "-" "GuzzleHttp/6.4.1 curl/7.61.1 PHP/7.2.11"
- 192.168.0.108 - - [24/Feb/2020:22:42:52 -0500] "GET /api/v1/emprendimientos HTTP/1.1" - - "-" "Synapse-PT-HttpComponents-NIO"
- 192.168.0.108  - [24/Feb/2020:22:42:52 -0500] "- - " 400 - "-" "-"
- 0:0:0:0:0:0:0:1  - [24/Feb/2020:22:42:52 -0500] "- - " 400 - "-" "-"
- 0:0:0:0:0:0:0:1 - - [24/Feb/2020:22:46:47 -0500] "GET /api/georeferencia/v1.0/emprendimientos HTTP/1.1" - 2 "-" "GuzzleHttp/6.4.1 curl/7.61.1 PHP/7.2.11"
- 192.168.0.108 - - [24/Feb/2020:22:46:47 -0500] "GET /api/v1/emprendimientos HTTP/1.1" - - "-" "Synapse-PT-HttpComponents-NIO"
- 192.168.0.108  - [24/Feb/2020:22:46:47 -0500] "- - " 200 - "-" "-"
- 0:0:0:0:0:0:0:1  - [24/Feb/2020:22:46:47 -0500] "- - " 200 - "-" "-"
- 0:0:0:0:0:0:0:1 - - [24/Feb/2020:22:49:11 -0500] "GET /api/mapa-digital/v1.0/sectors HTTP/1.1" - - "-" "PostmanRuntime/7.22.0"
- 0:0:0:0:0:0:0:1  - [24/Feb/2020:22:49:11 -0500] "- - " 401 - "-" "-"
- 0:0:0:0:0:0:0:1 - - [24/Feb/2020:22:49:44 -0500] "POST /token HTTP/1.1" - 29 "-" "PostmanRuntime/7.22.0"
- 127.0.0.1 - - [24/Feb/2020:22:49:45 -0500] "POST /oauth2/token HTTP/1.1" - - "-" "Synapse-PT-HttpComponents-NIO"
- 127.0.0.1  - [24/Feb/2020:22:49:47 -0500] "- - " 401 - "-" "-"
- 0:0:0:0:0:0:0:1  - [24/Feb/2020:22:49:47 -0500] "- - " 401 - "-" "-"
- 0:0:0:0:0:0:0:1 - - [24/Feb/2020:22:52:31 -0500] "POST /token HTTP/1.1" - 29 "-" "PostmanRuntime/7.22.0"
- 127.0.0.1 - - [24/Feb/2020:22:52:31 -0500] "POST /oauth2/token HTTP/1.1" - - "-" "Synapse-PT-HttpComponents-NIO"
- 127.0.0.1  - [24/Feb/2020:22:52:31 -0500] "- - " 200 - "-" "-"
- 0:0:0:0:0:0:0:1  - [24/Feb/2020:22:52:31 -0500] "- - " 200 - "-" "-"
- 0:0:0:0:0:0:0:1 - - [24/Feb/2020:22:53:10 -0500] "GET /api/mapa-digital/v1.0/sectors HTTP/1.1" - - "-" "PostmanRuntime/7.22.0"
- 0:0:0:0:0:0:0:1  - [24/Feb/2020:22:53:10 -0500] "- - " 403 - "-" "-"
- 0:0:0:0:0:0:0:1 - - [24/Feb/2020:22:53:53 -0500] "GET /api/mapa-digital/v1.0/sectors HTTP/1.1" - - "-" "PostmanRuntime/7.22.0"
- 0:0:0:0:0:0:0:1 - - [24/Feb/2020:22:53:55 -0500] "GET /api/mapa-digital/v1.0/sectors HTTP/1.1" - - "-" "PostmanRuntime/7.22.0"
- 0:0:0:0:0:0:0:1  - [24/Feb/2020:22:53:53 -0500] "- - " 403 - "-" "-"
- 0:0:0:0:0:0:0:1  - [24/Feb/2020:22:53:55 -0500] "- - " 403 - "-" "-"
- 0:0:0:0:0:0:0:1 - - [24/Feb/2020:22:54:29 -0500] "GET /api/mapa-digital/v1.0/sectors HTTP/1.1" - - "-" "PostmanRuntime/7.22.0"
- 127.0.0.1 - - [24/Feb/2020:22:54:39 -0500] "POST /token HTTP/1.1" - 139 "-" "-"
- 127.0.0.1 - - [24/Feb/2020:22:54:39 -0500] "POST /oauth2/token HTTP/1.1" - - "-" "Synapse-PT-HttpComponents-NIO"
- 0:0:0:0:0:0:0:1  - [24/Feb/2020:22:54:29 -0500] "- - " 403 - "-" "-"
- 127.0.0.1  - [24/Feb/2020:22:54:39 -0500] "- - " 200 - "-" "-"
- 127.0.0.1  - [24/Feb/2020:22:54:39 -0500] "- - " 200 - "-" "-"
- 0:0:0:0:0:0:0:1 - - [24/Feb/2020:22:54:52 -0500] "GET /api/mapa-digital/v1.0/sectors HTTP/1.1" - - "-" "PostmanRuntime/7.22.0"
- 127.0.0.1 - - [24/Feb/2020:22:54:52 -0500] "GET /api/v1/mapa-digital/sectors HTTP/1.1" - - "-" "Synapse-PT-HttpComponents-NIO"
- 0:0:0:0:0:0:0:1 - - [24/Feb/2020:22:55:01 -0500] "GET /api/mapa-digital/v1.0/sectors HTTP/1.1" - - "-" "PostmanRuntime/7.22.0"
- 127.0.0.1 - - [24/Feb/2020:22:55:01 -0500] "GET /api/v1/mapa-digital/sectors HTTP/1.1" - - "-" "Synapse-PT-HttpComponents-NIO"
- 0:0:0:0:0:0:0:1 - - [24/Feb/2020:22:55:06 -0500] "POST /token HTTP/1.1" - 29 "-" "PostmanRuntime/7.22.0"
- 127.0.0.1 - - [24/Feb/2020:22:55:06 -0500] "POST /oauth2/token HTTP/1.1" - - "-" "Synapse-PT-HttpComponents-NIO"
- 127.0.0.1  - [24/Feb/2020:22:54:52 -0500] "- - " 200 - "-" "-"
- 0:0:0:0:0:0:0:1  - [24/Feb/2020:22:54:52 -0500] "- - " 200 - "-" "-"
- 127.0.0.1  - [24/Feb/2020:22:55:01 -0500] "- - " 200 - "-" "-"
- 0:0:0:0:0:0:0:1  - [24/Feb/2020:22:55:01 -0500] "- - " 200 - "-" "-"
- 127.0.0.1  - [24/Feb/2020:22:55:06 -0500] "- - " 200 - "-" "-"
- 0:0:0:0:0:0:0:1  - [24/Feb/2020:22:55:06 -0500] "- - " 200 - "-" "-"
- 0:0:0:0:0:0:0:1 - - [24/Feb/2020:22:55:23 -0500] "GET /api/mapa-digital/v1.0/sectors HTTP/1.1" - - "-" "PostmanRuntime/7.22.0"
- 127.0.0.1 - - [24/Feb/2020:22:55:23 -0500] "GET /api/v1/mapa-digital/sectors HTTP/1.1" - - "-" "Synapse-PT-HttpComponents-NIO"
- 0:0:0:0:0:0:0:1 - - [24/Feb/2020:22:55:25 -0500] "GET /api/mapa-digital/v1.0/sectors HTTP/1.1" - - "-" "PostmanRuntime/7.22.0"
- 127.0.0.1 - - [24/Feb/2020:22:55:25 -0500] "GET /api/v1/mapa-digital/sectors HTTP/1.1" - - "-" "Synapse-PT-HttpComponents-NIO"
- 0:0:0:0:0:0:0:1 - - [24/Feb/2020:22:55:28 -0500] "GET /api/mapa-digital/v1.0/sectors HTTP/1.1" - - "-" "PostmanRuntime/7.22.0"
- 127.0.0.1 - - [24/Feb/2020:22:55:28 -0500] "GET /api/v1/mapa-digital/sectors HTTP/1.1" - - "-" "Synapse-PT-HttpComponents-NIO"
- 127.0.0.1  - [24/Feb/2020:22:55:23 -0500] "- - " 200 - "-" "-"
- 0:0:0:0:0:0:0:1  - [24/Feb/2020:22:55:23 -0500] "- - " 200 - "-" "-"
- 127.0.0.1  - [24/Feb/2020:22:55:25 -0500] "- - " 200 - "-" "-"
- 0:0:0:0:0:0:0:1  - [24/Feb/2020:22:55:25 -0500] "- - " 200 - "-" "-"
- 127.0.0.1  - [24/Feb/2020:22:55:30 -0500] "- - " 200 - "-" "-"
- 0:0:0:0:0:0:0:1  - [24/Feb/2020:22:55:30 -0500] "- - " 200 - "-" "-"
- 0:0:0:0:0:0:0:1 - - [24/Feb/2020:22:55:56 -0500] "GET /api/mapa-digital/v1.0/sectors HTTP/1.1" - - "-" "PostmanRuntime/7.22.0"
- 127.0.0.1 - - [24/Feb/2020:22:55:56 -0500] "GET /api/v1/mapa-digital/sectors HTTP/1.1" - - "-" "Synapse-PT-HttpComponents-NIO"
- 127.0.0.1  - [24/Feb/2020:22:55:56 -0500] "- - " 200 - "-" "-"
- 0:0:0:0:0:0:0:1  - [24/Feb/2020:22:55:56 -0500] "- - " 200 - "-" "-"
- 0:0:0:0:0:0:0:1 - - [24/Feb/2020:23:01:07 -0500] "GET /api/session/v1.0/georeferencia/find-all-select HTTP/1.1" - 2 "-" "GuzzleHttp/6.4.1 curl/7.61.1 PHP/7.2.11"
- 192.168.0.108 - - [24/Feb/2020:23:01:07 -0500] "GET /api/v1/georeferencia/find-all-select HTTP/1.1" - - "-" "Synapse-PT-HttpComponents-NIO"
- 0:0:0:0:0:0:0:1 - - [24/Feb/2020:23:01:14 -0500] "GET /api/session/v1.0/georeferencia/find-all-select HTTP/1.1" - 2 "-" "GuzzleHttp/6.4.1 curl/7.61.1 PHP/7.2.11"
- 192.168.0.108 - - [24/Feb/2020:23:01:14 -0500] "GET /api/v1/georeferencia/find-all-select HTTP/1.1" - - "-" "Synapse-PT-HttpComponents-NIO"
- 0:0:0:0:0:0:0:1 - - [24/Feb/2020:23:01:15 -0500] "POST /api/session/v1.0/accounts/login HTTP/1.1" - 58 "-" "GuzzleHttp/6.4.1 curl/7.61.1 PHP/7.2.11"
- 192.168.0.108 - - [24/Feb/2020:23:01:15 -0500] "POST /api/v1/accounts/login HTTP/1.1" - - "-" "Synapse-PT-HttpComponents-NIO"
- 192.168.0.108  - [24/Feb/2020:23:01:07 -0500] "- - " 200 - "-" "-"
- 0:0:0:0:0:0:0:1  - [24/Feb/2020:23:01:07 -0500] "- - " 200 - "-" "-"
- 192.168.0.108  - [24/Feb/2020:23:01:14 -0500] "- - " 200 - "-" "-"
- 0:0:0:0:0:0:0:1  - [24/Feb/2020:23:01:14 -0500] "- - " 200 - "-" "-"
- 192.168.0.108  - [24/Feb/2020:23:01:15 -0500] "- - " 200 - "-" "-"
- 0:0:0:0:0:0:0:1  - [24/Feb/2020:23:01:15 -0500] "- - " 200 - "-" "-"
- 0:0:0:0:0:0:0:1 - - [24/Feb/2020:23:01:36 -0500] "GET /api/mapa-digital/v1.0/sectors HTTP/1.1" - 2 "-" "GuzzleHttp/6.4.1 curl/7.61.1 PHP/7.2.11"
- 0:0:0:0:0:0:0:1  - [24/Feb/2020:23:01:36 -0500] "- - " 401 - "-" "-"
- 0:0:0:0:0:0:0:1 - - [24/Feb/2020:23:02:04 -0500] "GET /api/mapa-digital/v1.0/sectors HTTP/1.1" - 2 "-" "GuzzleHttp/6.4.1 curl/7.61.1 PHP/7.2.11"
- 0:0:0:0:0:0:0:1 - - [24/Feb/2020:23:02:10 -0500] "GET /api/mapa-digital/v1.0/sectors HTTP/1.1" - 2 "-" "GuzzleHttp/6.4.1 curl/7.61.1 PHP/7.2.11"
- 0:0:0:0:0:0:0:1 - - [24/Feb/2020:23:02:11 -0500] "GET /api/mapa-digital/v1.0/sectors HTTP/1.1" - 2 "-" "GuzzleHttp/6.4.1 curl/7.61.1 PHP/7.2.11"
- 0:0:0:0:0:0:0:1 - - [24/Feb/2020:23:02:17 -0500] "GET /api/mapa-digital/v1.0/sectors HTTP/1.1" - 2 "-" "GuzzleHttp/6.4.1 curl/7.61.1 PHP/7.2.11"
- 0:0:0:0:0:0:0:1  - [24/Feb/2020:23:02:04 -0500] "- - " 401 - "-" "-"
- 0:0:0:0:0:0:0:1  - [24/Feb/2020:23:02:10 -0500] "- - " 401 - "-" "-"
- 0:0:0:0:0:0:0:1  - [24/Feb/2020:23:02:11 -0500] "- - " 401 - "-" "-"
- 0:0:0:0:0:0:0:1  - [24/Feb/2020:23:02:17 -0500] "- - " 401 - "-" "-"
- 0:0:0:0:0:0:0:1 - - [25/Feb/2020:00:28:52 -0500] "GET /api/mapa-digital/v1.0/sectors HTTP/1.1" - - "-" "PostmanRuntime/7.22.0"
- 0:0:0:0:0:0:0:1  - [25/Feb/2020:00:28:52 -0500] "- - " 401 - "-" "-"
- 0:0:0:0:0:0:0:1 - - [25/Feb/2020:00:29:01 -0500] "POST /token HTTP/1.1" - 29 "-" "PostmanRuntime/7.22.0"
- 127.0.0.1  - [25/Feb/2020:00:29:02 -0500] "- - " 200 - "-" "-"
- 127.0.0.1 - - [25/Feb/2020:00:29:02 -0500] "POST /oauth2/token HTTP/1.1" - - "-" "Synapse-PT-HttpComponents-NIO"
- 0:0:0:0:0:0:0:1 - - [25/Feb/2020:00:29:21 -0500] "GET /api/mapa-digital/v1.0/sectors HTTP/1.1" - - "-" "PostmanRuntime/7.22.0"
- 0:0:0:0:0:0:0:1  - [25/Feb/2020:00:29:01 -0500] "- - " 200 - "-" "-"
- 0:0:0:0:0:0:0:1  - [25/Feb/2020:00:29:21 -0500] "- - " 401 - "-" "-"
- 0:0:0:0:0:0:0:1 - - [25/Feb/2020:00:29:25 -0500] "GET /api/mapa-digital/v1.0/sectors HTTP/1.1" - - "-" "PostmanRuntime/7.22.0"
- 0:0:0:0:0:0:0:1 - - [25/Feb/2020:00:29:35 -0500] "GET /api/mapa-digital/v1.0/sectors HTTP/1.1" - - "-" "PostmanRuntime/7.22.0"
- 0:0:0:0:0:0:0:1 - - [25/Feb/2020:00:29:40 -0500] "GET /api/mapa-digital/v1.0/sectors HTTP/1.1" - - "-" "PostmanRuntime/7.22.0"
- 127.0.0.1 - - [25/Feb/2020:00:29:40 -0500] "GET /api/v1/mapa-digital/sectors HTTP/1.1" - - "-" "Synapse-PT-HttpComponents-NIO"
- 0:0:0:0:0:0:0:1  - [25/Feb/2020:00:29:25 -0500] "- - " 401 - "-" "-"
- 0:0:0:0:0:0:0:1  - [25/Feb/2020:00:29:35 -0500] "- - " 401 - "-" "-"
- 127.0.0.1  - [25/Feb/2020:00:29:40 -0500] "- - " 200 - "-" "-"
- 0:0:0:0:0:0:0:1  - [25/Feb/2020:00:29:40 -0500] "- - " 200 - "-" "-"
- 0:0:0:0:0:0:0:1 - - [25/Feb/2020:00:30:27 -0500] "POST /token HTTP/1.1" - 29 "-" "PostmanRuntime/7.22.0"
- 127.0.0.1 - - [25/Feb/2020:00:30:27 -0500] "POST /oauth2/token HTTP/1.1" - - "-" "Synapse-PT-HttpComponents-NIO"
- 0:0:0:0:0:0:0:1 - - [25/Feb/2020:00:30:40 -0500] "GET /api/mapa-digital/v1.0/sectors HTTP/1.1" - - "-" "PostmanRuntime/7.22.0"
- 127.0.0.1 - - [25/Feb/2020:00:30:40 -0500] "GET /api/v1/mapa-digital/sectors HTTP/1.1" - - "-" "Synapse-PT-HttpComponents-NIO"
- 0:0:0:0:0:0:0:1 - - [25/Feb/2020:00:30:42 -0500] "GET /api/mapa-digital/v1.0/sectors HTTP/1.1" - - "-" "PostmanRuntime/7.22.0"
- 127.0.0.1 - - [25/Feb/2020:00:30:42 -0500] "GET /api/v1/mapa-digital/sectors HTTP/1.1" - - "-" "Synapse-PT-HttpComponents-NIO"
- 127.0.0.1  - [25/Feb/2020:00:30:27 -0500] "- - " 200 - "-" "-"
- 0:0:0:0:0:0:0:1  - [25/Feb/2020:00:30:27 -0500] "- - " 200 - "-" "-"
- 127.0.0.1  - [25/Feb/2020:00:30:40 -0500] "- - " 200 - "-" "-"
- 0:0:0:0:0:0:0:1  - [25/Feb/2020:00:30:40 -0500] "- - " 200 - "-" "-"
- 127.0.0.1  - [25/Feb/2020:00:30:42 -0500] "- - " 200 - "-" "-"
- 0:0:0:0:0:0:0:1  - [25/Feb/2020:00:30:42 -0500] "- - " 200 - "-" "-"
- 0:0:0:0:0:0:0:1 - - [25/Feb/2020:00:34:37 -0500] "POST /api/session/v1.0/accounts/login HTTP/1.1" - 63 "-" "PostmanRuntime/7.22.0"
- 192.168.0.108 - - [25/Feb/2020:00:34:37 -0500] "POST /api/v1/accounts/login HTTP/1.1" - - "-" "Synapse-PT-HttpComponents-NIO"
- 192.168.0.108  - [25/Feb/2020:00:34:37 -0500] "- - " 200 - "-" "-"
- 0:0:0:0:0:0:0:1  - [25/Feb/2020:00:34:37 -0500] "- - " 200 - "-" "-"
- 0:0:0:0:0:0:0:1 - - [25/Feb/2020:00:39:55 -0500] "POST /api/session/v1.0/accounts/login HTTP/1.1" - 63 "-" "PostmanRuntime/7.22.0"
- 192.168.0.108 - - [25/Feb/2020:00:39:55 -0500] "POST /api/v1/accounts/login HTTP/1.1" - - "-" "Synapse-PT-HttpComponents-NIO"
- 0:0:0:0:0:0:0:1 - - [25/Feb/2020:00:39:56 -0500] "POST /token HTTP/1.1" - 29 "-" "python-requests/2.20.1"
- 127.0.0.1 - - [25/Feb/2020:00:39:56 -0500] "POST /oauth2/token HTTP/1.1" - - "-" "Synapse-PT-HttpComponents-NIO"
- 127.0.0.1  - [25/Feb/2020:00:39:56 -0500] "- - " 200 - "-" "-"
- 0:0:0:0:0:0:0:1  - [25/Feb/2020:00:39:56 -0500] "- - " 200 - "-" "-"
- 192.168.0.108  - [25/Feb/2020:00:39:55 -0500] "- - " 200 - "-" "-"
- 0:0:0:0:0:0:0:1  - [25/Feb/2020:00:39:55 -0500] "- - " 200 - "-" "-"
- 0:0:0:0:0:0:0:1 - - [25/Feb/2020:00:41:07 -0500] "POST /api/session/v1.0/accounts/login HTTP/1.1" - 63 "-" "PostmanRuntime/7.22.0"
- 192.168.0.108 - - [25/Feb/2020:00:41:07 -0500] "POST /api/v1/accounts/login HTTP/1.1" - - "-" "Synapse-PT-HttpComponents-NIO"
- 0:0:0:0:0:0:0:1 - - [25/Feb/2020:00:41:08 -0500] "POST /token HTTP/1.1" - 29 "-" "python-requests/2.20.1"
- 127.0.0.1 - - [25/Feb/2020:00:41:08 -0500] "POST /oauth2/token HTTP/1.1" - - "-" "Synapse-PT-HttpComponents-NIO"
- 127.0.0.1  - [25/Feb/2020:00:41:08 -0500] "- - " 200 - "-" "-"
- 0:0:0:0:0:0:0:1  - [25/Feb/2020:00:41:08 -0500] "- - " 200 - "-" "-"
- 192.168.0.108  - [25/Feb/2020:00:41:09 -0500] "- - " 500 - "-" "-"
- 0:0:0:0:0:0:0:1  - [25/Feb/2020:00:41:09 -0500] "- - " 500 - "-" "-"
- 0:0:0:0:0:0:0:1 - - [25/Feb/2020:00:42:20 -0500] "POST /api/session/v1.0/accounts/login HTTP/1.1" - 63 "-" "PostmanRuntime/7.22.0"
- 192.168.0.108 - - [25/Feb/2020:00:42:20 -0500] "POST /api/v1/accounts/login HTTP/1.1" - - "-" "Synapse-PT-HttpComponents-NIO"
- 0:0:0:0:0:0:0:1 - - [25/Feb/2020:00:42:21 -0500] "POST /token HTTP/1.1" - 29 "-" "python-requests/2.20.1"
- 127.0.0.1 - - [25/Feb/2020:00:42:21 -0500] "POST /oauth2/token HTTP/1.1" - - "-" "Synapse-PT-HttpComponents-NIO"
- 127.0.0.1  - [25/Feb/2020:00:42:21 -0500] "- - " 200 - "-" "-"
- 0:0:0:0:0:0:0:1  - [25/Feb/2020:00:42:21 -0500] "- - " 200 - "-" "-"
- 192.168.0.108  - [25/Feb/2020:00:42:20 -0500] "- - " 200 - "-" "-"
- 0:0:0:0:0:0:0:1  - [25/Feb/2020:00:42:20 -0500] "- - " 200 - "-" "-"
- 0:0:0:0:0:0:0:1 - - [25/Feb/2020:00:44:25 -0500] "POST /api/session/v1.0/accounts/login HTTP/1.1" - 63 "-" "PostmanRuntime/7.22.0"
- 192.168.0.108 - - [25/Feb/2020:00:44:25 -0500] "POST /api/v1/accounts/login HTTP/1.1" - - "-" "Synapse-PT-HttpComponents-NIO"
- 0:0:0:0:0:0:0:1 - - [25/Feb/2020:00:44:26 -0500] "POST /token HTTP/1.1" - 29 "-" "python-requests/2.20.1"
- 127.0.0.1 - - [25/Feb/2020:00:44:26 -0500] "POST /oauth2/token HTTP/1.1" - - "-" "Synapse-PT-HttpComponents-NIO"
- 127.0.0.1  - [25/Feb/2020:00:44:26 -0500] "- - " 200 - "-" "-"
- 0:0:0:0:0:0:0:1  - [25/Feb/2020:00:44:26 -0500] "- - " 200 - "-" "-"
- 192.168.0.108  - [25/Feb/2020:00:44:26 -0500] "- - " 500 - "-" "-"
- 0:0:0:0:0:0:0:1  - [25/Feb/2020:00:44:26 -0500] "- - " 500 - "-" "-"
- 0:0:0:0:0:0:0:1 - - [25/Feb/2020:00:44:54 -0500] "POST /api/session/v1.0/accounts/login HTTP/1.1" - 63 "-" "PostmanRuntime/7.22.0"
- 192.168.0.108 - - [25/Feb/2020:00:44:54 -0500] "POST /api/v1/accounts/login HTTP/1.1" - - "-" "Synapse-PT-HttpComponents-NIO"
- 0:0:0:0:0:0:0:1 - - [25/Feb/2020:00:44:56 -0500] "POST /token HTTP/1.1" - 29 "-" "python-requests/2.20.1"
- 127.0.0.1 - - [25/Feb/2020:00:44:56 -0500] "POST /oauth2/token HTTP/1.1" - - "-" "Synapse-PT-HttpComponents-NIO"
- 0:0:0:0:0:0:0:1 - - [25/Feb/2020:00:45:17 -0500] "POST /api/session/v1.0/accounts/login HTTP/1.1" - 63 "-" "PostmanRuntime/7.22.0"
- 192.168.0.108 - - [25/Feb/2020:00:45:17 -0500] "POST /api/v1/accounts/login HTTP/1.1" - - "-" "Synapse-PT-HttpComponents-NIO"
- 0:0:0:0:0:0:0:1 - - [25/Feb/2020:00:45:18 -0500] "POST /token HTTP/1.1" - 29 "-" "python-requests/2.20.1"
- 127.0.0.1 - - [25/Feb/2020:00:45:18 -0500] "POST /oauth2/token HTTP/1.1" - - "-" "Synapse-PT-HttpComponents-NIO"
- 127.0.0.1  - [25/Feb/2020:00:44:56 -0500] "- - " 200 - "-" "-"
- 0:0:0:0:0:0:0:1  - [25/Feb/2020:00:44:56 -0500] "- - " 200 - "-" "-"
- 192.168.0.108  - [25/Feb/2020:00:44:56 -0500] "- - " 200 - "-" "-"
- 0:0:0:0:0:0:0:1  - [25/Feb/2020:00:44:56 -0500] "- - " 200 - "-" "-"
- 127.0.0.1  - [25/Feb/2020:00:45:18 -0500] "- - " 200 - "-" "-"
- 0:0:0:0:0:0:0:1  - [25/Feb/2020:00:45:18 -0500] "- - " 200 - "-" "-"
- 192.168.0.108  - [25/Feb/2020:00:45:17 -0500] "- - " 200 - "-" "-"
- 0:0:0:0:0:0:0:1  - [25/Feb/2020:00:45:17 -0500] "- - " 200 - "-" "-"
- 0:0:0:0:0:0:0:1 - - [25/Feb/2020:00:46:18 -0500] "POST /api/session/v1.0/accounts/login HTTP/1.1" - 63 "-" "PostmanRuntime/7.22.0"
- 192.168.0.108 - - [25/Feb/2020:00:46:18 -0500] "POST /api/v1/accounts/login HTTP/1.1" - - "-" "Synapse-PT-HttpComponents-NIO"
- 0:0:0:0:0:0:0:1 - - [25/Feb/2020:00:46:19 -0500] "POST /token HTTP/1.1" - 29 "-" "python-requests/2.20.1"
- 127.0.0.1 - - [25/Feb/2020:00:46:19 -0500] "POST /oauth2/token HTTP/1.1" - - "-" "Synapse-PT-HttpComponents-NIO"
- 127.0.0.1  - [25/Feb/2020:00:46:19 -0500] "- - " 200 - "-" "-"
- 0:0:0:0:0:0:0:1  - [25/Feb/2020:00:46:19 -0500] "- - " 200 - "-" "-"
- 192.168.0.108  - [25/Feb/2020:00:46:18 -0500] "- - " 200 - "-" "-"
- 0:0:0:0:0:0:0:1  - [25/Feb/2020:00:46:18 -0500] "- - " 200 - "-" "-"
- 0:0:0:0:0:0:0:1 - - [25/Feb/2020:00:46:52 -0500] "GET /api/session/v1.0/georeferencia/find-all-select HTTP/1.1" - 2 "-" "GuzzleHttp/6.4.1 curl/7.61.1 PHP/7.2.11"
- 192.168.0.108 - - [25/Feb/2020:00:46:52 -0500] "GET /api/v1/georeferencia/find-all-select HTTP/1.1" - - "-" "Synapse-PT-HttpComponents-NIO"
- 192.168.0.108  - [25/Feb/2020:00:46:52 -0500] "- - " 200 - "-" "-"
- 0:0:0:0:0:0:0:1  - [25/Feb/2020:00:46:52 -0500] "- - " 200 - "-" "-"
- 0:0:0:0:0:0:0:1 - - [25/Feb/2020:00:47:37 -0500] "GET /api/session/v1.0/georeferencia/find-all-select HTTP/1.1" - 2 "-" "GuzzleHttp/6.4.1 curl/7.61.1 PHP/7.2.11"
- 192.168.0.108 - - [25/Feb/2020:00:47:38 -0500] "GET /api/v1/georeferencia/find-all-select HTTP/1.1" - - "-" "Synapse-PT-HttpComponents-NIO"
- 0:0:0:0:0:0:0:1 - - [25/Feb/2020:00:47:39 -0500] "POST /api/session/v1.0/accounts/login HTTP/1.1" - 58 "-" "GuzzleHttp/6.4.1 curl/7.61.1 PHP/7.2.11"
- 192.168.0.108 - - [25/Feb/2020:00:47:39 -0500] "POST /api/v1/accounts/login HTTP/1.1" - - "-" "Synapse-PT-HttpComponents-NIO"
- 0:0:0:0:0:0:0:1 - - [25/Feb/2020:00:47:40 -0500] "POST /token HTTP/1.1" - 29 "-" "python-requests/2.20.1"
- 127.0.0.1 - - [25/Feb/2020:00:47:40 -0500] "POST /oauth2/token HTTP/1.1" - - "-" "Synapse-PT-HttpComponents-NIO"
- 192.168.0.108  - [25/Feb/2020:00:47:38 -0500] "- - " 200 - "-" "-"
- 0:0:0:0:0:0:0:1  - [25/Feb/2020:00:47:37 -0500] "- - " 200 - "-" "-"
- 127.0.0.1  - [25/Feb/2020:00:47:40 -0500] "- - " 200 - "-" "-"
- 0:0:0:0:0:0:0:1  - [25/Feb/2020:00:47:40 -0500] "- - " 200 - "-" "-"
- 192.168.0.108  - [25/Feb/2020:00:47:39 -0500] "- - " 200 - "-" "-"
- 0:0:0:0:0:0:0:1  - [25/Feb/2020:00:47:39 -0500] "- - " 200 - "-" "-"
- 0:0:0:0:0:0:0:1 - - [25/Feb/2020:00:47:59 -0500] "GET /api/session/v1.0/georeferencia/find-all-select HTTP/1.1" - 2 "-" "GuzzleHttp/6.4.1 curl/7.61.1 PHP/7.2.11"
- 192.168.0.108 - - [25/Feb/2020:00:47:59 -0500] "GET /api/v1/georeferencia/find-all-select HTTP/1.1" - - "-" "Synapse-PT-HttpComponents-NIO"
- 0:0:0:0:0:0:0:1 - - [25/Feb/2020:00:48:04 -0500] "GET /api/session/v1.0/georeferencia/find-all-select HTTP/1.1" - 2 "-" "GuzzleHttp/6.4.1 curl/7.61.1 PHP/7.2.11"
- 192.168.0.108 - - [25/Feb/2020:00:48:04 -0500] "GET /api/v1/georeferencia/find-all-select HTTP/1.1" - - "-" "Synapse-PT-HttpComponents-NIO"
- 0:0:0:0:0:0:0:1 - - [25/Feb/2020:00:48:13 -0500] "POST /api/session/v1.0/accounts/login HTTP/1.1" - 58 "-" "GuzzleHttp/6.4.1 curl/7.61.1 PHP/7.2.11"
- 192.168.0.108 - - [25/Feb/2020:00:48:13 -0500] "POST /api/v1/accounts/login HTTP/1.1" - - "-" "Synapse-PT-HttpComponents-NIO"
- 0:0:0:0:0:0:0:1 - - [25/Feb/2020:00:48:13 -0500] "POST /token HTTP/1.1" - 29 "-" "python-requests/2.20.1"
- 127.0.0.1 - - [25/Feb/2020:00:48:13 -0500] "POST /oauth2/token HTTP/1.1" - - "-" "Synapse-PT-HttpComponents-NIO"
- 192.168.0.108  - [25/Feb/2020:00:47:59 -0500] "- - " 200 - "-" "-"
- 0:0:0:0:0:0:0:1  - [25/Feb/2020:00:47:59 -0500] "- - " 200 - "-" "-"
- 192.168.0.108  - [25/Feb/2020:00:48:04 -0500] "- - " 200 - "-" "-"
- 0:0:0:0:0:0:0:1  - [25/Feb/2020:00:48:04 -0500] "- - " 200 - "-" "-"
- 127.0.0.1  - [25/Feb/2020:00:48:13 -0500] "- - " 200 - "-" "-"
- 0:0:0:0:0:0:0:1  - [25/Feb/2020:00:48:13 -0500] "- - " 200 - "-" "-"
- 192.168.0.108  - [25/Feb/2020:00:48:13 -0500] "- - " 200 - "-" "-"
- 0:0:0:0:0:0:0:1  - [25/Feb/2020:00:48:13 -0500] "- - " 200 - "-" "-"
- 0:0:0:0:0:0:0:1 - - [25/Feb/2020:00:48:35 -0500] "GET /api/mapa-digital/v1.0/sectors HTTP/1.1" - 2 "-" "GuzzleHttp/6.4.1 curl/7.61.1 PHP/7.2.11"
- 127.0.0.1 - - [25/Feb/2020:00:48:35 -0500] "GET /api/v1/mapa-digital/sectors HTTP/1.1" - - "-" "Synapse-PT-HttpComponents-NIO"
- 0:0:0:0:0:0:0:1 - - [25/Feb/2020:00:48:42 -0500] "GET /api/mapa-digital/v1.0/sectors HTTP/1.1" - 2 "-" "GuzzleHttp/6.4.1 curl/7.61.1 PHP/7.2.11"
- 127.0.0.1 - - [25/Feb/2020:00:48:42 -0500] "GET /api/v1/mapa-digital/sectors HTTP/1.1" - - "-" "Synapse-PT-HttpComponents-NIO"
- 127.0.0.1  - [25/Feb/2020:00:48:35 -0500] "- - " 200 - "-" "-"
- 0:0:0:0:0:0:0:1  - [25/Feb/2020:00:48:35 -0500] "- - " 200 - "-" "-"
- 127.0.0.1  - [25/Feb/2020:00:48:42 -0500] "- - " 200 - "-" "-"
- 0:0:0:0:0:0:0:1  - [25/Feb/2020:00:48:42 -0500] "- - " 200 - "-" "-"
- 0:0:0:0:0:0:0:1 - - [25/Feb/2020:00:49:28 -0500] "GET /api/mapa-digital/v1.0/sectors HTTP/1.1" - 2 "-" "GuzzleHttp/6.4.1 curl/7.61.1 PHP/7.2.11"
- 127.0.0.1 - - [25/Feb/2020:00:49:28 -0500] "GET /api/v1/mapa-digital/sectors HTTP/1.1" - - "-" "Synapse-PT-HttpComponents-NIO"
- 0:0:0:0:0:0:0:1 - - [25/Feb/2020:00:49:30 -0500] "GET /api/mapa-digital/v1.0/sectors HTTP/1.1" - 2 "-" "GuzzleHttp/6.4.1 curl/7.61.1 PHP/7.2.11"
- 127.0.0.1 - - [25/Feb/2020:00:49:31 -0500] "GET /api/v1/mapa-digital/sectors HTTP/1.1" - - "-" "Synapse-PT-HttpComponents-NIO"
- 127.0.0.1  - [25/Feb/2020:00:49:28 -0500] "- - " 200 - "-" "-"
- 0:0:0:0:0:0:0:1  - [25/Feb/2020:00:49:28 -0500] "- - " 200 - "-" "-"
- 127.0.0.1  - [25/Feb/2020:00:49:31 -0500] "- - " 200 - "-" "-"
- 0:0:0:0:0:0:0:1  - [25/Feb/2020:00:49:30 -0500] "- - " 200 - "-" "-"
- 0:0:0:0:0:0:0:1 - - [25/Feb/2020:00:54:10 -0500] "POST /oauth2/introspect HTTP/1.1" - - "-" "PostmanRuntime/7.22.0"
- 0:0:0:0:0:0:0:1  - [25/Feb/2020:00:54:10 -0500] "- - " 404 - "-" "-"
- 0:0:0:0:0:0:0:1 - - [25/Feb/2020:00:57:12 -0500] "POST /introspect HTTP/1.1" - - "-" "PostmanRuntime/7.22.0"
- 0:0:0:0:0:0:0:1 - - [25/Feb/2020:00:57:16 -0500] "POST /introspect HTTP/1.1" - - "-" "PostmanRuntime/7.22.0"
- 0:0:0:0:0:0:0:1  - [25/Feb/2020:00:57:12 -0500] "- - " 404 - "-" "-"
- 0:0:0:0:0:0:0:1  - [25/Feb/2020:00:57:16 -0500] "- - " 404 - "-" "-"
- 0:0:0:0:0:0:0:1 - - [25/Feb/2020:00:57:55 -0500] "POST /introspect HTTP/1.1" - - "-" "PostmanRuntime/7.22.0"
- 0:0:0:0:0:0:0:1 - - [25/Feb/2020:00:58:19 -0500] "POST /introspect HTTP/1.1" - 29 "-" "PostmanRuntime/7.22.0"
- 0:0:0:0:0:0:0:1  - [25/Feb/2020:00:57:55 -0500] "- - " 404 - "-" "-"
- 0:0:0:0:0:0:0:1  - [25/Feb/2020:00:58:19 -0500] "- - " 404 - "-" "-"
- 0:0:0:0:0:0:0:1 - - [25/Feb/2020:00:58:47 -0500] "POST /introspect HTTP/1.1" - 29 "-" "PostmanRuntime/7.22.0"
- 0:0:0:0:0:0:0:1  - [25/Feb/2020:00:58:47 -0500] "- - " 404 - "-" "-"
- 0:0:0:0:0:0:0:1 - - [25/Feb/2020:00:59:06 -0500] "POST /oauth2/introspect HTTP/1.1" - 29 "-" "PostmanRuntime/7.22.0"
- 0:0:0:0:0:0:0:1  - [25/Feb/2020:00:59:06 -0500] "- - " 404 - "-" "-"
- 0:0:0:0:0:0:0:1 - - [25/Feb/2020:01:00:34 -0500] "POST /oauth2/token HTTP/1.1" - 29 "-" "PostmanRuntime/7.22.0"
- 0:0:0:0:0:0:0:1  - [25/Feb/2020:01:00:31 -0500] "- - " 400 - "-" "-"
- 0:0:0:0:0:0:0:1  - [25/Feb/2020:01:00:34 -0500] "- - " 404 - "-" "-"
- 0:0:0:0:0:0:0:1 - - [25/Feb/2020:01:05:38 -0500] "POST /oauth2/token HTTP/1.1" - 29 "-" "PostmanRuntime/7.22.0"
- 0:0:0:0:0:0:0:1  - [25/Feb/2020:01:05:38 -0500] "- - " 404 - "-" "-"
- 0:0:0:0:0:0:0:1 - - [25/Feb/2020:01:08:09 -0500] "POST /token HTTP/1.1" - 56 "-" "PostmanRuntime/7.22.0"
- 127.0.0.1 - - [25/Feb/2020:01:08:09 -0500] "POST /oauth2/token HTTP/1.1" - - "-" "Synapse-PT-HttpComponents-NIO"
- 127.0.0.1  - [25/Feb/2020:01:08:09 -0500] "- - " 400 - "-" "-"
- 0:0:0:0:0:0:0:1  - [25/Feb/2020:01:08:09 -0500] "- - " 400 - "-" "-"
- 0:0:0:0:0:0:0:1 - - [25/Feb/2020:01:08:27 -0500] "POST /token HTTP/1.1" - 43 "-" "PostmanRuntime/7.22.0"
- 127.0.0.1 - - [25/Feb/2020:01:08:27 -0500] "POST /oauth2/token HTTP/1.1" - - "-" "Synapse-PT-HttpComponents-NIO"
- 0:0:0:0:0:0:0:1 - - [25/Feb/2020:01:08:33 -0500] "POST /token HTTP/1.1" - 24 "-" "PostmanRuntime/7.22.0"
- 127.0.0.1 - - [25/Feb/2020:01:08:33 -0500] "POST /oauth2/token HTTP/1.1" - - "-" "Synapse-PT-HttpComponents-NIO"
- 0:0:0:0:0:0:0:1 - - [25/Feb/2020:01:08:35 -0500] "POST /token HTTP/1.1" - 24 "-" "PostmanRuntime/7.22.0"
- 127.0.0.1 - - [25/Feb/2020:01:08:35 -0500] "POST /oauth2/token HTTP/1.1" - - "-" "Synapse-PT-HttpComponents-NIO"
- 127.0.0.1  - [25/Feb/2020:01:08:27 -0500] "- - " 400 - "-" "-"
- 0:0:0:0:0:0:0:1  - [25/Feb/2020:01:08:27 -0500] "- - " 400 - "-" "-"
- 127.0.0.1  - [25/Feb/2020:01:08:33 -0500] "- - " 400 - "-" "-"
- 0:0:0:0:0:0:0:1  - [25/Feb/2020:01:08:33 -0500] "- - " 400 - "-" "-"
- 127.0.0.1  - [25/Feb/2020:01:08:35 -0500] "- - " 400 - "-" "-"
- 0:0:0:0:0:0:0:1  - [25/Feb/2020:01:08:35 -0500] "- - " 400 - "-" "-"
- 0:0:0:0:0:0:0:1 - - [25/Feb/2020:01:19:28 -0500] "POST /api/validate-token/v1.0/accounts/validate-tokens HTTP/1.1" - - "-" "PostmanRuntime/7.22.0"
- 0:0:0:0:0:0:0:1  - [25/Feb/2020:01:19:28 -0500] "- - " 404 - "-" "-"
- 0:0:0:0:0:0:0:1 - - [25/Feb/2020:01:19:53 -0500] "POST /api/validate-token/v1.0/accounts/validate-token HTTP/1.1" - - "-" "PostmanRuntime/7.22.0"
- 127.0.0.1 - - [25/Feb/2020:01:19:54 -0500] "POST /api/v1/accounts/validate-token HTTP/1.1" - - "-" "Synapse-PT-HttpComponents-NIO"
- 0:0:0:0:0:0:0:1 - - [25/Feb/2020:01:19:57 -0500] "POST /api/validate-token/v1.0/accounts/validate-token HTTP/1.1" - - "-" "PostmanRuntime/7.22.0"
- 127.0.0.1 - - [25/Feb/2020:01:19:57 -0500] "POST /api/v1/accounts/validate-token HTTP/1.1" - - "-" "Synapse-PT-HttpComponents-NIO"
- 0:0:0:0:0:0:0:1 - - [25/Feb/2020:01:19:58 -0500] "POST /api/validate-token/v1.0/accounts/validate-token HTTP/1.1" - - "-" "PostmanRuntime/7.22.0"
- 127.0.0.1 - - [25/Feb/2020:01:19:58 -0500] "POST /api/v1/accounts/validate-token HTTP/1.1" - - "-" "Synapse-PT-HttpComponents-NIO"
- 0:0:0:0:0:0:0:1 - - [25/Feb/2020:01:19:59 -0500] "POST /api/validate-token/v1.0/accounts/validate-token HTTP/1.1" - - "-" "PostmanRuntime/7.22.0"
- 127.0.0.1 - - [25/Feb/2020:01:19:59 -0500] "POST /api/v1/accounts/validate-token HTTP/1.1" - - "-" "Synapse-PT-HttpComponents-NIO"
- 0:0:0:0:0:0:0:1 - - [25/Feb/2020:01:20:00 -0500] "POST /api/validate-token/v1.0/accounts/validate-token HTTP/1.1" - - "-" "PostmanRuntime/7.22.0"
- 127.0.0.1 - - [25/Feb/2020:01:20:00 -0500] "POST /api/v1/accounts/validate-token HTTP/1.1" - - "-" "Synapse-PT-HttpComponents-NIO"
- 0:0:0:0:0:0:0:1 - - [25/Feb/2020:01:20:01 -0500] "POST /api/validate-token/v1.0/accounts/validate-token HTTP/1.1" - - "-" "PostmanRuntime/7.22.0"
- 127.0.0.1 - - [25/Feb/2020:01:20:01 -0500] "POST /api/v1/accounts/validate-token HTTP/1.1" - - "-" "Synapse-PT-HttpComponents-NIO"
- 0:0:0:0:0:0:0:1 - - [25/Feb/2020:01:20:02 -0500] "POST /api/validate-token/v1.0/accounts/validate-token HTTP/1.1" - - "-" "PostmanRuntime/7.22.0"
- 127.0.0.1 - - [25/Feb/2020:01:20:02 -0500] "POST /api/v1/accounts/validate-token HTTP/1.1" - - "-" "Synapse-PT-HttpComponents-NIO"
- 0:0:0:0:0:0:0:1 - - [25/Feb/2020:01:20:02 -0500] "POST /api/validate-token/v1.0/accounts/validate-token HTTP/1.1" - - "-" "PostmanRuntime/7.22.0"
- 127.0.0.1 - - [25/Feb/2020:01:20:03 -0500] "POST /api/v1/accounts/validate-token HTTP/1.1" - - "-" "Synapse-PT-HttpComponents-NIO"
- 0:0:0:0:0:0:0:1 - - [25/Feb/2020:01:20:04 -0500] "POST /api/validate-token/v1.0/accounts/validate-token HTTP/1.1" - - "-" "PostmanRuntime/7.22.0"
- 127.0.0.1 - - [25/Feb/2020:01:20:04 -0500] "POST /api/v1/accounts/validate-token HTTP/1.1" - - "-" "Synapse-PT-HttpComponents-NIO"
- 0:0:0:0:0:0:0:1 - - [25/Feb/2020:01:20:08 -0500] "POST /api/validate-token/v1.0/accounts/validate-token HTTP/1.1" - - "-" "PostmanRuntime/7.22.0"
- 127.0.0.1 - - [25/Feb/2020:01:20:08 -0500] "POST /api/v1/accounts/validate-token HTTP/1.1" - - "-" "Synapse-PT-HttpComponents-NIO"
- 0:0:0:0:0:0:0:1 - - [25/Feb/2020:01:20:08 -0500] "POST /api/validate-token/v1.0/accounts/validate-token HTTP/1.1" - - "-" "PostmanRuntime/7.22.0"
- 127.0.0.1 - - [25/Feb/2020:01:20:09 -0500] "POST /api/v1/accounts/validate-token HTTP/1.1" - - "-" "Synapse-PT-HttpComponents-NIO"
- 127.0.0.1  - [25/Feb/2020:01:19:54 -0500] "- - " 200 - "-" "-"
- 0:0:0:0:0:0:0:1  - [25/Feb/2020:01:19:53 -0500] "- - " 200 - "-" "-"
- 127.0.0.1  - [25/Feb/2020:01:19:57 -0500] "- - " 200 - "-" "-"
- 0:0:0:0:0:0:0:1  - [25/Feb/2020:01:19:57 -0500] "- - " 200 - "-" "-"
- 127.0.0.1  - [25/Feb/2020:01:19:58 -0500] "- - " 200 - "-" "-"
- 0:0:0:0:0:0:0:1  - [25/Feb/2020:01:19:58 -0500] "- - " 200 - "-" "-"
- 127.0.0.1  - [25/Feb/2020:01:19:59 -0500] "- - " 200 - "-" "-"
- 0:0:0:0:0:0:0:1  - [25/Feb/2020:01:19:59 -0500] "- - " 200 - "-" "-"
- 127.0.0.1  - [25/Feb/2020:01:20:00 -0500] "- - " 200 - "-" "-"
- 0:0:0:0:0:0:0:1  - [25/Feb/2020:01:20:00 -0500] "- - " 200 - "-" "-"
- 127.0.0.1  - [25/Feb/2020:01:20:01 -0500] "- - " 200 - "-" "-"
- 0:0:0:0:0:0:0:1  - [25/Feb/2020:01:20:01 -0500] "- - " 200 - "-" "-"
- 127.0.0.1  - [25/Feb/2020:01:20:02 -0500] "- - " 200 - "-" "-"
- 0:0:0:0:0:0:0:1  - [25/Feb/2020:01:20:02 -0500] "- - " 200 - "-" "-"
- 127.0.0.1  - [25/Feb/2020:01:20:03 -0500] "- - " 200 - "-" "-"
- 0:0:0:0:0:0:0:1  - [25/Feb/2020:01:20:02 -0500] "- - " 200 - "-" "-"
- 127.0.0.1  - [25/Feb/2020:01:20:04 -0500] "- - " 200 - "-" "-"
- 0:0:0:0:0:0:0:1  - [25/Feb/2020:01:20:04 -0500] "- - " 200 - "-" "-"
- 127.0.0.1  - [25/Feb/2020:01:20:08 -0500] "- - " 200 - "-" "-"
- 0:0:0:0:0:0:0:1  - [25/Feb/2020:01:20:08 -0500] "- - " 200 - "-" "-"
- 127.0.0.1  - [25/Feb/2020:01:20:09 -0500] "- - " 200 - "-" "-"
- 0:0:0:0:0:0:0:1  - [25/Feb/2020:01:20:08 -0500] "- - " 200 - "-" "-"
- 0:0:0:0:0:0:0:1 - - [25/Feb/2020:01:20:56 -0500] "POST /api/validate-token/v1.0/accounts/validate-token HTTP/1.1" - - "-" "PostmanRuntime/7.22.0"
- 0:0:0:0:0:0:0:1  - [25/Feb/2020:01:20:56 -0500] "- - " 401 - "-" "-"
- 0:0:0:0:0:0:0:1 - - [25/Feb/2020:01:21:29 -0500] "POST /api/validate-token/v1.0/accounts/validate-token HTTP/1.1" - - "-" "PostmanRuntime/7.22.0"
- 0:0:0:0:0:0:0:1 - - [25/Feb/2020:01:21:32 -0500] "POST /api/validate-token/v1.0/accounts/validate-token HTTP/1.1" - - "-" "PostmanRuntime/7.22.0"
- 0:0:0:0:0:0:0:1 - - [25/Feb/2020:01:21:37 -0500] "POST /api/validate-token/v1.0/accounts/validate-token HTTP/1.1" - - "-" "PostmanRuntime/7.22.0"
- 0:0:0:0:0:0:0:1  - [25/Feb/2020:01:21:29 -0500] "- - " 403 - "-" "-"
- 0:0:0:0:0:0:0:1  - [25/Feb/2020:01:21:32 -0500] "- - " 403 - "-" "-"
- 0:0:0:0:0:0:0:1  - [25/Feb/2020:01:21:37 -0500] "- - " 403 - "-" "-"
- 0:0:0:0:0:0:0:1 - - [25/Feb/2020:01:22:07 -0500] "POST /api/validate-token/v1.0/accounts/validate-token HTTP/1.1" - - "-" "PostmanRuntime/7.22.0"
- 0:0:0:0:0:0:0:1  - [25/Feb/2020:01:22:07 -0500] "- - " 403 - "-" "-"
- 0:0:0:0:0:0:0:1 - - [25/Feb/2020:01:22:34 -0500] "POST /api/validate-token/v1.0/accounts/validate-token HTTP/1.1" - - "-" "PostmanRuntime/7.22.0"
- 0:0:0:0:0:0:0:1 - - [25/Feb/2020:01:22:40 -0500] "POST /token HTTP/1.1" - 24 "-" "PostmanRuntime/7.22.0"
- 127.0.0.1 - - [25/Feb/2020:01:22:40 -0500] "POST /oauth2/token HTTP/1.1" - - "-" "Synapse-PT-HttpComponents-NIO"
- 0:0:0:0:0:0:0:1 - - [25/Feb/2020:01:22:48 -0500] "POST /token HTTP/1.1" - 29 "-" "PostmanRuntime/7.22.0"
- 127.0.0.1 - - [25/Feb/2020:01:22:48 -0500] "POST /oauth2/token HTTP/1.1" - - "-" "Synapse-PT-HttpComponents-NIO"
- 0:0:0:0:0:0:0:1  - [25/Feb/2020:01:22:34 -0500] "- - " 403 - "-" "-"
- 127.0.0.1  - [25/Feb/2020:01:22:40 -0500] "- - " 400 - "-" "-"
- 0:0:0:0:0:0:0:1  - [25/Feb/2020:01:22:40 -0500] "- - " 400 - "-" "-"
- 127.0.0.1  - [25/Feb/2020:01:22:48 -0500] "- - " 200 - "-" "-"
- 0:0:0:0:0:0:0:1  - [25/Feb/2020:01:22:48 -0500] "- - " 200 - "-" "-"
- 0:0:0:0:0:0:0:1 - - [25/Feb/2020:01:23:11 -0500] "POST /api/validate-token/v1.0/accounts/validate-token HTTP/1.1" - - "-" "PostmanRuntime/7.22.0"
- 127.0.0.1 - - [25/Feb/2020:01:23:11 -0500] "POST /api/v1/accounts/validate-token HTTP/1.1" - - "-" "Synapse-PT-HttpComponents-NIO"
- 0:0:0:0:0:0:0:1 - - [25/Feb/2020:01:23:14 -0500] "POST /api/validate-token/v1.0/accounts/validate-token HTTP/1.1" - - "-" "PostmanRuntime/7.22.0"
- 127.0.0.1 - - [25/Feb/2020:01:23:14 -0500] "POST /api/v1/accounts/validate-token HTTP/1.1" - - "-" "Synapse-PT-HttpComponents-NIO"
- 0:0:0:0:0:0:0:1 - - [25/Feb/2020:01:23:15 -0500] "POST /api/validate-token/v1.0/accounts/validate-token HTTP/1.1" - - "-" "PostmanRuntime/7.22.0"
- 127.0.0.1 - - [25/Feb/2020:01:23:15 -0500] "POST /api/v1/accounts/validate-token HTTP/1.1" - - "-" "Synapse-PT-HttpComponents-NIO"
- 0:0:0:0:0:0:0:1 - - [25/Feb/2020:01:23:17 -0500] "POST /api/validate-token/v1.0/accounts/validate-token HTTP/1.1" - - "-" "PostmanRuntime/7.22.0"
- 127.0.0.1 - - [25/Feb/2020:01:23:17 -0500] "POST /api/v1/accounts/validate-token HTTP/1.1" - - "-" "Synapse-PT-HttpComponents-NIO"
- 127.0.0.1  - [25/Feb/2020:01:23:11 -0500] "- - " 200 - "-" "-"
- 0:0:0:0:0:0:0:1  - [25/Feb/2020:01:23:11 -0500] "- - " 200 - "-" "-"
- 127.0.0.1  - [25/Feb/2020:01:23:14 -0500] "- - " 200 - "-" "-"
- 0:0:0:0:0:0:0:1  - [25/Feb/2020:01:23:14 -0500] "- - " 200 - "-" "-"
- 127.0.0.1  - [25/Feb/2020:01:23:15 -0500] "- - " 200 - "-" "-"
- 0:0:0:0:0:0:0:1  - [25/Feb/2020:01:23:15 -0500] "- - " 200 - "-" "-"
- 127.0.0.1  - [25/Feb/2020:01:23:17 -0500] "- - " 200 - "-" "-"
- 0:0:0:0:0:0:0:1  - [25/Feb/2020:01:23:17 -0500] "- - " 200 - "-" "-"
- 0:0:0:0:0:0:0:1 - - [25/Feb/2020:01:27:40 -0500] "POST /api/validate-token/v1.0/accounts/validate-token HTTP/1.1" - 2 "-" "GuzzleHttp/6.4.1 curl/7.61.1 PHP/7.2.11"
- 0:0:0:0:0:0:0:1 - - [25/Feb/2020:01:27:43 -0500] "POST /api/validate-token/v1.0/accounts/validate-token HTTP/1.1" - 2 "-" "GuzzleHttp/6.4.1 curl/7.61.1 PHP/7.2.11"
- 0:0:0:0:0:0:0:1 - - [25/Feb/2020:01:27:43 -0500] "GET /api/georeferencia/v1.0/emprendimientos HTTP/1.1" - 2 "-" "GuzzleHttp/6.4.1 curl/7.61.1 PHP/7.2.11"
- 192.168.0.108 - - [25/Feb/2020:01:27:43 -0500] "GET /api/v1/emprendimientos HTTP/1.1" - - "-" "Synapse-PT-HttpComponents-NIO"
- 0:0:0:0:0:0:0:1  - [25/Feb/2020:01:27:40 -0500] "- - " 403 - "-" "-"
- 0:0:0:0:0:0:0:1  - [25/Feb/2020:01:27:43 -0500] "- - " 403 - "-" "-"
- 192.168.0.108  - [25/Feb/2020:01:27:43 -0500] "- - " 200 - "-" "-"
- 0:0:0:0:0:0:0:1  - [25/Feb/2020:01:27:43 -0500] "- - " 200 - "-" "-"
- 0:0:0:0:0:0:0:1 - - [25/Feb/2020:01:27:56 -0500] "POST /api/validate-token/v1.0/accounts/validate-token HTTP/1.1" - 2 "-" "GuzzleHttp/6.4.1 curl/7.61.1 PHP/7.2.11"
- 0:0:0:0:0:0:0:1 - - [25/Feb/2020:01:28:00 -0500] "POST /api/validate-token/v1.0/accounts/validate-token HTTP/1.1" - 2 "-" "GuzzleHttp/6.4.1 curl/7.61.1 PHP/7.2.11"
- 0:0:0:0:0:0:0:1 - - [25/Feb/2020:01:28:00 -0500] "GET /api/georeferencia/v1.0/emprendimientos HTTP/1.1" - 2 "-" "GuzzleHttp/6.4.1 curl/7.61.1 PHP/7.2.11"
- 192.168.0.108 - - [25/Feb/2020:01:28:00 -0500] "GET /api/v1/emprendimientos HTTP/1.1" - - "-" "Synapse-PT-HttpComponents-NIO"
- 0:0:0:0:0:0:0:1  - [25/Feb/2020:01:27:56 -0500] "- - " 403 - "-" "-"
- 0:0:0:0:0:0:0:1  - [25/Feb/2020:01:28:00 -0500] "- - " 403 - "-" "-"
- 192.168.0.108  - [25/Feb/2020:01:28:00 -0500] "- - " 200 - "-" "-"
- 0:0:0:0:0:0:0:1  - [25/Feb/2020:01:28:00 -0500] "- - " 200 - "-" "-"
- 0:0:0:0:0:0:0:1 - - [25/Feb/2020:01:28:39 -0500] "POST /api/validate-token/v1.0/accounts/validate-token HTTP/1.1" - 2 "-" "GuzzleHttp/6.4.1 curl/7.61.1 PHP/7.2.11"
- 0:0:0:0:0:0:0:1 - - [25/Feb/2020:01:28:42 -0500] "POST /api/validate-token/v1.0/accounts/validate-token HTTP/1.1" - 2 "-" "GuzzleHttp/6.4.1 curl/7.61.1 PHP/7.2.11"
- 0:0:0:0:0:0:0:1 - - [25/Feb/2020:01:28:42 -0500] "GET /api/georeferencia/v1.0/emprendimientos HTTP/1.1" - 2 "-" "GuzzleHttp/6.4.1 curl/7.61.1 PHP/7.2.11"
- 192.168.0.108 - - [25/Feb/2020:01:28:42 -0500] "GET /api/v1/emprendimientos HTTP/1.1" - - "-" "Synapse-PT-HttpComponents-NIO"
- 0:0:0:0:0:0:0:1 - - [25/Feb/2020:01:28:43 -0500] "POST /api/validate-token/v1.0/accounts/validate-token HTTP/1.1" - 2 "-" "GuzzleHttp/6.4.1 curl/7.61.1 PHP/7.2.11"
- 0:0:0:0:0:0:0:1 - - [25/Feb/2020:01:28:47 -0500] "POST /api/validate-token/v1.0/accounts/validate-token HTTP/1.1" - 2 "-" "GuzzleHttp/6.4.1 curl/7.61.1 PHP/7.2.11"
- 0:0:0:0:0:0:0:1 - - [25/Feb/2020:01:28:47 -0500] "GET /api/georeferencia/v1.0/emprendimientos HTTP/1.1" - 2 "-" "GuzzleHttp/6.4.1 curl/7.61.1 PHP/7.2.11"
- 192.168.0.108 - - [25/Feb/2020:01:28:47 -0500] "GET /api/v1/emprendimientos HTTP/1.1" - - "-" "Synapse-PT-HttpComponents-NIO"
- 0:0:0:0:0:0:0:1 - - [25/Feb/2020:01:28:48 -0500] "GET /api/mapa-digital/v1.0/sectors HTTP/1.1" - 2 "-" "GuzzleHttp/6.4.1 curl/7.61.1 PHP/7.2.11"
- 127.0.0.1 - - [25/Feb/2020:01:28:48 -0500] "GET /api/v1/mapa-digital/sectors HTTP/1.1" - - "-" "Synapse-PT-HttpComponents-NIO"
- 0:0:0:0:0:0:0:1 - - [25/Feb/2020:01:28:52 -0500] "GET /api/mapa-digital/v1.0/sectors HTTP/1.1" - 2 "-" "GuzzleHttp/6.4.1 curl/7.61.1 PHP/7.2.11"
- 127.0.0.1 - - [25/Feb/2020:01:28:52 -0500] "GET /api/v1/mapa-digital/sectors HTTP/1.1" - - "-" "Synapse-PT-HttpComponents-NIO"
- 0:0:0:0:0:0:0:1  - [25/Feb/2020:01:28:39 -0500] "- - " 403 - "-" "-"
- 0:0:0:0:0:0:0:1  - [25/Feb/2020:01:28:42 -0500] "- - " 403 - "-" "-"
- 192.168.0.108  - [25/Feb/2020:01:28:42 -0500] "- - " 200 - "-" "-"
- 0:0:0:0:0:0:0:1  - [25/Feb/2020:01:28:42 -0500] "- - " 200 - "-" "-"
- 0:0:0:0:0:0:0:1  - [25/Feb/2020:01:28:43 -0500] "- - " 403 - "-" "-"
- 0:0:0:0:0:0:0:1  - [25/Feb/2020:01:28:47 -0500] "- - " 403 - "-" "-"
- 192.168.0.108  - [25/Feb/2020:01:28:47 -0500] "- - " 200 - "-" "-"
- 0:0:0:0:0:0:0:1  - [25/Feb/2020:01:28:47 -0500] "- - " 200 - "-" "-"
- 127.0.0.1  - [25/Feb/2020:01:28:48 -0500] "- - " 200 - "-" "-"
- 0:0:0:0:0:0:0:1  - [25/Feb/2020:01:28:48 -0500] "- - " 200 - "-" "-"
- 127.0.0.1  - [25/Feb/2020:01:28:52 -0500] "- - " 200 - "-" "-"
- 0:0:0:0:0:0:0:1  - [25/Feb/2020:01:28:52 -0500] "- - " 200 - "-" "-"
- 0:0:0:0:0:0:0:1 - - [25/Feb/2020:01:29:43 -0500] "POST /api/validate-token/v1.0/accounts/validate-token HTTP/1.1" - 2 "-" "GuzzleHttp/6.4.1 curl/7.61.1 PHP/7.2.11"
- 0:0:0:0:0:0:0:1 - - [25/Feb/2020:01:29:45 -0500] "POST /api/validate-token/v1.0/accounts/validate-token HTTP/1.1" - 2 "-" "GuzzleHttp/6.4.1 curl/7.61.1 PHP/7.2.11"
- 0:0:0:0:0:0:0:1 - - [25/Feb/2020:01:29:45 -0500] "GET /api/georeferencia/v1.0/emprendimientos HTTP/1.1" - 2 "-" "GuzzleHttp/6.4.1 curl/7.61.1 PHP/7.2.11"
- 192.168.0.108 - - [25/Feb/2020:01:29:45 -0500] "GET /api/v1/emprendimientos HTTP/1.1" - - "-" "Synapse-PT-HttpComponents-NIO"
- 0:0:0:0:0:0:0:1  - [25/Feb/2020:01:29:43 -0500] "- - " 403 - "-" "-"
