0:0:0:0:0:0:0:1 - - [23/Feb/2020:02:06:33 -0500] GET /api/am/store/v1.0/settings/application-attributes HTTP/1.1 200 32 https://localhost:9443/devportal/applications/create Mozilla/5.0 (Windows NT 10.0; Win64; x64) AppleWebKit/537.36 (KHTML, like Gecko) Chrome/80.0.3987.116 Safari/537.36 0.083
0:0:0:0:0:0:0:1 - - [23/Feb/2020:02:07:03 -0500] POST /api/am/store/v1.0/applications HTTP/1.1 201 323 https://localhost:9443/devportal/applications/create Mozilla/5.0 (Windows NT 10.0; Win64; x64) AppleWebKit/537.36 (KHTML, like Gecko) Chrome/80.0.3987.116 Safari/537.36 0.448
0:0:0:0:0:0:0:1 - - [23/Feb/2020:02:07:03 -0500] GET /devportal/site/public/images/_favicon.ico HTTP/1.1 200 1150 https://localhost:9443/devportal/applications/239d7d37-b066-43a3-885d-0612e5e6817d Mozilla/5.0 (Windows NT 10.0; Win64; x64) AppleWebKit/537.36 (KHTML, like Gecko) Chrome/80.0.3987.116 Safari/537.36 0.005
0:0:0:0:0:0:0:1 - - [23/Feb/2020:02:07:03 -0500] GET /api/am/store/v1.0/applications/239d7d37-b066-43a3-885d-0612e5e6817d HTTP/1.1 200 324 https://localhost:9443/devportal/applications/239d7d37-b066-43a3-885d-0612e5e6817d Mozilla/5.0 (Windows NT 10.0; Win64; x64) AppleWebKit/537.36 (KHTML, like Gecko) Chrome/80.0.3987.116 Safari/537.36 0.041
0:0:0:0:0:0:0:1 - - [23/Feb/2020:02:07:03 -0500] GET /api/am/store/v1.0/swagger.yaml HTTP/1.1 200 219176 https://localhost:9443/devportal/applications/239d7d37-b066-43a3-885d-0612e5e6817d/productionkeys Mozilla/5.0 (Windows NT 10.0; Win64; x64) AppleWebKit/537.36 (KHTML, like Gecko) Chrome/80.0.3987.116 Safari/537.36 0.020
0:0:0:0:0:0:0:1 - - [23/Feb/2020:02:07:03 -0500] GET /api/am/store/v1.0/applications/239d7d37-b066-43a3-885d-0612e5e6817d HTTP/1.1 200 324 https://localhost:9443/devportal/applications/239d7d37-b066-43a3-885d-0612e5e6817d/productionkeys Mozilla/5.0 (Windows NT 10.0; Win64; x64) AppleWebKit/537.36 (KHTML, like Gecko) Chrome/80.0.3987.116 Safari/537.36 0.009
0:0:0:0:0:0:0:1 - - [23/Feb/2020:02:07:03 -0500] GET /devportal/site/public/images/_favicon.ico HTTP/1.1 200 1150 https://localhost:9443/devportal/applications/239d7d37-b066-43a3-885d-0612e5e6817d/productionkeys Mozilla/5.0 (Windows NT 10.0; Win64; x64) AppleWebKit/537.36 (KHTML, like Gecko) Chrome/80.0.3987.116 Safari/537.36 0.001
0:0:0:0:0:0:0:1 - - [23/Feb/2020:02:07:03 -0500] GET /api/am/store/v1.0/settings HTTP/1.1 200 539 https://localhost:9443/devportal/applications/239d7d37-b066-43a3-885d-0612e5e6817d/productionkeys Mozilla/5.0 (Windows NT 10.0; Win64; x64) AppleWebKit/537.36 (KHTML, like Gecko) Chrome/80.0.3987.116 Safari/537.36 0.173
0:0:0:0:0:0:0:1 - - [23/Feb/2020:02:07:04 -0500] GET /api/am/store/v1.0/applications/239d7d37-b066-43a3-885d-0612e5e6817d HTTP/1.1 200 324 https://localhost:9443/devportal/applications/239d7d37-b066-43a3-885d-0612e5e6817d/productionkeys Mozilla/5.0 (Windows NT 10.0; Win64; x64) AppleWebKit/537.36 (KHTML, like Gecko) Chrome/80.0.3987.116 Safari/537.36 0.012
0:0:0:0:0:0:0:1 - - [23/Feb/2020:02:07:04 -0500] GET /api/am/store/v1.0/throttling-policies/application/Unlimited HTTP/1.1 200 403 https://localhost:9443/devportal/applications/239d7d37-b066-43a3-885d-0612e5e6817d/productionkeys Mozilla/5.0 (Windows NT 10.0; Win64; x64) AppleWebKit/537.36 (KHTML, like Gecko) Chrome/80.0.3987.116 Safari/537.36 0.007
0:0:0:0:0:0:0:1 - - [23/Feb/2020:02:07:04 -0500] GET /api/am/store/v1.0/applications/239d7d37-b066-43a3-885d-0612e5e6817d/keys HTTP/1.1 200 32 https://localhost:9443/devportal/applications/239d7d37-b066-43a3-885d-0612e5e6817d/productionkeys Mozilla/5.0 (Windows NT 10.0; Win64; x64) AppleWebKit/537.36 (KHTML, like Gecko) Chrome/80.0.3987.116 Safari/537.36 0.008
0:0:0:0:0:0:0:1 - - [23/Feb/2020:02:07:04 -0500] GET /api/am/store/v1.0/swagger.yaml HTTP/1.1 200 219176 https://localhost:9443/devportal/applications/239d7d37-b066-43a3-885d-0612e5e6817d/productionkeys Mozilla/5.0 (Windows NT 10.0; Win64; x64) AppleWebKit/537.36 (KHTML, like Gecko) Chrome/80.0.3987.116 Safari/537.36 0.019
0:0:0:0:0:0:0:1 - - [23/Feb/2020:02:07:04 -0500] GET /api/am/store/v1.0/applications/239d7d37-b066-43a3-885d-0612e5e6817d HTTP/1.1 200 324 https://localhost:9443/devportal/applications/239d7d37-b066-43a3-885d-0612e5e6817d/productionkeys Mozilla/5.0 (Windows NT 10.0; Win64; x64) AppleWebKit/537.36 (KHTML, like Gecko) Chrome/80.0.3987.116 Safari/537.36 0.012
0:0:0:0:0:0:0:1 - - [23/Feb/2020:02:07:04 -0500] GET /api/am/store/v1.0/applications/239d7d37-b066-43a3-885d-0612e5e6817d/keys HTTP/1.1 200 32 https://localhost:9443/devportal/applications/239d7d37-b066-43a3-885d-0612e5e6817d/productionkeys Mozilla/5.0 (Windows NT 10.0; Win64; x64) AppleWebKit/537.36 (KHTML, like Gecko) Chrome/80.0.3987.116 Safari/537.36 0.007
0:0:0:0:0:0:0:1 - - [23/Feb/2020:02:07:14 -0500] GET /api/am/store/v1.0/swagger.yaml HTTP/1.1 200 219176 https://localhost:9443/devportal/applications/239d7d37-b066-43a3-885d-0612e5e6817d/productionkeys Mozilla/5.0 (Windows NT 10.0; Win64; x64) AppleWebKit/537.36 (KHTML, like Gecko) Chrome/80.0.3987.116 Safari/537.36 0.020
0:0:0:0:0:0:0:1 - - [23/Feb/2020:02:07:14 -0500] GET /api/am/store/v1.0/settings HTTP/1.1 200 539 https://localhost:9443/devportal/applications/239d7d37-b066-43a3-885d-0612e5e6817d/productionkeys Mozilla/5.0 (Windows NT 10.0; Win64; x64) AppleWebKit/537.36 (KHTML, like Gecko) Chrome/80.0.3987.116 Safari/537.36 0.270
0:0:0:0:0:0:0:1 - - [23/Feb/2020:02:07:15 -0500] GET /api/am/store/v1.0/applications/239d7d37-b066-43a3-885d-0612e5e6817d HTTP/1.1 200 324 https://localhost:9443/devportal/applications/239d7d37-b066-43a3-885d-0612e5e6817d/productionkeys Mozilla/5.0 (Windows NT 10.0; Win64; x64) AppleWebKit/537.36 (KHTML, like Gecko) Chrome/80.0.3987.116 Safari/537.36 0.008
0:0:0:0:0:0:0:1 - - [23/Feb/2020:02:07:15 -0500] GET /api/am/store/v1.0/applications/239d7d37-b066-43a3-885d-0612e5e6817d/keys HTTP/1.1 200 32 https://localhost:9443/devportal/applications/239d7d37-b066-43a3-885d-0612e5e6817d/productionkeys Mozilla/5.0 (Windows NT 10.0; Win64; x64) AppleWebKit/537.36 (KHTML, like Gecko) Chrome/80.0.3987.116 Safari/537.36 0.005
0:0:0:0:0:0:0:1 - - [23/Feb/2020:02:07:15 -0500] GET /api/am/store/v1.0/swagger.yaml HTTP/1.1 200 219176 https://localhost:9443/devportal/applications/239d7d37-b066-43a3-885d-0612e5e6817d/productionkeys Mozilla/5.0 (Windows NT 10.0; Win64; x64) AppleWebKit/537.36 (KHTML, like Gecko) Chrome/80.0.3987.116 Safari/537.36 0.018
0:0:0:0:0:0:0:1 - - [23/Feb/2020:02:07:15 -0500] GET /api/am/store/v1.0/applications/239d7d37-b066-43a3-885d-0612e5e6817d HTTP/1.1 200 324 https://localhost:9443/devportal/applications/239d7d37-b066-43a3-885d-0612e5e6817d/productionkeys Mozilla/5.0 (Windows NT 10.0; Win64; x64) AppleWebKit/537.36 (KHTML, like Gecko) Chrome/80.0.3987.116 Safari/537.36 0.013
0:0:0:0:0:0:0:1 - - [23/Feb/2020:02:07:15 -0500] GET /api/am/store/v1.0/applications/239d7d37-b066-43a3-885d-0612e5e6817d/keys HTTP/1.1 200 32 https://localhost:9443/devportal/applications/239d7d37-b066-43a3-885d-0612e5e6817d/productionkeys Mozilla/5.0 (Windows NT 10.0; Win64; x64) AppleWebKit/537.36 (KHTML, like Gecko) Chrome/80.0.3987.116 Safari/537.36 0.009
127.0.0.1 - - [23/Feb/2020:02:07:27 -0500] POST /services/APIKeyMgtSubscriberService HTTP/1.1 200 1398 - Axis2 0.094
127.0.0.1 - - [23/Feb/2020:02:07:28 -0500] POST /oauth2/token HTTP/1.1 200 1140 - Synapse-PT-HttpComponents-NIO 0.422
0:0:0:0:0:0:0:1 - - [23/Feb/2020:02:07:28 -0500] POST /api/am/store/v1.0/applications/239d7d37-b066-43a3-885d-0612e5e6817d/generate-keys HTTP/1.1 200 1500 https://localhost:9443/devportal/applications/239d7d37-b066-43a3-885d-0612e5e6817d/productionkeys Mozilla/5.0 (Windows NT 10.0; Win64; x64) AppleWebKit/537.36 (KHTML, like Gecko) Chrome/80.0.3987.116 Safari/537.36 0.956
0:0:0:0:0:0:0:1 - - [23/Feb/2020:02:08:05 -0500] GET /api/am/store/v1.0/swagger.yaml HTTP/1.1 200 219176 https://localhost:9443/devportal/applications/239d7d37-b066-43a3-885d-0612e5e6817d/productionkeys Mozilla/5.0 (Windows NT 10.0; Win64; x64) AppleWebKit/537.36 (KHTML, like Gecko) Chrome/80.0.3987.116 Safari/537.36 0.020
0:0:0:0:0:0:0:1 - - [23/Feb/2020:02:08:05 -0500] GET /devportal/site/public/images/_favicon.ico HTTP/1.1 200 1150 https://localhost:9443/devportal/applications/239d7d37-b066-43a3-885d-0612e5e6817d/productionkeys Mozilla/5.0 (Windows NT 10.0; Win64; x64) AppleWebKit/537.36 (KHTML, like Gecko) Chrome/80.0.3987.116 Safari/537.36 0.005
0:0:0:0:0:0:0:1 - - [23/Feb/2020:02:08:05 -0500] GET /devportal/site/public/images/_favicon.ico HTTP/1.1 200 1150 https://localhost:9443/devportal/applications/239d7d37-b066-43a3-885d-0612e5e6817d/productionkeys Mozilla/5.0 (Windows NT 10.0; Win64; x64) AppleWebKit/537.36 (KHTML, like Gecko) Chrome/80.0.3987.116 Safari/537.36 0.001
0:0:0:0:0:0:0:1 - - [23/Feb/2020:02:08:05 -0500] GET /api/am/store/v1.0/settings HTTP/1.1 200 539 https://localhost:9443/devportal/applications/239d7d37-b066-43a3-885d-0612e5e6817d/productionkeys Mozilla/5.0 (Windows NT 10.0; Win64; x64) AppleWebKit/537.36 (KHTML, like Gecko) Chrome/80.0.3987.116 Safari/537.36 0.253
127.0.0.1 - - [23/Feb/2020:02:08:06 -0500] POST /services/APIKeyMgtSubscriberService HTTP/1.1 200 1368 - Axis2 0.009
0:0:0:0:0:0:0:1 - - [23/Feb/2020:02:08:06 -0500] GET /api/am/store/v1.0/applications/239d7d37-b066-43a3-885d-0612e5e6817d HTTP/1.1 200 324 https://localhost:9443/devportal/applications/239d7d37-b066-43a3-885d-0612e5e6817d/productionkeys Mozilla/5.0 (Windows NT 10.0; Win64; x64) AppleWebKit/537.36 (KHTML, like Gecko) Chrome/80.0.3987.116 Safari/537.36 0.042
127.0.0.1 - - [23/Feb/2020:02:08:06 -0500] POST /services/APIKeyMgtSubscriberService HTTP/1.1 200 1368 - Axis2 0.003
0:0:0:0:0:0:0:1 - - [23/Feb/2020:02:08:06 -0500] GET /api/am/store/v1.0/applications/239d7d37-b066-43a3-885d-0612e5e6817d/keys HTTP/1.1 200 480 https://localhost:9443/devportal/applications/239d7d37-b066-43a3-885d-0612e5e6817d/productionkeys Mozilla/5.0 (Windows NT 10.0; Win64; x64) AppleWebKit/537.36 (KHTML, like Gecko) Chrome/80.0.3987.116 Safari/537.36 0.019
0:0:0:0:0:0:0:1 - - [23/Feb/2020:02:08:06 -0500] GET /api/am/store/v1.0/swagger.yaml HTTP/1.1 200 219176 https://localhost:9443/devportal/applications/239d7d37-b066-43a3-885d-0612e5e6817d/productionkeys Mozilla/5.0 (Windows NT 10.0; Win64; x64) AppleWebKit/537.36 (KHTML, like Gecko) Chrome/80.0.3987.116 Safari/537.36 0.025
127.0.0.1 - - [23/Feb/2020:02:08:07 -0500] POST /services/APIKeyMgtSubscriberService HTTP/1.1 200 1368 - Axis2 0.005
0:0:0:0:0:0:0:1 - - [23/Feb/2020:02:08:07 -0500] GET /api/am/store/v1.0/applications/239d7d37-b066-43a3-885d-0612e5e6817d HTTP/1.1 200 324 https://localhost:9443/devportal/applications/239d7d37-b066-43a3-885d-0612e5e6817d/productionkeys Mozilla/5.0 (Windows NT 10.0; Win64; x64) AppleWebKit/537.36 (KHTML, like Gecko) Chrome/80.0.3987.116 Safari/537.36 0.017
127.0.0.1 - - [23/Feb/2020:02:08:07 -0500] POST /services/APIKeyMgtSubscriberService HTTP/1.1 200 1368 - Axis2 0.004
0:0:0:0:0:0:0:1 - - [23/Feb/2020:02:08:07 -0500] GET /api/am/store/v1.0/applications/239d7d37-b066-43a3-885d-0612e5e6817d/keys HTTP/1.1 200 480 https://localhost:9443/devportal/applications/239d7d37-b066-43a3-885d-0612e5e6817d/productionkeys Mozilla/5.0 (Windows NT 10.0; Win64; x64) AppleWebKit/537.36 (KHTML, like Gecko) Chrome/80.0.3987.116 Safari/537.36 0.013
127.0.0.1 - - [23/Feb/2020:02:08:10 -0500] POST /services/APIKeyMgtSubscriberService HTTP/1.1 200 1368 - Axis2 0.009
0:0:0:0:0:0:0:1 - - [23/Feb/2020:02:08:10 -0500] GET /api/am/store/v1.0/subscriptions?applicationId=239d7d37-b066-43a3-885d-0612e5e6817d&offset=0&limit=25 HTTP/1.1 200 50 https://localhost:9443/devportal/applications/239d7d37-b066-43a3-885d-0612e5e6817d/subscriptions Mozilla/5.0 (Windows NT 10.0; Win64; x64) AppleWebKit/537.36 (KHTML, like Gecko) Chrome/80.0.3987.116 Safari/537.36 0.022
0:0:0:0:0:0:0:1 - - [23/Feb/2020:02:08:10 -0500] GET /devportal/site/public/images/_favicon.ico HTTP/1.1 200 1150 https://localhost:9443/devportal/applications/239d7d37-b066-43a3-885d-0612e5e6817d/subscriptions Mozilla/5.0 (Windows NT 10.0; Win64; x64) AppleWebKit/537.36 (KHTML, like Gecko) Chrome/80.0.3987.116 Safari/537.36 0.002
0:0:0:0:0:0:0:1 - - [23/Feb/2020:02:08:10 -0500] GET /devportal/site/public/images/_favicon.ico HTTP/1.1 200 1150 https://localhost:9443/devportal/applications/239d7d37-b066-43a3-885d-0612e5e6817d/subscriptions Mozilla/5.0 (Windows NT 10.0; Win64; x64) AppleWebKit/537.36 (KHTML, like Gecko) Chrome/80.0.3987.116 Safari/537.36 0.006
0:0:0:0:0:0:0:1 - - [23/Feb/2020:02:08:10 -0500] GET /api/am/store/v1.0/apis?limit=25&offset=0&query=status%3Apublished HTTP/1.1 200 611 https://localhost:9443/devportal/applications/239d7d37-b066-43a3-885d-0612e5e6817d/subscriptions Mozilla/5.0 (Windows NT 10.0; Win64; x64) AppleWebKit/537.36 (KHTML, like Gecko) Chrome/80.0.3987.116 Safari/537.36 0.296
0:0:0:0:0:0:0:1 - - [23/Feb/2020:02:08:10 -0500] GET /api/am/store/v1.0/apis?limit=25&offset=0&query=status%3Apublished HTTP/1.1 200 611 https://localhost:9443/devportal/applications/239d7d37-b066-43a3-885d-0612e5e6817d/subscriptions Mozilla/5.0 (Windows NT 10.0; Win64; x64) AppleWebKit/537.36 (KHTML, like Gecko) Chrome/80.0.3987.116 Safari/537.36 0.029
127.0.0.1 - - [23/Feb/2020:02:08:20 -0500] POST /services/APIKeyMgtSubscriberService HTTP/1.1 200 1368 - Axis2 0.007
127.0.0.1 - - [23/Feb/2020:02:08:20 -0500] POST /services/APIKeyMgtSubscriberService HTTP/1.1 200 1368 - Axis2 0.011
0:0:0:0:0:0:0:1 - - [23/Feb/2020:02:08:20 -0500] POST /api/am/store/v1.0/subscriptions HTTP/1.1 201 1000 https://localhost:9443/devportal/applications/239d7d37-b066-43a3-885d-0612e5e6817d/subscriptions Mozilla/5.0 (Windows NT 10.0; Win64; x64) AppleWebKit/537.36 (KHTML, like Gecko) Chrome/80.0.3987.116 Safari/537.36 0.285
127.0.0.1 - - [23/Feb/2020:02:08:20 -0500] POST /services/AuthenticationAdmin HTTP/1.1 200 299 - Axis2 0.044
127.0.0.1 - - [23/Feb/2020:02:08:20 -0500] POST /services/APIAuthenticationService HTTP/1.1 202 5 - Axis2 0.004
127.0.0.1 - - [23/Feb/2020:02:08:20 -0500] POST /services/APIKeyMgtSubscriberService HTTP/1.1 200 1368 - Axis2 0.004
0:0:0:0:0:0:0:1 - - [23/Feb/2020:02:08:20 -0500] GET /api/am/store/v1.0/subscriptions?applicationId=239d7d37-b066-43a3-885d-0612e5e6817d&offset=0&limit=25 HTTP/1.1 200 1039 https://localhost:9443/devportal/applications/239d7d37-b066-43a3-885d-0612e5e6817d/subscriptions Mozilla/5.0 (Windows NT 10.0; Win64; x64) AppleWebKit/537.36 (KHTML, like Gecko) Chrome/80.0.3987.116 Safari/537.36 0.023
0:0:0:0:0:0:0:1 - - [23/Feb/2020:02:08:20 -0500] GET /api/am/store/v1.0/apis?limit=25&offset=0&query=status%3Apublished HTTP/1.1 200 611 https://localhost:9443/devportal/applications/239d7d37-b066-43a3-885d-0612e5e6817d/subscriptions Mozilla/5.0 (Windows NT 10.0; Win64; x64) AppleWebKit/537.36 (KHTML, like Gecko) Chrome/80.0.3987.116 Safari/537.36 0.047
0:0:0:0:0:0:0:1 - - [23/Feb/2020:02:08:20 -0500] GET /api/am/store/v1.0/apis/2a3811af-0ada-4c74-ac63-c65d42cf82ca HTTP/1.1 200 4252 https://localhost:9443/devportal/applications/239d7d37-b066-43a3-885d-0612e5e6817d/subscriptions Mozilla/5.0 (Windows NT 10.0; Win64; x64) AppleWebKit/537.36 (KHTML, like Gecko) Chrome/80.0.3987.116 Safari/537.36 0.027
127.0.0.1 - - [23/Feb/2020:02:08:20 -0500] POST /services/APIKeyMgtSubscriberService HTTP/1.1 200 1368 - Axis2 0.005
0:0:0:0:0:0:0:1 - - [23/Feb/2020:02:08:20 -0500] GET /api/am/store/v1.0/subscriptions/d187472c-5f6d-45a7-bdec-e94235080e02 HTTP/1.1 200 1000 https://localhost:9443/devportal/applications/239d7d37-b066-43a3-885d-0612e5e6817d/subscriptions Mozilla/5.0 (Windows NT 10.0; Win64; x64) AppleWebKit/537.36 (KHTML, like Gecko) Chrome/80.0.3987.116 Safari/537.36 0.039
0:0:0:0:0:0:0:1 - - [23/Feb/2020:02:08:20 -0500] GET /api/am/store/v1.0/throttling-policies/subscription/Unlimited HTTP/1.1 200 404 https://localhost:9443/devportal/applications/239d7d37-b066-43a3-885d-0612e5e6817d/subscriptions Mozilla/5.0 (Windows NT 10.0; Win64; x64) AppleWebKit/537.36 (KHTML, like Gecko) Chrome/80.0.3987.116 Safari/537.36 0.011
0:0:0:0:0:0:0:1 - - [23/Feb/2020:02:08:43 -0500] GET /api/am/store/v1.0/swagger.yaml HTTP/1.1 200 219176 https://localhost:9443/devportal/applications/239d7d37-b066-43a3-885d-0612e5e6817d/productionkeys Mozilla/5.0 (Windows NT 10.0; Win64; x64) AppleWebKit/537.36 (KHTML, like Gecko) Chrome/80.0.3987.116 Safari/537.36 0.021
0:0:0:0:0:0:0:1 - - [23/Feb/2020:02:08:43 -0500] GET /devportal/site/public/images/_favicon.ico HTTP/1.1 200 1150 https://localhost:9443/devportal/applications/239d7d37-b066-43a3-885d-0612e5e6817d/productionkeys Mozilla/5.0 (Windows NT 10.0; Win64; x64) AppleWebKit/537.36 (KHTML, like Gecko) Chrome/80.0.3987.116 Safari/537.36 0.010
0:0:0:0:0:0:0:1 - - [23/Feb/2020:02:08:43 -0500] GET /devportal/site/public/images/_favicon.ico HTTP/1.1 200 1150 https://localhost:9443/devportal/applications/239d7d37-b066-43a3-885d-0612e5e6817d/productionkeys Mozilla/5.0 (Windows NT 10.0; Win64; x64) AppleWebKit/537.36 (KHTML, like Gecko) Chrome/80.0.3987.116 Safari/537.36 0.002
0:0:0:0:0:0:0:1 - - [23/Feb/2020:02:08:43 -0500] GET /api/am/store/v1.0/settings HTTP/1.1 200 539 https://localhost:9443/devportal/applications/239d7d37-b066-43a3-885d-0612e5e6817d/productionkeys Mozilla/5.0 (Windows NT 10.0; Win64; x64) AppleWebKit/537.36 (KHTML, like Gecko) Chrome/80.0.3987.116 Safari/537.36 0.250
127.0.0.1 - - [23/Feb/2020:02:08:44 -0500] POST /services/APIKeyMgtSubscriberService HTTP/1.1 200 1368 - Axis2 0.003
0:0:0:0:0:0:0:1 - - [23/Feb/2020:02:08:44 -0500] GET /api/am/store/v1.0/applications/239d7d37-b066-43a3-885d-0612e5e6817d HTTP/1.1 200 324 https://localhost:9443/devportal/applications/239d7d37-b066-43a3-885d-0612e5e6817d/productionkeys Mozilla/5.0 (Windows NT 10.0; Win64; x64) AppleWebKit/537.36 (KHTML, like Gecko) Chrome/80.0.3987.116 Safari/537.36 0.018
127.0.0.1 - - [23/Feb/2020:02:08:44 -0500] POST /services/APIKeyMgtSubscriberService HTTP/1.1 200 1368 - Axis2 0.002
0:0:0:0:0:0:0:1 - - [23/Feb/2020:02:08:44 -0500] GET /api/am/store/v1.0/applications/239d7d37-b066-43a3-885d-0612e5e6817d/keys HTTP/1.1 200 480 https://localhost:9443/devportal/applications/239d7d37-b066-43a3-885d-0612e5e6817d/productionkeys Mozilla/5.0 (Windows NT 10.0; Win64; x64) AppleWebKit/537.36 (KHTML, like Gecko) Chrome/80.0.3987.116 Safari/537.36 0.013
0:0:0:0:0:0:0:1 - - [23/Feb/2020:02:08:44 -0500] GET /api/am/store/v1.0/swagger.yaml HTTP/1.1 200 219176 https://localhost:9443/devportal/applications/239d7d37-b066-43a3-885d-0612e5e6817d/productionkeys Mozilla/5.0 (Windows NT 10.0; Win64; x64) AppleWebKit/537.36 (KHTML, like Gecko) Chrome/80.0.3987.116 Safari/537.36 0.025
127.0.0.1 - - [23/Feb/2020:02:08:45 -0500] POST /services/APIKeyMgtSubscriberService HTTP/1.1 200 1368 - Axis2 0.009
0:0:0:0:0:0:0:1 - - [23/Feb/2020:02:08:45 -0500] GET /api/am/store/v1.0/applications/239d7d37-b066-43a3-885d-0612e5e6817d HTTP/1.1 200 324 https://localhost:9443/devportal/applications/239d7d37-b066-43a3-885d-0612e5e6817d/productionkeys Mozilla/5.0 (Windows NT 10.0; Win64; x64) AppleWebKit/537.36 (KHTML, like Gecko) Chrome/80.0.3987.116 Safari/537.36 0.021
127.0.0.1 - - [23/Feb/2020:02:08:45 -0500] POST /services/APIKeyMgtSubscriberService HTTP/1.1 200 1368 - Axis2 0.005
0:0:0:0:0:0:0:1 - - [23/Feb/2020:02:08:45 -0500] GET /api/am/store/v1.0/applications/239d7d37-b066-43a3-885d-0612e5e6817d/keys HTTP/1.1 200 480 https://localhost:9443/devportal/applications/239d7d37-b066-43a3-885d-0612e5e6817d/productionkeys Mozilla/5.0 (Windows NT 10.0; Win64; x64) AppleWebKit/537.36 (KHTML, like Gecko) Chrome/80.0.3987.116 Safari/537.36 0.014
0:0:0:0:0:0:0:1 - - [23/Feb/2020:02:08:45 -0500] GET /devportal/site/public/images/_favicon.ico HTTP/1.1 200 1150 https://localhost:9443/devportal/applications Mozilla/5.0 (Windows NT 10.0; Win64; x64) AppleWebKit/537.36 (KHTML, like Gecko) Chrome/80.0.3987.116 Safari/537.36 0.002
0:0:0:0:0:0:0:1 - - [23/Feb/2020:02:08:45 -0500] GET /api/am/store/v1.0/swagger.yaml HTTP/1.1 200 219176 https://localhost:9443/devportal/applications Mozilla/5.0 (Windows NT 10.0; Win64; x64) AppleWebKit/537.36 (KHTML, like Gecko) Chrome/80.0.3987.116 Safari/537.36 0.029
0:0:0:0:0:0:0:1 - - [23/Feb/2020:02:08:45 -0500] GET /devportal/site/public/images/_favicon.ico HTTP/1.1 200 1150 https://localhost:9443/devportal/applications Mozilla/5.0 (Windows NT 10.0; Win64; x64) AppleWebKit/537.36 (KHTML, like Gecko) Chrome/80.0.3987.116 Safari/537.36 0.007
0:0:0:0:0:0:0:1 - - [23/Feb/2020:02:08:46 -0500] GET /api/am/store/v1.0/applications?sortBy=name&sortOrder=asc&limit=10&offset=0 HTTP/1.1 200 565 https://localhost:9443/devportal/applications Mozilla/5.0 (Windows NT 10.0; Win64; x64) AppleWebKit/537.36 (KHTML, like Gecko) Chrome/80.0.3987.116 Safari/537.36 0.008
0:0:0:0:0:0:0:1 - - [23/Feb/2020:02:08:50 -0500] GET /api/am/store/v1.0/apis?limit=10&offset=0 HTTP/1.1 200 611 https://localhost:9443/devportal/apis Mozilla/5.0 (Windows NT 10.0; Win64; x64) AppleWebKit/537.36 (KHTML, like Gecko) Chrome/80.0.3987.116 Safari/537.36 0.035
0:0:0:0:0:0:0:1 - - [23/Feb/2020:02:08:50 -0500] GET /devportal/site/public/images/_favicon.ico HTTP/1.1 200 1150 https://localhost:9443/devportal/apis Mozilla/5.0 (Windows NT 10.0; Win64; x64) AppleWebKit/537.36 (KHTML, like Gecko) Chrome/80.0.3987.116 Safari/537.36 0.003
0:0:0:0:0:0:0:1 - - [23/Feb/2020:02:08:50 -0500] GET /devportal/site/public/images/_favicon.ico HTTP/1.1 200 1150 https://localhost:9443/devportal/apis Mozilla/5.0 (Windows NT 10.0; Win64; x64) AppleWebKit/537.36 (KHTML, like Gecko) Chrome/80.0.3987.116 Safari/537.36 0.002
0:0:0:0:0:0:0:1 - - [23/Feb/2020:02:08:50 -0500] GET /devportal/site/public/images/_favicon.ico HTTP/1.1 200 1150 https://localhost:9443/devportal/apis Mozilla/5.0 (Windows NT 10.0; Win64; x64) AppleWebKit/537.36 (KHTML, like Gecko) Chrome/80.0.3987.116 Safari/537.36 0.008
0:0:0:0:0:0:0:1 - - [23/Feb/2020:02:08:50 -0500] GET /api/am/store/v1.0/apis/2a3811af-0ada-4c74-ac63-c65d42cf82ca/thumbnail HTTP/1.1 204 - https://localhost:9443/devportal/apis Mozilla/5.0 (Windows NT 10.0; Win64; x64) AppleWebKit/537.36 (KHTML, like Gecko) Chrome/80.0.3987.116 Safari/537.36 0.017
0:0:0:0:0:0:0:1 - - [23/Feb/2020:02:08:50 -0500] GET /api/am/store/v1.0/apis/2a3811af-0ada-4c74-ac63-c65d42cf82ca/ratings?limit=25&offset=0 HTTP/1.1 200 136 https://localhost:9443/devportal/apis Mozilla/5.0 (Windows NT 10.0; Win64; x64) AppleWebKit/537.36 (KHTML, like Gecko) Chrome/80.0.3987.116 Safari/537.36 0.050
0:0:0:0:0:0:0:1 - - [23/Feb/2020:02:08:50 -0500] GET /api/am/store/v1.0/tags?limit=25&offset=0 HTTP/1.1 200 103 https://localhost:9443/devportal/apis Mozilla/5.0 (Windows NT 10.0; Win64; x64) AppleWebKit/537.36 (KHTML, like Gecko) Chrome/80.0.3987.116 Safari/537.36 0.432
0:0:0:0:0:0:0:1 - - [23/Feb/2020:02:08:53 -0500] GET /api/am/store/v1.0/apis/2a3811af-0ada-4c74-ac63-c65d42cf82ca HTTP/1.1 200 4252 https://localhost:9443/devportal/apis/2a3811af-0ada-4c74-ac63-c65d42cf82ca Mozilla/5.0 (Windows NT 10.0; Win64; x64) AppleWebKit/537.36 (KHTML, like Gecko) Chrome/80.0.3987.116 Safari/537.36 0.028
127.0.0.1 - - [23/Feb/2020:02:08:53 -0500] POST /services/APIKeyMgtSubscriberService HTTP/1.1 200 1368 - Axis2 0.004
0:0:0:0:0:0:0:1 - - [23/Feb/2020:02:08:53 -0500] GET /api/am/store/v1.0/subscriptions?apiId=2a3811af-0ada-4c74-ac63-c65d42cf82ca&offset=0&limit=25 HTTP/1.1 200 1039 https://localhost:9443/devportal/apis/2a3811af-0ada-4c74-ac63-c65d42cf82ca Mozilla/5.0 (Windows NT 10.0; Win64; x64) AppleWebKit/537.36 (KHTML, like Gecko) Chrome/80.0.3987.116 Safari/537.36 0.043
0:0:0:0:0:0:0:1 - - [23/Feb/2020:02:08:53 -0500] GET /api/am/store/v1.0/applications?limit=25&offset=0 HTTP/1.1 200 565 https://localhost:9443/devportal/apis/2a3811af-0ada-4c74-ac63-c65d42cf82ca Mozilla/5.0 (Windows NT 10.0; Win64; x64) AppleWebKit/537.36 (KHTML, like Gecko) Chrome/80.0.3987.116 Safari/537.36 0.022
0:0:0:0:0:0:0:1 - - [23/Feb/2020:02:08:53 -0500] GET /devportal/site/public/images/_favicon.ico HTTP/1.1 200 1150 https://localhost:9443/devportal/apis/2a3811af-0ada-4c74-ac63-c65d42cf82ca Mozilla/5.0 (Windows NT 10.0; Win64; x64) AppleWebKit/537.36 (KHTML, like Gecko) Chrome/80.0.3987.116 Safari/537.36 0.004
0:0:0:0:0:0:0:1 - - [23/Feb/2020:02:08:53 -0500] GET /devportal/site/public/images/_favicon.ico HTTP/1.1 200 1150 https://localhost:9443/devportal/apis/2a3811af-0ada-4c74-ac63-c65d42cf82ca Mozilla/5.0 (Windows NT 10.0; Win64; x64) AppleWebKit/537.36 (KHTML, like Gecko) Chrome/80.0.3987.116 Safari/537.36 0.002
0:0:0:0:0:0:0:1 - - [23/Feb/2020:02:08:53 -0500] GET /api/am/store/v1.0/apis/2a3811af-0ada-4c74-ac63-c65d42cf82ca/thumbnail HTTP/1.1 204 - https://localhost:9443/devportal/apis/2a3811af-0ada-4c74-ac63-c65d42cf82ca/overview Mozilla/5.0 (Windows NT 10.0; Win64; x64) AppleWebKit/537.36 (KHTML, like Gecko) Chrome/80.0.3987.116 Safari/537.36 0.013
0:0:0:0:0:0:0:1 - - [23/Feb/2020:02:08:53 -0500] GET /api/am/store/v1.0/apis/2a3811af-0ada-4c74-ac63-c65d42cf82ca/ratings?limit=25&offset=0 HTTP/1.1 200 136 https://localhost:9443/devportal/apis/2a3811af-0ada-4c74-ac63-c65d42cf82ca/overview Mozilla/5.0 (Windows NT 10.0; Win64; x64) AppleWebKit/537.36 (KHTML, like Gecko) Chrome/80.0.3987.116 Safari/537.36 0.018
0:0:0:0:0:0:0:1 - - [23/Feb/2020:02:08:53 -0500] GET /api/am/store/v1.0/apis/2a3811af-0ada-4c74-ac63-c65d42cf82ca/swagger HTTP/1.1 200 2733 https://localhost:9443/devportal/apis/2a3811af-0ada-4c74-ac63-c65d42cf82ca/overview Mozilla/5.0 (Windows NT 10.0; Win64; x64) AppleWebKit/537.36 (KHTML, like Gecko) Chrome/80.0.3987.116 Safari/537.36 0.030
0:0:0:0:0:0:0:1 - - [23/Feb/2020:02:08:53 -0500] GET /api/am/store/v1.0/sdk-gen/languages HTTP/1.1 200 51 https://localhost:9443/devportal/apis/2a3811af-0ada-4c74-ac63-c65d42cf82ca/overview Mozilla/5.0 (Windows NT 10.0; Win64; x64) AppleWebKit/537.36 (KHTML, like Gecko) Chrome/80.0.3987.116 Safari/537.36 0.030
0:0:0:0:0:0:0:1 - - [23/Feb/2020:02:08:53 -0500] GET /api/am/store/v1.0/apis/2a3811af-0ada-4c74-ac63-c65d42cf82ca/ratings?limit=25&offset=0 HTTP/1.1 200 136 https://localhost:9443/devportal/apis/2a3811af-0ada-4c74-ac63-c65d42cf82ca/overview Mozilla/5.0 (Windows NT 10.0; Win64; x64) AppleWebKit/537.36 (KHTML, like Gecko) Chrome/80.0.3987.116 Safari/537.36 0.095
0:0:0:0:0:0:0:1 - - [23/Feb/2020:02:08:53 -0500] GET /api/am/store/v1.0/apis/2a3811af-0ada-4c74-ac63-c65d42cf82ca/comments?limit=25&offset=0 HTTP/1.1 201 50 https://localhost:9443/devportal/apis/2a3811af-0ada-4c74-ac63-c65d42cf82ca/overview Mozilla/5.0 (Windows NT 10.0; Win64; x64) AppleWebKit/537.36 (KHTML, like Gecko) Chrome/80.0.3987.116 Safari/537.36 0.046
0:0:0:0:0:0:0:1 - - [23/Feb/2020:02:08:53 -0500] GET /api/am/store/v1.0/apis/2a3811af-0ada-4c74-ac63-c65d42cf82ca/documents?limit=25&offset=0 HTTP/1.1 200 103 https://localhost:9443/devportal/apis/2a3811af-0ada-4c74-ac63-c65d42cf82ca/overview Mozilla/5.0 (Windows NT 10.0; Win64; x64) AppleWebKit/537.36 (KHTML, like Gecko) Chrome/80.0.3987.116 Safari/537.36 0.016
0:0:0:0:0:0:0:1 - - [23/Feb/2020:02:08:53 -0500] GET /api/am/store/v1.0/apis/2a3811af-0ada-4c74-ac63-c65d42cf82ca/documents?limit=25&offset=0 HTTP/1.1 200 103 https://localhost:9443/devportal/apis/2a3811af-0ada-4c74-ac63-c65d42cf82ca/overview Mozilla/5.0 (Windows NT 10.0; Win64; x64) AppleWebKit/537.36 (KHTML, like Gecko) Chrome/80.0.3987.116 Safari/537.36 0.014
0:0:0:0:0:0:0:1 - - [23/Feb/2020:02:08:53 -0500] GET /devportal/site/public/images/overview/documents.svg HTTP/1.1 200 1199064 https://localhost:9443/devportal/ Mozilla/5.0 (Windows NT 10.0; Win64; x64) AppleWebKit/537.36 (KHTML, like Gecko) Chrome/80.0.3987.116 Safari/537.36 0.118
0:0:0:0:0:0:0:1 - - [23/Feb/2020:02:08:53 -0500] GET /devportal/site/public/images/overview/comments.svg HTTP/1.1 200 1201417 https://localhost:9443/devportal/ Mozilla/5.0 (Windows NT 10.0; Win64; x64) AppleWebKit/537.36 (KHTML, like Gecko) Chrome/80.0.3987.116 Safari/537.36 0.120
0:0:0:0:0:0:0:1 - - [23/Feb/2020:02:08:54 -0500] GET /devportal/site/public/images/_favicon.ico HTTP/1.1 200 1150 https://localhost:9443/devportal/apis/2a3811af-0ada-4c74-ac63-c65d42cf82ca/overview Mozilla/5.0 (Windows NT 10.0; Win64; x64) AppleWebKit/537.36 (KHTML, like Gecko) Chrome/80.0.3987.116 Safari/537.36 0.001
0:0:0:0:0:0:0:1 - - [23/Feb/2020:02:09:00 -0500] GET /devportal/site/public/images/_favicon.ico HTTP/1.1 200 1150 https://localhost:9443/devportal/apis/2a3811af-0ada-4c74-ac63-c65d42cf82ca/credentials Mozilla/5.0 (Windows NT 10.0; Win64; x64) AppleWebKit/537.36 (KHTML, like Gecko) Chrome/80.0.3987.116 Safari/537.36 0.004
0:0:0:0:0:0:0:1 - - [23/Feb/2020:02:09:00 -0500] GET /devportal/site/public/images/_favicon.ico HTTP/1.1 200 1150 https://localhost:9443/devportal/apis/2a3811af-0ada-4c74-ac63-c65d42cf82ca/credentials Mozilla/5.0 (Windows NT 10.0; Win64; x64) AppleWebKit/537.36 (KHTML, like Gecko) Chrome/80.0.3987.116 Safari/537.36 0.001
0:0:0:0:0:0:0:1 - - [23/Feb/2020:02:09:24 -0500] GET /api/am/publisher/v1.0/apis/2a3811af-0ada-4c74-ac63-c65d42cf82ca/thumbnail HTTP/1.1 204 - https://localhost:9443/publisher/apis/2a3811af-0ada-4c74-ac63-c65d42cf82ca/configuration Mozilla/5.0 (Windows NT 10.0; Win64; x64) AppleWebKit/537.36 (KHTML, like Gecko) Chrome/80.0.3987.116 Safari/537.36 0.033
0:0:0:0:0:0:0:1 - - [23/Feb/2020:02:09:24 -0500] GET /api/am/publisher/v1.0/tenants?state=ACTIVE&limit=25&offset=0 HTTP/1.1 200 107 https://localhost:9443/publisher/apis/2a3811af-0ada-4c74-ac63-c65d42cf82ca/configuration Mozilla/5.0 (Windows NT 10.0; Win64; x64) AppleWebKit/537.36 (KHTML, like Gecko) Chrome/80.0.3987.116 Safari/537.36 0.033
0:0:0:0:0:0:0:1 - - [23/Feb/2020:02:09:24 -0500] GET /publisher/site/public/images/_favicon.ico HTTP/1.1 200 1150 https://localhost:9443/publisher/apis/2a3811af-0ada-4c74-ac63-c65d42cf82ca/configuration Mozilla/5.0 (Windows NT 10.0; Win64; x64) AppleWebKit/537.36 (KHTML, like Gecko) Chrome/80.0.3987.116 Safari/537.36 0.005
0:0:0:0:0:0:0:1 - - [23/Feb/2020:02:09:27 -0500] GET /api/am/publisher/v1.0/apis/2a3811af-0ada-4c74-ac63-c65d42cf82ca/client-certificates?limit=25&offset=0 HTTP/1.1 200 115 https://localhost:9443/publisher/apis/2a3811af-0ada-4c74-ac63-c65d42cf82ca/runtime-configuration Mozilla/5.0 (Windows NT 10.0; Win64; x64) AppleWebKit/537.36 (KHTML, like Gecko) Chrome/80.0.3987.116 Safari/537.36 0.007
0:0:0:0:0:0:0:1 - - [23/Feb/2020:02:09:27 -0500] GET /api/am/publisher/v1.0/apis/2a3811af-0ada-4c74-ac63-c65d42cf82ca/mediation-policies?limit=25&offset=0 HTTP/1.1 200 50 https://localhost:9443/publisher/apis/2a3811af-0ada-4c74-ac63-c65d42cf82ca/runtime-configuration Mozilla/5.0 (Windows NT 10.0; Win64; x64) AppleWebKit/537.36 (KHTML, like Gecko) Chrome/80.0.3987.116 Safari/537.36 0.012
0:0:0:0:0:0:0:1 - - [23/Feb/2020:02:09:27 -0500] GET /api/am/publisher/v1.0/mediation-policies?limit=25&offset=0 HTTP/1.1 200 1334 https://localhost:9443/publisher/apis/2a3811af-0ada-4c74-ac63-c65d42cf82ca/runtime-configuration Mozilla/5.0 (Windows NT 10.0; Win64; x64) AppleWebKit/537.36 (KHTML, like Gecko) Chrome/80.0.3987.116 Safari/537.36 0.017
0:0:0:0:0:0:0:1 - - [23/Feb/2020:02:09:27 -0500] GET /api/am/publisher/v1.0/apis/2a3811af-0ada-4c74-ac63-c65d42cf82ca/mediation-policies?limit=25&offset=0 HTTP/1.1 200 50 https://localhost:9443/publisher/apis/2a3811af-0ada-4c74-ac63-c65d42cf82ca/runtime-configuration Mozilla/5.0 (Windows NT 10.0; Win64; x64) AppleWebKit/537.36 (KHTML, like Gecko) Chrome/80.0.3987.116 Safari/537.36 0.013
0:0:0:0:0:0:0:1 - - [23/Feb/2020:02:09:27 -0500] GET /publisher/site/public/images/_favicon.ico HTTP/1.1 200 1150 https://localhost:9443/publisher/apis/2a3811af-0ada-4c74-ac63-c65d42cf82ca/runtime-configuration Mozilla/5.0 (Windows NT 10.0; Win64; x64) AppleWebKit/537.36 (KHTML, like Gecko) Chrome/80.0.3987.116 Safari/537.36 0.002
0:0:0:0:0:0:0:1 - - [23/Feb/2020:02:09:27 -0500] GET /api/am/publisher/v1.0/mediation-policies?limit=25&offset=0 HTTP/1.1 200 1334 https://localhost:9443/publisher/apis/2a3811af-0ada-4c74-ac63-c65d42cf82ca/runtime-configuration Mozilla/5.0 (Windows NT 10.0; Win64; x64) AppleWebKit/537.36 (KHTML, like Gecko) Chrome/80.0.3987.116 Safari/537.36 0.021
0:0:0:0:0:0:0:1 - - [23/Feb/2020:02:09:27 -0500] GET /api/am/publisher/v1.0/apis/2a3811af-0ada-4c74-ac63-c65d42cf82ca/mediation-policies?limit=25&offset=0 HTTP/1.1 200 50 https://localhost:9443/publisher/apis/2a3811af-0ada-4c74-ac63-c65d42cf82ca/runtime-configuration Mozilla/5.0 (Windows NT 10.0; Win64; x64) AppleWebKit/537.36 (KHTML, like Gecko) Chrome/80.0.3987.116 Safari/537.36 0.015
0:0:0:0:0:0:0:1 - - [23/Feb/2020:02:09:27 -0500] GET /api/am/publisher/v1.0/mediation-policies?limit=25&offset=0 HTTP/1.1 200 1334 https://localhost:9443/publisher/apis/2a3811af-0ada-4c74-ac63-c65d42cf82ca/runtime-configuration Mozilla/5.0 (Windows NT 10.0; Win64; x64) AppleWebKit/537.36 (KHTML, like Gecko) Chrome/80.0.3987.116 Safari/537.36 0.016
0:0:0:0:0:0:0:1 - - [23/Feb/2020:02:09:38 -0500] GET /api/am/publisher/v1.0/throttling-policies/api?limit=25&offset=0 HTTP/1.1 200 1106 https://localhost:9443/publisher/apis/2a3811af-0ada-4c74-ac63-c65d42cf82ca/resources Mozilla/5.0 (Windows NT 10.0; Win64; x64) AppleWebKit/537.36 (KHTML, like Gecko) Chrome/80.0.3987.116 Safari/537.36 0.022
0:0:0:0:0:0:0:1 - - [23/Feb/2020:02:09:38 -0500] GET /publisher/site/public/images/_favicon.ico HTTP/1.1 200 1150 https://localhost:9443/publisher/apis/2a3811af-0ada-4c74-ac63-c65d42cf82ca/resources Mozilla/5.0 (Windows NT 10.0; Win64; x64) AppleWebKit/537.36 (KHTML, like Gecko) Chrome/80.0.3987.116 Safari/537.36 0.005
0:0:0:0:0:0:0:1 - - [23/Feb/2020:02:09:38 -0500] GET /api/am/publisher/v1.0/apis/2a3811af-0ada-4c74-ac63-c65d42cf82ca/swagger HTTP/1.1 200 3376 https://localhost:9443/publisher/apis/2a3811af-0ada-4c74-ac63-c65d42cf82ca/resources Mozilla/5.0 (Windows NT 10.0; Win64; x64) AppleWebKit/537.36 (KHTML, like Gecko) Chrome/80.0.3987.116 Safari/537.36 0.039
127.0.0.1 - - [23/Feb/2020:02:10:08 -0500] POST /services/AuthenticationAdmin HTTP/1.1 200 299 - Axis2 0.011
127.0.0.1 - - [23/Feb/2020:02:10:08 -0500] POST /services/APIGatewayAdmin HTTP/1.1 200 7559 - Axis2 0.009
127.0.0.1 - - [23/Feb/2020:02:10:08 -0500] POST /services/AuthenticationAdmin HTTP/1.1 200 299 - Axis2 0.011
127.0.0.1 - - [23/Feb/2020:02:10:08 -0500] POST /services/APIGatewayAdmin HTTP/1.1 200 7559 - Axis2 0.013
127.0.0.1 - - [23/Feb/2020:02:10:09 -0500] POST /services/AuthenticationAdmin HTTP/1.1 200 299 - Axis2 0.011
127.0.0.1 - - [23/Feb/2020:02:10:09 -0500] POST /services/APIGatewayAdmin HTTP/1.1 200 7559 - Axis2 0.010
127.0.0.1 - - [23/Feb/2020:02:10:09 -0500] POST /services/AuthenticationAdmin HTTP/1.1 200 299 - Axis2 0.010
127.0.0.1 - - [23/Feb/2020:02:10:09 -0500] POST /services/APILocalEntryAdmin HTTP/1.1 200 315 - Axis2 0.007
127.0.0.1 - - [23/Feb/2020:02:10:09 -0500] POST /services/APILocalEntryAdmin HTTP/1.1 200 309 - Axis2 0.007
127.0.0.1 - - [23/Feb/2020:02:10:09 -0500] POST /services/APIGatewayAdmin HTTP/1.1 200 320 - Axis2 0.008
127.0.0.1 - - [23/Feb/2020:02:10:09 -0500] POST /services/APIGatewayAdmin HTTP/1.1 200 301 - Axis2 0.150
127.0.0.1 - - [23/Feb/2020:02:10:09 -0500] POST /services/APIGatewayAdmin HTTP/1.1 200 329 - Axis2 0.010
127.0.0.1 - - [23/Feb/2020:02:10:09 -0500] POST /services/APIGatewayAdmin HTTP/1.1 200 305 - Axis2 0.013
127.0.0.1 - - [23/Feb/2020:02:10:09 -0500] POST /services/APIGatewayAdmin HTTP/1.1 200 305 - Axis2 0.015
127.0.0.1 - - [23/Feb/2020:02:10:09 -0500] POST /services/AuthenticationAdmin HTTP/1.1 200 299 - Axis2 0.015
127.0.0.1 - - [23/Feb/2020:02:10:09 -0500] POST /services/APIGatewayAdmin HTTP/1.1 200 7559 - Axis2 0.020
127.0.0.1 - - [23/Feb/2020:02:10:09 -0500] POST /services/AuthenticationAdmin HTTP/1.1 200 299 - Axis2 0.017
127.0.0.1 - - [23/Feb/2020:02:10:09 -0500] POST /services/APIAuthenticationService HTTP/1.1 202 5 - Axis2 0.002
127.0.0.1 - - [23/Feb/2020:02:10:09 -0500] POST /services/AuthenticationAdmin HTTP/1.1 200 299 - Axis2 0.042
127.0.0.1 - - [23/Feb/2020:02:10:09 -0500] POST /services/APIAuthenticationService HTTP/1.1 202 5 - Axis2 0.003
127.0.0.1 - - [23/Feb/2020:02:10:09 -0500] POST /services/AuthenticationAdmin HTTP/1.1 200 299 - Axis2 0.051
127.0.0.1 - - [23/Feb/2020:02:10:09 -0500] POST /services/APIAuthenticationService HTTP/1.1 202 5 - Axis2 0.003
127.0.0.1 - - [23/Feb/2020:02:10:09 -0500] POST /services/AuthenticationAdmin HTTP/1.1 200 299 - Axis2 0.014
127.0.0.1 - - [23/Feb/2020:02:10:09 -0500] POST /services/APIAuthenticationService HTTP/1.1 202 5 - Axis2 0.003
127.0.0.1 - - [23/Feb/2020:02:10:10 -0500] POST /services/AuthenticationAdmin HTTP/1.1 200 299 - Axis2 0.011
127.0.0.1 - - [23/Feb/2020:02:10:10 -0500] POST /services/APIAuthenticationService HTTP/1.1 202 5 - Axis2 0.002
127.0.0.1 - - [23/Feb/2020:02:10:10 -0500] POST /services/AuthenticationAdmin HTTP/1.1 200 299 - Axis2 0.014
127.0.0.1 - - [23/Feb/2020:02:10:10 -0500] POST /services/APIAuthenticationService HTTP/1.1 202 5 - Axis2 0.003
0:0:0:0:0:0:0:1 - - [23/Feb/2020:02:10:10 -0500] PUT /api/am/publisher/v1.0/apis/2a3811af-0ada-4c74-ac63-c65d42cf82ca/swagger HTTP/1.1 200 3402 https://localhost:9443/publisher/apis/2a3811af-0ada-4c74-ac63-c65d42cf82ca/resources Mozilla/5.0 (Windows NT 10.0; Win64; x64) AppleWebKit/537.36 (KHTML, like Gecko) Chrome/80.0.3987.116 Safari/537.36 1.682
0:0:0:0:0:0:0:1 - - [23/Feb/2020:02:10:10 -0500] GET /api/am/publisher/v1.0/apis/2a3811af-0ada-4c74-ac63-c65d42cf82ca HTTP/1.1 200 2675 https://localhost:9443/publisher/apis/2a3811af-0ada-4c74-ac63-c65d42cf82ca/resources Mozilla/5.0 (Windows NT 10.0; Win64; x64) AppleWebKit/537.36 (KHTML, like Gecko) Chrome/80.0.3987.116 Safari/537.36 0.021
0:0:0:0:0:0:0:1 - - [23/Feb/2020:02:10:38 -0500] GET /api/am/publisher/v1.0/endpoint-certificates?limit=25&offset=0 HTTP/1.1 200 111 https://localhost:9443/publisher/apis/2a3811af-0ada-4c74-ac63-c65d42cf82ca/endpoints Mozilla/5.0 (Windows NT 10.0; Win64; x64) AppleWebKit/537.36 (KHTML, like Gecko) Chrome/80.0.3987.116 Safari/537.36 0.020
0:0:0:0:0:0:0:1 - - [23/Feb/2020:02:10:38 -0500] GET /publisher/site/public/images/_favicon.ico HTTP/1.1 200 1150 https://localhost:9443/publisher/apis/2a3811af-0ada-4c74-ac63-c65d42cf82ca/endpoints Mozilla/5.0 (Windows NT 10.0; Win64; x64) AppleWebKit/537.36 (KHTML, like Gecko) Chrome/80.0.3987.116 Safari/537.36 0.004
0:0:0:0:0:0:0:1 - - [23/Feb/2020:02:10:38 -0500] GET /api/am/publisher/v1.0/apis/2a3811af-0ada-4c74-ac63-c65d42cf82ca/swagger HTTP/1.1 200 3402 https://localhost:9443/publisher/apis/2a3811af-0ada-4c74-ac63-c65d42cf82ca/endpoints Mozilla/5.0 (Windows NT 10.0; Win64; x64) AppleWebKit/537.36 (KHTML, like Gecko) Chrome/80.0.3987.116 Safari/537.36 0.036
0:0:0:0:0:0:0:1 - - [23/Feb/2020:02:10:43 -0500] GET /api/am/publisher/v1.0/tenants?state=ACTIVE&limit=25&offset=0 HTTP/1.1 200 107 https://localhost:9443/publisher/apis/2a3811af-0ada-4c74-ac63-c65d42cf82ca/subscriptions Mozilla/5.0 (Windows NT 10.0; Win64; x64) AppleWebKit/537.36 (KHTML, like Gecko) Chrome/80.0.3987.116 Safari/537.36 0.019
0:0:0:0:0:0:0:1 - - [23/Feb/2020:02:10:43 -0500] GET /publisher/site/public/images/_favicon.ico HTTP/1.1 200 1150 https://localhost:9443/publisher/apis/2a3811af-0ada-4c74-ac63-c65d42cf82ca/subscriptions Mozilla/5.0 (Windows NT 10.0; Win64; x64) AppleWebKit/537.36 (KHTML, like Gecko) Chrome/80.0.3987.116 Safari/537.36 0.005
0:0:0:0:0:0:0:1 - - [23/Feb/2020:02:10:43 -0500] GET /api/am/publisher/v1.0/subscriptions?apiId=2a3811af-0ada-4c74-ac63-c65d42cf82ca HTTP/1.1 200 410 https://localhost:9443/publisher/apis/2a3811af-0ada-4c74-ac63-c65d42cf82ca/subscriptions Mozilla/5.0 (Windows NT 10.0; Win64; x64) AppleWebKit/537.36 (KHTML, like Gecko) Chrome/80.0.3987.116 Safari/537.36 0.227
0:0:0:0:0:0:0:1 - - [23/Feb/2020:02:10:43 -0500] GET /api/am/publisher/v1.0/throttling-policies/subscription?limit=25&offset=0 HTTP/1.1 200 1120 https://localhost:9443/publisher/apis/2a3811af-0ada-4c74-ac63-c65d42cf82ca/subscriptions Mozilla/5.0 (Windows NT 10.0; Win64; x64) AppleWebKit/537.36 (KHTML, like Gecko) Chrome/80.0.3987.116 Safari/537.36 0.010
0:0:0:0:0:0:0:1 - - [23/Feb/2020:02:10:43 -0500] GET /api/am/publisher/v1.0/subscriptions?apiId=2a3811af-0ada-4c74-ac63-c65d42cf82ca&limit=5&offset=0 HTTP/1.1 200 409 https://localhost:9443/publisher/apis/2a3811af-0ada-4c74-ac63-c65d42cf82ca/subscriptions Mozilla/5.0 (Windows NT 10.0; Win64; x64) AppleWebKit/537.36 (KHTML, like Gecko) Chrome/80.0.3987.116 Safari/537.36 0.063
0:0:0:0:0:0:0:1 - - [23/Feb/2020:02:10:43 -0500] GET /api/am/publisher/v1.0/apis/2a3811af-0ada-4c74-ac63-c65d42cf82ca/subscription-policies HTTP/1.1 200 324 https://localhost:9443/publisher/apis/2a3811af-0ada-4c74-ac63-c65d42cf82ca/subscriptions Mozilla/5.0 (Windows NT 10.0; Win64; x64) AppleWebKit/537.36 (KHTML, like Gecko) Chrome/80.0.3987.116 Safari/537.36 0.018
0:0:0:0:0:0:0:1 - - [23/Feb/2020:02:10:43 -0500] GET /api/am/publisher/v1.0/apis/2a3811af-0ada-4c74-ac63-c65d42cf82ca/monetization HTTP/1.1 200 44 https://localhost:9443/publisher/apis/2a3811af-0ada-4c74-ac63-c65d42cf82ca/subscriptions Mozilla/5.0 (Windows NT 10.0; Win64; x64) AppleWebKit/537.36 (KHTML, like Gecko) Chrome/80.0.3987.116 Safari/537.36 0.092
0:0:0:0:0:0:0:1 - - [23/Feb/2020:02:10:48 -0500] GET /api/am/publisher/v1.0/apis/2a3811af-0ada-4c74-ac63-c65d42cf82ca/lifecycle-history HTTP/1.1 200 250 https://localhost:9443/publisher/apis/2a3811af-0ada-4c74-ac63-c65d42cf82ca/lifecycle Mozilla/5.0 (Windows NT 10.0; Win64; x64) AppleWebKit/537.36 (KHTML, like Gecko) Chrome/80.0.3987.116 Safari/537.36 0.015
0:0:0:0:0:0:0:1 - - [23/Feb/2020:02:10:48 -0500] GET /api/am/publisher/v1.0/apis/2a3811af-0ada-4c74-ac63-c65d42cf82ca/lifecycle-state HTTP/1.1 200 283 https://localhost:9443/publisher/apis/2a3811af-0ada-4c74-ac63-c65d42cf82ca/lifecycle Mozilla/5.0 (Windows NT 10.0; Win64; x64) AppleWebKit/537.36 (KHTML, like Gecko) Chrome/80.0.3987.116 Safari/537.36 0.029
0:0:0:0:0:0:0:1 - - [23/Feb/2020:02:10:48 -0500] GET /api/am/publisher/v1.0/apis/2a3811af-0ada-4c74-ac63-c65d42cf82ca HTTP/1.1 200 2675 https://localhost:9443/publisher/apis/2a3811af-0ada-4c74-ac63-c65d42cf82ca/lifecycle Mozilla/5.0 (Windows NT 10.0; Win64; x64) AppleWebKit/537.36 (KHTML, like Gecko) Chrome/80.0.3987.116 Safari/537.36 0.041
0:0:0:0:0:0:0:1 - - [23/Feb/2020:02:10:48 -0500] GET /publisher/site/public/images/_favicon.ico HTTP/1.1 200 1150 https://localhost:9443/publisher/apis/2a3811af-0ada-4c74-ac63-c65d42cf82ca/lifecycle Mozilla/5.0 (Windows NT 10.0; Win64; x64) AppleWebKit/537.36 (KHTML, like Gecko) Chrome/80.0.3987.116 Safari/537.36 0.004
0:0:0:0:0:0:0:1 - - [23/Feb/2020:02:11:00 -0500] GET /api/am/publisher/v1.0/apis/2a3811af-0ada-4c74-ac63-c65d42cf82ca/swagger HTTP/1.1 200 3402 https://localhost:9443/publisher/apis/2a3811af-0ada-4c74-ac63-c65d42cf82ca/api%20definition Mozilla/5.0 (Windows NT 10.0; Win64; x64) AppleWebKit/537.36 (KHTML, like Gecko) Chrome/80.0.3987.116 Safari/537.36 0.026
0:0:0:0:0:0:0:1 - - [23/Feb/2020:02:11:00 -0500] GET /publisher/site/public/images/_favicon.ico HTTP/1.1 200 1150 https://localhost:9443/publisher/apis/2a3811af-0ada-4c74-ac63-c65d42cf82ca/api%20definition Mozilla/5.0 (Windows NT 10.0; Win64; x64) AppleWebKit/537.36 (KHTML, like Gecko) Chrome/80.0.3987.116 Safari/537.36 0.004
0:0:0:0:0:0:0:1 - - [23/Feb/2020:02:11:01 -0500] GET /api/am/publisher/v1.0/labels HTTP/1.1 200 50 https://localhost:9443/publisher/apis/2a3811af-0ada-4c74-ac63-c65d42cf82ca/environments Mozilla/5.0 (Windows NT 10.0; Win64; x64) AppleWebKit/537.36 (KHTML, like Gecko) Chrome/80.0.3987.116 Safari/537.36 0.007
0:0:0:0:0:0:0:1 - - [23/Feb/2020:02:11:01 -0500] GET /publisher/site/public/images/_favicon.ico HTTP/1.1 200 1150 https://localhost:9443/publisher/apis/2a3811af-0ada-4c74-ac63-c65d42cf82ca/environments Mozilla/5.0 (Windows NT 10.0; Win64; x64) AppleWebKit/537.36 (KHTML, like Gecko) Chrome/80.0.3987.116 Safari/537.36 0.002
0:0:0:0:0:0:0:1 - - [23/Feb/2020:02:11:04 -0500] GET /publisher/site/public/images/_favicon.ico HTTP/1.1 200 1150 https://localhost:9443/publisher/apis/2a3811af-0ada-4c74-ac63-c65d42cf82ca/scopes Mozilla/5.0 (Windows NT 10.0; Win64; x64) AppleWebKit/537.36 (KHTML, like Gecko) Chrome/80.0.3987.116 Safari/537.36 0.002
0:0:0:0:0:0:0:1 - - [23/Feb/2020:02:11:07 -0500] GET /api/am/publisher/v1.0/labels HTTP/1.1 200 50 https://localhost:9443/publisher/apis/2a3811af-0ada-4c74-ac63-c65d42cf82ca/environments Mozilla/5.0 (Windows NT 10.0; Win64; x64) AppleWebKit/537.36 (KHTML, like Gecko) Chrome/80.0.3987.116 Safari/537.36 0.014
0:0:0:0:0:0:0:1 - - [23/Feb/2020:02:11:07 -0500] GET /publisher/site/public/images/_favicon.ico HTTP/1.1 200 1150 https://localhost:9443/publisher/apis/2a3811af-0ada-4c74-ac63-c65d42cf82ca/environments Mozilla/5.0 (Windows NT 10.0; Win64; x64) AppleWebKit/537.36 (KHTML, like Gecko) Chrome/80.0.3987.116 Safari/537.36 0.004
0:0:0:0:0:0:0:1 - - [23/Feb/2020:02:11:10 -0500] GET /publisher/site/public/images/_favicon.ico HTTP/1.1 200 1150 https://localhost:9443/publisher/apis/2a3811af-0ada-4c74-ac63-c65d42cf82ca/business%20info Mozilla/5.0 (Windows NT 10.0; Win64; x64) AppleWebKit/537.36 (KHTML, like Gecko) Chrome/80.0.3987.116 Safari/537.36 0.008
0:0:0:0:0:0:0:1 - - [23/Feb/2020:02:11:14 -0500] GET /publisher/site/public/images/_favicon.ico HTTP/1.1 200 1150 https://localhost:9443/publisher/apis/2a3811af-0ada-4c74-ac63-c65d42cf82ca/properties Mozilla/5.0 (Windows NT 10.0; Win64; x64) AppleWebKit/537.36 (KHTML, like Gecko) Chrome/80.0.3987.116 Safari/537.36 0.004
0:0:0:0:0:0:0:1 - - [23/Feb/2020:02:11:27 -0500] GET /publisher/site/public/images/_favicon.ico HTTP/1.1 200 1150 https://localhost:9443/publisher/apis/2a3811af-0ada-4c74-ac63-c65d42cf82ca/documents Mozilla/5.0 (Windows NT 10.0; Win64; x64) AppleWebKit/537.36 (KHTML, like Gecko) Chrome/80.0.3987.116 Safari/537.36 0.004
0:0:0:0:0:0:0:1 - - [23/Feb/2020:02:11:27 -0500] GET /api/am/publisher/v1.0/apis/2a3811af-0ada-4c74-ac63-c65d42cf82ca/documents?limit=25&offset=0 HTTP/1.1 200 103 https://localhost:9443/publisher/apis/2a3811af-0ada-4c74-ac63-c65d42cf82ca/documents Mozilla/5.0 (Windows NT 10.0; Win64; x64) AppleWebKit/537.36 (KHTML, like Gecko) Chrome/80.0.3987.116 Safari/537.36 0.026
0:0:0:0:0:0:0:1 - - [23/Feb/2020:02:11:30 -0500] GET /api/am/publisher/v1.0/apis/2a3811af-0ada-4c74-ac63-c65d42cf82ca/client-certificates?limit=25&offset=0 HTTP/1.1 200 115 https://localhost:9443/publisher/apis/2a3811af-0ada-4c74-ac63-c65d42cf82ca/runtime-configuration Mozilla/5.0 (Windows NT 10.0; Win64; x64) AppleWebKit/537.36 (KHTML, like Gecko) Chrome/80.0.3987.116 Safari/537.36 0.009
0:0:0:0:0:0:0:1 - - [23/Feb/2020:02:11:30 -0500] GET /api/am/publisher/v1.0/mediation-policies?limit=25&offset=0 HTTP/1.1 200 1334 https://localhost:9443/publisher/apis/2a3811af-0ada-4c74-ac63-c65d42cf82ca/runtime-configuration Mozilla/5.0 (Windows NT 10.0; Win64; x64) AppleWebKit/537.36 (KHTML, like Gecko) Chrome/80.0.3987.116 Safari/537.36 0.025
0:0:0:0:0:0:0:1 - - [23/Feb/2020:02:11:30 -0500] GET /api/am/publisher/v1.0/apis/2a3811af-0ada-4c74-ac63-c65d42cf82ca/mediation-policies?limit=25&offset=0 HTTP/1.1 200 50 https://localhost:9443/publisher/apis/2a3811af-0ada-4c74-ac63-c65d42cf82ca/runtime-configuration Mozilla/5.0 (Windows NT 10.0; Win64; x64) AppleWebKit/537.36 (KHTML, like Gecko) Chrome/80.0.3987.116 Safari/537.36 0.029
0:0:0:0:0:0:0:1 - - [23/Feb/2020:02:11:30 -0500] GET /api/am/publisher/v1.0/mediation-policies?limit=25&offset=0 HTTP/1.1 200 1334 https://localhost:9443/publisher/apis/2a3811af-0ada-4c74-ac63-c65d42cf82ca/runtime-configuration Mozilla/5.0 (Windows NT 10.0; Win64; x64) AppleWebKit/537.36 (KHTML, like Gecko) Chrome/80.0.3987.116 Safari/537.36 0.014
0:0:0:0:0:0:0:1 - - [23/Feb/2020:02:11:30 -0500] GET /api/am/publisher/v1.0/apis/2a3811af-0ada-4c74-ac63-c65d42cf82ca/mediation-policies?limit=25&offset=0 HTTP/1.1 200 50 https://localhost:9443/publisher/apis/2a3811af-0ada-4c74-ac63-c65d42cf82ca/runtime-configuration Mozilla/5.0 (Windows NT 10.0; Win64; x64) AppleWebKit/537.36 (KHTML, like Gecko) Chrome/80.0.3987.116 Safari/537.36 0.013
0:0:0:0:0:0:0:1 - - [23/Feb/2020:02:11:30 -0500] GET /api/am/publisher/v1.0/mediation-policies?limit=25&offset=0 HTTP/1.1 200 1334 https://localhost:9443/publisher/apis/2a3811af-0ada-4c74-ac63-c65d42cf82ca/runtime-configuration Mozilla/5.0 (Windows NT 10.0; Win64; x64) AppleWebKit/537.36 (KHTML, like Gecko) Chrome/80.0.3987.116 Safari/537.36 0.020
0:0:0:0:0:0:0:1 - - [23/Feb/2020:02:11:30 -0500] GET /api/am/publisher/v1.0/apis/2a3811af-0ada-4c74-ac63-c65d42cf82ca/mediation-policies?limit=25&offset=0 HTTP/1.1 200 50 https://localhost:9443/publisher/apis/2a3811af-0ada-4c74-ac63-c65d42cf82ca/runtime-configuration Mozilla/5.0 (Windows NT 10.0; Win64; x64) AppleWebKit/537.36 (KHTML, like Gecko) Chrome/80.0.3987.116 Safari/537.36 0.022
0:0:0:0:0:0:0:1 - - [23/Feb/2020:02:11:30 -0500] GET /publisher/site/public/images/_favicon.ico HTTP/1.1 200 1150 https://localhost:9443/publisher/apis/2a3811af-0ada-4c74-ac63-c65d42cf82ca/runtime-configuration Mozilla/5.0 (Windows NT 10.0; Win64; x64) AppleWebKit/537.36 (KHTML, like Gecko) Chrome/80.0.3987.116 Safari/537.36 0.002
0:0:0:0:0:0:0:1 - - [23/Feb/2020:02:11:37 -0500] GET /api/am/publisher/v1.0/tenants?state=ACTIVE&limit=25&offset=0 HTTP/1.1 200 107 https://localhost:9443/publisher/apis/2a3811af-0ada-4c74-ac63-c65d42cf82ca/configuration Mozilla/5.0 (Windows NT 10.0; Win64; x64) AppleWebKit/537.36 (KHTML, like Gecko) Chrome/80.0.3987.116 Safari/537.36 0.017
0:0:0:0:0:0:0:1 - - [23/Feb/2020:02:11:37 -0500] GET /api/am/publisher/v1.0/apis/2a3811af-0ada-4c74-ac63-c65d42cf82ca/thumbnail HTTP/1.1 204 - https://localhost:9443/publisher/apis/2a3811af-0ada-4c74-ac63-c65d42cf82ca/configuration Mozilla/5.0 (Windows NT 10.0; Win64; x64) AppleWebKit/537.36 (KHTML, like Gecko) Chrome/80.0.3987.116 Safari/537.36 0.020
0:0:0:0:0:0:0:1 - - [23/Feb/2020:02:11:37 -0500] GET /publisher/site/public/images/_favicon.ico HTTP/1.1 200 1150 https://localhost:9443/publisher/apis/2a3811af-0ada-4c74-ac63-c65d42cf82ca/configuration Mozilla/5.0 (Windows NT 10.0; Win64; x64) AppleWebKit/537.36 (KHTML, like Gecko) Chrome/80.0.3987.116 Safari/537.36 0.005
