- 0:0:0:0:0:0:0:1 - - [23/Feb/2020:01:48:00 -0500] "GET /api/georeferencia/v1.0/emprendimientos HTTP/1.1" - - "-" "PostmanRuntime/7.22.0"
- 0:0:0:0:0:0:0:1 - - [23/Feb/2020:01:48:09 -0500] "GET /api/georeferencia/v1.0/emprendimientos HTTP/1.1" - - "-" "PostmanRuntime/7.22.0"
- 0:0:0:0:0:0:0:1 - - [23/Feb/2020:01:48:11 -0500] "GET /api/georeferencia/v1.0/emprendimientos HTTP/1.1" - - "-" "PostmanRuntime/7.22.0"
- 0:0:0:0:0:0:0:1  - [23/Feb/2020:01:48:00 -0500] "- - " 404 - "-" "-"
- 0:0:0:0:0:0:0:1  - [23/Feb/2020:01:48:09 -0500] "- - " 404 - "-" "-"
- 0:0:0:0:0:0:0:1  - [23/Feb/2020:01:48:11 -0500] "- - " 404 - "-" "-"
- 0:0:0:0:0:0:0:1 - - [23/Feb/2020:01:49:07 -0500] "GET /api/georeferencia/v1.0/emprendimientos HTTP/1.1" - - "-" "PostmanRuntime/7.22.0"
- 0:0:0:0:0:0:0:1  - [23/Feb/2020:01:49:07 -0500] "- - " 404 - "-" "-"
- 0:0:0:0:0:0:0:1 - - [23/Feb/2020:01:49:09 -0500] "GET /api/georeferencia/v1.0/emprendimientos HTTP/1.1" - - "-" "PostmanRuntime/7.22.0"
- 0:0:0:0:0:0:0:1  - [23/Feb/2020:01:49:09 -0500] "- - " 404 - "-" "-"
- 0:0:0:0:0:0:0:1 - - [23/Feb/2020:01:53:55 -0500] "GET /api/georeferencia/v1.0/emprendimientos HTTP/1.1" - - "-" "PostmanRuntime/7.22.0"
- 0:0:0:0:0:0:0:1  - [23/Feb/2020:01:53:55 -0500] "- - " 401 - "-" "-"
- 0:0:0:0:0:0:0:1 - - [23/Feb/2020:01:54:01 -0500] "GET /api/georeferencia/v1.0/emprendimientos HTTP/1.1" - - "-" "PostmanRuntime/7.22.0"
- 0:0:0:0:0:0:0:1  - [23/Feb/2020:01:54:01 -0500] "- - " 401 - "-" "-"
- 0:0:0:0:0:0:0:1 - - [23/Feb/2020:01:54:03 -0500] "GET /api/georeferencia/v1.0/emprendimientos HTTP/1.1" - - "-" "PostmanRuntime/7.22.0"
- 0:0:0:0:0:0:0:1  - [23/Feb/2020:01:54:03 -0500] "- - " 401 - "-" "-"
- 192.168.0.108  - [23/Feb/2020:01:55:08 -0500] "- - " 200 - "-" "-"
- 0:0:0:0:0:0:0:1 - - [23/Feb/2020:01:55:08 -0500] "GET /api/georeferencia/v1.0/emprendimientos HTTP/1.1" - - "-" "PostmanRuntime/7.22.0"
- 192.168.0.108 - - [23/Feb/2020:01:55:08 -0500] "GET /api/v1/emprendimientos HTTP/1.1" - - "-" "Synapse-PT-HttpComponents-NIO"
- 0:0:0:0:0:0:0:1  - [23/Feb/2020:01:55:08 -0500] "- - " 200 - "-" "-"
- 0:0:0:0:0:0:0:1 - - [23/Feb/2020:01:55:09 -0500] "GET /api/georeferencia/v1.0/emprendimientos HTTP/1.1" - - "-" "PostmanRuntime/7.22.0"
- 192.168.0.108 - - [23/Feb/2020:01:55:10 -0500] "GET /api/v1/emprendimientos HTTP/1.1" - - "-" "Synapse-PT-HttpComponents-NIO"
- 192.168.0.108  - [23/Feb/2020:01:55:10 -0500] "- - " 200 - "-" "-"
- 0:0:0:0:0:0:0:1 - - [23/Feb/2020:01:55:17 -0500] "GET /api/georeferencia/v1.0/emprendimientos HTTP/1.1" - - "-" "PostmanRuntime/7.22.0"
- 0:0:0:0:0:0:0:1  - [23/Feb/2020:01:55:09 -0500] "- - " 200 - "-" "-"
- 192.168.0.108 - - [23/Feb/2020:01:55:17 -0500] "GET /api/v1/emprendimientos HTTP/1.1" - - "-" "Synapse-PT-HttpComponents-NIO"
- 0:0:0:0:0:0:0:1 - - [23/Feb/2020:01:55:18 -0500] "GET /api/georeferencia/v1.0/emprendimientos HTTP/1.1" - - "-" "PostmanRuntime/7.22.0"
- 192.168.0.108  - [23/Feb/2020:01:55:17 -0500] "- - " 200 - "-" "-"
- 192.168.0.108 - - [23/Feb/2020:01:55:18 -0500] "GET /api/v1/emprendimientos HTTP/1.1" - - "-" "Synapse-PT-HttpComponents-NIO"
- 0:0:0:0:0:0:0:1  - [23/Feb/2020:01:55:17 -0500] "- - " 200 - "-" "-"
- 192.168.0.108  - [23/Feb/2020:01:55:18 -0500] "- - " 200 - "-" "-"
- 0:0:0:0:0:0:0:1  - [23/Feb/2020:01:55:18 -0500] "- - " 200 - "-" "-"
- 0:0:0:0:0:0:0:1 - - [23/Feb/2020:01:56:45 -0500] "GET /api/georeferencia/v1.0/emprendimientos HTTP/1.1" - - "-" "PostmanRuntime/7.22.0"
- 0:0:0:0:0:0:0:1 - - [23/Feb/2020:01:56:47 -0500] "GET /api/georeferencia/v1.0/emprendimientos HTTP/1.1" - - "-" "PostmanRuntime/7.22.0"
- 0:0:0:0:0:0:0:1  - [23/Feb/2020:01:56:45 -0500] "- - " 403 - "-" "-"
- 0:0:0:0:0:0:0:1  - [23/Feb/2020:01:56:47 -0500] "- - " 403 - "-" "-"
- 0:0:0:0:0:0:0:1 - - [23/Feb/2020:01:57:24 -0500] "GET /api/georeferencia/v1.0/emprendimientos HTTP/1.1" - - "-" "PostmanRuntime/7.22.0"
- 192.168.0.108  - [23/Feb/2020:01:57:24 -0500] "- - " 200 - "-" "-"
- 192.168.0.108 - - [23/Feb/2020:01:57:24 -0500] "GET /api/v1/emprendimientos HTTP/1.1" - - "-" "Synapse-PT-HttpComponents-NIO"
- 0:0:0:0:0:0:0:1 - - [23/Feb/2020:01:57:26 -0500] "GET /api/georeferencia/v1.0/emprendimientos HTTP/1.1" - - "-" "PostmanRuntime/7.22.0"
- 0:0:0:0:0:0:0:1  - [23/Feb/2020:01:57:24 -0500] "- - " 200 - "-" "-"
- 192.168.0.108 - - [23/Feb/2020:01:57:26 -0500] "GET /api/v1/emprendimientos HTTP/1.1" - - "-" "Synapse-PT-HttpComponents-NIO"
- 192.168.0.108  - [23/Feb/2020:01:57:26 -0500] "- - " 200 - "-" "-"
- 0:0:0:0:0:0:0:1  - [23/Feb/2020:01:57:26 -0500] "- - " 200 - "-" "-"
- 0:0:0:0:0:0:0:1 - - [23/Feb/2020:01:57:30 -0500] "GET /api/georeferencia/v1.0/emprendimientos HTTP/1.1" - - "-" "PostmanRuntime/7.22.0"
- 192.168.0.108 - - [23/Feb/2020:01:57:30 -0500] "GET /api/v1/emprendimientos HTTP/1.1" - - "-" "Synapse-PT-HttpComponents-NIO"
- 0:0:0:0:0:0:0:1 - - [23/Feb/2020:01:57:32 -0500] "GET /api/georeferencia/v1.0/emprendimientos HTTP/1.1" - - "-" "PostmanRuntime/7.22.0"
- 192.168.0.108 - - [23/Feb/2020:01:57:32 -0500] "GET /api/v1/emprendimientos HTTP/1.1" - - "-" "Synapse-PT-HttpComponents-NIO"
- 0:0:0:0:0:0:0:1 - - [23/Feb/2020:01:57:45 -0500] "GET /api/georeferencia/v1.0 HTTP/1.1" - - "-" "PostmanRuntime/7.22.0"
- 0:0:0:0:0:0:0:1 - - [23/Feb/2020:01:57:48 -0500] "GET /api/georeferencia/v1.0 HTTP/1.1" - - "-" "PostmanRuntime/7.22.0"
- 0:0:0:0:0:0:0:1 - - [23/Feb/2020:01:57:48 -0500] "GET /api/georeferencia/v1.0 HTTP/1.1" - - "-" "PostmanRuntime/7.22.0"
- 192.168.0.108  - [23/Feb/2020:01:57:30 -0500] "- - " 200 - "-" "-"
- 0:0:0:0:0:0:0:1  - [23/Feb/2020:01:57:30 -0500] "- - " 200 - "-" "-"
- 192.168.0.108  - [23/Feb/2020:01:57:32 -0500] "- - " 200 - "-" "-"
- 0:0:0:0:0:0:0:1  - [23/Feb/2020:01:57:32 -0500] "- - " 200 - "-" "-"
- 0:0:0:0:0:0:0:1  - [23/Feb/2020:01:57:45 -0500] "- - " 401 - "-" "-"
- 0:0:0:0:0:0:0:1  - [23/Feb/2020:01:57:48 -0500] "- - " 401 - "-" "-"
- 0:0:0:0:0:0:0:1  - [23/Feb/2020:01:57:48 -0500] "- - " 401 - "-" "-"
- 0:0:0:0:0:0:0:1 - - [23/Feb/2020:01:58:15 -0500] "GET /api/georeferencia/v1.0/emprendimientos HTTP/1.1" - - "-" "PostmanRuntime/7.22.0"
- 192.168.0.108 - - [23/Feb/2020:01:58:15 -0500] "GET /api/v1/emprendimientos HTTP/1.1" - - "-" "Synapse-PT-HttpComponents-NIO"
- 192.168.0.108  - [23/Feb/2020:01:58:15 -0500] "- - " 200 - "-" "-"
- 0:0:0:0:0:0:0:1  - [23/Feb/2020:01:58:15 -0500] "- - " 200 - "-" "-"
- 0:0:0:0:0:0:0:1 - - [23/Feb/2020:01:59:00 -0500] "GET /api/georeferencia/v1.0/emprendimientos HTTP/1.1" - - "-" "PostmanRuntime/7.22.0"
- 192.168.0.108 - - [23/Feb/2020:01:59:00 -0500] "GET /api/v1/emprendimientos HTTP/1.1" - - "-" "Synapse-PT-HttpComponents-NIO"
- 0:0:0:0:0:0:0:1 - - [23/Feb/2020:01:59:13 -0500] "GET /api/georeferencia/v1.0/emprendimientos HTTP/1.1" - - "-" "PostmanRuntime/7.22.0"
- 192.168.0.108  - [23/Feb/2020:01:59:00 -0500] "- - " 200 - "-" "-"
- 192.168.0.108 - - [23/Feb/2020:01:59:13 -0500] "GET /api/v1/emprendimientos HTTP/1.1" - - "-" "Synapse-PT-HttpComponents-NIO"
- 0:0:0:0:0:0:0:1  - [23/Feb/2020:01:59:00 -0500] "- - " 200 - "-" "-"
- 192.168.0.108  - [23/Feb/2020:01:59:13 -0500] "- - " 200 - "-" "-"
- 0:0:0:0:0:0:0:1  - [23/Feb/2020:01:59:13 -0500] "- - " 200 - "-" "-"
- 0:0:0:0:0:0:0:1 - - [23/Feb/2020:01:59:33 -0500] "GET /api/georeferencia/v1.0/emprendimientos HTTP/1.1" - - "-" "PostmanRuntime/7.22.0"
- 192.168.0.108  - [23/Feb/2020:01:59:33 -0500] "- - " 200 - "-" "-"
- 192.168.0.108 - - [23/Feb/2020:01:59:33 -0500] "GET /api/v1/emprendimientos HTTP/1.1" - - "-" "Synapse-PT-HttpComponents-NIO"
- 0:0:0:0:0:0:0:1 - - [23/Feb/2020:01:59:35 -0500] "GET /api/georeferencia/v1.0/emprendimientos HTTP/1.1" - - "-" "PostmanRuntime/7.22.0"
- 192.168.0.108 - - [23/Feb/2020:01:59:35 -0500] "GET /api/v1/emprendimientos HTTP/1.1" - - "-" "Synapse-PT-HttpComponents-NIO"
- 0:0:0:0:0:0:0:1  - [23/Feb/2020:01:59:33 -0500] "- - " 200 - "-" "-"
- 192.168.0.108  - [23/Feb/2020:01:59:35 -0500] "- - " 200 - "-" "-"
- 0:0:0:0:0:0:0:1  - [23/Feb/2020:01:59:35 -0500] "- - " 200 - "-" "-"
- 0:0:0:0:0:0:0:1  - [23/Feb/2020:02:03:42 -0500] "- - " 200 - "-" "-"
- 0:0:0:0:0:0:0:1 - - [23/Feb/2020:02:03:42 -0500] "OPTIONS /api/georeferencia/v1.0/emprendimientos HTTP/1.1" - - "https://localhost:9443/devportal/apis/2a3811af-0ada-4c74-ac63-c65d42cf82ca/test" "Mozilla/5.0 (Windows NT 10.0; Win64; x64) AppleWebKit/537.36 (KHTML, like Gecko) Chrome/80.0.3987.116 Safari/537.36"
- 192.168.0.108  - [23/Feb/2020:02:03:42 -0500] "- - " 400 - "-" "-"
- 0:0:0:0:0:0:0:1 - - [23/Feb/2020:02:03:42 -0500] "GET /api/georeferencia/v1.0/emprendimientos HTTP/1.1" - - "https://localhost:9443/devportal/apis/2a3811af-0ada-4c74-ac63-c65d42cf82ca/test" "Mozilla/5.0 (Windows NT 10.0; Win64; x64) AppleWebKit/537.36 (KHTML, like Gecko) Chrome/80.0.3987.116 Safari/537.36"
- 0:0:0:0:0:0:0:1  - [23/Feb/2020:02:03:42 -0500] "- - " 400 - "-" "-"
- 192.168.0.108 - - [23/Feb/2020:02:03:42 -0500] "GET /api/v1/emprendimientos HTTP/1.1" - - "https://localhost:9443/devportal/apis/2a3811af-0ada-4c74-ac63-c65d42cf82ca/test" "Synapse-PT-HttpComponents-NIO"
- 0:0:0:0:0:0:0:1 - - [23/Feb/2020:02:03:56 -0500] "OPTIONS /api/georeferencia/v1.0/emprendimientos HTTP/1.1" - - "https://localhost:9443/devportal/apis/2a3811af-0ada-4c74-ac63-c65d42cf82ca/test" "Mozilla/5.0 (Windows NT 10.0; Win64; x64) AppleWebKit/537.36 (KHTML, like Gecko) Chrome/80.0.3987.116 Safari/537.36"
- 0:0:0:0:0:0:0:1  - [23/Feb/2020:02:03:56 -0500] "- - " 200 - "-" "-"
- 0:0:0:0:0:0:0:1  - [23/Feb/2020:02:04:10 -0500] "- - " 200 - "-" "-"
- 0:0:0:0:0:0:0:1  - [23/Feb/2020:02:04:11 -0500] "- - " 200 - "-" "-"
- 0:0:0:0:0:0:0:1  - [23/Feb/2020:02:04:15 -0500] "- - " 200 - "-" "-"
- 192.168.0.108  - [23/Feb/2020:02:04:15 -0500] "- - " 400 - "-" "-"
- 0:0:0:0:0:0:0:1  - [23/Feb/2020:02:04:15 -0500] "- - " 400 - "-" "-"
- 0:0:0:0:0:0:0:1  - [23/Feb/2020:02:04:26 -0500] "- - " 200 - "-" "-"
- 0:0:0:0:0:0:0:1 - - [23/Feb/2020:02:04:10 -0500] "OPTIONS /api/georeferencia/v1.0/emprendimientos HTTP/1.1" - - "https://localhost:9443/devportal/apis/2a3811af-0ada-4c74-ac63-c65d42cf82ca/test" "Mozilla/5.0 (Windows NT 10.0; Win64; x64) AppleWebKit/537.36 (KHTML, like Gecko) Chrome/80.0.3987.116 Safari/537.36"
- 0:0:0:0:0:0:0:1 - - [23/Feb/2020:02:04:11 -0500] "OPTIONS /api/georeferencia/v1.0/emprendimientos HTTP/1.1" - - "https://localhost:9443/devportal/apis/2a3811af-0ada-4c74-ac63-c65d42cf82ca/test" "Mozilla/5.0 (Windows NT 10.0; Win64; x64) AppleWebKit/537.36 (KHTML, like Gecko) Chrome/80.0.3987.116 Safari/537.36"
- 0:0:0:0:0:0:0:1 - - [23/Feb/2020:02:04:15 -0500] "OPTIONS /api/georeferencia/v1.0/emprendimientos HTTP/1.1" - - "https://localhost:9443/devportal/apis/2a3811af-0ada-4c74-ac63-c65d42cf82ca/test" "Mozilla/5.0 (Windows NT 10.0; Win64; x64) AppleWebKit/537.36 (KHTML, like Gecko) Chrome/80.0.3987.116 Safari/537.36"
- 0:0:0:0:0:0:0:1 - - [23/Feb/2020:02:04:15 -0500] "GET /api/georeferencia/v1.0/emprendimientos HTTP/1.1" - - "https://localhost:9443/devportal/apis/2a3811af-0ada-4c74-ac63-c65d42cf82ca/test" "Mozilla/5.0 (Windows NT 10.0; Win64; x64) AppleWebKit/537.36 (KHTML, like Gecko) Chrome/80.0.3987.116 Safari/537.36"
- 192.168.0.108 - - [23/Feb/2020:02:04:15 -0500] "GET /api/v1/emprendimientos HTTP/1.1" - - "https://localhost:9443/devportal/apis/2a3811af-0ada-4c74-ac63-c65d42cf82ca/test" "Synapse-PT-HttpComponents-NIO"
- 0:0:0:0:0:0:0:1 - - [23/Feb/2020:02:04:26 -0500] "OPTIONS /api/georeferencia/v1.0/emprendimientos HTTP/1.1" - - "https://localhost:9443/devportal/apis/2a3811af-0ada-4c74-ac63-c65d42cf82ca/test" "Mozilla/5.0 (Windows NT 10.0; Win64; x64) AppleWebKit/537.36 (KHTML, like Gecko) Chrome/80.0.3987.116 Safari/537.36"
- 192.168.0.108  - [23/Feb/2020:02:04:34 -0500] "- - " 200 - "-" "-"
- 0:0:0:0:0:0:0:1  - [23/Feb/2020:02:04:33 -0500] "- - " 200 - "-" "-"
- 192.168.0.108  - [23/Feb/2020:02:04:35 -0500] "- - " 200 - "-" "-"
- 0:0:0:0:0:0:0:1  - [23/Feb/2020:02:04:35 -0500] "- - " 200 - "-" "-"
- 192.168.0.108  - [23/Feb/2020:02:04:36 -0500] "- - " 200 - "-" "-"
- 0:0:0:0:0:0:0:1  - [23/Feb/2020:02:04:36 -0500] "- - " 200 - "-" "-"
- 0:0:0:0:0:0:0:1 - - [23/Feb/2020:02:04:33 -0500] "GET /api/georeferencia/v1.0/emprendimientos HTTP/1.1" - - "-" "PostmanRuntime/7.22.0"
- 192.168.0.108 - - [23/Feb/2020:02:04:34 -0500] "GET /api/v1/emprendimientos HTTP/1.1" - - "-" "Synapse-PT-HttpComponents-NIO"
- 0:0:0:0:0:0:0:1 - - [23/Feb/2020:02:04:35 -0500] "GET /api/georeferencia/v1.0/emprendimientos HTTP/1.1" - - "-" "PostmanRuntime/7.22.0"
- 192.168.0.108 - - [23/Feb/2020:02:04:35 -0500] "GET /api/v1/emprendimientos HTTP/1.1" - - "-" "Synapse-PT-HttpComponents-NIO"
- 0:0:0:0:0:0:0:1 - - [23/Feb/2020:02:04:36 -0500] "GET /api/georeferencia/v1.0/emprendimientos HTTP/1.1" - - "-" "PostmanRuntime/7.22.0"
- 192.168.0.108 - - [23/Feb/2020:02:04:36 -0500] "GET /api/v1/emprendimientos HTTP/1.1" - - "-" "Synapse-PT-HttpComponents-NIO"
- 127.0.0.1  - [23/Feb/2020:02:07:27 -0500] "- - " 200 - "-" "-"
- 127.0.0.1  - [23/Feb/2020:02:07:27 -0500] "- - " 200 - "-" "-"
- 127.0.0.1 - - [23/Feb/2020:02:07:27 -0500] "POST /token HTTP/1.1" - 125 "-" "-"
- 127.0.0.1 - - [23/Feb/2020:02:07:27 -0500] "POST /oauth2/token HTTP/1.1" - - "-" "Synapse-PT-HttpComponents-NIO"
- 192.168.0.108  - [23/Feb/2020:02:07:50 -0500] "- - " 200 - "-" "-"
- 0:0:0:0:0:0:0:1  - [23/Feb/2020:02:07:50 -0500] "- - " 200 - "-" "-"
- 0:0:0:0:0:0:0:1 - - [23/Feb/2020:02:07:46 -0500] "GET /api/georeferencia/v1.0/emprendimientos HTTP/1.1" - - "-" "PostmanRuntime/7.22.0"
- 192.168.0.108 - - [23/Feb/2020:02:07:46 -0500] "GET /api/v1/emprendimientos HTTP/1.1" - - "-" "Synapse-PT-HttpComponents-NIO"
- 192.168.0.108  - [23/Feb/2020:02:07:53 -0500] "- - " 200 - "-" "-"
- 0:0:0:0:0:0:0:1 - - [23/Feb/2020:02:07:53 -0500] "GET /api/georeferencia/v1.0/emprendimientos HTTP/1.1" - - "-" "PostmanRuntime/7.22.0"
- 192.168.0.108 - - [23/Feb/2020:02:07:53 -0500] "GET /api/v1/emprendimientos HTTP/1.1" - - "-" "Synapse-PT-HttpComponents-NIO"
- 0:0:0:0:0:0:0:1  - [23/Feb/2020:02:07:53 -0500] "- - " 200 - "-" "-"
- 192.168.0.108  - [23/Feb/2020:02:08:35 -0500] "- - " 200 - "-" "-"
- 0:0:0:0:0:0:0:1  - [23/Feb/2020:02:08:35 -0500] "- - " 200 - "-" "-"
- 192.168.0.108  - [23/Feb/2020:02:08:39 -0500] "- - " 200 - "-" "-"
- 0:0:0:0:0:0:0:1  - [23/Feb/2020:02:08:39 -0500] "- - " 200 - "-" "-"
- 0:0:0:0:0:0:0:1 - - [23/Feb/2020:02:08:35 -0500] "GET /api/georeferencia/v1.0/emprendimientos HTTP/1.1" - - "-" "PostmanRuntime/7.22.0"
- 192.168.0.108 - - [23/Feb/2020:02:08:35 -0500] "GET /api/v1/emprendimientos HTTP/1.1" - - "-" "Synapse-PT-HttpComponents-NIO"
- 0:0:0:0:0:0:0:1 - - [23/Feb/2020:02:08:39 -0500] "GET /api/georeferencia/v1.0/emprendimientos HTTP/1.1" - - "-" "PostmanRuntime/7.22.0"
- 192.168.0.108 - - [23/Feb/2020:02:08:39 -0500] "GET /api/v1/emprendimientos HTTP/1.1" - - "-" "Synapse-PT-HttpComponents-NIO"
- 0:0:0:0:0:0:0:1  - [23/Feb/2020:02:10:13 -0500] "- - " 401 - "-" "-"
- 0:0:0:0:0:0:0:1  - [23/Feb/2020:02:10:18 -0500] "- - " 403 - "-" "-"
- 0:0:0:0:0:0:0:1  - [23/Feb/2020:02:10:21 -0500] "- - " 403 - "-" "-"
- 0:0:0:0:0:0:0:1  - [23/Feb/2020:02:10:25 -0500] "- - " 403 - "-" "-"
- 0:0:0:0:0:0:0:1  - [23/Feb/2020:02:10:27 -0500] "- - " 403 - "-" "-"
- 0:0:0:0:0:0:0:1 - - [23/Feb/2020:02:10:13 -0500] "GET /api/georeferencia/v1.0/emprendimientos HTTP/1.1" - - "-" "PostmanRuntime/7.22.0"
- 0:0:0:0:0:0:0:1 - - [23/Feb/2020:02:10:18 -0500] "GET /api/georeferencia/v1.0/emprendimientos HTTP/1.1" - - "-" "PostmanRuntime/7.22.0"
- 0:0:0:0:0:0:0:1 - - [23/Feb/2020:02:10:21 -0500] "GET /api/georeferencia/v1.0/emprendimientos HTTP/1.1" - - "-" "PostmanRuntime/7.22.0"
- 0:0:0:0:0:0:0:1 - - [23/Feb/2020:02:10:25 -0500] "GET /api/georeferencia/v1.0/emprendimientos HTTP/1.1" - - "-" "PostmanRuntime/7.22.0"
- 0:0:0:0:0:0:0:1 - - [23/Feb/2020:02:10:27 -0500] "GET /api/georeferencia/v1.0/emprendimientos HTTP/1.1" - - "-" "PostmanRuntime/7.22.0"
- 0:0:0:0:0:0:0:1 - - [23/Feb/2020:02:14:54 -0500] "GET /api/georeferencia/v1.0/emprendimientos HTTP/1.1" - - "-" "PostmanRuntime/7.22.0"
- 0:0:0:0:0:0:0:1  - [23/Feb/2020:02:14:54 -0500] "- - " 403 - "-" "-"
- 0:0:0:0:0:0:0:1 - - [23/Feb/2020:02:14:56 -0500] "GET /api/georeferencia/v1.0/emprendimientos/1 HTTP/1.1" - - "-" "PostmanRuntime/7.22.0"
- 0:0:0:0:0:0:0:1 - - [23/Feb/2020:02:14:59 -0500] "GET /api/georeferencia/v1.0/emprendimientos/1 HTTP/1.1" - - "-" "PostmanRuntime/7.22.0"
- 0:0:0:0:0:0:0:1  - [23/Feb/2020:02:14:56 -0500] "- - " 403 - "-" "-"
- 0:0:0:0:0:0:0:1  - [23/Feb/2020:02:14:59 -0500] "- - " 403 - "-" "-"
- 0:0:0:0:0:0:0:1 - - [23/Feb/2020:02:15:04 -0500] "GET /api/georeferencia/v1.0/emprendimientos/1 HTTP/1.1" - - "-" "PostmanRuntime/7.22.0"
- 0:0:0:0:0:0:0:1  - [23/Feb/2020:02:15:04 -0500] "- - " 401 - "-" "-"
- 0:0:0:0:0:0:0:1 - - [23/Feb/2020:02:15:34 -0500] "GET /api/georeferencia/v1.0/emprendimientos/1 HTTP/1.1" - - "-" "PostmanRuntime/7.22.0"
- 0:0:0:0:0:0:0:1 - - [23/Feb/2020:02:15:35 -0500] "GET /api/georeferencia/v1.0/emprendimientos/1 HTTP/1.1" - - "-" "PostmanRuntime/7.22.0"
- 0:0:0:0:0:0:0:1  - [23/Feb/2020:02:15:34 -0500] "- - " 401 - "-" "-"
- 0:0:0:0:0:0:0:1  - [23/Feb/2020:02:15:35 -0500] "- - " 401 - "-" "-"
- 0:0:0:0:0:0:0:1 - - [23/Feb/2020:02:16:17 -0500] "GET /api/georeferencia/v1.0/emprendimientos/1 HTTP/1.1" - - "-" "PostmanRuntime/7.22.0"
- 0:0:0:0:0:0:0:1 - - [23/Feb/2020:02:16:19 -0500] "GET /api/georeferencia/v1.0/emprendimientos/1 HTTP/1.1" - - "-" "PostmanRuntime/7.22.0"
- 0:0:0:0:0:0:0:1 - - [23/Feb/2020:02:16:22 -0500] "GET /api/georeferencia/v1.0/emprendimientos HTTP/1.1" - - "-" "PostmanRuntime/7.22.0"
- 192.168.0.108 - - [23/Feb/2020:02:16:22 -0500] "GET /api/v1/emprendimientos HTTP/1.1" - - "-" "Synapse-PT-HttpComponents-NIO"
- 0:0:0:0:0:0:0:1  - [23/Feb/2020:02:16:17 -0500] "- - " 401 - "-" "-"
- 0:0:0:0:0:0:0:1 - - [23/Feb/2020:02:16:27 -0500] "GET /api/georeferencia/v1.0/emprendimientos/3 HTTP/1.1" - - "-" "PostmanRuntime/7.22.0"
- 0:0:0:0:0:0:0:1  - [23/Feb/2020:02:16:19 -0500] "- - " 401 - "-" "-"
- 192.168.0.108  - [23/Feb/2020:02:16:22 -0500] "- - " 200 - "-" "-"
- 0:0:0:0:0:0:0:1  - [23/Feb/2020:02:16:22 -0500] "- - " 200 - "-" "-"
- 0:0:0:0:0:0:0:1  - [23/Feb/2020:02:16:27 -0500] "- - " 401 - "-" "-"
- 0:0:0:0:0:0:0:1 - - [23/Feb/2020:02:16:30 -0500] "GET /api/georeferencia/v1.0/emprendimientos/2 HTTP/1.1" - - "-" "PostmanRuntime/7.22.0"
- 0:0:0:0:0:0:0:1 - - [23/Feb/2020:02:16:30 -0500] "GET /api/georeferencia/v1.0/emprendimientos/2 HTTP/1.1" - - "-" "PostmanRuntime/7.22.0"
- 0:0:0:0:0:0:0:1 - - [23/Feb/2020:02:16:36 -0500] "GET /api/georeferencia/v1.0/emprendimientos/2 HTTP/1.1" - - "-" "PostmanRuntime/7.22.0"
- 0:0:0:0:0:0:0:1 - - [23/Feb/2020:02:16:40 -0500] "GET /api/georeferencia/v1.0/emprendimientos/2 HTTP/1.1" - - "-" "PostmanRuntime/7.22.0"
- 0:0:0:0:0:0:0:1  - [23/Feb/2020:02:16:30 -0500] "- - " 401 - "-" "-"
- 0:0:0:0:0:0:0:1  - [23/Feb/2020:02:16:30 -0500] "- - " 401 - "-" "-"
- 0:0:0:0:0:0:0:1  - [23/Feb/2020:02:16:36 -0500] "- - " 403 - "-" "-"
- 0:0:0:0:0:0:0:1  - [23/Feb/2020:02:16:40 -0500] "- - " 401 - "-" "-"
- 0:0:0:0:0:0:0:1 - - [23/Feb/2020:02:18:16 -0500] "GET /api/georeferencia/v1.0/emprendimientos/2 HTTP/1.1" - - "-" "PostmanRuntime/7.22.0"
- 0:0:0:0:0:0:0:1 - - [23/Feb/2020:02:18:18 -0500] "GET /api/georeferencia/v1.0/emprendimientos/2 HTTP/1.1" - - "-" "PostmanRuntime/7.22.0"
- 0:0:0:0:0:0:0:1 - - [23/Feb/2020:02:18:19 -0500] "GET /api/georeferencia/v1.0/emprendimientos/2 HTTP/1.1" - - "-" "PostmanRuntime/7.22.0"
- 0:0:0:0:0:0:0:1 - - [23/Feb/2020:02:18:22 -0500] "GET /api/georeferencia/v1.0/emprendimientos/2 HTTP/1.1" - - "-" "PostmanRuntime/7.22.0"
- 0:0:0:0:0:0:0:1 - - [23/Feb/2020:02:18:24 -0500] "GET /api/georeferencia/v1.0/emprendimientos/2 HTTP/1.1" - - "-" "PostmanRuntime/7.22.0"
- 0:0:0:0:0:0:0:1  - [23/Feb/2020:02:18:16 -0500] "- - " 401 - "-" "-"
- 0:0:0:0:0:0:0:1  - [23/Feb/2020:02:18:18 -0500] "- - " 401 - "-" "-"
- 0:0:0:0:0:0:0:1  - [23/Feb/2020:02:18:19 -0500] "- - " 401 - "-" "-"
- 0:0:0:0:0:0:0:1  - [23/Feb/2020:02:18:22 -0500] "- - " 403 - "-" "-"
- 0:0:0:0:0:0:0:1  - [23/Feb/2020:02:18:24 -0500] "- - " 403 - "-" "-"
- 0:0:0:0:0:0:0:1 - - [23/Feb/2020:02:18:36 -0500] "GET /api/georeferencia/v1.0/emprendimientos/2 HTTP/1.1" - - "-" "PostmanRuntime/7.22.0"
- 0:0:0:0:0:0:0:1 - - [23/Feb/2020:02:18:38 -0500] "GET /api/georeferencia/v1.0/emprendimientos/2 HTTP/1.1" - - "-" "PostmanRuntime/7.22.0"
- 0:0:0:0:0:0:0:1 - - [23/Feb/2020:02:18:44 -0500] "GET /api/georeferencia/v1.0/emprendimientos/2 HTTP/1.1" - - "-" "PostmanRuntime/7.22.0"
- 0:0:0:0:0:0:0:1  - [23/Feb/2020:02:18:36 -0500] "- - " 403 - "-" "-"
- 0:0:0:0:0:0:0:1  - [23/Feb/2020:02:18:38 -0500] "- - " 403 - "-" "-"
- 0:0:0:0:0:0:0:1  - [23/Feb/2020:02:18:44 -0500] "- - " 401 - "-" "-"
- 0:0:0:0:0:0:0:1 - - [23/Feb/2020:02:20:23 -0500] "GET /api/georeferencia/v1.0/emprendimientos/2 HTTP/1.1" - - "-" "PostmanRuntime/7.22.0"
- 0:0:0:0:0:0:0:1 - - [23/Feb/2020:02:20:25 -0500] "GET /api/georeferencia/v1.0/emprendimientos/2 HTTP/1.1" - - "-" "PostmanRuntime/7.22.0"
- 0:0:0:0:0:0:0:1 - - [23/Feb/2020:02:20:26 -0500] "GET /api/georeferencia/v1.0/emprendimientos/2 HTTP/1.1" - - "-" "PostmanRuntime/7.22.0"
- 0:0:0:0:0:0:0:1  - [23/Feb/2020:02:20:23 -0500] "- - " 401 - "-" "-"
- 0:0:0:0:0:0:0:1  - [23/Feb/2020:02:20:25 -0500] "- - " 401 - "-" "-"
- 0:0:0:0:0:0:0:1  - [23/Feb/2020:02:20:26 -0500] "- - " 401 - "-" "-"
- 0:0:0:0:0:0:0:1 - - [23/Feb/2020:02:20:31 -0500] "GET /api/georeferencia/v1.0/emprendimientos HTTP/1.1" - - "-" "PostmanRuntime/7.22.0"
- 192.168.0.108 - - [23/Feb/2020:02:20:31 -0500] "GET /api/v1/emprendimientos HTTP/1.1" - - "-" "Synapse-PT-HttpComponents-NIO"
- 0:0:0:0:0:0:0:1 - - [23/Feb/2020:02:20:38 -0500] "GET /api/georeferencia/v1.0/emprendimientos/%7B1%7D HTTP/1.1" - - "-" "PostmanRuntime/7.22.0"
- 0:0:0:0:0:0:0:1 - - [23/Feb/2020:02:20:42 -0500] "GET /api/georeferencia/v1.0/emprendimientos/3 HTTP/1.1" - - "-" "PostmanRuntime/7.22.0"
- 192.168.0.108  - [23/Feb/2020:02:20:31 -0500] "- - " 200 - "-" "-"
- 0:0:0:0:0:0:0:1  - [23/Feb/2020:02:20:31 -0500] "- - " 200 - "-" "-"
- 0:0:0:0:0:0:0:1  - [23/Feb/2020:02:20:38 -0500] "- - " 401 - "-" "-"
- 0:0:0:0:0:0:0:1  - [23/Feb/2020:02:20:42 -0500] "- - " 401 - "-" "-"
- 0:0:0:0:0:0:0:1 - - [23/Feb/2020:02:21:24 -0500] "GET /api/georeferencia/v1.0/emprendimientos/3 HTTP/1.1" - - "-" "PostmanRuntime/7.22.0"
- 0:0:0:0:0:0:0:1 - - [23/Feb/2020:02:21:24 -0500] "GET /api/georeferencia/v1.0/emprendimientos/3 HTTP/1.1" - - "-" "PostmanRuntime/7.22.0"
- 0:0:0:0:0:0:0:1 - - [23/Feb/2020:02:21:29 -0500] "GET /api/georeferencia/v1.0/emprendimientos/3 HTTP/1.1" - - "-" "PostmanRuntime/7.22.0"
- 0:0:0:0:0:0:0:1  - [23/Feb/2020:02:21:24 -0500] "- - " 401 - "-" "-"
- 0:0:0:0:0:0:0:1  - [23/Feb/2020:02:21:24 -0500] "- - " 401 - "-" "-"
- 0:0:0:0:0:0:0:1  - [23/Feb/2020:02:21:29 -0500] "- - " 403 - "-" "-"
- 0:0:0:0:0:0:0:1 - - [23/Feb/2020:02:22:39 -0500] "GET /api/georeferencia/v1.0/emprendimientos/3 HTTP/1.1" - - "-" "PostmanRuntime/7.22.0"
- 0:0:0:0:0:0:0:1 - - [23/Feb/2020:02:22:41 -0500] "GET /api/georeferencia/v1.0/emprendimientos/3 HTTP/1.1" - - "-" "PostmanRuntime/7.22.0"
- 0:0:0:0:0:0:0:1 - - [23/Feb/2020:02:22:48 -0500] "GET /api/georeferencia/v1.0/emprendimientos HTTP/1.1" - - "-" "PostmanRuntime/7.22.0"
- 192.168.0.108 - - [23/Feb/2020:02:22:48 -0500] "GET /api/v1/emprendimientos HTTP/1.1" - - "-" "Synapse-PT-HttpComponents-NIO"
- 0:0:0:0:0:0:0:1 - - [23/Feb/2020:02:22:51 -0500] "GET /api/georeferencia/v1.0/emprendimientos/2 HTTP/1.1" - - "-" "PostmanRuntime/7.22.0"
- 0:0:0:0:0:0:0:1  - [23/Feb/2020:02:22:39 -0500] "- - " 500 - "-" "-"
- 0:0:0:0:0:0:0:1  - [23/Feb/2020:02:22:41 -0500] "- - " 500 - "-" "-"
- 192.168.0.108  - [23/Feb/2020:02:22:48 -0500] "- - " 200 - "-" "-"
- 0:0:0:0:0:0:0:1  - [23/Feb/2020:02:22:48 -0500] "- - " 200 - "-" "-"
- 0:0:0:0:0:0:0:1  - [23/Feb/2020:02:22:51 -0500] "- - " 500 - "-" "-"
- 0:0:0:0:0:0:0:1 - - [23/Feb/2020:02:23:04 -0500] "GET /api/georeferencia/v1.0/emprendimientos/2 HTTP/1.1" - - "-" "PostmanRuntime/7.22.0"
- 0:0:0:0:0:0:0:1 - - [23/Feb/2020:02:23:08 -0500] "GET /api/georeferencia/v1.0/emprendimientos/2 HTTP/1.1" - - "-" "PostmanRuntime/7.22.0"
- 0:0:0:0:0:0:0:1  - [23/Feb/2020:02:23:04 -0500] "- - " 401 - "-" "-"
- 0:0:0:0:0:0:0:1  - [23/Feb/2020:02:23:08 -0500] "- - " 500 - "-" "-"
- 127.0.0.1 - - [23/Feb/2020:02:24:07 -0500] "POST /token HTTP/1.1" - 137 "-" "-"
- 127.0.0.1 - - [23/Feb/2020:02:24:07 -0500] "POST /oauth2/token HTTP/1.1" - - "-" "Synapse-PT-HttpComponents-NIO"
- 0:0:0:0:0:0:0:1 - - [23/Feb/2020:02:24:13 -0500] "GET /api/georeferencia/v1.0/emprendimientos/2 HTTP/1.1" - - "-" "PostmanRuntime/7.22.0"
- 0:0:0:0:0:0:0:1 - - [23/Feb/2020:02:24:20 -0500] "GET /api/georeferencia/v1.0/emprendimientos/2 HTTP/1.1" - - "-" "PostmanRuntime/7.22.0"
- 192.168.0.108 - - [23/Feb/2020:02:24:21 -0500] "GET /api/v1/emprendimientos/2 HTTP/1.1" - - "-" "Synapse-PT-HttpComponents-NIO"
- 0:0:0:0:0:0:0:1 - - [23/Feb/2020:02:24:26 -0500] "GET /api/georeferencia/v1.0/emprendimientos/3 HTTP/1.1" - - "-" "PostmanRuntime/7.22.0"
- 192.168.0.108 - - [23/Feb/2020:02:24:26 -0500] "GET /api/v1/emprendimientos/3 HTTP/1.1" - - "-" "Synapse-PT-HttpComponents-NIO"
- 127.0.0.1  - [23/Feb/2020:02:24:07 -0500] "- - " 200 - "-" "-"
- 127.0.0.1  - [23/Feb/2020:02:24:07 -0500] "- - " 200 - "-" "-"
- 0:0:0:0:0:0:0:1  - [23/Feb/2020:02:24:13 -0500] "- - " 500 - "-" "-"
- 192.168.0.108  - [23/Feb/2020:02:24:21 -0500] "- - " 404 - "-" "-"
- 0:0:0:0:0:0:0:1  - [23/Feb/2020:02:24:20 -0500] "- - " 404 - "-" "-"
- 192.168.0.108  - [23/Feb/2020:02:24:26 -0500] "- - " 200 - "-" "-"
- 0:0:0:0:0:0:0:1  - [23/Feb/2020:02:24:26 -0500] "- - " 200 - "-" "-"
- 0:0:0:0:0:0:0:1 - - [23/Feb/2020:02:24:33 -0500] "GET /api/georeferencia/v1.0/emprendimientos/3 HTTP/1.1" - - "-" "PostmanRuntime/7.22.0"
- 0:0:0:0:0:0:0:1 - - [23/Feb/2020:02:24:43 -0500] "GET /api/georeferencia/v1.0/emprendimientos/3 HTTP/1.1" - - "-" "PostmanRuntime/7.22.0"
- 0:0:0:0:0:0:0:1 - - [23/Feb/2020:02:24:47 -0500] "GET /api/georeferencia/v1.0/emprendimientos/3 HTTP/1.1" - - "-" "PostmanRuntime/7.22.0"
- 192.168.0.108 - - [23/Feb/2020:02:24:47 -0500] "GET /api/v1/emprendimientos/3 HTTP/1.1" - - "-" "Synapse-PT-HttpComponents-NIO"
- 0:0:0:0:0:0:0:1 - - [23/Feb/2020:02:24:53 -0500] "GET /api/georeferencia/v1.0/emprendimientos HTTP/1.1" - - "-" "PostmanRuntime/7.22.0"
- 192.168.0.108 - - [23/Feb/2020:02:24:53 -0500] "GET /api/v1/emprendimientos HTTP/1.1" - - "-" "Synapse-PT-HttpComponents-NIO"
- 0:0:0:0:0:0:0:1 - - [23/Feb/2020:02:24:59 -0500] "GET /api/georeferencia/v1.0/emprendimientos HTTP/1.1" - - "-" "PostmanRuntime/7.22.0"
- 192.168.0.108 - - [23/Feb/2020:02:24:59 -0500] "GET /api/v1/emprendimientos HTTP/1.1" - - "-" "Synapse-PT-HttpComponents-NIO"
- 0:0:0:0:0:0:0:1  - [23/Feb/2020:02:24:33 -0500] "- - " 401 - "-" "-"
- 0:0:0:0:0:0:0:1  - [23/Feb/2020:02:24:43 -0500] "- - " 401 - "-" "-"
- 192.168.0.108  - [23/Feb/2020:02:24:47 -0500] "- - " 400 - "-" "-"
- 0:0:0:0:0:0:0:1  - [23/Feb/2020:02:24:47 -0500] "- - " 400 - "-" "-"
- 192.168.0.108  - [23/Feb/2020:02:24:53 -0500] "- - " 400 - "-" "-"
- 0:0:0:0:0:0:0:1  - [23/Feb/2020:02:24:53 -0500] "- - " 400 - "-" "-"
- 192.168.0.108  - [23/Feb/2020:02:24:59 -0500] "- - " 200 - "-" "-"
- 0:0:0:0:0:0:0:1  - [23/Feb/2020:02:24:59 -0500] "- - " 200 - "-" "-"
- 0:0:0:0:0:0:0:1 - - [23/Feb/2020:02:25:03 -0500] "GET /api/georeferencia/v1.0/emprendimientos/2 HTTP/1.1" - - "-" "PostmanRuntime/7.22.0"
- 0:0:0:0:0:0:0:1 - - [23/Feb/2020:02:25:08 -0500] "GET /api/georeferencia/v1.0/emprendimientos/2 HTTP/1.1" - - "-" "PostmanRuntime/7.22.0"
- 192.168.0.108 - - [23/Feb/2020:02:25:08 -0500] "GET /api/v1/emprendimientos/2 HTTP/1.1" - - "-" "Synapse-PT-HttpComponents-NIO"
- 0:0:0:0:0:0:0:1 - - [23/Feb/2020:02:25:14 -0500] "GET /api/georeferencia/v1.0/emprendimientos/3 HTTP/1.1" - - "-" "PostmanRuntime/7.22.0"
- 192.168.0.108 - - [23/Feb/2020:02:25:14 -0500] "GET /api/v1/emprendimientos/3 HTTP/1.1" - - "-" "Synapse-PT-HttpComponents-NIO"
- 0:0:0:0:0:0:0:1  - [23/Feb/2020:02:25:03 -0500] "- - " 401 - "-" "-"
- 192.168.0.108  - [23/Feb/2020:02:25:08 -0500] "- - " 404 - "-" "-"
- 0:0:0:0:0:0:0:1  - [23/Feb/2020:02:25:08 -0500] "- - " 404 - "-" "-"
- 192.168.0.108  - [23/Feb/2020:02:25:14 -0500] "- - " 200 - "-" "-"
- 0:0:0:0:0:0:0:1  - [23/Feb/2020:02:25:14 -0500] "- - " 200 - "-" "-"
- 0:0:0:0:0:0:0:1 - - [23/Feb/2020:02:26:18 -0500] "GET /api/georeferencia/v1.0/emprendimientos/3 HTTP/1.1" - - "-" "PostmanRuntime/7.22.0"
- 192.168.0.108 - - [23/Feb/2020:02:26:18 -0500] "GET /api/v1/emprendimientos/3 HTTP/1.1" - - "-" "Synapse-PT-HttpComponents-NIO"
- 0:0:0:0:0:0:0:1 - - [23/Feb/2020:02:26:20 -0500] "GET /api/georeferencia/v1.0/emprendimientos/3 HTTP/1.1" - - "-" "PostmanRuntime/7.22.0"
- 192.168.0.108 - - [23/Feb/2020:02:26:20 -0500] "GET /api/v1/emprendimientos/3 HTTP/1.1" - - "-" "Synapse-PT-HttpComponents-NIO"
- 0:0:0:0:0:0:0:1 - - [23/Feb/2020:02:26:21 -0500] "GET /api/georeferencia/v1.0/emprendimientos/3 HTTP/1.1" - - "-" "PostmanRuntime/7.22.0"
- 192.168.0.108 - - [23/Feb/2020:02:26:21 -0500] "GET /api/v1/emprendimientos/3 HTTP/1.1" - - "-" "Synapse-PT-HttpComponents-NIO"
- 0:0:0:0:0:0:0:1 - - [23/Feb/2020:02:26:22 -0500] "GET /api/georeferencia/v1.0/emprendimientos/3 HTTP/1.1" - - "-" "PostmanRuntime/7.22.0"
- 192.168.0.108 - - [23/Feb/2020:02:26:22 -0500] "GET /api/v1/emprendimientos/3 HTTP/1.1" - - "-" "Synapse-PT-HttpComponents-NIO"
- 192.168.0.108  - [23/Feb/2020:02:26:18 -0500] "- - " 200 - "-" "-"
- 0:0:0:0:0:0:0:1  - [23/Feb/2020:02:26:18 -0500] "- - " 200 - "-" "-"
- 192.168.0.108  - [23/Feb/2020:02:26:20 -0500] "- - " 200 - "-" "-"
- 0:0:0:0:0:0:0:1  - [23/Feb/2020:02:26:20 -0500] "- - " 200 - "-" "-"
- 192.168.0.108  - [23/Feb/2020:02:26:21 -0500] "- - " 200 - "-" "-"
- 0:0:0:0:0:0:0:1  - [23/Feb/2020:02:26:21 -0500] "- - " 200 - "-" "-"
- 192.168.0.108  - [23/Feb/2020:02:26:22 -0500] "- - " 200 - "-" "-"
- 0:0:0:0:0:0:0:1  - [23/Feb/2020:02:26:22 -0500] "- - " 200 - "-" "-"
- 0:0:0:0:0:0:0:1 - - [23/Feb/2020:02:26:36 -0500] "GET /api/georeferencia/v1.0/emprendimientos/3 HTTP/1.1" - - "-" "PostmanRuntime/7.22.0"
- 192.168.0.108 - - [23/Feb/2020:02:26:36 -0500] "GET /api/v1/emprendimientos/3 HTTP/1.1" - - "-" "Synapse-PT-HttpComponents-NIO"
- 0:0:0:0:0:0:0:1 - - [23/Feb/2020:02:26:38 -0500] "GET /api/georeferencia/v1.0/emprendimientos HTTP/1.1" - - "-" "PostmanRuntime/7.22.0"
- 192.168.0.108 - - [23/Feb/2020:02:26:38 -0500] "GET /api/v1/emprendimientos HTTP/1.1" - - "-" "Synapse-PT-HttpComponents-NIO"
- 0:0:0:0:0:0:0:1 - - [23/Feb/2020:02:26:42 -0500] "GET /api/georeferencia/v1.0/emprendimientos HTTP/1.1" - - "-" "PostmanRuntime/7.22.0"
- 0:0:0:0:0:0:0:1 - - [23/Feb/2020:02:26:46 -0500] "GET /api/georeferencia/v1.0/emprendimientos HTTP/1.1" - - "-" "PostmanRuntime/7.22.0"
- 192.168.0.108 - - [23/Feb/2020:02:26:46 -0500] "GET /api/v1/emprendimientos HTTP/1.1" - - "-" "Synapse-PT-HttpComponents-NIO"
- 192.168.0.108  - [23/Feb/2020:02:26:36 -0500] "- - " 200 - "-" "-"
- 0:0:0:0:0:0:0:1  - [23/Feb/2020:02:26:36 -0500] "- - " 200 - "-" "-"
- 192.168.0.108  - [23/Feb/2020:02:26:38 -0500] "- - " 200 - "-" "-"
- 0:0:0:0:0:0:0:1  - [23/Feb/2020:02:26:38 -0500] "- - " 200 - "-" "-"
- 0:0:0:0:0:0:0:1  - [23/Feb/2020:02:26:42 -0500] "- - " 401 - "-" "-"
- 192.168.0.108  - [23/Feb/2020:02:26:46 -0500] "- - " 200 - "-" "-"
- 0:0:0:0:0:0:0:1  - [23/Feb/2020:02:26:46 -0500] "- - " 200 - "-" "-"
- 0:0:0:0:0:0:0:1 - - [23/Feb/2020:02:27:00 -0500] "GET /api/georeferencia/v1.0/emprendimientos HTTP/1.1" - - "-" "PostmanRuntime/7.22.0"
- 0:0:0:0:0:0:0:1 - - [23/Feb/2020:02:27:03 -0500] "GET /api/georeferencia/v1.0/emprendimientos/3 HTTP/1.1" - - "-" "PostmanRuntime/7.22.0"
- 192.168.0.108 - - [23/Feb/2020:02:27:03 -0500] "GET /api/v1/emprendimientos/3 HTTP/1.1" - - "-" "Synapse-PT-HttpComponents-NIO"
- 0:0:0:0:0:0:0:1 - - [23/Feb/2020:02:27:19 -0500] "GET /api/georeferencia/v1.0/emprendimientos/3 HTTP/1.1" - - "-" "PostmanRuntime/7.22.0"
- 0:0:0:0:0:0:0:1  - [23/Feb/2020:02:27:00 -0500] "- - " 401 - "-" "-"
- 192.168.0.108 - - [23/Feb/2020:02:27:19 -0500] "GET /api/v1/emprendimientos/3 HTTP/1.1" - - "-" "Synapse-PT-HttpComponents-NIO"
- 0:0:0:0:0:0:0:1 - - [23/Feb/2020:02:27:21 -0500] "GET /api/georeferencia/v1.0/emprendimientos HTTP/1.1" - - "-" "PostmanRuntime/7.22.0"
- 192.168.0.108 - - [23/Feb/2020:02:27:21 -0500] "GET /api/v1/emprendimientos HTTP/1.1" - - "-" "Synapse-PT-HttpComponents-NIO"
- 192.168.0.108  - [23/Feb/2020:02:27:03 -0500] "- - " 200 - "-" "-"
- 0:0:0:0:0:0:0:1 - - [23/Feb/2020:02:27:24 -0500] "GET /api/georeferencia/v1.0/emprendimientos HTTP/1.1" - - "-" "PostmanRuntime/7.22.0"
- 192.168.0.108 - - [23/Feb/2020:02:27:24 -0500] "GET /api/v1/emprendimientos HTTP/1.1" - - "-" "Synapse-PT-HttpComponents-NIO"
- 0:0:0:0:0:0:0:1  - [23/Feb/2020:02:27:03 -0500] "- - " 200 - "-" "-"
- 192.168.0.108  - [23/Feb/2020:02:27:19 -0500] "- - " 200 - "-" "-"
- 0:0:0:0:0:0:0:1  - [23/Feb/2020:02:27:19 -0500] "- - " 200 - "-" "-"
- 192.168.0.108  - [23/Feb/2020:02:27:21 -0500] "- - " 200 - "-" "-"
- 0:0:0:0:0:0:0:1  - [23/Feb/2020:02:27:21 -0500] "- - " 200 - "-" "-"
- 192.168.0.108  - [23/Feb/2020:02:27:24 -0500] "- - " 200 - "-" "-"
- 0:0:0:0:0:0:0:1  - [23/Feb/2020:02:27:24 -0500] "- - " 200 - "-" "-"
- 0:0:0:0:0:0:0:1 - - [23/Feb/2020:02:27:34 -0500] "GET /api/georeferencia/v1.0/emprendimientos HTTP/1.1" - - "-" "PostmanRuntime/7.22.0"
- 192.168.0.108  - [23/Feb/2020:02:27:34 -0500] "- - " 200 - "-" "-"
- 192.168.0.108 - - [23/Feb/2020:02:27:34 -0500] "GET /api/v1/emprendimientos HTTP/1.1" - - "-" "Synapse-PT-HttpComponents-NIO"
- 0:0:0:0:0:0:0:1 - - [23/Feb/2020:02:27:36 -0500] "GET /api/georeferencia/v1.0/emprendimientos/2 HTTP/1.1" - - "-" "PostmanRuntime/7.22.0"
- 192.168.0.108 - - [23/Feb/2020:02:27:36 -0500] "GET /api/v1/emprendimientos/2 HTTP/1.1" - - "-" "Synapse-PT-HttpComponents-NIO"
- 0:0:0:0:0:0:0:1  - [23/Feb/2020:02:27:34 -0500] "- - " 200 - "-" "-"
- 192.168.0.108  - [23/Feb/2020:02:27:36 -0500] "- - " 404 - "-" "-"
- 0:0:0:0:0:0:0:1  - [23/Feb/2020:02:27:36 -0500] "- - " 404 - "-" "-"
- 192.168.0.108  - [23/Feb/2020:02:28:59 -0500] "- - " 404 - "-" "-"
- 0:0:0:0:0:0:0:1  - [23/Feb/2020:02:28:59 -0500] "- - " 404 - "-" "-"
- 0:0:0:0:0:0:0:1 - - [23/Feb/2020:02:28:59 -0500] "GET /api/georeferencia/v1.0/emprendimientos/2 HTTP/1.1" - - "-" "PostmanRuntime/7.22.0"
- 192.168.0.108 - - [23/Feb/2020:02:28:59 -0500] "GET /api/v1/emprendimientos/2 HTTP/1.1" - - "-" "Synapse-PT-HttpComponents-NIO"
- 192.168.0.108  - [23/Feb/2020:02:29:01 -0500] "- - " 200 - "-" "-"
- 0:0:0:0:0:0:0:1  - [23/Feb/2020:02:29:01 -0500] "- - " 200 - "-" "-"
- 0:0:0:0:0:0:0:1 - - [23/Feb/2020:02:29:01 -0500] "GET /api/georeferencia/v1.0/emprendimientos HTTP/1.1" - - "-" "PostmanRuntime/7.22.0"
- 192.168.0.108 - - [23/Feb/2020:02:29:01 -0500] "GET /api/v1/emprendimientos HTTP/1.1" - - "-" "Synapse-PT-HttpComponents-NIO"
- 0:0:0:0:0:0:0:1 - - [23/Feb/2020:02:31:00 -0500] "POST /api/georeferencia/v1.0/emprendimientos HTTP/1.1" - 579 "-" "PostmanRuntime/7.22.0"
- 192.168.0.108 - - [23/Feb/2020:02:31:00 -0500] "POST /api/v1/emprendimientos HTTP/1.1" - - "-" "Synapse-PT-HttpComponents-NIO"
- 192.168.0.108  - [23/Feb/2020:02:31:00 -0500] "- - " 200 - "-" "-"
- 0:0:0:0:0:0:0:1  - [23/Feb/2020:02:31:00 -0500] "- - " 200 - "-" "-"
- 0:0:0:0:0:0:0:1 - - [23/Feb/2020:02:32:12 -0500] "PUT /api/georeferencia/v1.0/emprendimientos/28 HTTP/1.1" - 586 "-" "PostmanRuntime/7.22.0"
- 0:0:0:0:0:0:0:1 - - [23/Feb/2020:02:32:20 -0500] "PUT /api/georeferencia/v1.0/emprendimientos/28 HTTP/1.1" - 586 "-" "PostmanRuntime/7.22.0"
- 0:0:0:0:0:0:0:1 - - [23/Feb/2020:02:32:22 -0500] "PUT /api/georeferencia/v1.0/emprendimientos/27 HTTP/1.1" - 586 "-" "PostmanRuntime/7.22.0"
- 0:0:0:0:0:0:0:1  - [23/Feb/2020:02:32:12 -0500] "- - " 405 - "-" "-"
- 0:0:0:0:0:0:0:1  - [23/Feb/2020:02:32:20 -0500] "- - " 405 - "-" "-"
- 0:0:0:0:0:0:0:1  - [23/Feb/2020:02:32:22 -0500] "- - " 405 - "-" "-"
- 0:0:0:0:0:0:0:1 - - [23/Feb/2020:02:33:16 -0500] "PUT /api/georeferencia/v1.0/emprendimientos/27 HTTP/1.1" - 586 "-" "PostmanRuntime/7.22.0"
- 0:0:0:0:0:0:0:1 - - [23/Feb/2020:02:33:27 -0500] "PUT /api/georeferencia/v1.0/emprendimientos/27 HTTP/1.1" - 586 "-" "PostmanRuntime/7.22.0"
- 192.168.0.108 - - [23/Feb/2020:02:33:27 -0500] "PUT /api/v1/emprendimientos/27 HTTP/1.1" - - "-" "Synapse-PT-HttpComponents-NIO"
- 0:0:0:0:0:0:0:1  - [23/Feb/2020:02:33:16 -0500] "- - " 401 - "-" "-"
- 192.168.0.108  - [23/Feb/2020:02:33:27 -0500] "- - " 200 - "-" "-"
- 0:0:0:0:0:0:0:1  - [23/Feb/2020:02:33:27 -0500] "- - " 200 - "-" "-"
- 0:0:0:0:0:0:0:1 - - [23/Feb/2020:02:33:32 -0500] "PUT /api/georeferencia/v1.0/emprendimientos/27 HTTP/1.1" - 586 "-" "PostmanRuntime/7.22.0"
- 192.168.0.108 - - [23/Feb/2020:02:33:32 -0500] "PUT /api/v1/emprendimientos/27 HTTP/1.1" - - "-" "Synapse-PT-HttpComponents-NIO"
- 0:0:0:0:0:0:0:1 - - [23/Feb/2020:02:33:34 -0500] "PUT /api/georeferencia/v1.0/emprendimientos/27 HTTP/1.1" - 586 "-" "PostmanRuntime/7.22.0"
- 192.168.0.108 - - [23/Feb/2020:02:33:34 -0500] "PUT /api/v1/emprendimientos/27 HTTP/1.1" - - "-" "Synapse-PT-HttpComponents-NIO"
- 0:0:0:0:0:0:0:1 - - [23/Feb/2020:02:33:36 -0500] "PUT /api/georeferencia/v1.0/emprendimientos/27 HTTP/1.1" - 586 "-" "PostmanRuntime/7.22.0"
- 192.168.0.108 - - [23/Feb/2020:02:33:36 -0500] "PUT /api/v1/emprendimientos/27 HTTP/1.1" - - "-" "Synapse-PT-HttpComponents-NIO"
- 0:0:0:0:0:0:0:1 - - [23/Feb/2020:02:33:37 -0500] "PUT /api/georeferencia/v1.0/emprendimientos/27 HTTP/1.1" - 586 "-" "PostmanRuntime/7.22.0"
- 192.168.0.108 - - [23/Feb/2020:02:33:37 -0500] "PUT /api/v1/emprendimientos/27 HTTP/1.1" - - "-" "Synapse-PT-HttpComponents-NIO"
- 0:0:0:0:0:0:0:1 - - [23/Feb/2020:02:33:41 -0500] "PUT /api/georeferencia/v1.0/emprendimientos/27 HTTP/1.1" - 586 "-" "PostmanRuntime/7.22.0"
- 192.168.0.108 - - [23/Feb/2020:02:33:41 -0500] "PUT /api/v1/emprendimientos/27 HTTP/1.1" - - "-" "Synapse-PT-HttpComponents-NIO"
- 0:0:0:0:0:0:0:1 - - [23/Feb/2020:02:33:42 -0500] "PUT /api/georeferencia/v1.0/emprendimientos/27 HTTP/1.1" - 586 "-" "PostmanRuntime/7.22.0"
- 192.168.0.108 - - [23/Feb/2020:02:33:42 -0500] "PUT /api/v1/emprendimientos/27 HTTP/1.1" - - "-" "Synapse-PT-HttpComponents-NIO"
- 192.168.0.108  - [23/Feb/2020:02:33:32 -0500] "- - " 200 - "-" "-"
- 0:0:0:0:0:0:0:1  - [23/Feb/2020:02:33:32 -0500] "- - " 200 - "-" "-"
- 192.168.0.108  - [23/Feb/2020:02:33:34 -0500] "- - " 200 - "-" "-"
- 0:0:0:0:0:0:0:1  - [23/Feb/2020:02:33:34 -0500] "- - " 200 - "-" "-"
- 192.168.0.108  - [23/Feb/2020:02:33:36 -0500] "- - " 200 - "-" "-"
- 0:0:0:0:0:0:0:1  - [23/Feb/2020:02:33:36 -0500] "- - " 200 - "-" "-"
- 192.168.0.108  - [23/Feb/2020:02:33:37 -0500] "- - " 200 - "-" "-"
- 0:0:0:0:0:0:0:1  - [23/Feb/2020:02:33:37 -0500] "- - " 200 - "-" "-"
- 192.168.0.108  - [23/Feb/2020:02:33:41 -0500] "- - " 200 - "-" "-"
- 0:0:0:0:0:0:0:1  - [23/Feb/2020:02:33:41 -0500] "- - " 200 - "-" "-"
- 192.168.0.108  - [23/Feb/2020:02:33:42 -0500] "- - " 200 - "-" "-"
- 0:0:0:0:0:0:0:1  - [23/Feb/2020:02:33:42 -0500] "- - " 200 - "-" "-"
- 0:0:0:0:0:0:0:1 - - [23/Feb/2020:02:48:20 -0500] "GET /api/session/v1.0/georeferencia/find-all-select HTTP/1.1" - - "-" "PostmanRuntime/7.22.0"
- 0:0:0:0:0:0:0:1 - - [23/Feb/2020:02:48:26 -0500] "GET /api/session/v1.0/georeferencia/find-all-select HTTP/1.1" - - "-" "PostmanRuntime/7.22.0"
- 0:0:0:0:0:0:0:1  - [23/Feb/2020:02:48:20 -0500] "- - " 404 - "-" "-"
- 0:0:0:0:0:0:0:1  - [23/Feb/2020:02:48:26 -0500] "- - " 404 - "-" "-"
- 0:0:0:0:0:0:0:1 - - [23/Feb/2020:02:48:59 -0500] "GET /api/session/v1.0/georeferencia/find-all-selec HTTP/1.1" - - "-" "PostmanRuntime/7.22.0"
- 192.168.0.108 - - [23/Feb/2020:02:48:59 -0500] "GET /api/v1/georeferencia/find-all-selec HTTP/1.1" - - "-" "Synapse-PT-HttpComponents-NIO"
- 192.168.0.108  - [23/Feb/2020:02:48:59 -0500] "- - " 404 - "-" "-"
- 0:0:0:0:0:0:0:1  - [23/Feb/2020:02:48:59 -0500] "- - " 404 - "-" "-"
- 0:0:0:0:0:0:0:1 - - [23/Feb/2020:02:49:05 -0500] "GET /api/session/v1.0/georeferencia/find-all-selec HTTP/1.1" - - "-" "PostmanRuntime/7.22.0"
- 192.168.0.108 - - [23/Feb/2020:02:49:05 -0500] "GET /api/v1/georeferencia/find-all-selec HTTP/1.1" - - "-" "Synapse-PT-HttpComponents-NIO"
- 0:0:0:0:0:0:0:1 - - [23/Feb/2020:02:49:06 -0500] "GET /api/session/v1.0/georeferencia/find-all-selec HTTP/1.1" - - "-" "PostmanRuntime/7.22.0"
- 192.168.0.108 - - [23/Feb/2020:02:49:06 -0500] "GET /api/v1/georeferencia/find-all-selec HTTP/1.1" - - "-" "Synapse-PT-HttpComponents-NIO"
- 0:0:0:0:0:0:0:1 - - [23/Feb/2020:02:49:07 -0500] "GET /api/session/v1.0/georeferencia/find-all-selec HTTP/1.1" - - "-" "PostmanRuntime/7.22.0"
- 192.168.0.108 - - [23/Feb/2020:02:49:07 -0500] "GET /api/v1/georeferencia/find-all-selec HTTP/1.1" - - "-" "Synapse-PT-HttpComponents-NIO"
- 192.168.0.108  - [23/Feb/2020:02:49:05 -0500] "- - " 404 - "-" "-"
- 0:0:0:0:0:0:0:1  - [23/Feb/2020:02:49:05 -0500] "- - " 404 - "-" "-"
- 192.168.0.108  - [23/Feb/2020:02:49:06 -0500] "- - " 404 - "-" "-"
- 0:0:0:0:0:0:0:1  - [23/Feb/2020:02:49:06 -0500] "- - " 404 - "-" "-"
- 192.168.0.108  - [23/Feb/2020:02:49:07 -0500] "- - " 404 - "-" "-"
- 0:0:0:0:0:0:0:1  - [23/Feb/2020:02:49:07 -0500] "- - " 404 - "-" "-"
- 0:0:0:0:0:0:0:1 - - [23/Feb/2020:02:50:18 -0500] "GET /api/session/v1.0/georeferencia/find-all-selec HTTP/1.1" - - "-" "PostmanRuntime/7.22.0"
- 192.168.0.108 - - [23/Feb/2020:02:50:18 -0500] "GET /api/v1/georeferencia/find-all-selec HTTP/1.1" - - "-" "Synapse-PT-HttpComponents-NIO"
- 192.168.0.108  - [23/Feb/2020:02:50:18 -0500] "- - " 404 - "-" "-"
- 0:0:0:0:0:0:0:1  - [23/Feb/2020:02:50:18 -0500] "- - " 404 - "-" "-"
- 0:0:0:0:0:0:0:1 - - [23/Feb/2020:02:51:29 -0500] "GET /api/session/v1.0/georeferencia/find-all-selec HTTP/1.1" - - "-" "PostmanRuntime/7.22.0"
- 192.168.0.108 - - [23/Feb/2020:02:51:29 -0500] "GET /api/v1/georeferencia/find-all-selec HTTP/1.1" - - "-" "Synapse-PT-HttpComponents-NIO"
- 192.168.0.108  - [23/Feb/2020:02:51:29 -0500] "- - " 404 - "-" "-"
- 0:0:0:0:0:0:0:1  - [23/Feb/2020:02:51:29 -0500] "- - " 404 - "-" "-"
- 0:0:0:0:0:0:0:1 - - [23/Feb/2020:02:51:31 -0500] "GET /api/session/v1.0/georeferencia/find-all-selec HTTP/1.1" - - "-" "PostmanRuntime/7.22.0"
- 192.168.0.108 - - [23/Feb/2020:02:51:31 -0500] "GET /api/v1/georeferencia/find-all-selec HTTP/1.1" - - "-" "Synapse-PT-HttpComponents-NIO"
- 192.168.0.108  - [23/Feb/2020:02:51:31 -0500] "- - " 404 - "-" "-"
- 0:0:0:0:0:0:0:1  - [23/Feb/2020:02:51:31 -0500] "- - " 404 - "-" "-"
- 0:0:0:0:0:0:0:1 - - [23/Feb/2020:02:52:10 -0500] "GET /api/session/v1.0/georeferencia/find-all-selec HTTP/1.1" - - "-" "PostmanRuntime/7.22.0"
- 192.168.0.108 - - [23/Feb/2020:02:52:10 -0500] "GET /api/v1/georeferencia/find-all-selec HTTP/1.1" - - "-" "Synapse-PT-HttpComponents-NIO"
- 0:0:0:0:0:0:0:1 - - [23/Feb/2020:02:52:11 -0500] "GET /api/session/v1.0/georeferencia/find-all-selec HTTP/1.1" - - "-" "PostmanRuntime/7.22.0"
- 192.168.0.108 - - [23/Feb/2020:02:52:11 -0500] "GET /api/v1/georeferencia/find-all-selec HTTP/1.1" - - "-" "Synapse-PT-HttpComponents-NIO"
- 0:0:0:0:0:0:0:1 - - [23/Feb/2020:02:52:23 -0500] "GET /api/session/v1.0/georeferencia/find-all-selec HTTP/1.1" - - "-" "PostmanRuntime/7.22.0"
- 192.168.0.108 - - [23/Feb/2020:02:52:23 -0500] "GET /api/v1/georeferencia/find-all-selec HTTP/1.1" - - "-" "Synapse-PT-HttpComponents-NIO"
- 192.168.0.108  - [23/Feb/2020:02:52:10 -0500] "- - " 404 - "-" "-"
- 0:0:0:0:0:0:0:1  - [23/Feb/2020:02:52:10 -0500] "- - " 404 - "-" "-"
- 192.168.0.108  - [23/Feb/2020:02:52:11 -0500] "- - " 404 - "-" "-"
- 0:0:0:0:0:0:0:1  - [23/Feb/2020:02:52:11 -0500] "- - " 404 - "-" "-"
- 192.168.0.108  - [23/Feb/2020:02:52:23 -0500] "- - " 404 - "-" "-"
- 0:0:0:0:0:0:0:1  - [23/Feb/2020:02:52:23 -0500] "- - " 404 - "-" "-"
- 0:0:0:0:0:0:0:1 - - [23/Feb/2020:02:53:10 -0500] "GET /api/session/v1.0/georeferencia/find-all-selec HTTP/1.1" - - "-" "PostmanRuntime/7.22.0"
- 192.168.0.108 - - [23/Feb/2020:02:53:10 -0500] "GET /api/v1/georeferencia/find-all-selec HTTP/1.1" - - "-" "Synapse-PT-HttpComponents-NIO"
- 192.168.0.108  - [23/Feb/2020:02:53:10 -0500] "- - " 404 - "-" "-"
- 0:0:0:0:0:0:0:1  - [23/Feb/2020:02:53:10 -0500] "- - " 404 - "-" "-"
- 0:0:0:0:0:0:0:1 - - [23/Feb/2020:02:56:40 -0500] "GET /api/session/v1.0/georeferencia/find-all-selec HTTP/1.1" - - "-" "PostmanRuntime/7.22.0"
- 192.168.0.108 - - [23/Feb/2020:02:56:40 -0500] "GET /api/v1/georeferencia/find-all-selec HTTP/1.1" - - "-" "Synapse-PT-HttpComponents-NIO"
- 192.168.0.108  - [23/Feb/2020:02:56:40 -0500] "- - " 404 - "-" "-"
- 0:0:0:0:0:0:0:1  - [23/Feb/2020:02:56:40 -0500] "- - " 404 - "-" "-"
- 0:0:0:0:0:0:0:1 - - [23/Feb/2020:02:57:01 -0500] "GET /api/session/v1.0/georeferencia/rol HTTP/1.1" - - "-" "PostmanRuntime/7.22.0"
- 192.168.0.108 - - [23/Feb/2020:02:57:01 -0500] "GET /api/v1/georeferencia/rol HTTP/1.1" - - "-" "Synapse-PT-HttpComponents-NIO"
- 0:0:0:0:0:0:0:1 - - [23/Feb/2020:02:57:07 -0500] "GET /api/session/v1.0/georeferencia/rol HTTP/1.1" - - "-" "PostmanRuntime/7.22.0"
- 192.168.0.108 - - [23/Feb/2020:02:57:07 -0500] "GET /api/v1/georeferencia/rol HTTP/1.1" - - "-" "Synapse-PT-HttpComponents-NIO"
- 0:0:0:0:0:0:0:1 - - [23/Feb/2020:02:57:09 -0500] "GET /api/session/v1.0/georeferencia/rol HTTP/1.1" - - "-" "PostmanRuntime/7.22.0"
- 192.168.0.108 - - [23/Feb/2020:02:57:09 -0500] "GET /api/v1/georeferencia/rol HTTP/1.1" - - "-" "Synapse-PT-HttpComponents-NIO"
- 0:0:0:0:0:0:0:1 - - [23/Feb/2020:02:57:10 -0500] "GET /api/session/v1.0/georeferencia/rol HTTP/1.1" - - "-" "PostmanRuntime/7.22.0"
- 192.168.0.108 - - [23/Feb/2020:02:57:10 -0500] "GET /api/v1/georeferencia/rol HTTP/1.1" - - "-" "Synapse-PT-HttpComponents-NIO"
- 0:0:0:0:0:0:0:1 - - [23/Feb/2020:02:57:16 -0500] "GET /api/session/v1.0/georeferencia/find-all-selec HTTP/1.1" - - "-" "PostmanRuntime/7.22.0"
- 192.168.0.108 - - [23/Feb/2020:02:57:16 -0500] "GET /api/v1/georeferencia/find-all-selec HTTP/1.1" - - "-" "Synapse-PT-HttpComponents-NIO"
- 192.168.0.108  - [23/Feb/2020:02:57:01 -0500] "- - " 200 - "-" "-"
- 0:0:0:0:0:0:0:1  - [23/Feb/2020:02:57:01 -0500] "- - " 200 - "-" "-"
- 192.168.0.108  - [23/Feb/2020:02:57:07 -0500] "- - " 200 - "-" "-"
- 0:0:0:0:0:0:0:1  - [23/Feb/2020:02:57:07 -0500] "- - " 200 - "-" "-"
- 192.168.0.108  - [23/Feb/2020:02:57:09 -0500] "- - " 200 - "-" "-"
- 0:0:0:0:0:0:0:1  - [23/Feb/2020:02:57:09 -0500] "- - " 200 - "-" "-"
- 192.168.0.108  - [23/Feb/2020:02:57:10 -0500] "- - " 200 - "-" "-"
- 0:0:0:0:0:0:0:1  - [23/Feb/2020:02:57:10 -0500] "- - " 200 - "-" "-"
- 192.168.0.108  - [23/Feb/2020:02:57:16 -0500] "- - " 404 - "-" "-"
- 0:0:0:0:0:0:0:1  - [23/Feb/2020:02:57:16 -0500] "- - " 404 - "-" "-"
- 0:0:0:0:0:0:0:1 - - [23/Feb/2020:02:57:43 -0500] "GET /api/session/v1.0/georeferencia/find-all-selec HTTP/1.1" - - "-" "PostmanRuntime/7.22.0"
- 0:0:0:0:0:0:0:1 - - [23/Feb/2020:02:57:45 -0500] "GET /api/session/v1.0/georeferencia/find-all-selec HTTP/1.1" - - "-" "PostmanRuntime/7.22.0"
- 0:0:0:0:0:0:0:1 - - [23/Feb/2020:02:57:55 -0500] "GET /api/session/v1.0/georeferencia/find-all-selec HTTP/1.1" - - "-" "PostmanRuntime/7.22.0"
- 192.168.0.108 - - [23/Feb/2020:02:57:55 -0500] "GET /api/v1/georeferencia/find-all-selec HTTP/1.1" - - "-" "Synapse-PT-HttpComponents-NIO"
- 0:0:0:0:0:0:0:1 - - [23/Feb/2020:02:57:58 -0500] "GET /api/session/v1.0/georeferencia/find-all-selec HTTP/1.1" - - "-" "PostmanRuntime/7.22.0"
- 192.168.0.108 - - [23/Feb/2020:02:57:58 -0500] "GET /api/v1/georeferencia/find-all-selec HTTP/1.1" - - "-" "Synapse-PT-HttpComponents-NIO"
- 0:0:0:0:0:0:0:1 - - [23/Feb/2020:02:57:59 -0500] "GET /api/session/v1.0/georeferencia/find-all-selec HTTP/1.1" - - "-" "PostmanRuntime/7.22.0"
- 192.168.0.108 - - [23/Feb/2020:02:57:59 -0500] "GET /api/v1/georeferencia/find-all-selec HTTP/1.1" - - "-" "Synapse-PT-HttpComponents-NIO"
- 0:0:0:0:0:0:0:1  - [23/Feb/2020:02:57:43 -0500] "- - " 401 - "-" "-"
- 0:0:0:0:0:0:0:1  - [23/Feb/2020:02:57:45 -0500] "- - " 401 - "-" "-"
- 192.168.0.108  - [23/Feb/2020:02:57:55 -0500] "- - " 404 - "-" "-"
- 0:0:0:0:0:0:0:1  - [23/Feb/2020:02:57:55 -0500] "- - " 404 - "-" "-"
- 192.168.0.108  - [23/Feb/2020:02:57:58 -0500] "- - " 404 - "-" "-"
- 0:0:0:0:0:0:0:1  - [23/Feb/2020:02:57:58 -0500] "- - " 404 - "-" "-"
- 192.168.0.108  - [23/Feb/2020:02:57:59 -0500] "- - " 404 - "-" "-"
- 0:0:0:0:0:0:0:1  - [23/Feb/2020:02:57:59 -0500] "- - " 404 - "-" "-"
- 0:0:0:0:0:0:0:1 - - [23/Feb/2020:02:58:41 -0500] "GET /api/session/v1.0/georeferencia/find-%20all-selec HTTP/1.1" - - "-" "PostmanRuntime/7.22.0"
- 0:0:0:0:0:0:0:1 - - [23/Feb/2020:02:58:44 -0500] "GET /api/session/v1.0/georeferencia/find-all-selec HTTP/1.1" - - "-" "PostmanRuntime/7.22.0"
- 192.168.0.108 - - [23/Feb/2020:02:58:44 -0500] "GET /api/v1/georeferencia/find-all-selec HTTP/1.1" - - "-" "Synapse-PT-HttpComponents-NIO"
- 0:0:0:0:0:0:0:1 - - [23/Feb/2020:02:58:46 -0500] "GET /api/session/v1.0/georeferencia/find%20-all-selec HTTP/1.1" - - "-" "PostmanRuntime/7.22.0"
- 0:0:0:0:0:0:0:1 - - [23/Feb/2020:02:58:48 -0500] "GET /api/session/v1.0/georeferencia/find-all-selec HTTP/1.1" - - "-" "PostmanRuntime/7.22.0"
- 192.168.0.108 - - [23/Feb/2020:02:58:48 -0500] "GET /api/v1/georeferencia/find-all-selec HTTP/1.1" - - "-" "Synapse-PT-HttpComponents-NIO"
- 0:0:0:0:0:0:0:1 - - [23/Feb/2020:02:58:50 -0500] "GET /api/session/v1.0/georeferencia/find-all%20-selec HTTP/1.1" - - "-" "PostmanRuntime/7.22.0"
- 0:0:0:0:0:0:0:1 - - [23/Feb/2020:02:58:53 -0500] "GET /api/session/v1.0/georeferencia/find-all-%20selec HTTP/1.1" - - "-" "PostmanRuntime/7.22.0"
- 0:0:0:0:0:0:0:1 - - [23/Feb/2020:02:58:55 -0500] "GET /api/session/v1.0/georeferencia/find-all-selec HTTP/1.1" - - "-" "PostmanRuntime/7.22.0"
- 192.168.0.108 - - [23/Feb/2020:02:58:55 -0500] "GET /api/v1/georeferencia/find-all-selec HTTP/1.1" - - "-" "Synapse-PT-HttpComponents-NIO"
- 0:0:0:0:0:0:0:1 - - [23/Feb/2020:02:58:57 -0500] "GET /api/session/v1.0/georeferencia/find-all-selec HTTP/1.1" - - "-" "PostmanRuntime/7.22.0"
- 192.168.0.108 - - [23/Feb/2020:02:58:57 -0500] "GET /api/v1/georeferencia/find-all-selec HTTP/1.1" - - "-" "Synapse-PT-HttpComponents-NIO"
