- 0:0:0:0:0:0:0:1 - - [23/Feb/2020:02:58:59 -0500] "GET /api/session/v1.0/georeferencia/find-all-selec HTTP/1.1" - - "-" "PostmanRuntime/7.22.0"
- 192.168.0.108 - - [23/Feb/2020:02:58:59 -0500] "GET /api/v1/georeferencia/find-all-selec HTTP/1.1" - - "-" "Synapse-PT-HttpComponents-NIO"
- 0:0:0:0:0:0:0:1  - [23/Feb/2020:02:58:41 -0500] "- - " 404 - "-" "-"
- 192.168.0.108  - [23/Feb/2020:02:58:44 -0500] "- - " 404 - "-" "-"
- 0:0:0:0:0:0:0:1  - [23/Feb/2020:02:58:44 -0500] "- - " 404 - "-" "-"
- 0:0:0:0:0:0:0:1  - [23/Feb/2020:02:58:46 -0500] "- - " 404 - "-" "-"
- 192.168.0.108  - [23/Feb/2020:02:58:48 -0500] "- - " 404 - "-" "-"
- 0:0:0:0:0:0:0:1  - [23/Feb/2020:02:58:48 -0500] "- - " 404 - "-" "-"
- 0:0:0:0:0:0:0:1  - [23/Feb/2020:02:58:50 -0500] "- - " 404 - "-" "-"
- 0:0:0:0:0:0:0:1  - [23/Feb/2020:02:58:53 -0500] "- - " 404 - "-" "-"
- 192.168.0.108  - [23/Feb/2020:02:58:55 -0500] "- - " 404 - "-" "-"
- 0:0:0:0:0:0:0:1  - [23/Feb/2020:02:58:55 -0500] "- - " 404 - "-" "-"
- 192.168.0.108  - [23/Feb/2020:02:58:57 -0500] "- - " 404 - "-" "-"
- 0:0:0:0:0:0:0:1  - [23/Feb/2020:02:58:57 -0500] "- - " 404 - "-" "-"
- 192.168.0.108  - [23/Feb/2020:02:58:59 -0500] "- - " 404 - "-" "-"
- 0:0:0:0:0:0:0:1  - [23/Feb/2020:02:58:59 -0500] "- - " 404 - "-" "-"
- 0:0:0:0:0:0:0:1 - - [23/Feb/2020:02:59:51 -0500] "GET /api/session/v1.0/georeferencia/find-all-selec HTTP/1.1" - - "-" "PostmanRuntime/7.22.0"
- 0:0:0:0:0:0:0:1 - - [23/Feb/2020:02:59:56 -0500] "GET /api/session/v1.0/georeferencia/find-all-selec HTTP/1.1" - - "-" "PostmanRuntime/7.22.0"
- 0:0:0:0:0:0:0:1  - [23/Feb/2020:02:59:51 -0500] "- - " 404 - "-" "-"
- 0:0:0:0:0:0:0:1  - [23/Feb/2020:02:59:56 -0500] "- - " 404 - "-" "-"
- 0:0:0:0:0:0:0:1 - - [23/Feb/2020:03:00:07 -0500] "GET /api/session/v1.0/georeferencia/find-all-selec HTTP/1.1" - - "-" "PostmanRuntime/7.22.0"
- 0:0:0:0:0:0:0:1 - - [23/Feb/2020:03:00:09 -0500] "GET /api/session/v1.0/georeferencia/find-all-selec HTTP/1.1" - - "-" "PostmanRuntime/7.22.0"
- 0:0:0:0:0:0:0:1 - - [23/Feb/2020:03:00:11 -0500] "GET /api/session/v1.0/georeferencia/find-all-selec HTTP/1.1" - - "-" "PostmanRuntime/7.22.0"
- 0:0:0:0:0:0:0:1  - [23/Feb/2020:03:00:07 -0500] "- - " 404 - "-" "-"
- 0:0:0:0:0:0:0:1  - [23/Feb/2020:03:00:09 -0500] "- - " 404 - "-" "-"
- 0:0:0:0:0:0:0:1  - [23/Feb/2020:03:00:11 -0500] "- - " 404 - "-" "-"
- 0:0:0:0:0:0:0:1 - - [23/Feb/2020:03:00:36 -0500] "GET /api/session/v1.0/georeferencia/find-all-selec HTTP/1.1" - - "-" "PostmanRuntime/7.22.0"
- 0:0:0:0:0:0:0:1 - - [23/Feb/2020:03:00:38 -0500] "GET /api/session/v1.0/georeferencia/find-all-selec HTTP/1.1" - - "-" "PostmanRuntime/7.22.0"
- 0:0:0:0:0:0:0:1 - - [23/Feb/2020:03:00:42 -0500] "GET /api/session/v1.0/georeferencia/find-all-selec HTTP/1.1" - - "-" "PostmanRuntime/7.22.0"
- 0:0:0:0:0:0:0:1 - - [23/Feb/2020:03:00:44 -0500] "GET /api/session/v1.0/georeferencia/find-all-selec HTTP/1.1" - - "-" "PostmanRuntime/7.22.0"
- 0:0:0:0:0:0:0:1  - [23/Feb/2020:03:00:36 -0500] "- - " 404 - "-" "-"
- 0:0:0:0:0:0:0:1  - [23/Feb/2020:03:00:38 -0500] "- - " 404 - "-" "-"
- 0:0:0:0:0:0:0:1  - [23/Feb/2020:03:00:42 -0500] "- - " 404 - "-" "-"
- 0:0:0:0:0:0:0:1  - [23/Feb/2020:03:00:44 -0500] "- - " 404 - "-" "-"
- 0:0:0:0:0:0:0:1 - - [23/Feb/2020:03:01:07 -0500] "GET /api/session/v1.0/georeferencia/find-all-select HTTP/1.1" - - "-" "PostmanRuntime/7.22.0"
- 0:0:0:0:0:0:0:1 - - [23/Feb/2020:03:01:23 -0500] "GET /api/session/v1.0/georeferencia/find-all-select HTTP/1.1" - - "-" "PostmanRuntime/7.22.0"
- 192.168.0.108 - - [23/Feb/2020:03:01:23 -0500] "GET /api/v1/georeferencia/find-all-select HTTP/1.1" - - "-" "Synapse-PT-HttpComponents-NIO"
- 0:0:0:0:0:0:0:1  - [23/Feb/2020:03:01:07 -0500] "- - " 401 - "-" "-"
- 192.168.0.108  - [23/Feb/2020:03:01:23 -0500] "- - " 200 - "-" "-"
- 0:0:0:0:0:0:0:1  - [23/Feb/2020:03:01:23 -0500] "- - " 200 - "-" "-"
- 0:0:0:0:0:0:0:1 - - [23/Feb/2020:03:01:30 -0500] "GET /api/session/v1.0/georeferencia/find-all-select HTTP/1.1" - - "-" "PostmanRuntime/7.22.0"
- 192.168.0.108 - - [23/Feb/2020:03:01:30 -0500] "GET /api/v1/georeferencia/find-all-select HTTP/1.1" - - "-" "Synapse-PT-HttpComponents-NIO"
- 0:0:0:0:0:0:0:1 - - [23/Feb/2020:03:01:33 -0500] "GET /api/session/v1.0/georeferencia/find-all-select HTTP/1.1" - - "-" "PostmanRuntime/7.22.0"
- 192.168.0.108 - - [23/Feb/2020:03:01:33 -0500] "GET /api/v1/georeferencia/find-all-select HTTP/1.1" - - "-" "Synapse-PT-HttpComponents-NIO"
- 0:0:0:0:0:0:0:1 - - [23/Feb/2020:03:01:34 -0500] "GET /api/session/v1.0/georeferencia/find-all-select HTTP/1.1" - - "-" "PostmanRuntime/7.22.0"
- 192.168.0.108 - - [23/Feb/2020:03:01:34 -0500] "GET /api/v1/georeferencia/find-all-select HTTP/1.1" - - "-" "Synapse-PT-HttpComponents-NIO"
- 0:0:0:0:0:0:0:1 - - [23/Feb/2020:03:01:36 -0500] "GET /api/session/v1.0/georeferencia/find-all-select HTTP/1.1" - - "-" "PostmanRuntime/7.22.0"
- 192.168.0.108 - - [23/Feb/2020:03:01:36 -0500] "GET /api/v1/georeferencia/find-all-select HTTP/1.1" - - "-" "Synapse-PT-HttpComponents-NIO"
- 0:0:0:0:0:0:0:1 - - [23/Feb/2020:03:01:36 -0500] "GET /api/session/v1.0/georeferencia/find-all-select HTTP/1.1" - - "-" "PostmanRuntime/7.22.0"
- 192.168.0.108 - - [23/Feb/2020:03:01:37 -0500] "GET /api/v1/georeferencia/find-all-select HTTP/1.1" - - "-" "Synapse-PT-HttpComponents-NIO"
- 0:0:0:0:0:0:0:1 - - [23/Feb/2020:03:01:38 -0500] "GET /api/session/v1.0/georeferencia/find-all-select HTTP/1.1" - - "-" "PostmanRuntime/7.22.0"
- 192.168.0.108 - - [23/Feb/2020:03:01:38 -0500] "GET /api/v1/georeferencia/find-all-select HTTP/1.1" - - "-" "Synapse-PT-HttpComponents-NIO"
- 0:0:0:0:0:0:0:1 - - [23/Feb/2020:03:01:39 -0500] "GET /api/session/v1.0/georeferencia/find-all-select HTTP/1.1" - - "-" "PostmanRuntime/7.22.0"
- 192.168.0.108 - - [23/Feb/2020:03:01:39 -0500] "GET /api/v1/georeferencia/find-all-select HTTP/1.1" - - "-" "Synapse-PT-HttpComponents-NIO"
- 0:0:0:0:0:0:0:1 - - [23/Feb/2020:03:01:43 -0500] "GET /api/session/v1.0/georeferencia/find-all-selec HTTP/1.1" - - "-" "PostmanRuntime/7.22.0"
- 0:0:0:0:0:0:0:1 - - [23/Feb/2020:03:01:45 -0500] "GET /api/session/v1.0/georeferencia/find-all-select HTTP/1.1" - - "-" "PostmanRuntime/7.22.0"
- 192.168.0.108 - - [23/Feb/2020:03:01:45 -0500] "GET /api/v1/georeferencia/find-all-select HTTP/1.1" - - "-" "Synapse-PT-HttpComponents-NIO"
- 192.168.0.108  - [23/Feb/2020:03:01:30 -0500] "- - " 200 - "-" "-"
- 0:0:0:0:0:0:0:1  - [23/Feb/2020:03:01:30 -0500] "- - " 200 - "-" "-"
- 192.168.0.108  - [23/Feb/2020:03:01:33 -0500] "- - " 200 - "-" "-"
- 0:0:0:0:0:0:0:1  - [23/Feb/2020:03:01:33 -0500] "- - " 200 - "-" "-"
- 192.168.0.108  - [23/Feb/2020:03:01:34 -0500] "- - " 200 - "-" "-"
- 0:0:0:0:0:0:0:1  - [23/Feb/2020:03:01:34 -0500] "- - " 200 - "-" "-"
- 192.168.0.108  - [23/Feb/2020:03:01:36 -0500] "- - " 200 - "-" "-"
- 0:0:0:0:0:0:0:1  - [23/Feb/2020:03:01:36 -0500] "- - " 200 - "-" "-"
- 192.168.0.108  - [23/Feb/2020:03:01:37 -0500] "- - " 200 - "-" "-"
- 0:0:0:0:0:0:0:1  - [23/Feb/2020:03:01:36 -0500] "- - " 200 - "-" "-"
- 192.168.0.108  - [23/Feb/2020:03:01:38 -0500] "- - " 200 - "-" "-"
- 0:0:0:0:0:0:0:1  - [23/Feb/2020:03:01:38 -0500] "- - " 200 - "-" "-"
- 192.168.0.108  - [23/Feb/2020:03:01:39 -0500] "- - " 200 - "-" "-"
- 0:0:0:0:0:0:0:1  - [23/Feb/2020:03:01:39 -0500] "- - " 200 - "-" "-"
- 0:0:0:0:0:0:0:1  - [23/Feb/2020:03:01:43 -0500] "- - " 404 - "-" "-"
- 192.168.0.108  - [23/Feb/2020:03:01:45 -0500] "- - " 200 - "-" "-"
- 0:0:0:0:0:0:0:1  - [23/Feb/2020:03:01:45 -0500] "- - " 200 - "-" "-"
- 0:0:0:0:0:0:0:1 - - [23/Feb/2020:03:02:29 -0500] "POST /api/session/v1.0/accounts/login HTTP/1.1" - 63 "-" "PostmanRuntime/7.22.0"
- 192.168.0.108 - - [23/Feb/2020:03:02:29 -0500] "POST /api/v1/accounts/login HTTP/1.1" - - "-" "Synapse-PT-HttpComponents-NIO"
- 192.168.0.108  - [23/Feb/2020:03:02:29 -0500] "- - " 200 - "-" "-"
- 0:0:0:0:0:0:0:1  - [23/Feb/2020:03:02:29 -0500] "- - " 200 - "-" "-"
- 0:0:0:0:0:0:0:1 - - [23/Feb/2020:03:02:37 -0500] "POST /api/session/v1.0/accounts/login HTTP/1.1" - 64 "-" "PostmanRuntime/7.22.0"
- 192.168.0.108 - - [23/Feb/2020:03:02:37 -0500] "POST /api/v1/accounts/login HTTP/1.1" - - "-" "Synapse-PT-HttpComponents-NIO"
- 0:0:0:0:0:0:0:1 - - [23/Feb/2020:03:02:39 -0500] "POST /api/session/v1.0/accounts/login HTTP/1.1" - 64 "-" "PostmanRuntime/7.22.0"
- 192.168.0.108 - - [23/Feb/2020:03:02:39 -0500] "POST /api/v1/accounts/login HTTP/1.1" - - "-" "Synapse-PT-HttpComponents-NIO"
- 0:0:0:0:0:0:0:1 - - [23/Feb/2020:03:02:41 -0500] "POST /api/session/v1.0/accounts/login HTTP/1.1" - 64 "-" "PostmanRuntime/7.22.0"
- 192.168.0.108 - - [23/Feb/2020:03:02:41 -0500] "POST /api/v1/accounts/login HTTP/1.1" - - "-" "Synapse-PT-HttpComponents-NIO"
- 0:0:0:0:0:0:0:1 - - [23/Feb/2020:03:02:46 -0500] "POST /api/session/v1.0/accounts/login HTTP/1.1" - 64 "-" "PostmanRuntime/7.22.0"
- 192.168.0.108 - - [23/Feb/2020:03:02:47 -0500] "POST /api/v1/accounts/login HTTP/1.1" - - "-" "Synapse-PT-HttpComponents-NIO"
- 0:0:0:0:0:0:0:1 - - [23/Feb/2020:03:02:57 -0500] "POST /api/session/v1.0/accounts/login HTTP/1.1" - 64 "-" "PostmanRuntime/7.22.0"
- 192.168.0.108 - - [23/Feb/2020:03:02:57 -0500] "POST /api/v1/accounts/login HTTP/1.1" - - "-" "Synapse-PT-HttpComponents-NIO"
- 192.168.0.108  - [23/Feb/2020:03:02:37 -0500] "- - " 400 - "-" "-"
- 0:0:0:0:0:0:0:1  - [23/Feb/2020:03:02:37 -0500] "- - " 400 - "-" "-"
- 192.168.0.108  - [23/Feb/2020:03:02:39 -0500] "- - " 400 - "-" "-"
- 0:0:0:0:0:0:0:1  - [23/Feb/2020:03:02:39 -0500] "- - " 400 - "-" "-"
- 192.168.0.108  - [23/Feb/2020:03:02:41 -0500] "- - " 400 - "-" "-"
- 0:0:0:0:0:0:0:1  - [23/Feb/2020:03:02:41 -0500] "- - " 400 - "-" "-"
- 192.168.0.108  - [23/Feb/2020:03:02:47 -0500] "- - " 400 - "-" "-"
- 0:0:0:0:0:0:0:1  - [23/Feb/2020:03:02:46 -0500] "- - " 400 - "-" "-"
- 192.168.0.108  - [23/Feb/2020:03:02:57 -0500] "- - " 400 - "-" "-"
- 0:0:0:0:0:0:0:1  - [23/Feb/2020:03:02:57 -0500] "- - " 400 - "-" "-"
- 0:0:0:0:0:0:0:1 - - [23/Feb/2020:03:03:03 -0500] "POST /api/session/v1.0/accounts/login HTTP/1.1" - 64 "-" "PostmanRuntime/7.22.0"
- 192.168.0.108 - - [23/Feb/2020:03:03:03 -0500] "POST /api/v1/accounts/login HTTP/1.1" - - "-" "Synapse-PT-HttpComponents-NIO"
- 0:0:0:0:0:0:0:1 - - [23/Feb/2020:03:03:10 -0500] "POST /api/session/v1.0/accounts/login HTTP/1.1" - 63 "-" "PostmanRuntime/7.22.0"
- 192.168.0.108 - - [23/Feb/2020:03:03:10 -0500] "POST /api/v1/accounts/login HTTP/1.1" - - "-" "Synapse-PT-HttpComponents-NIO"
- 192.168.0.108  - [23/Feb/2020:03:03:03 -0500] "- - " 400 - "-" "-"
- 0:0:0:0:0:0:0:1  - [23/Feb/2020:03:03:03 -0500] "- - " 400 - "-" "-"
- 192.168.0.108  - [23/Feb/2020:03:03:10 -0500] "- - " 200 - "-" "-"
- 0:0:0:0:0:0:0:1  - [23/Feb/2020:03:03:10 -0500] "- - " 200 - "-" "-"
- 0:0:0:0:0:0:0:1 - - [23/Feb/2020:03:03:55 -0500] "POST /api/session/v1.0/accounts/register HTTP/1.1" - 310 "-" "PostmanRuntime/7.22.0"
- 0:0:0:0:0:0:0:1  - [23/Feb/2020:03:03:55 -0500] "- - " 401 - "-" "-"
- 0:0:0:0:0:0:0:1 - - [23/Feb/2020:03:04:17 -0500] "POST /api/session/v1.0/accounts/register HTTP/1.1" - 310 "-" "PostmanRuntime/7.22.0"
- 192.168.0.108 - - [23/Feb/2020:03:04:17 -0500] "POST /api/v1/accounts/register HTTP/1.1" - - "-" "Synapse-PT-HttpComponents-NIO"
- 0:0:0:0:0:0:0:1 - - [23/Feb/2020:03:04:26 -0500] "POST /api/session/v1.0/accounts/register HTTP/1.1" - 341 "-" "PostmanRuntime/7.22.0"
- 192.168.0.108 - - [23/Feb/2020:03:04:26 -0500] "POST /api/v1/accounts/register HTTP/1.1" - - "-" "Synapse-PT-HttpComponents-NIO"
- 192.168.0.108  - [23/Feb/2020:03:04:17 -0500] "- - " 500 - "-" "-"
- 0:0:0:0:0:0:0:1  - [23/Feb/2020:03:04:17 -0500] "- - " 500 - "-" "-"
- 192.168.0.108  - [23/Feb/2020:03:04:27 -0500] "- - " 200 - "-" "-"
- 0:0:0:0:0:0:0:1  - [23/Feb/2020:03:04:27 -0500] "- - " 200 - "-" "-"
- 0:0:0:0:0:0:0:1 - - [23/Feb/2020:03:09:54 -0500] "POST /api/security/v1.0/accounts/update-password HTTP/1.1" - 67 "-" "PostmanRuntime/7.22.0"
- 192.168.0.108 - - [23/Feb/2020:03:09:54 -0500] "POST /api/v1/accounts/update-password HTTP/1.1" - - "-" "Synapse-PT-HttpComponents-NIO"
- 192.168.0.108  - [23/Feb/2020:03:09:54 -0500] "- - " 400 - "-" "-"
- 0:0:0:0:0:0:0:1  - [23/Feb/2020:03:09:55 -0500] "- - " 400 - "-" "-"
- 0:0:0:0:0:0:0:1 - - [23/Feb/2020:03:10:22 -0500] "POST /api/security/v1.0/accounts/recovery-password HTTP/1.1" - 66 "-" "PostmanRuntime/7.22.0"
- 192.168.0.108 - - [23/Feb/2020:03:10:22 -0500] "POST /api/v1/accounts/recovery-password HTTP/1.1" - - "-" "Synapse-PT-HttpComponents-NIO"
- 0:0:0:0:0:0:0:1 - - [23/Feb/2020:03:10:26 -0500] "POST /api/security/v1.0/accounts/recovery-password HTTP/1.1" - 66 "-" "PostmanRuntime/7.22.0"
- 192.168.0.108 - - [23/Feb/2020:03:10:26 -0500] "POST /api/v1/accounts/recovery-password HTTP/1.1" - - "-" "Synapse-PT-HttpComponents-NIO"
- 0:0:0:0:0:0:0:1 - - [23/Feb/2020:03:10:27 -0500] "POST /api/security/v1.0/accounts/recovery-password HTTP/1.1" - 66 "-" "PostmanRuntime/7.22.0"
- 192.168.0.108 - - [23/Feb/2020:03:10:27 -0500] "POST /api/v1/accounts/recovery-password HTTP/1.1" - - "-" "Synapse-PT-HttpComponents-NIO"
- 192.168.0.108  - [23/Feb/2020:03:10:22 -0500] "- - " 400 - "-" "-"
- 0:0:0:0:0:0:0:1  - [23/Feb/2020:03:10:22 -0500] "- - " 400 - "-" "-"
- 192.168.0.108  - [23/Feb/2020:03:10:26 -0500] "- - " 400 - "-" "-"
- 0:0:0:0:0:0:0:1  - [23/Feb/2020:03:10:26 -0500] "- - " 400 - "-" "-"
- 192.168.0.108  - [23/Feb/2020:03:10:27 -0500] "- - " 400 - "-" "-"
- 0:0:0:0:0:0:0:1  - [23/Feb/2020:03:10:27 -0500] "- - " 400 - "-" "-"
- 0:0:0:0:0:0:0:1 - - [23/Feb/2020:03:12:32 -0500] "GET /api/session/v1.0/georeferencia/rol HTTP/1.1" - - "-" "PostmanRuntime/7.22.0"
- 192.168.0.108 - - [23/Feb/2020:03:12:33 -0500] "GET /api/v1/georeferencia/rol HTTP/1.1" - - "-" "Synapse-PT-HttpComponents-NIO"
- 192.168.0.108  - [23/Feb/2020:03:12:33 -0500] "- - " 200 - "-" "-"
- 0:0:0:0:0:0:0:1  - [23/Feb/2020:03:12:32 -0500] "- - " 200 - "-" "-"
- 0:0:0:0:0:0:0:1 - - [23/Feb/2020:03:13:04 -0500] "GET /api/session/v1.0/georeferencia/rol HTTP/1.1" - - "-" "PostmanRuntime/7.22.0"
- 192.168.0.108 - - [23/Feb/2020:03:13:04 -0500] "GET /api/v1/georeferencia/rol HTTP/1.1" - - "-" "Synapse-PT-HttpComponents-NIO"
- 192.168.0.108  - [23/Feb/2020:03:13:04 -0500] "- - " 200 - "-" "-"
- 0:0:0:0:0:0:0:1  - [23/Feb/2020:03:13:04 -0500] "- - " 200 - "-" "-"
- 0:0:0:0:0:0:0:1 - - [23/Feb/2020:03:17:05 -0500] "GET /api/georeferencia/v1.0/emprendimientos HTTP/1.1" - - "-" "PostmanRuntime/7.22.0"
- 192.168.0.108 - - [23/Feb/2020:03:17:05 -0500] "GET /api/v1/emprendimientos HTTP/1.1" - - "-" "Synapse-PT-HttpComponents-NIO"
- 0:0:0:0:0:0:0:1 - - [23/Feb/2020:03:17:14 -0500] "GET /api/georeferencia/test/v1.0/emprendimientos HTTP/1.1" - - "-" "PostmanRuntime/7.22.0"
- 192.168.0.108  - [23/Feb/2020:03:17:05 -0500] "- - " 200 - "-" "-"
- 0:0:0:0:0:0:0:1  - [23/Feb/2020:03:17:05 -0500] "- - " 200 - "-" "-"
- 0:0:0:0:0:0:0:1  - [23/Feb/2020:03:17:14 -0500] "- - " 404 - "-" "-"
- 0:0:0:0:0:0:0:1  - [23/Feb/2020:04:16:42 -0500] "- - " 404 - "-" "-"
- 192.168.0.108  - [23/Feb/2020:04:16:45 -0500] "- - " 200 - "-" "-"
- 0:0:0:0:0:0:0:1  - [23/Feb/2020:04:16:45 -0500] "- - " 200 - "-" "-"
- 192.168.0.108  - [23/Feb/2020:04:16:49 -0500] "- - " 200 - "-" "-"
- 0:0:0:0:0:0:0:1  - [23/Feb/2020:04:16:49 -0500] "- - " 200 - "-" "-"
- 0:0:0:0:0:0:0:1 - - [23/Feb/2020:04:16:42 -0500] "GET /api/georeferencia/test/v1.0/emprendimientos HTTP/1.1" - - "-" "PostmanRuntime/7.22.0"
- 0:0:0:0:0:0:0:1 - - [23/Feb/2020:04:16:45 -0500] "GET /api/georeferencia/v1.0/emprendimientos HTTP/1.1" - - "-" "PostmanRuntime/7.22.0"
- 192.168.0.108 - - [23/Feb/2020:04:16:45 -0500] "GET /api/v1/emprendimientos HTTP/1.1" - - "-" "Synapse-PT-HttpComponents-NIO"
- 0:0:0:0:0:0:0:1 - - [23/Feb/2020:04:16:49 -0500] "GET /api/georeferencia/v1.0/emprendimientos HTTP/1.1" - - "-" "PostmanRuntime/7.22.0"
- 192.168.0.108 - - [23/Feb/2020:04:16:49 -0500] "GET /api/v1/emprendimientos HTTP/1.1" - - "-" "Synapse-PT-HttpComponents-NIO"
- 192.168.0.108  - [23/Feb/2020:04:18:59 -0500] "- - " 200 - "-" "-"
- 0:0:0:0:0:0:0:1  - [23/Feb/2020:04:18:59 -0500] "- - " 200 - "-" "-"
- 0:0:0:0:0:0:0:1 - - [23/Feb/2020:04:18:59 -0500] "GET /api/georeferencia/v1.0/emprendimientos HTTP/1.1" - - "-" "PostmanRuntime/7.22.0"
- 192.168.0.108 - - [23/Feb/2020:04:18:59 -0500] "GET /api/v1/emprendimientos HTTP/1.1" - - "-" "Synapse-PT-HttpComponents-NIO"
- 192.168.0.108  - [23/Feb/2020:04:19:00 -0500] "- - " 200 - "-" "-"
- 0:0:0:0:0:0:0:1  - [23/Feb/2020:04:19:00 -0500] "- - " 200 - "-" "-"
- 0:0:0:0:0:0:0:1 - - [23/Feb/2020:04:19:00 -0500] "GET /api/georeferencia/v1.0/emprendimientos HTTP/1.1" - - "-" "PostmanRuntime/7.22.0"
- 192.168.0.108 - - [23/Feb/2020:04:19:00 -0500] "GET /api/v1/emprendimientos HTTP/1.1" - - "-" "Synapse-PT-HttpComponents-NIO"
- 0:0:0:0:0:0:0:1  - [23/Feb/2020:04:24:29 -0500] "- - " 405 - "-" "-"
- 0:0:0:0:0:0:0:1 - - [23/Feb/2020:04:24:29 -0500] "GET /token HTTP/1.1" - - "-" "PostmanRuntime/7.22.0"
- 127.0.0.1  - [23/Feb/2020:04:24:46 -0500] "- - " 400 - "-" "-"
- 0:0:0:0:0:0:0:1  - [23/Feb/2020:04:24:46 -0500] "- - " 400 - "-" "-"
- 127.0.0.1  - [23/Feb/2020:04:24:59 -0500] "- - " 400 - "-" "-"
- 0:0:0:0:0:0:0:1  - [23/Feb/2020:04:24:59 -0500] "- - " 400 - "-" "-"
- 0:0:0:0:0:0:0:1 - - [23/Feb/2020:04:24:46 -0500] "POST /token HTTP/1.1" - - "-" "PostmanRuntime/7.22.0"
- 127.0.0.1 - - [23/Feb/2020:04:24:46 -0500] "POST /oauth2/token HTTP/1.1" - - "-" "Synapse-PT-HttpComponents-NIO"
- 0:0:0:0:0:0:0:1 - - [23/Feb/2020:04:24:59 -0500] "POST /token HTTP/1.1" - - "-" "PostmanRuntime/7.22.0"
- 127.0.0.1 - - [23/Feb/2020:04:24:59 -0500] "POST /oauth2/token HTTP/1.1" - - "-" "Synapse-PT-HttpComponents-NIO"
- 127.0.0.1  - [23/Feb/2020:04:25:29 -0500] "- - " 400 - "-" "-"
- 0:0:0:0:0:0:0:1  - [23/Feb/2020:04:25:29 -0500] "- - " 400 - "-" "-"
- 0:0:0:0:0:0:0:1 - - [23/Feb/2020:04:25:29 -0500] "POST /token?Authorization=Basic%20UDFuejFrZ0FwM1Bja3RpT21lXzBpMmJnMlNVYTptd0Q1ZlVaRDlNbXR4WlNzS1dBcTdsNmdFY3dh HTTP/1.1" - - "-" "PostmanRuntime/7.22.0"
- 127.0.0.1 - - [23/Feb/2020:04:25:29 -0500] "POST /oauth2/token?Authorization=Basic%20UDFuejFrZ0FwM1Bja3RpT21lXzBpMmJnMlNVYTptd0Q1ZlVaRDlNbXR4WlNzS1dBcTdsNmdFY3dh HTTP/1.1" - - "-" "Synapse-PT-HttpComponents-NIO"
- 127.0.0.1  - [23/Feb/2020:04:25:31 -0500] "- - " 400 - "-" "-"
- 0:0:0:0:0:0:0:1  - [23/Feb/2020:04:25:31 -0500] "- - " 400 - "-" "-"
- 0:0:0:0:0:0:0:1 - - [23/Feb/2020:04:25:31 -0500] "POST /token?Authorization=Basic%20UDFuejFrZ0FwM1Bja3RpT21lXzBpMmJnMlNVYTptd0Q1ZlVaRDlNbXR4WlNzS1dBcTdsNmdFY3dh HTTP/1.1" - - "-" "PostmanRuntime/7.22.0"
- 127.0.0.1 - - [23/Feb/2020:04:25:31 -0500] "POST /oauth2/token?Authorization=Basic%20UDFuejFrZ0FwM1Bja3RpT21lXzBpMmJnMlNVYTptd0Q1ZlVaRDlNbXR4WlNzS1dBcTdsNmdFY3dh HTTP/1.1" - - "-" "Synapse-PT-HttpComponents-NIO"
- 127.0.0.1  - [23/Feb/2020:04:26:36 -0500] "- - " 200 - "-" "-"
- 0:0:0:0:0:0:0:1  - [23/Feb/2020:04:26:36 -0500] "- - " 200 - "-" "-"
- 127.0.0.1  - [23/Feb/2020:04:26:57 -0500] "- - " 200 - "-" "-"
- 0:0:0:0:0:0:0:1  - [23/Feb/2020:04:26:57 -0500] "- - " 200 - "-" "-"
- 0:0:0:0:0:0:0:1 - - [23/Feb/2020:04:26:36 -0500] "POST /token HTTP/1.1" - 169 "-" "go-resty v1.1-edge - https://github.com/go-resty/resty"
- 127.0.0.1 - - [23/Feb/2020:04:26:36 -0500] "POST /oauth2/token HTTP/1.1" - - "-" "Synapse-PT-HttpComponents-NIO"
- 0:0:0:0:0:0:0:1 - - [23/Feb/2020:04:26:57 -0500] "POST /token HTTP/1.1" - 169 "-" "go-resty v1.1-edge - https://github.com/go-resty/resty"
- 127.0.0.1 - - [23/Feb/2020:04:26:57 -0500] "POST /oauth2/token HTTP/1.1" - - "-" "Synapse-PT-HttpComponents-NIO"
- 127.0.0.1  - [23/Feb/2020:04:27:20 -0500] "- - " 200 - "-" "-"
- 0:0:0:0:0:0:0:1  - [23/Feb/2020:04:27:20 -0500] "- - " 200 - "-" "-"
- 0:0:0:0:0:0:0:1 - - [23/Feb/2020:04:27:20 -0500] "POST /token HTTP/1.1" - 169 "-" "go-resty v1.1-edge - https://github.com/go-resty/resty"
- 127.0.0.1 - - [23/Feb/2020:04:27:20 -0500] "POST /oauth2/token HTTP/1.1" - - "-" "Synapse-PT-HttpComponents-NIO"
- 127.0.0.1  - [23/Feb/2020:04:40:24 -0500] "- - " 200 - "-" "-"
- 0:0:0:0:0:0:0:1  - [23/Feb/2020:04:40:24 -0500] "- - " 200 - "-" "-"
- 0:0:0:0:0:0:0:1 - - [23/Feb/2020:04:40:24 -0500] "POST /token HTTP/1.1" - 169 "-" "go-resty v1.1-edge - https://github.com/go-resty/resty"
- 127.0.0.1 - - [23/Feb/2020:04:40:24 -0500] "POST /oauth2/token HTTP/1.1" - - "-" "Synapse-PT-HttpComponents-NIO"
- 127.0.0.1  - [23/Feb/2020:04:41:08 -0500] "- - " 200 - "-" "-"
- 0:0:0:0:0:0:0:1  - [23/Feb/2020:04:41:08 -0500] "- - " 200 - "-" "-"
- 127.0.0.1  - [23/Feb/2020:04:41:15 -0500] "- - " 200 - "-" "-"
- 0:0:0:0:0:0:0:1  - [23/Feb/2020:04:41:15 -0500] "- - " 200 - "-" "-"
- 127.0.0.1  - [23/Feb/2020:04:41:23 -0500] "- - " 200 - "-" "-"
- 0:0:0:0:0:0:0:1  - [23/Feb/2020:04:41:23 -0500] "- - " 200 - "-" "-"
- 127.0.0.1  - [23/Feb/2020:04:41:25 -0500] "- - " 200 - "-" "-"
- 0:0:0:0:0:0:0:1  - [23/Feb/2020:04:41:25 -0500] "- - " 200 - "-" "-"
- 0:0:0:0:0:0:0:1 - - [23/Feb/2020:04:41:08 -0500] "POST /token HTTP/1.1" - 169 "-" "go-resty v1.1-edge - https://github.com/go-resty/resty"
- 127.0.0.1 - - [23/Feb/2020:04:41:08 -0500] "POST /oauth2/token HTTP/1.1" - - "-" "Synapse-PT-HttpComponents-NIO"
- 0:0:0:0:0:0:0:1 - - [23/Feb/2020:04:41:15 -0500] "POST /token HTTP/1.1" - 169 "-" "go-resty v1.1-edge - https://github.com/go-resty/resty"
- 127.0.0.1 - - [23/Feb/2020:04:41:15 -0500] "POST /oauth2/token HTTP/1.1" - - "-" "Synapse-PT-HttpComponents-NIO"
- 0:0:0:0:0:0:0:1 - - [23/Feb/2020:04:41:23 -0500] "POST /token HTTP/1.1" - 169 "-" "go-resty v1.1-edge - https://github.com/go-resty/resty"
- 127.0.0.1 - - [23/Feb/2020:04:41:23 -0500] "POST /oauth2/token HTTP/1.1" - - "-" "Synapse-PT-HttpComponents-NIO"
- 0:0:0:0:0:0:0:1 - - [23/Feb/2020:04:41:25 -0500] "POST /token HTTP/1.1" - 169 "-" "go-resty v1.1-edge - https://github.com/go-resty/resty"
- 127.0.0.1 - - [23/Feb/2020:04:41:25 -0500] "POST /oauth2/token HTTP/1.1" - - "-" "Synapse-PT-HttpComponents-NIO"
- 127.0.0.1  - [23/Feb/2020:04:43:19 -0500] "- - " 200 - "-" "-"
- 0:0:0:0:0:0:0:1  - [23/Feb/2020:04:43:19 -0500] "- - " 200 - "-" "-"
- 0:0:0:0:0:0:0:1 - - [23/Feb/2020:04:43:19 -0500] "POST /token HTTP/1.1" - 169 "-" "go-resty v1.1-edge - https://github.com/go-resty/resty"
- 127.0.0.1 - - [23/Feb/2020:04:43:19 -0500] "POST /oauth2/token HTTP/1.1" - - "-" "Synapse-PT-HttpComponents-NIO"
- 127.0.0.1  - [23/Feb/2020:04:45:47 -0500] "- - " 200 - "-" "-"
- 0:0:0:0:0:0:0:1  - [23/Feb/2020:04:45:47 -0500] "- - " 200 - "-" "-"
- 127.0.0.1  - [23/Feb/2020:04:45:57 -0500] "- - " 200 - "-" "-"
- 0:0:0:0:0:0:0:1  - [23/Feb/2020:04:45:57 -0500] "- - " 200 - "-" "-"
- 0:0:0:0:0:0:0:1 - - [23/Feb/2020:04:45:47 -0500] "POST /token HTTP/1.1" - 169 "-" "go-resty v1.1-edge - https://github.com/go-resty/resty"
- 127.0.0.1 - - [23/Feb/2020:04:45:47 -0500] "POST /oauth2/token HTTP/1.1" - - "-" "Synapse-PT-HttpComponents-NIO"
- 0:0:0:0:0:0:0:1 - - [23/Feb/2020:04:45:57 -0500] "POST /token HTTP/1.1" - 169 "-" "go-resty v1.1-edge - https://github.com/go-resty/resty"
- 127.0.0.1 - - [23/Feb/2020:04:45:57 -0500] "POST /oauth2/token HTTP/1.1" - - "-" "Synapse-PT-HttpComponents-NIO"
- 127.0.0.1  - [23/Feb/2020:04:46:08 -0500] "- - " 200 - "-" "-"
- 0:0:0:0:0:0:0:1  - [23/Feb/2020:04:46:08 -0500] "- - " 200 - "-" "-"
- 0:0:0:0:0:0:0:1 - - [23/Feb/2020:04:46:08 -0500] "POST /token HTTP/1.1" - 169 "-" "go-resty v1.1-edge - https://github.com/go-resty/resty"
- 127.0.0.1 - - [23/Feb/2020:04:46:08 -0500] "POST /oauth2/token HTTP/1.1" - - "-" "Synapse-PT-HttpComponents-NIO"
- 127.0.0.1  - [23/Feb/2020:04:47:55 -0500] "- - " 200 - "-" "-"
- 0:0:0:0:0:0:0:1  - [23/Feb/2020:04:47:55 -0500] "- - " 200 - "-" "-"
- 0:0:0:0:0:0:0:1 - - [23/Feb/2020:04:47:55 -0500] "POST /token HTTP/1.1" - 169 "-" "go-resty v1.1-edge - https://github.com/go-resty/resty"
- 127.0.0.1 - - [23/Feb/2020:04:47:55 -0500] "POST /oauth2/token HTTP/1.1" - - "-" "Synapse-PT-HttpComponents-NIO"
- 127.0.0.1  - [23/Feb/2020:04:49:37 -0500] "- - " 200 - "-" "-"
- 0:0:0:0:0:0:0:1  - [23/Feb/2020:04:49:37 -0500] "- - " 200 - "-" "-"
- 0:0:0:0:0:0:0:1 - - [23/Feb/2020:04:49:37 -0500] "POST /token HTTP/1.1" - 122 "-" "go-resty v1.1-edge - https://github.com/go-resty/resty"
- 127.0.0.1 - - [23/Feb/2020:04:49:37 -0500] "POST /oauth2/token HTTP/1.1" - - "-" "Synapse-PT-HttpComponents-NIO"
- 0:0:0:0:0:0:0:1 - - [24/Feb/2020:14:55:54 -0500] "GET /api/georeferencia/v1.0/emprendimientos HTTP/1.1" - - "-" "PostmanRuntime/7.22.0"
- 0:0:0:0:0:0:0:1  - [24/Feb/2020:14:55:56 -0500] "- - " 500 - "-" "-"
- 0:0:0:0:0:0:0:1 - - [24/Feb/2020:14:56:00 -0500] "GET /api/georeferencia/v1.0/emprendimientos HTTP/1.1" - - "-" "PostmanRuntime/7.22.0"
- 0:0:0:0:0:0:0:1  - [24/Feb/2020:14:56:00 -0500] "- - " 500 - "-" "-"
- 0:0:0:0:0:0:0:1 - - [24/Feb/2020:14:56:02 -0500] "GET /api/georeferencia/v1.0/emprendimientos HTTP/1.1" - - "-" "PostmanRuntime/7.22.0"
- 0:0:0:0:0:0:0:1  - [24/Feb/2020:14:56:02 -0500] "- - " 500 - "-" "-"
- 0:0:0:0:0:0:0:1 - - [24/Feb/2020:14:56:03 -0500] "GET /api/georeferencia/v1.0/emprendimientos HTTP/1.1" - - "-" "PostmanRuntime/7.22.0"
- 0:0:0:0:0:0:0:1  - [24/Feb/2020:14:56:03 -0500] "- - " 500 - "-" "-"
- 0:0:0:0:0:0:0:1  - [24/Feb/2020:14:56:10 -0500] "- - " 500 - "-" "-"
- 0:0:0:0:0:0:0:1 - - [24/Feb/2020:14:56:10 -0500] "GET /api/georeferencia/v1.0/emprendimientos HTTP/1.1" - - "-" "PostmanRuntime/7.22.0"
- 0:0:0:0:0:0:0:1 - - [24/Feb/2020:14:57:17 -0500] "GET /api/georeferencia/v1.0/emprendimientos HTTP/1.1" - - "-" "PostmanRuntime/7.22.0"
- 0:0:0:0:0:0:0:1  - [24/Feb/2020:14:57:18 -0500] "- - " 500 - "-" "-"
- 0:0:0:0:0:0:0:1 - - [24/Feb/2020:14:58:12 -0500] "GET /api/georeferencia/v1.0/emprendimientos HTTP/1.1" - - "-" "PostmanRuntime/7.22.0"
- 192.168.0.108  - [24/Feb/2020:14:58:13 -0500] "- - " 200 - "-" "-"
- 192.168.0.108 - - [24/Feb/2020:14:58:12 -0500] "GET /api/v1/emprendimientos HTTP/1.1" - - "-" "Synapse-PT-HttpComponents-NIO"
- 0:0:0:0:0:0:0:1  - [24/Feb/2020:14:58:13 -0500] "- - " 200 - "-" "-"
- 0:0:0:0:0:0:0:1 - - [24/Feb/2020:14:58:38 -0500] "GET /api/georeferencia/v1.0/emprendimientos HTTP/1.1" - - "-" "PostmanRuntime/7.22.0"
- 192.168.0.108 - - [24/Feb/2020:14:58:38 -0500] "GET /api/v1/emprendimientos HTTP/1.1" - - "-" "Synapse-PT-HttpComponents-NIO"
- 192.168.0.108  - [24/Feb/2020:14:58:38 -0500] "- - " 200 - "-" "-"
- 0:0:0:0:0:0:0:1  - [24/Feb/2020:14:58:38 -0500] "- - " 200 - "-" "-"
- 0:0:0:0:0:0:0:1 - - [24/Feb/2020:21:12:21 -0500] "GET /api/georeferencia/v1.0/emprendimientos HTTP/1.1" - - "-" "PostmanRuntime/7.22.0"
- 192.168.0.108  - [24/Feb/2020:21:12:21 -0500] "- - " 200 - "-" "-"
- 192.168.0.108 - - [24/Feb/2020:21:12:21 -0500] "GET /api/v1/emprendimientos HTTP/1.1" - - "-" "Synapse-PT-HttpComponents-NIO"
- 0:0:0:0:0:0:0:1  - [24/Feb/2020:21:12:22 -0500] "- - " 200 - "-" "-"
- 0:0:0:0:0:0:0:1 - - [24/Feb/2020:21:12:24 -0500] "GET /api/georeferencia/v1.0/emprendimientos HTTP/1.1" - - "-" "PostmanRuntime/7.22.0"
- 192.168.0.108  - [24/Feb/2020:21:12:24 -0500] "- - " 200 - "-" "-"
- 192.168.0.108 - - [24/Feb/2020:21:12:24 -0500] "GET /api/v1/emprendimientos HTTP/1.1" - - "-" "Synapse-PT-HttpComponents-NIO"
- 0:0:0:0:0:0:0:1  - [24/Feb/2020:21:12:24 -0500] "- - " 200 - "-" "-"
- 0:0:0:0:0:0:0:1 - - [24/Feb/2020:21:12:26 -0500] "GET /api/georeferencia/v1.0/emprendimientos HTTP/1.1" - - "-" "PostmanRuntime/7.22.0"
- 192.168.0.108  - [24/Feb/2020:21:12:26 -0500] "- - " 200 - "-" "-"
- 192.168.0.108 - - [24/Feb/2020:21:12:26 -0500] "GET /api/v1/emprendimientos HTTP/1.1" - - "-" "Synapse-PT-HttpComponents-NIO"
- 0:0:0:0:0:0:0:1  - [24/Feb/2020:21:12:26 -0500] "- - " 200 - "-" "-"
- 0:0:0:0:0:0:0:1 - - [24/Feb/2020:21:12:28 -0500] "GET /api/georeferencia/v1.0/emprendimientos HTTP/1.1" - - "-" "PostmanRuntime/7.22.0"
- 192.168.0.108 - - [24/Feb/2020:21:12:28 -0500] "GET /api/v1/emprendimientos HTTP/1.1" - - "-" "Synapse-PT-HttpComponents-NIO"
- 192.168.0.108  - [24/Feb/2020:21:12:28 -0500] "- - " 200 - "-" "-"
- 0:0:0:0:0:0:0:1  - [24/Feb/2020:21:12:28 -0500] "- - " 200 - "-" "-"
- 0:0:0:0:0:0:0:1 - - [24/Feb/2020:21:55:21 -0500] "GET /api/session/v1.0/georeferencia/find-all-select HTTP/1.1" - 2 "-" "GuzzleHttp/6.4.1 curl/7.61.1 PHP/7.2.11"
- 192.168.0.108 - - [24/Feb/2020:21:55:21 -0500] "GET /api/v1/georeferencia/find-all-select HTTP/1.1" - - "-" "Synapse-PT-HttpComponents-NIO"
- 192.168.0.108  - [24/Feb/2020:21:55:21 -0500] "- - " 200 - "-" "-"
- 0:0:0:0:0:0:0:1  - [24/Feb/2020:21:55:21 -0500] "- - " 200 - "-" "-"
- 192.168.0.108  - [24/Feb/2020:21:55:23 -0500] "- - " 200 - "-" "-"
- 0:0:0:0:0:0:0:1  - [24/Feb/2020:21:55:23 -0500] "- - " 200 - "-" "-"
- 192.168.0.108  - [24/Feb/2020:21:55:40 -0500] "- - " 200 - "-" "-"
- 0:0:0:0:0:0:0:1  - [24/Feb/2020:21:55:40 -0500] "- - " 200 - "-" "-"
- 0:0:0:0:0:0:0:1 - - [24/Feb/2020:21:55:22 -0500] "POST /api/session/v1.0/accounts/login HTTP/1.1" - 53 "-" "GuzzleHttp/6.4.1 curl/7.61.1 PHP/7.2.11"
- 192.168.0.108 - - [24/Feb/2020:21:55:22 -0500] "POST /api/v1/accounts/login HTTP/1.1" - - "-" "Synapse-PT-HttpComponents-NIO"
- 0:0:0:0:0:0:0:1 - - [24/Feb/2020:21:55:40 -0500] "GET /api/georeferencia/v1.0/emprendimientos HTTP/1.1" - 2 "-" "GuzzleHttp/6.4.1 curl/7.61.1 PHP/7.2.11"
- 192.168.0.108 - - [24/Feb/2020:21:55:40 -0500] "GET /api/v1/emprendimientos HTTP/1.1" - - "-" "Synapse-PT-HttpComponents-NIO"
- 0:0:0:0:0:0:0:1  - [24/Feb/2020:21:56:16 -0500] "- - " 500 - "-" "-"
- 0:0:0:0:0:0:0:1 - - [24/Feb/2020:21:56:14 -0500] "GET /api/georeferencia/v1.0/emprendimientos HTTP/1.1" - 2 "-" "GuzzleHttp/6.4.1 curl/7.61.1 PHP/7.2.11"
- 0:0:0:0:0:0:0:1  - [24/Feb/2020:21:57:20 -0500] "- - " 500 - "-" "-"
- 0:0:0:0:0:0:0:1 - - [24/Feb/2020:21:57:19 -0500] "GET /api/georeferencia/v1.0/emprendimientos HTTP/1.1" - 2 "-" "GuzzleHttp/6.4.1 curl/7.61.1 PHP/7.2.11"
- 192.168.0.108  - [24/Feb/2020:22:00:46 -0500] "- - " 200 - "-" "-"
- 0:0:0:0:0:0:0:1  - [24/Feb/2020:22:00:46 -0500] "- - " 200 - "-" "-"
- 0:0:0:0:0:0:0:1 - - [24/Feb/2020:22:00:46 -0500] "GET /api/session/v1.0/georeferencia/find-all-select HTTP/1.1" - 2 "-" "GuzzleHttp/6.4.1 curl/7.61.1 PHP/7.2.11"
- 192.168.0.108 - - [24/Feb/2020:22:00:46 -0500] "GET /api/v1/georeferencia/find-all-select HTTP/1.1" - - "-" "Synapse-PT-HttpComponents-NIO"
- 0:0:0:0:0:0:0:1 - - [24/Feb/2020:22:02:15 -0500] "GET /api/v1/mapa-digital/sectors HTTP/1.1" - - "-" "PostmanRuntime/7.22.0"
- 0:0:0:0:0:0:0:1  - [24/Feb/2020:22:02:15 -0500] "- - " 404 - "-" "-"
- 0:0:0:0:0:0:0:1 - - [24/Feb/2020:22:05:39 -0500] "GET /api/v1/mapa-digital/sectors HTTP/1.1" - - "-" "PostmanRuntime/7.22.0"
- 0:0:0:0:0:0:0:1  - [24/Feb/2020:22:05:39 -0500] "- - " 404 - "-" "-"
- 0:0:0:0:0:0:0:1 - - [24/Feb/2020:22:07:26 -0500] "GET /api/mapa-digital/v1.0/sectors HTTP/1.1" - - "-" "PostmanRuntime/7.22.0"
- 0:0:0:0:0:0:0:1 - - [24/Feb/2020:22:07:28 -0500] "GET /api/mapa-digital/v1.0/sectors HTTP/1.1" - - "-" "PostmanRuntime/7.22.0"
- 0:0:0:0:0:0:0:1  - [24/Feb/2020:22:07:26 -0500] "- - " 401 - "-" "-"
- 0:0:0:0:0:0:0:1  - [24/Feb/2020:22:07:28 -0500] "- - " 401 - "-" "-"
- 0:0:0:0:0:0:0:1 - - [24/Feb/2020:22:08:44 -0500] "GET /api/mapa-digital/v1.0/sectors HTTP/1.1" - - "-" "PostmanRuntime/7.22.0"
- 127.0.0.1 - - [24/Feb/2020:22:08:44 -0500] "GET /sectors HTTP/1.1" - - "-" "Synapse-PT-HttpComponents-NIO"
- 127.0.0.1  - [24/Feb/2020:22:08:44 -0500] "- - " 404 - "-" "-"
- 0:0:0:0:0:0:0:1  - [24/Feb/2020:22:08:44 -0500] "- - " 404 - "-" "-"
- 0:0:0:0:0:0:0:1 - - [24/Feb/2020:22:08:55 -0500] "GET /api/mapa-digital/v1.0/sectors HTTP/1.1" - - "-" "PostmanRuntime/7.22.0"
- 127.0.0.1 - - [24/Feb/2020:22:08:55 -0500] "GET /sectors HTTP/1.1" - - "-" "Synapse-PT-HttpComponents-NIO"
- 0:0:0:0:0:0:0:1 - - [24/Feb/2020:22:09:10 -0500] "GET /api/mapa-digital/v1.0/sectors HTTP/1.1" - - "-" "PostmanRuntime/7.22.0"
- 127.0.0.1  - [24/Feb/2020:22:08:55 -0500] "- - " 404 - "-" "-"
- 0:0:0:0:0:0:0:1  - [24/Feb/2020:22:08:55 -0500] "- - " 404 - "-" "-"
- 0:0:0:0:0:0:0:1  - [24/Feb/2020:22:09:10 -0500] "- - " 401 - "-" "-"
- 0:0:0:0:0:0:0:1 - - [24/Feb/2020:22:09:22 -0500] "GET /api/mapa-digital/v1.0/sectors HTTP/1.1" - - "-" "PostmanRuntime/7.22.0"
- 127.0.0.1 - - [24/Feb/2020:22:09:22 -0500] "GET /sectors HTTP/1.1" - - "-" "Synapse-PT-HttpComponents-NIO"
- 0:0:0:0:0:0:0:1 - - [24/Feb/2020:22:09:31 -0500] "GET /api/mapa-digital/v1.0/sectors HTTP/1.1" - - "-" "PostmanRuntime/7.22.0"
- 127.0.0.1 - - [24/Feb/2020:22:09:31 -0500] "GET /sectors HTTP/1.1" - - "-" "Synapse-PT-HttpComponents-NIO"
- 127.0.0.1  - [24/Feb/2020:22:09:22 -0500] "- - " 404 - "-" "-"
- 0:0:0:0:0:0:0:1  - [24/Feb/2020:22:09:22 -0500] "- - " 404 - "-" "-"
- 127.0.0.1  - [24/Feb/2020:22:09:31 -0500] "- - " 404 - "-" "-"
- 0:0:0:0:0:0:0:1  - [24/Feb/2020:22:09:31 -0500] "- - " 404 - "-" "-"
- 0:0:0:0:0:0:0:1 - - [24/Feb/2020:22:10:33 -0500] "GET /api/mapa-digital/v1.0/sectors HTTP/1.1" - - "-" "PostmanRuntime/7.22.0"
- 127.0.0.1 - - [24/Feb/2020:22:10:33 -0500] "GET /sectors HTTP/1.1" - - "-" "Synapse-PT-HttpComponents-NIO"
- 0:0:0:0:0:0:0:1 - - [24/Feb/2020:22:10:37 -0500] "GET /api/mapa-digital/v1.0/sectors HTTP/1.1" - - "-" "PostmanRuntime/7.22.0"
- 127.0.0.1 - - [24/Feb/2020:22:10:37 -0500] "GET /sectors HTTP/1.1" - - "-" "Synapse-PT-HttpComponents-NIO"
- 0:0:0:0:0:0:0:1 - - [24/Feb/2020:22:10:40 -0500] "GET /api/mapa-digital/v1.0/sector HTTP/1.1" - - "-" "PostmanRuntime/7.22.0"
- 0:0:0:0:0:0:0:1 - - [24/Feb/2020:22:10:42 -0500] "GET /api/mapa-digital/v1.0/sectors HTTP/1.1" - - "-" "PostmanRuntime/7.22.0"
- 127.0.0.1  - [24/Feb/2020:22:10:33 -0500] "- - " 404 - "-" "-"
- 127.0.0.1 - - [24/Feb/2020:22:10:42 -0500] "GET /sectors HTTP/1.1" - - "-" "Synapse-PT-HttpComponents-NIO"
- 0:0:0:0:0:0:0:1  - [24/Feb/2020:22:10:33 -0500] "- - " 404 - "-" "-"
- 127.0.0.1  - [24/Feb/2020:22:10:37 -0500] "- - " 404 - "-" "-"
- 0:0:0:0:0:0:0:1  - [24/Feb/2020:22:10:37 -0500] "- - " 404 - "-" "-"
- 0:0:0:0:0:0:0:1  - [24/Feb/2020:22:10:40 -0500] "- - " 404 - "-" "-"
- 127.0.0.1  - [24/Feb/2020:22:10:42 -0500] "- - " 404 - "-" "-"
- 0:0:0:0:0:0:0:1  - [24/Feb/2020:22:10:42 -0500] "- - " 404 - "-" "-"
- 0:0:0:0:0:0:0:1 - - [24/Feb/2020:22:11:07 -0500] "GET /api/mapa-digital/v1.0/sectors HTTP/1.1" - - "-" "PostmanRuntime/7.22.0"
- 127.0.0.1 - - [24/Feb/2020:22:11:07 -0500] "GET /sectors HTTP/1.1" - - "-" "Synapse-PT-HttpComponents-NIO"
- 127.0.0.1  - [24/Feb/2020:22:11:07 -0500] "- - " 404 - "-" "-"
- 0:0:0:0:0:0:0:1  - [24/Feb/2020:22:11:07 -0500] "- - " 404 - "-" "-"
- 0:0:0:0:0:0:0:1 - - [24/Feb/2020:22:11:27 -0500] "OPTIONS /api/mapa-digital/v1.0/sectors HTTP/1.1" - - "https://localhost:9443/devportal/apis/a9042b40-9e2c-4553-99e1-b6b3800daf53/test" "Mozilla/5.0 (Windows NT 10.0; Win64; x64) AppleWebKit/537.36 (KHTML, like Gecko) Chrome/80.0.3987.116 Safari/537.36"
- 0:0:0:0:0:0:0:1 - - [24/Feb/2020:22:11:27 -0500] "GET /api/mapa-digital/v1.0/sectors HTTP/1.1" - - "https://localhost:9443/devportal/apis/a9042b40-9e2c-4553-99e1-b6b3800daf53/test" "Mozilla/5.0 (Windows NT 10.0; Win64; x64) AppleWebKit/537.36 (KHTML, like Gecko) Chrome/80.0.3987.116 Safari/537.36"
- 127.0.0.1 - - [24/Feb/2020:22:11:27 -0500] "GET /sectors HTTP/1.1" - - "https://localhost:9443/devportal/apis/a9042b40-9e2c-4553-99e1-b6b3800daf53/test" "Synapse-PT-HttpComponents-NIO"
- 0:0:0:0:0:0:0:1  - [24/Feb/2020:22:11:27 -0500] "- - " 200 - "-" "-"
- 127.0.0.1  - [24/Feb/2020:22:11:27 -0500] "- - " 404 - "-" "-"
- 0:0:0:0:0:0:0:1  - [24/Feb/2020:22:11:27 -0500] "- - " 404 - "-" "-"
- 0:0:0:0:0:0:0:1 - - [24/Feb/2020:22:13:09 -0500] "GET /api/mapa-digital/v1.0/sectors HTTP/1.1" - - "-" "PostmanRuntime/7.22.0"
- 192.168.0.108 - - [24/Feb/2020:22:13:09 -0500] "GET /sectors HTTP/1.1" - - "-" "Synapse-PT-HttpComponents-NIO"
- 0:0:0:0:0:0:0:1 - - [24/Feb/2020:22:13:11 -0500] "GET /api/mapa-digital/v1.0/sectors HTTP/1.1" - - "-" "PostmanRuntime/7.22.0"
- 192.168.0.108 - - [24/Feb/2020:22:13:11 -0500] "GET /sectors HTTP/1.1" - - "-" "Synapse-PT-HttpComponents-NIO"
- 0:0:0:0:0:0:0:1 - - [24/Feb/2020:22:13:18 -0500] "GET /api/mapa-digital/v1.0/sectors HTTP/1.1" - - "-" "PostmanRuntime/7.22.0"
- 192.168.0.108 - - [24/Feb/2020:22:13:18 -0500] "GET /sectors HTTP/1.1" - - "-" "Synapse-PT-HttpComponents-NIO"
- 192.168.0.108  - [24/Feb/2020:22:13:09 -0500] "- - " 404 - "-" "-"
- 0:0:0:0:0:0:0:1  - [24/Feb/2020:22:13:09 -0500] "- - " 404 - "-" "-"
- 192.168.0.108  - [24/Feb/2020:22:13:11 -0500] "- - " 404 - "-" "-"
- 0:0:0:0:0:0:0:1  - [24/Feb/2020:22:13:11 -0500] "- - " 404 - "-" "-"
- 192.168.0.108  - [24/Feb/2020:22:13:18 -0500] "- - " 404 - "-" "-"
- 0:0:0:0:0:0:0:1  - [24/Feb/2020:22:13:18 -0500] "- - " 404 - "-" "-"
- 0:0:0:0:0:0:0:1 - - [24/Feb/2020:22:13:36 -0500] "GET /api/mapa-digital/v1.0/sectors HTTP/1.1" - - "-" "PostmanRuntime/7.22.0"
- 192.168.0.108 - - [24/Feb/2020:22:13:36 -0500] "GET /sectors HTTP/1.1" - - "-" "Synapse-PT-HttpComponents-NIO"
- 0:0:0:0:0:0:0:1 - - [24/Feb/2020:22:13:38 -0500] "GET /api/mapa-digital/v1.0/sectors HTTP/1.1" - - "-" "PostmanRuntime/7.22.0"
- 192.168.0.108 - - [24/Feb/2020:22:13:38 -0500] "GET /sectors HTTP/1.1" - - "-" "Synapse-PT-HttpComponents-NIO"
- 0:0:0:0:0:0:0:1 - - [24/Feb/2020:22:13:40 -0500] "GET /api/mapa-digital/v1.0/sectors HTTP/1.1" - - "-" "PostmanRuntime/7.22.0"
- 192.168.0.108 - - [24/Feb/2020:22:13:40 -0500] "GET /sectors HTTP/1.1" - - "-" "Synapse-PT-HttpComponents-NIO"
- 0:0:0:0:0:0:0:1 - - [24/Feb/2020:22:13:42 -0500] "GET /api/mapa-digital/v1.0/sectors HTTP/1.1" - - "-" "PostmanRuntime/7.22.0"
- 192.168.0.108 - - [24/Feb/2020:22:13:42 -0500] "GET /sectors HTTP/1.1" - - "-" "Synapse-PT-HttpComponents-NIO"
- 0:0:0:0:0:0:0:1 - - [24/Feb/2020:22:13:46 -0500] "GET /api/mapa-digital/v1.0/sectors HTTP/1.1" - - "-" "PostmanRuntime/7.22.0"
- 192.168.0.108 - - [24/Feb/2020:22:13:46 -0500] "GET /sectors HTTP/1.1" - - "-" "Synapse-PT-HttpComponents-NIO"
- 0:0:0:0:0:0:0:1 - - [24/Feb/2020:22:13:47 -0500] "GET /api/mapa-digital/v1.0/sectors HTTP/1.1" - - "-" "PostmanRuntime/7.22.0"
- 192.168.0.108 - - [24/Feb/2020:22:13:47 -0500] "GET /sectors HTTP/1.1" - - "-" "Synapse-PT-HttpComponents-NIO"
- 0:0:0:0:0:0:0:1 - - [24/Feb/2020:22:13:48 -0500] "GET /api/mapa-digital/v1.0/sectors HTTP/1.1" - - "-" "PostmanRuntime/7.22.0"
- 192.168.0.108 - - [24/Feb/2020:22:13:48 -0500] "GET /sectors HTTP/1.1" - - "-" "Synapse-PT-HttpComponents-NIO"
- 0:0:0:0:0:0:0:1 - - [24/Feb/2020:22:13:50 -0500] "GET /api/mapa-digital/v1.0/sectors HTTP/1.1" - - "-" "PostmanRuntime/7.22.0"
- 192.168.0.108 - - [24/Feb/2020:22:13:51 -0500] "GET /sectors HTTP/1.1" - - "-" "Synapse-PT-HttpComponents-NIO"
- 192.168.0.108  - [24/Feb/2020:22:13:36 -0500] "- - " 404 - "-" "-"
- 0:0:0:0:0:0:0:1  - [24/Feb/2020:22:13:36 -0500] "- - " 404 - "-" "-"
- 192.168.0.108  - [24/Feb/2020:22:13:38 -0500] "- - " 404 - "-" "-"
- 0:0:0:0:0:0:0:1  - [24/Feb/2020:22:13:38 -0500] "- - " 404 - "-" "-"
- 192.168.0.108  - [24/Feb/2020:22:13:40 -0500] "- - " 404 - "-" "-"
- 0:0:0:0:0:0:0:1  - [24/Feb/2020:22:13:40 -0500] "- - " 404 - "-" "-"
- 192.168.0.108  - [24/Feb/2020:22:13:42 -0500] "- - " 404 - "-" "-"
- 0:0:0:0:0:0:0:1  - [24/Feb/2020:22:13:42 -0500] "- - " 404 - "-" "-"
- 192.168.0.108  - [24/Feb/2020:22:13:46 -0500] "- - " 404 - "-" "-"
- 0:0:0:0:0:0:0:1  - [24/Feb/2020:22:13:46 -0500] "- - " 404 - "-" "-"
- 192.168.0.108  - [24/Feb/2020:22:13:47 -0500] "- - " 404 - "-" "-"
- 0:0:0:0:0:0:0:1  - [24/Feb/2020:22:13:47 -0500] "- - " 404 - "-" "-"
- 192.168.0.108  - [24/Feb/2020:22:13:48 -0500] "- - " 404 - "-" "-"
- 0:0:0:0:0:0:0:1  - [24/Feb/2020:22:13:48 -0500] "- - " 404 - "-" "-"
- 192.168.0.108  - [24/Feb/2020:22:13:51 -0500] "- - " 404 - "-" "-"
- 0:0:0:0:0:0:0:1  - [24/Feb/2020:22:13:50 -0500] "- - " 404 - "-" "-"
- 0:0:0:0:0:0:0:1 - - [24/Feb/2020:22:15:11 -0500] "GET /api/mapa-digital/v1.0/sectors HTTP/1.1" - - "-" "PostmanRuntime/7.22.0"
- 192.168.0.108 - - [24/Feb/2020:22:15:11 -0500] "GET /sectors HTTP/1.1" - - "-" "Synapse-PT-HttpComponents-NIO"
- 192.168.0.108  - [24/Feb/2020:22:15:11 -0500] "- - " 404 - "-" "-"
- 0:0:0:0:0:0:0:1  - [24/Feb/2020:22:15:11 -0500] "- - " 404 - "-" "-"
- 0:0:0:0:0:0:0:1 - - [24/Feb/2020:22:15:50 -0500] "GET /api/mapa-digital/v1.0/sectors HTTP/1.1" - - "-" "PostmanRuntime/7.22.0"
- 127.0.0.1 - - [24/Feb/2020:22:15:50 -0500] "GET /api/v1/sectors HTTP/1.1" - - "-" "Synapse-PT-HttpComponents-NIO"
- 127.0.0.1  - [24/Feb/2020:22:15:50 -0500] "- - " 404 - "-" "-"
- 0:0:0:0:0:0:0:1  - [24/Feb/2020:22:15:50 -0500] "- - " 404 - "-" "-"
- 0:0:0:0:0:0:0:1 - - [24/Feb/2020:22:15:53 -0500] "GET /api/mapa-digital/v1.0/sectors HTTP/1.1" - - "-" "PostmanRuntime/7.22.0"
- 127.0.0.1 - - [24/Feb/2020:22:15:53 -0500] "GET /api/v1/sectors HTTP/1.1" - - "-" "Synapse-PT-HttpComponents-NIO"
- 0:0:0:0:0:0:0:1 - - [24/Feb/2020:22:15:54 -0500] "GET /api/mapa-digital/v1.0/sectors HTTP/1.1" - - "-" "PostmanRuntime/7.22.0"
- 127.0.0.1 - - [24/Feb/2020:22:15:54 -0500] "GET /api/v1/sectors HTTP/1.1" - - "-" "Synapse-PT-HttpComponents-NIO"
- 127.0.0.1  - [24/Feb/2020:22:15:53 -0500] "- - " 404 - "-" "-"
- 0:0:0:0:0:0:0:1  - [24/Feb/2020:22:15:53 -0500] "- - " 404 - "-" "-"
- 127.0.0.1  - [24/Feb/2020:22:15:54 -0500] "- - " 404 - "-" "-"
- 0:0:0:0:0:0:0:1  - [24/Feb/2020:22:15:54 -0500] "- - " 404 - "-" "-"
- 0:0:0:0:0:0:0:1 - - [24/Feb/2020:22:16:22 -0500] "GET /api/mapa-digital/v1.0/sectors HTTP/1.1" - - "-" "PostmanRuntime/7.22.0"
- 127.0.0.1 - - [24/Feb/2020:22:16:22 -0500] "GET /api/v1/sectors HTTP/1.1" - - "-" "Synapse-PT-HttpComponents-NIO"
- 0:0:0:0:0:0:0:1 - - [24/Feb/2020:22:16:24 -0500] "GET /api/mapa-digital/v1.0/sectors HTTP/1.1" - - "-" "PostmanRuntime/7.22.0"
- 127.0.0.1 - - [24/Feb/2020:22:16:24 -0500] "GET /api/v1/sectors HTTP/1.1" - - "-" "Synapse-PT-HttpComponents-NIO"
- 0:0:0:0:0:0:0:1 - - [24/Feb/2020:22:16:42 -0500] "GET /api/mapa-digital/v1.0/sectors HTTP/1.1" - - "-" "PostmanRuntime/7.22.0"
- 192.168.0.108 - - [24/Feb/2020:22:16:42 -0500] "GET /api/v1/sectors HTTP/1.1" - - "-" "Synapse-PT-HttpComponents-NIO"
- 0:0:0:0:0:0:0:1 - - [24/Feb/2020:22:16:43 -0500] "GET /api/mapa-digital/v1.0/sectors HTTP/1.1" - - "-" "PostmanRuntime/7.22.0"
- 192.168.0.108 - - [24/Feb/2020:22:16:43 -0500] "GET /api/v1/sectors HTTP/1.1" - - "-" "Synapse-PT-HttpComponents-NIO"
- 127.0.0.1  - [24/Feb/2020:22:16:22 -0500] "- - " 404 - "-" "-"
- 0:0:0:0:0:0:0:1  - [24/Feb/2020:22:16:22 -0500] "- - " 404 - "-" "-"
- 127.0.0.1  - [24/Feb/2020:22:16:24 -0500] "- - " 404 - "-" "-"
- 0:0:0:0:0:0:0:1  - [24/Feb/2020:22:16:24 -0500] "- - " 404 - "-" "-"
- 192.168.0.108  - [24/Feb/2020:22:16:42 -0500] "- - " 404 - "-" "-"
- 0:0:0:0:0:0:0:1  - [24/Feb/2020:22:16:42 -0500] "- - " 404 - "-" "-"
- 192.168.0.108  - [24/Feb/2020:22:16:43 -0500] "- - " 404 - "-" "-"
- 0:0:0:0:0:0:0:1  - [24/Feb/2020:22:16:43 -0500] "- - " 404 - "-" "-"
- 0:0:0:0:0:0:0:1 - - [24/Feb/2020:22:17:10 -0500] "GET /api/mapa-digital/v1.0/sectors HTTP/1.1" - - "-" "PostmanRuntime/7.22.0"
- 0:0:0:0:0:0:0:1  - [24/Feb/2020:22:17:10 -0500] "- - " 404 - "-" "-"
- 0:0:0:0:0:0:0:1 - - [24/Feb/2020:22:19:05 -0500] "GET /api/mapa-digital/v1.0/sectors HTTP/1.1" - - "-" "PostmanRuntime/7.22.0"
- 0:0:0:0:0:0:0:1 - - [24/Feb/2020:22:19:07 -0500] "GET /api/mapa-digital/v1.0/sectors HTTP/1.1" - - "-" "PostmanRuntime/7.22.0"
- 0:0:0:0:0:0:0:1  - [24/Feb/2020:22:19:05 -0500] "- - " 404 - "-" "-"
- 0:0:0:0:0:0:0:1  - [24/Feb/2020:22:19:07 -0500] "- - " 404 - "-" "-"
- 0:0:0:0:0:0:0:1 - - [24/Feb/2020:22:24:45 -0500] "GET /api/mapa-digital/v1.0/sectors HTTP/1.1" - - "-" "PostmanRuntime/7.22.0"
- 127.0.0.1 - - [24/Feb/2020:22:24:45 -0500] "GET /api/v1/sectors HTTP/1.1" - - "-" "Synapse-PT-HttpComponents-NIO"
- 0:0:0:0:0:0:0:1 - - [24/Feb/2020:22:24:47 -0500] "GET /api/mapa-digital/v1.0/sectors HTTP/1.1" - - "-" "PostmanRuntime/7.22.0"
- 127.0.0.1 - - [24/Feb/2020:22:24:47 -0500] "GET /api/v1/sectors HTTP/1.1" - - "-" "Synapse-PT-HttpComponents-NIO"
- 127.0.0.1  - [24/Feb/2020:22:24:45 -0500] "- - " 404 - "-" "-"
- 0:0:0:0:0:0:0:1  - [24/Feb/2020:22:24:45 -0500] "- - " 404 - "-" "-"
- 127.0.0.1  - [24/Feb/2020:22:24:47 -0500] "- - " 404 - "-" "-"
- 0:0:0:0:0:0:0:1  - [24/Feb/2020:22:24:47 -0500] "- - " 404 - "-" "-"
- 0:0:0:0:0:0:0:1 - - [24/Feb/2020:22:25:19 -0500] "GET /api/mapa-digital/v1.0/sectors HTTP/1.1" - - "-" "PostmanRuntime/7.22.0"
- 192.168.0.108 - - [24/Feb/2020:22:25:19 -0500] "GET /api/v1/sectors HTTP/1.1" - - "-" "Synapse-PT-HttpComponents-NIO"
- 192.168.0.108  - [24/Feb/2020:22:25:19 -0500] "- - " 404 - "-" "-"
- 0:0:0:0:0:0:0:1  - [24/Feb/2020:22:25:19 -0500] "- - " 404 - "-" "-"
- 0:0:0:0:0:0:0:1 - - [24/Feb/2020:22:25:53 -0500] "GET /api/mapa-digital/v1.0/sectors HTTP/1.1" - - "-" "PostmanRuntime/7.22.0"
- 192.168.0.108 - - [24/Feb/2020:22:25:53 -0500] "GET /api/v1/sectors HTTP/1.1" - - "-" "Synapse-PT-HttpComponents-NIO"
- 0:0:0:0:0:0:0:1 - - [24/Feb/2020:22:25:54 -0500] "GET /api/mapa-digital/v1.0/sectors HTTP/1.1" - - "-" "PostmanRuntime/7.22.0"
- 192.168.0.108 - - [24/Feb/2020:22:25:54 -0500] "GET /api/v1/sectors HTTP/1.1" - - "-" "Synapse-PT-HttpComponents-NIO"
- 0:0:0:0:0:0:0:1 - - [24/Feb/2020:22:25:56 -0500] "GET /api/mapa-digital/v1.0/sectors HTTP/1.1" - - "-" "PostmanRuntime/7.22.0"
- 192.168.0.108 - - [24/Feb/2020:22:25:56 -0500] "GET /api/v1/sectors HTTP/1.1" - - "-" "Synapse-PT-HttpComponents-NIO"
- 0:0:0:0:0:0:0:1 - - [24/Feb/2020:22:25:57 -0500] "GET /api/mapa-digital/v1.0/sectors HTTP/1.1" - - "-" "PostmanRuntime/7.22.0"
- 192.168.0.108 - - [24/Feb/2020:22:25:57 -0500] "GET /api/v1/sectors HTTP/1.1" - - "-" "Synapse-PT-HttpComponents-NIO"
- 0:0:0:0:0:0:0:1 - - [24/Feb/2020:22:25:59 -0500] "GET /api/mapa-digital/v1.0/sectors HTTP/1.1" - - "-" "PostmanRuntime/7.22.0"
- 192.168.0.108 - - [24/Feb/2020:22:26:00 -0500] "GET /api/v1/sectors HTTP/1.1" - - "-" "Synapse-PT-HttpComponents-NIO"
- 192.168.0.108  - [24/Feb/2020:22:25:53 -0500] "- - " 404 - "-" "-"
- 0:0:0:0:0:0:0:1  - [24/Feb/2020:22:25:53 -0500] "- - " 404 - "-" "-"
- 192.168.0.108  - [24/Feb/2020:22:25:54 -0500] "- - " 404 - "-" "-"
- 0:0:0:0:0:0:0:1  - [24/Feb/2020:22:25:54 -0500] "- - " 404 - "-" "-"
- 192.168.0.108  - [24/Feb/2020:22:25:56 -0500] "- - " 404 - "-" "-"
- 0:0:0:0:0:0:0:1  - [24/Feb/2020:22:25:56 -0500] "- - " 404 - "-" "-"
- 192.168.0.108  - [24/Feb/2020:22:25:57 -0500] "- - " 404 - "-" "-"
- 0:0:0:0:0:0:0:1  - [24/Feb/2020:22:25:57 -0500] "- - " 404 - "-" "-"
- 192.168.0.108  - [24/Feb/2020:22:26:00 -0500] "- - " 404 - "-" "-"
- 0:0:0:0:0:0:0:1  - [24/Feb/2020:22:25:59 -0500] "- - " 404 - "-" "-"
- 0:0:0:0:0:0:0:1 - - [24/Feb/2020:22:26:37 -0500] "OPTIONS /api/mapa-digital/v1.0/sectors HTTP/1.1" - - "https://localhost:9443/devportal/apis/304ad494-308a-479b-ae7a-5ac64beffe60/test" "Mozilla/5.0 (Windows NT 10.0; Win64; x64) AppleWebKit/537.36 (KHTML, like Gecko) Chrome/80.0.3987.116 Safari/537.36"
- 0:0:0:0:0:0:0:1 - - [24/Feb/2020:22:26:37 -0500] "GET /api/mapa-digital/v1.0/sectors HTTP/1.1" - - "https://localhost:9443/devportal/apis/304ad494-308a-479b-ae7a-5ac64beffe60/test" "Mozilla/5.0 (Windows NT 10.0; Win64; x64) AppleWebKit/537.36 (KHTML, like Gecko) Chrome/80.0.3987.116 Safari/537.36"
- 192.168.0.108 - - [24/Feb/2020:22:26:37 -0500] "GET /api/v1/sectors HTTP/1.1" - - "https://localhost:9443/devportal/apis/304ad494-308a-479b-ae7a-5ac64beffe60/test" "Synapse-PT-HttpComponents-NIO"
- 0:0:0:0:0:0:0:1  - [24/Feb/2020:22:26:37 -0500] "- - " 200 - "-" "-"
- 192.168.0.108  - [24/Feb/2020:22:26:37 -0500] "- - " 404 - "-" "-"
- 0:0:0:0:0:0:0:1  - [24/Feb/2020:22:26:37 -0500] "- - " 404 - "-" "-"
- 0:0:0:0:0:0:0:1 - - [24/Feb/2020:22:27:44 -0500] "OPTIONS /api/georeferencia/v1.0/emprendimientos HTTP/1.1" - - "https://localhost:9443/devportal/apis/2a3811af-0ada-4c74-ac63-c65d42cf82ca/test" "Mozilla/5.0 (Windows NT 10.0; Win64; x64) AppleWebKit/537.36 (KHTML, like Gecko) Chrome/80.0.3987.116 Safari/537.36"
- 0:0:0:0:0:0:0:1  - [24/Feb/2020:22:27:44 -0500] "- - " 200 - "-" "-"
- 0:0:0:0:0:0:0:1 - - [24/Feb/2020:22:29:58 -0500] "GET /api/georeferencia/v1.0/emprendimientos/1 HTTP/1.1" - - "-" "Mozilla/5.0 (Windows NT 10.0; Win64; x64) AppleWebKit/537.36 (KHTML, like Gecko) Chrome/80.0.3987.116 Safari/537.36"
- 192.168.0.108 - - [24/Feb/2020:22:29:58 -0500] "GET /api/v1/emprendimientos/1 HTTP/1.1" - - "-" "Synapse-PT-HttpComponents-NIO"
- 192.168.0.108  - [24/Feb/2020:22:29:58 -0500] "- - " 400 - "-" "-"
- 0:0:0:0:0:0:0:1  - [24/Feb/2020:22:29:58 -0500] "- - " 400 - "-" "-"
- 0:0:0:0:0:0:0:1 - - [24/Feb/2020:22:30:43 -0500] "GET /api/mapa-digital/v1.0/sectors HTTP/1.1" - - "-" "PostmanRuntime/7.22.0"
- 192.168.0.108 - - [24/Feb/2020:22:30:43 -0500] "GET /api/v1/sectors HTTP/1.1" - - "-" "Synapse-PT-HttpComponents-NIO"
- 0:0:0:0:0:0:0:1 - - [24/Feb/2020:22:30:45 -0500] "GET /api/mapa-digital/v1.0/sectors HTTP/1.1" - - "-" "PostmanRuntime/7.22.0"
- 192.168.0.108 - - [24/Feb/2020:22:30:45 -0500] "GET /api/v1/sectors HTTP/1.1" - - "-" "Synapse-PT-HttpComponents-NIO"
- 192.168.0.108  - [24/Feb/2020:22:30:43 -0500] "- - " 404 - "-" "-"
- 0:0:0:0:0:0:0:1  - [24/Feb/2020:22:30:43 -0500] "- - " 404 - "-" "-"
- 192.168.0.108  - [24/Feb/2020:22:30:45 -0500] "- - " 404 - "-" "-"
- 0:0:0:0:0:0:0:1  - [24/Feb/2020:22:30:45 -0500] "- - " 404 - "-" "-"
- 0:0:0:0:0:0:0:1 - - [24/Feb/2020:22:31:32 -0500] "GET /api/mapa-digital/v1.0/sectors HTTP/1.1" - - "-" "Mozilla/5.0 (Windows NT 10.0; Win64; x64) AppleWebKit/537.36 (KHTML, like Gecko) Chrome/80.0.3987.116 Safari/537.36"
- 192.168.0.108 - - [24/Feb/2020:22:31:32 -0500] "GET /api/v1/sectors HTTP/1.1" - - "-" "Synapse-PT-HttpComponents-NIO"
- 0:0:0:0:0:0:0:1 - - [24/Feb/2020:22:31:32 -0500] "GET /favicon.ico HTTP/1.1" - - "https://localhost:8243/api/mapa-digital/v1.0/sectors" "Mozilla/5.0 (Windows NT 10.0; Win64; x64) AppleWebKit/537.36 (KHTML, like Gecko) Chrome/80.0.3987.116 Safari/537.36"
- 0:0:0:0:0:0:0:1 - - [24/Feb/2020:22:31:41 -0500] "GET /api/mapa-digital/v1.0/sectors HTTP/1.1" - - "-" "Mozilla/5.0 (Windows NT 10.0; Win64; x64) AppleWebKit/537.36 (KHTML, like Gecko) Chrome/80.0.3987.116 Safari/537.36"
- 192.168.0.108 - - [24/Feb/2020:22:31:41 -0500] "GET /api/v1/sectors HTTP/1.1" - - "-" "Synapse-PT-HttpComponents-NIO"
- 192.168.0.108  - [24/Feb/2020:22:31:32 -0500] "- - " 404 - "-" "-"
- 0:0:0:0:0:0:0:1  - [24/Feb/2020:22:31:32 -0500] "- - " 404 - "-" "-"
