0:0:0:0:0:0:0:1 - - [24/Feb/2020:22:50:08 -0500] GET /api/am/store/v1.0/swagger.yaml HTTP/1.1 200 219176 https://localhost:9443/devportal/applications Mozilla/5.0 (Windows NT 10.0; Win64; x64) AppleWebKit/537.36 (KHTML, like Gecko) Chrome/80.0.3987.116 Safari/537.36 0.019
0:0:0:0:0:0:0:1 - - [24/Feb/2020:22:50:09 -0500] GET /api/am/store/v1.0/applications?sortBy=name&sortOrder=asc&limit=10&offset=0 HTTP/1.1 200 565 https://localhost:9443/devportal/applications Mozilla/5.0 (Windows NT 10.0; Win64; x64) AppleWebKit/537.36 (KHTML, like Gecko) Chrome/80.0.3987.116 Safari/537.36 0.022
0:0:0:0:0:0:0:1 - - [24/Feb/2020:22:50:11 -0500] GET /devportal/site/public/images/_favicon.ico HTTP/1.1 200 1150 https://localhost:9443/devportal/applications/239d7d37-b066-43a3-885d-0612e5e6817d Mozilla/5.0 (Windows NT 10.0; Win64; x64) AppleWebKit/537.36 (KHTML, like Gecko) Chrome/80.0.3987.116 Safari/537.36 0.003
127.0.0.1 - - [24/Feb/2020:22:50:11 -0500] POST /services/APIKeyMgtSubscriberService HTTP/1.1 200 1368 - Axis2 0.033
0:0:0:0:0:0:0:1 - - [24/Feb/2020:22:50:11 -0500] GET /api/am/store/v1.0/applications/239d7d37-b066-43a3-885d-0612e5e6817d HTTP/1.1 200 324 https://localhost:9443/devportal/applications/239d7d37-b066-43a3-885d-0612e5e6817d Mozilla/5.0 (Windows NT 10.0; Win64; x64) AppleWebKit/537.36 (KHTML, like Gecko) Chrome/80.0.3987.116 Safari/537.36 0.082
127.0.0.1 - - [24/Feb/2020:22:50:11 -0500] POST /services/APIKeyMgtSubscriberService HTTP/1.1 200 1368 - Axis2 0.022
0:0:0:0:0:0:0:1 - - [24/Feb/2020:22:50:11 -0500] GET /api/am/store/v1.0/swagger.yaml HTTP/1.1 200 219176 https://localhost:9443/devportal/applications/239d7d37-b066-43a3-885d-0612e5e6817d/productionkeys Mozilla/5.0 (Windows NT 10.0; Win64; x64) AppleWebKit/537.36 (KHTML, like Gecko) Chrome/80.0.3987.116 Safari/537.36 0.078
0:0:0:0:0:0:0:1 - - [24/Feb/2020:22:50:11 -0500] GET /api/am/store/v1.0/applications/239d7d37-b066-43a3-885d-0612e5e6817d HTTP/1.1 200 324 https://localhost:9443/devportal/applications/239d7d37-b066-43a3-885d-0612e5e6817d/productionkeys Mozilla/5.0 (Windows NT 10.0; Win64; x64) AppleWebKit/537.36 (KHTML, like Gecko) Chrome/80.0.3987.116 Safari/537.36 0.077
0:0:0:0:0:0:0:1 - - [24/Feb/2020:22:50:11 -0500] GET /devportal/site/public/images/_favicon.ico HTTP/1.1 200 1150 https://localhost:9443/devportal/applications/239d7d37-b066-43a3-885d-0612e5e6817d/productionkeys Mozilla/5.0 (Windows NT 10.0; Win64; x64) AppleWebKit/537.36 (KHTML, like Gecko) Chrome/80.0.3987.116 Safari/537.36 0.005
0:0:0:0:0:0:0:1 - - [24/Feb/2020:22:50:11 -0500] GET /api/am/store/v1.0/settings HTTP/1.1 200 539 https://localhost:9443/devportal/applications/239d7d37-b066-43a3-885d-0612e5e6817d/productionkeys Mozilla/5.0 (Windows NT 10.0; Win64; x64) AppleWebKit/537.36 (KHTML, like Gecko) Chrome/80.0.3987.116 Safari/537.36 0.153
127.0.0.1 - - [24/Feb/2020:22:50:12 -0500] POST /services/APIKeyMgtSubscriberService HTTP/1.1 200 1368 - Axis2 0.008
0:0:0:0:0:0:0:1 - - [24/Feb/2020:22:50:12 -0500] GET /api/am/store/v1.0/applications/239d7d37-b066-43a3-885d-0612e5e6817d HTTP/1.1 200 324 https://localhost:9443/devportal/applications/239d7d37-b066-43a3-885d-0612e5e6817d/productionkeys Mozilla/5.0 (Windows NT 10.0; Win64; x64) AppleWebKit/537.36 (KHTML, like Gecko) Chrome/80.0.3987.116 Safari/537.36 0.019
127.0.0.1 - - [24/Feb/2020:22:50:12 -0500] POST /services/APIKeyMgtSubscriberService HTTP/1.1 200 1368 - Axis2 0.003
0:0:0:0:0:0:0:1 - - [24/Feb/2020:22:50:12 -0500] GET /api/am/store/v1.0/applications/239d7d37-b066-43a3-885d-0612e5e6817d/keys HTTP/1.1 200 478 https://localhost:9443/devportal/applications/239d7d37-b066-43a3-885d-0612e5e6817d/productionkeys Mozilla/5.0 (Windows NT 10.0; Win64; x64) AppleWebKit/537.36 (KHTML, like Gecko) Chrome/80.0.3987.116 Safari/537.36 0.011
0:0:0:0:0:0:0:1 - - [24/Feb/2020:22:50:12 -0500] GET /api/am/store/v1.0/swagger.yaml HTTP/1.1 200 219176 https://localhost:9443/devportal/applications/239d7d37-b066-43a3-885d-0612e5e6817d/productionkeys Mozilla/5.0 (Windows NT 10.0; Win64; x64) AppleWebKit/537.36 (KHTML, like Gecko) Chrome/80.0.3987.116 Safari/537.36 0.016
0:0:0:0:0:0:0:1 - - [24/Feb/2020:22:50:12 -0500] GET /api/am/store/v1.0/throttling-policies/application/Unlimited HTTP/1.1 200 403 https://localhost:9443/devportal/applications/239d7d37-b066-43a3-885d-0612e5e6817d/productionkeys Mozilla/5.0 (Windows NT 10.0; Win64; x64) AppleWebKit/537.36 (KHTML, like Gecko) Chrome/80.0.3987.116 Safari/537.36 0.279
127.0.0.1 - - [24/Feb/2020:22:50:13 -0500] POST /services/APIKeyMgtSubscriberService HTTP/1.1 200 1368 - Axis2 0.011
0:0:0:0:0:0:0:1 - - [24/Feb/2020:22:50:13 -0500] GET /api/am/store/v1.0/applications/239d7d37-b066-43a3-885d-0612e5e6817d HTTP/1.1 200 324 https://localhost:9443/devportal/applications/239d7d37-b066-43a3-885d-0612e5e6817d/productionkeys Mozilla/5.0 (Windows NT 10.0; Win64; x64) AppleWebKit/537.36 (KHTML, like Gecko) Chrome/80.0.3987.116 Safari/537.36 0.025
127.0.0.1 - - [24/Feb/2020:22:50:13 -0500] POST /services/APIKeyMgtSubscriberService HTTP/1.1 200 1368 - Axis2 0.020
0:0:0:0:0:0:0:1 - - [24/Feb/2020:22:50:13 -0500] GET /api/am/store/v1.0/applications/239d7d37-b066-43a3-885d-0612e5e6817d/keys HTTP/1.1 200 478 https://localhost:9443/devportal/applications/239d7d37-b066-43a3-885d-0612e5e6817d/productionkeys Mozilla/5.0 (Windows NT 10.0; Win64; x64) AppleWebKit/537.36 (KHTML, like Gecko) Chrome/80.0.3987.116 Safari/537.36 0.028
0:0:0:0:0:0:0:1 - - [24/Feb/2020:22:51:35 -0500] GET /devportal/site/public/fonts/iconfont/material-icons.css HTTP/1.1 200 970 https://localhost:9443/devportal/applications/239d7d37-b066-43a3-885d-0612e5e6817d/productionkeys Mozilla/5.0 (Windows NT 10.0; Win64; x64) AppleWebKit/537.36 (KHTML, like Gecko) Chrome/80.0.3987.116 Safari/537.36 0.004
0:0:0:0:0:0:0:1 - - [24/Feb/2020:22:51:35 -0500] GET /devportal/site/public/css/main.css HTTP/1.1 200 1271 https://localhost:9443/devportal/applications/239d7d37-b066-43a3-885d-0612e5e6817d/productionkeys Mozilla/5.0 (Windows NT 10.0; Win64; x64) AppleWebKit/537.36 (KHTML, like Gecko) Chrome/80.0.3987.116 Safari/537.36 0.005
127.0.0.1 - - [24/Feb/2020:22:52:32 -0500] POST /oauth2/token HTTP/1.1 200 1712 - Synapse-PT-HttpComponents-NIO 0.828
0:0:0:0:0:0:0:1 - - [24/Feb/2020:22:53:23 -0500] GET /devportal/site/public/images/_favicon.ico HTTP/1.1 200 1150 https://localhost:9443/devportal/applications Mozilla/5.0 (Windows NT 10.0; Win64; x64) AppleWebKit/537.36 (KHTML, like Gecko) Chrome/80.0.3987.116 Safari/537.36 0.004
0:0:0:0:0:0:0:1 - - [24/Feb/2020:22:53:23 -0500] GET /api/am/store/v1.0/swagger.yaml HTTP/1.1 200 219176 https://localhost:9443/devportal/applications Mozilla/5.0 (Windows NT 10.0; Win64; x64) AppleWebKit/537.36 (KHTML, like Gecko) Chrome/80.0.3987.116 Safari/537.36 0.033
0:0:0:0:0:0:0:1 - - [24/Feb/2020:22:53:24 -0500] GET /api/am/store/v1.0/applications?sortBy=name&sortOrder=asc&limit=10&offset=0 HTTP/1.1 200 565 https://localhost:9443/devportal/applications Mozilla/5.0 (Windows NT 10.0; Win64; x64) AppleWebKit/537.36 (KHTML, like Gecko) Chrome/80.0.3987.116 Safari/537.36 0.031
0:0:0:0:0:0:0:1 - - [24/Feb/2020:22:53:28 -0500] GET /api/am/store/v1.0/tags?limit=25&offset=0 HTTP/1.1 200 103 https://localhost:9443/devportal/apis Mozilla/5.0 (Windows NT 10.0; Win64; x64) AppleWebKit/537.36 (KHTML, like Gecko) Chrome/80.0.3987.116 Safari/537.36 0.014
0:0:0:0:0:0:0:1 - - [24/Feb/2020:22:53:28 -0500] GET /devportal/site/public/images/_favicon.ico HTTP/1.1 200 1150 https://localhost:9443/devportal/apis Mozilla/5.0 (Windows NT 10.0; Win64; x64) AppleWebKit/537.36 (KHTML, like Gecko) Chrome/80.0.3987.116 Safari/537.36 0.002
0:0:0:0:0:0:0:1 - - [24/Feb/2020:22:53:28 -0500] GET /devportal/site/public/images/_favicon.ico HTTP/1.1 200 1150 https://localhost:9443/devportal/apis Mozilla/5.0 (Windows NT 10.0; Win64; x64) AppleWebKit/537.36 (KHTML, like Gecko) Chrome/80.0.3987.116 Safari/537.36 0.002
0:0:0:0:0:0:0:1 - - [24/Feb/2020:22:53:28 -0500] GET /api/am/store/v1.0/apis?limit=10&offset=0 HTTP/1.1 200 2118 https://localhost:9443/devportal/apis Mozilla/5.0 (Windows NT 10.0; Win64; x64) AppleWebKit/537.36 (KHTML, like Gecko) Chrome/80.0.3987.116 Safari/537.36 0.073
0:0:0:0:0:0:0:1 - - [24/Feb/2020:22:53:28 -0500] GET /api/am/store/v1.0/apis/304ad494-308a-479b-ae7a-5ac64beffe60/ratings?limit=25&offset=0 HTTP/1.1 200 136 https://localhost:9443/devportal/apis Mozilla/5.0 (Windows NT 10.0; Win64; x64) AppleWebKit/537.36 (KHTML, like Gecko) Chrome/80.0.3987.116 Safari/537.36 0.015
0:0:0:0:0:0:0:1 - - [24/Feb/2020:22:53:28 -0500] GET /api/am/store/v1.0/apis/304ad494-308a-479b-ae7a-5ac64beffe60/thumbnail HTTP/1.1 204 - https://localhost:9443/devportal/apis Mozilla/5.0 (Windows NT 10.0; Win64; x64) AppleWebKit/537.36 (KHTML, like Gecko) Chrome/80.0.3987.116 Safari/537.36 0.010
0:0:0:0:0:0:0:1 - - [24/Feb/2020:22:53:28 -0500] GET /api/am/store/v1.0/apis/cc689bc4-e79b-4af0-b018-3e5e86fb743a/thumbnail HTTP/1.1 204 - https://localhost:9443/devportal/apis Mozilla/5.0 (Windows NT 10.0; Win64; x64) AppleWebKit/537.36 (KHTML, like Gecko) Chrome/80.0.3987.116 Safari/537.36 0.008
0:0:0:0:0:0:0:1 - - [24/Feb/2020:22:53:28 -0500] GET /api/am/store/v1.0/apis/cc689bc4-e79b-4af0-b018-3e5e86fb743a/ratings?limit=25&offset=0 HTTP/1.1 200 263 https://localhost:9443/devportal/apis Mozilla/5.0 (Windows NT 10.0; Win64; x64) AppleWebKit/537.36 (KHTML, like Gecko) Chrome/80.0.3987.116 Safari/537.36 0.051
0:0:0:0:0:0:0:1 - - [24/Feb/2020:22:53:28 -0500] GET /api/am/store/v1.0/apis/2a3811af-0ada-4c74-ac63-c65d42cf82ca/thumbnail HTTP/1.1 204 - https://localhost:9443/devportal/apis Mozilla/5.0 (Windows NT 10.0; Win64; x64) AppleWebKit/537.36 (KHTML, like Gecko) Chrome/80.0.3987.116 Safari/537.36 0.012
0:0:0:0:0:0:0:1 - - [24/Feb/2020:22:53:28 -0500] GET /api/am/store/v1.0/apis/bacd087f-16bd-439b-ab64-d3077a078910/thumbnail HTTP/1.1 204 - https://localhost:9443/devportal/apis Mozilla/5.0 (Windows NT 10.0; Win64; x64) AppleWebKit/537.36 (KHTML, like Gecko) Chrome/80.0.3987.116 Safari/537.36 0.015
0:0:0:0:0:0:0:1 - - [24/Feb/2020:22:53:29 -0500] GET /api/am/store/v1.0/apis/2a3811af-0ada-4c74-ac63-c65d42cf82ca/ratings?limit=25&offset=0 HTTP/1.1 200 263 https://localhost:9443/devportal/apis Mozilla/5.0 (Windows NT 10.0; Win64; x64) AppleWebKit/537.36 (KHTML, like Gecko) Chrome/80.0.3987.116 Safari/537.36 0.610
0:0:0:0:0:0:0:1 - - [24/Feb/2020:22:53:29 -0500] GET /api/am/store/v1.0/apis/bacd087f-16bd-439b-ab64-d3077a078910/ratings?limit=25&offset=0 HTTP/1.1 200 136 https://localhost:9443/devportal/apis Mozilla/5.0 (Windows NT 10.0; Win64; x64) AppleWebKit/537.36 (KHTML, like Gecko) Chrome/80.0.3987.116 Safari/537.36 0.632
0:0:0:0:0:0:0:1 - - [24/Feb/2020:22:53:30 -0500] GET /api/am/store/v1.0/apis/304ad494-308a-479b-ae7a-5ac64beffe60 HTTP/1.1 200 2321 https://localhost:9443/devportal/apis/304ad494-308a-479b-ae7a-5ac64beffe60 Mozilla/5.0 (Windows NT 10.0; Win64; x64) AppleWebKit/537.36 (KHTML, like Gecko) Chrome/80.0.3987.116 Safari/537.36 0.034
0:0:0:0:0:0:0:1 - - [24/Feb/2020:22:53:30 -0500] GET /api/am/store/v1.0/applications?limit=25&offset=0 HTTP/1.1 200 565 https://localhost:9443/devportal/apis/304ad494-308a-479b-ae7a-5ac64beffe60 Mozilla/5.0 (Windows NT 10.0; Win64; x64) AppleWebKit/537.36 (KHTML, like Gecko) Chrome/80.0.3987.116 Safari/537.36 0.031
0:0:0:0:0:0:0:1 - - [24/Feb/2020:22:53:30 -0500] GET /api/am/store/v1.0/subscriptions?apiId=304ad494-308a-479b-ae7a-5ac64beffe60&offset=0&limit=25 HTTP/1.1 200 50 https://localhost:9443/devportal/apis/304ad494-308a-479b-ae7a-5ac64beffe60 Mozilla/5.0 (Windows NT 10.0; Win64; x64) AppleWebKit/537.36 (KHTML, like Gecko) Chrome/80.0.3987.116 Safari/537.36 0.037
0:0:0:0:0:0:0:1 - - [24/Feb/2020:22:53:30 -0500] GET /devportal/site/public/images/_favicon.ico HTTP/1.1 200 1150 https://localhost:9443/devportal/apis/304ad494-308a-479b-ae7a-5ac64beffe60 Mozilla/5.0 (Windows NT 10.0; Win64; x64) AppleWebKit/537.36 (KHTML, like Gecko) Chrome/80.0.3987.116 Safari/537.36 0.003
0:0:0:0:0:0:0:1 - - [24/Feb/2020:22:53:30 -0500] GET /devportal/site/public/dist/ApiConsole.bundle.js HTTP/1.1 200 19889 https://localhost:9443/devportal/apis/304ad494-308a-479b-ae7a-5ac64beffe60 Mozilla/5.0 (Windows NT 10.0; Win64; x64) AppleWebKit/537.36 (KHTML, like Gecko) Chrome/80.0.3987.116 Safari/537.36 0.010
0:0:0:0:0:0:0:1 - - [24/Feb/2020:22:53:30 -0500] GET /devportal/site/public/dist/Comments.bundle.js HTTP/1.1 200 45629 https://localhost:9443/devportal/apis/304ad494-308a-479b-ae7a-5ac64beffe60 Mozilla/5.0 (Windows NT 10.0; Win64; x64) AppleWebKit/537.36 (KHTML, like Gecko) Chrome/80.0.3987.116 Safari/537.36 0.024
0:0:0:0:0:0:0:1 - - [24/Feb/2020:22:53:30 -0500] GET /devportal/site/public/dist/Documentation.bundle.js HTTP/1.1 200 21429 https://localhost:9443/devportal/apis/304ad494-308a-479b-ae7a-5ac64beffe60 Mozilla/5.0 (Windows NT 10.0; Win64; x64) AppleWebKit/537.36 (KHTML, like Gecko) Chrome/80.0.3987.116 Safari/537.36 0.029
0:0:0:0:0:0:0:1 - - [24/Feb/2020:22:53:30 -0500] GET /devportal/site/public/dist/Overview.bundle.js HTTP/1.1 200 37193 https://localhost:9443/devportal/apis/304ad494-308a-479b-ae7a-5ac64beffe60 Mozilla/5.0 (Windows NT 10.0; Win64; x64) AppleWebKit/537.36 (KHTML, like Gecko) Chrome/80.0.3987.116 Safari/537.36 0.036
0:0:0:0:0:0:0:1 - - [24/Feb/2020:22:53:30 -0500] GET /devportal/site/public/dist/Sdk.bundle.js HTTP/1.1 200 11384 https://localhost:9443/devportal/apis/304ad494-308a-479b-ae7a-5ac64beffe60 Mozilla/5.0 (Windows NT 10.0; Win64; x64) AppleWebKit/537.36 (KHTML, like Gecko) Chrome/80.0.3987.116 Safari/537.36 0.015
0:0:0:0:0:0:0:1 - - [24/Feb/2020:22:53:30 -0500] GET /api/am/store/v1.0/apis/304ad494-308a-479b-ae7a-5ac64beffe60/thumbnail HTTP/1.1 204 - https://localhost:9443/devportal/apis/304ad494-308a-479b-ae7a-5ac64beffe60 Mozilla/5.0 (Windows NT 10.0; Win64; x64) AppleWebKit/537.36 (KHTML, like Gecko) Chrome/80.0.3987.116 Safari/537.36 0.014
0:0:0:0:0:0:0:1 - - [24/Feb/2020:22:53:30 -0500] GET /devportal/site/public/dist/vendors~Documentation~Overview.bundle.js HTTP/1.1 200 137752 https://localhost:9443/devportal/apis/304ad494-308a-479b-ae7a-5ac64beffe60 Mozilla/5.0 (Windows NT 10.0; Win64; x64) AppleWebKit/537.36 (KHTML, like Gecko) Chrome/80.0.3987.116 Safari/537.36 0.103
0:0:0:0:0:0:0:1 - - [24/Feb/2020:22:53:30 -0500] GET /devportal/site/public/dist/Credentials.bundle.js HTTP/1.1 200 20278 https://localhost:9443/devportal/apis/304ad494-308a-479b-ae7a-5ac64beffe60 Mozilla/5.0 (Windows NT 10.0; Win64; x64) AppleWebKit/537.36 (KHTML, like Gecko) Chrome/80.0.3987.116 Safari/537.36 0.040
0:0:0:0:0:0:0:1 - - [24/Feb/2020:22:53:30 -0500] GET /api/am/store/v1.0/apis/304ad494-308a-479b-ae7a-5ac64beffe60/ratings?limit=25&offset=0 HTTP/1.1 200 136 https://localhost:9443/devportal/apis/304ad494-308a-479b-ae7a-5ac64beffe60 Mozilla/5.0 (Windows NT 10.0; Win64; x64) AppleWebKit/537.36 (KHTML, like Gecko) Chrome/80.0.3987.116 Safari/537.36 0.055
0:0:0:0:0:0:0:1 - - [24/Feb/2020:22:53:30 -0500] GET /api/am/store/v1.0/apis/304ad494-308a-479b-ae7a-5ac64beffe60/ratings?limit=25&offset=0 HTTP/1.1 200 136 https://localhost:9443/devportal/apis/304ad494-308a-479b-ae7a-5ac64beffe60 Mozilla/5.0 (Windows NT 10.0; Win64; x64) AppleWebKit/537.36 (KHTML, like Gecko) Chrome/80.0.3987.116 Safari/537.36 0.021
0:0:0:0:0:0:0:1 - - [24/Feb/2020:22:53:31 -0500] GET /devportal/site/public/dist/vendors~ApiConsole.bundle.js HTTP/1.1 200 1898211 https://localhost:9443/devportal/apis/304ad494-308a-479b-ae7a-5ac64beffe60 Mozilla/5.0 (Windows NT 10.0; Win64; x64) AppleWebKit/537.36 (KHTML, like Gecko) Chrome/80.0.3987.116 Safari/537.36 1.090
0:0:0:0:0:0:0:1 - - [24/Feb/2020:22:53:32 -0500] GET /api/am/store/v1.0/apis/304ad494-308a-479b-ae7a-5ac64beffe60/ratings?limit=25&offset=0 HTTP/1.1 200 136 https://localhost:9443/devportal/apis/304ad494-308a-479b-ae7a-5ac64beffe60/overview Mozilla/5.0 (Windows NT 10.0; Win64; x64) AppleWebKit/537.36 (KHTML, like Gecko) Chrome/80.0.3987.116 Safari/537.36 0.015
0:0:0:0:0:0:0:1 - - [24/Feb/2020:22:53:32 -0500] GET /api/am/store/v1.0/apis/304ad494-308a-479b-ae7a-5ac64beffe60/swagger HTTP/1.1 200 1075 https://localhost:9443/devportal/apis/304ad494-308a-479b-ae7a-5ac64beffe60/overview Mozilla/5.0 (Windows NT 10.0; Win64; x64) AppleWebKit/537.36 (KHTML, like Gecko) Chrome/80.0.3987.116 Safari/537.36 0.018
0:0:0:0:0:0:0:1 - - [24/Feb/2020:22:53:32 -0500] GET /api/am/store/v1.0/apis/304ad494-308a-479b-ae7a-5ac64beffe60/comments?limit=25&offset=0 HTTP/1.1 201 50 https://localhost:9443/devportal/apis/304ad494-308a-479b-ae7a-5ac64beffe60/overview Mozilla/5.0 (Windows NT 10.0; Win64; x64) AppleWebKit/537.36 (KHTML, like Gecko) Chrome/80.0.3987.116 Safari/537.36 0.017
0:0:0:0:0:0:0:1 - - [24/Feb/2020:22:53:32 -0500] GET /api/am/store/v1.0/sdk-gen/languages HTTP/1.1 200 51 https://localhost:9443/devportal/apis/304ad494-308a-479b-ae7a-5ac64beffe60/overview Mozilla/5.0 (Windows NT 10.0; Win64; x64) AppleWebKit/537.36 (KHTML, like Gecko) Chrome/80.0.3987.116 Safari/537.36 0.006
0:0:0:0:0:0:0:1 - - [24/Feb/2020:22:53:32 -0500] GET /api/am/store/v1.0/apis/304ad494-308a-479b-ae7a-5ac64beffe60/documents?limit=25&offset=0 HTTP/1.1 200 103 https://localhost:9443/devportal/apis/304ad494-308a-479b-ae7a-5ac64beffe60/overview Mozilla/5.0 (Windows NT 10.0; Win64; x64) AppleWebKit/537.36 (KHTML, like Gecko) Chrome/80.0.3987.116 Safari/537.36 0.013
0:0:0:0:0:0:0:1 - - [24/Feb/2020:22:53:32 -0500] GET /api/am/store/v1.0/apis/304ad494-308a-479b-ae7a-5ac64beffe60/documents?limit=25&offset=0 HTTP/1.1 200 103 https://localhost:9443/devportal/apis/304ad494-308a-479b-ae7a-5ac64beffe60/overview Mozilla/5.0 (Windows NT 10.0; Win64; x64) AppleWebKit/537.36 (KHTML, like Gecko) Chrome/80.0.3987.116 Safari/537.36 0.010
0:0:0:0:0:0:0:1 - - [24/Feb/2020:22:53:32 -0500] GET /devportal/site/public/images/_favicon.ico HTTP/1.1 200 1150 https://localhost:9443/devportal/apis/304ad494-308a-479b-ae7a-5ac64beffe60/overview Mozilla/5.0 (Windows NT 10.0; Win64; x64) AppleWebKit/537.36 (KHTML, like Gecko) Chrome/80.0.3987.116 Safari/537.36 0.003
0:0:0:0:0:0:0:1 - - [24/Feb/2020:22:53:32 -0500] GET /devportal/site/public/images/sdks/android.svg HTTP/1.1 200 1521 https://localhost:9443/devportal/apis/304ad494-308a-479b-ae7a-5ac64beffe60/overview Mozilla/5.0 (Windows NT 10.0; Win64; x64) AppleWebKit/537.36 (KHTML, like Gecko) Chrome/80.0.3987.116 Safari/537.36 0.005
0:0:0:0:0:0:0:1 - - [24/Feb/2020:22:53:32 -0500] GET /devportal/site/public/images/sdks/java.svg HTTP/1.1 200 2633 https://localhost:9443/devportal/apis/304ad494-308a-479b-ae7a-5ac64beffe60/overview Mozilla/5.0 (Windows NT 10.0; Win64; x64) AppleWebKit/537.36 (KHTML, like Gecko) Chrome/80.0.3987.116 Safari/537.36 0.004
0:0:0:0:0:0:0:1 - - [24/Feb/2020:22:53:32 -0500] GET /devportal/site/public/images/sdks/javascript.svg HTTP/1.1 200 79025 https://localhost:9443/devportal/apis/304ad494-308a-479b-ae7a-5ac64beffe60/overview Mozilla/5.0 (Windows NT 10.0; Win64; x64) AppleWebKit/537.36 (KHTML, like Gecko) Chrome/80.0.3987.116 Safari/537.36 0.011
0:0:0:0:0:0:0:1 - - [24/Feb/2020:22:53:32 -0500] GET /devportal/site/public/images/overview/documents.svg HTTP/1.1 200 1199064 https://localhost:9443/devportal/ Mozilla/5.0 (Windows NT 10.0; Win64; x64) AppleWebKit/537.36 (KHTML, like Gecko) Chrome/80.0.3987.116 Safari/537.36 0.261
0:0:0:0:0:0:0:1 - - [24/Feb/2020:22:53:32 -0500] GET /devportal/site/public/images/overview/comments.svg HTTP/1.1 200 1201417 https://localhost:9443/devportal/ Mozilla/5.0 (Windows NT 10.0; Win64; x64) AppleWebKit/537.36 (KHTML, like Gecko) Chrome/80.0.3987.116 Safari/537.36 0.279
0:0:0:0:0:0:0:1 - - [24/Feb/2020:22:53:40 -0500] GET /devportal/site/public/images/_favicon.ico HTTP/1.1 200 1150 https://localhost:9443/devportal/apis/304ad494-308a-479b-ae7a-5ac64beffe60/credentials Mozilla/5.0 (Windows NT 10.0; Win64; x64) AppleWebKit/537.36 (KHTML, like Gecko) Chrome/80.0.3987.116 Safari/537.36 0.006
0:0:0:0:0:0:0:1 - - [24/Feb/2020:22:53:40 -0500] GET /devportal/site/public/images/_favicon.ico HTTP/1.1 200 1150 https://localhost:9443/devportal/apis/304ad494-308a-479b-ae7a-5ac64beffe60/credentials Mozilla/5.0 (Windows NT 10.0; Win64; x64) AppleWebKit/537.36 (KHTML, like Gecko) Chrome/80.0.3987.116 Safari/537.36 0.002
127.0.0.1 - - [24/Feb/2020:22:53:48 -0500] POST /services/APIKeyMgtSubscriberService HTTP/1.1 200 1368 - Axis2 0.003
127.0.0.1 - - [24/Feb/2020:22:53:48 -0500] POST /services/APIKeyMgtSubscriberService HTTP/1.1 200 1368 - Axis2 0.016
0:0:0:0:0:0:0:1 - - [24/Feb/2020:22:53:48 -0500] POST /api/am/store/v1.0/subscriptions HTTP/1.1 201 998 https://localhost:9443/devportal/apis/304ad494-308a-479b-ae7a-5ac64beffe60/credentials Mozilla/5.0 (Windows NT 10.0; Win64; x64) AppleWebKit/537.36 (KHTML, like Gecko) Chrome/80.0.3987.116 Safari/537.36 0.888
127.0.0.1 - - [24/Feb/2020:22:53:48 -0500] POST /services/AuthenticationAdmin HTTP/1.1 200 299 - Axis2 0.025
127.0.0.1 - - [24/Feb/2020:22:53:49 -0500] POST /services/APIAuthenticationService HTTP/1.1 202 5 - Axis2 0.020
0:0:0:0:0:0:0:1 - - [24/Feb/2020:22:53:49 -0500] GET /api/am/store/v1.0/apis/304ad494-308a-479b-ae7a-5ac64beffe60 HTTP/1.1 200 2321 https://localhost:9443/devportal/apis/304ad494-308a-479b-ae7a-5ac64beffe60/credentials Mozilla/5.0 (Windows NT 10.0; Win64; x64) AppleWebKit/537.36 (KHTML, like Gecko) Chrome/80.0.3987.116 Safari/537.36 0.018
0:0:0:0:0:0:0:1 - - [24/Feb/2020:22:53:49 -0500] GET /api/am/store/v1.0/applications?limit=25&offset=0 HTTP/1.1 200 565 https://localhost:9443/devportal/apis/304ad494-308a-479b-ae7a-5ac64beffe60/credentials Mozilla/5.0 (Windows NT 10.0; Win64; x64) AppleWebKit/537.36 (KHTML, like Gecko) Chrome/80.0.3987.116 Safari/537.36 0.027
0:0:0:0:0:0:0:1 - - [24/Feb/2020:22:53:49 -0500] GET /api/am/store/v1.0/subscriptions?apiId=304ad494-308a-479b-ae7a-5ac64beffe60&offset=0&limit=25 HTTP/1.1 200 1037 https://localhost:9443/devportal/apis/304ad494-308a-479b-ae7a-5ac64beffe60/credentials Mozilla/5.0 (Windows NT 10.0; Win64; x64) AppleWebKit/537.36 (KHTML, like Gecko) Chrome/80.0.3987.116 Safari/537.36 0.064
127.0.0.1 - - [24/Feb/2020:22:53:49 -0500] POST /services/APIKeyMgtSubscriberService HTTP/1.1 200 1368 - Axis2 0.018
0:0:0:0:0:0:0:1 - - [24/Feb/2020:22:53:59 -0500] GET /api/am/store/v1.0/throttling-policies/application?limit=25&offset=0 HTTP/1.1 200 1655 https://localhost:9443/devportal/apis/304ad494-308a-479b-ae7a-5ac64beffe60/credentials/wizard Mozilla/5.0 (Windows NT 10.0; Win64; x64) AppleWebKit/537.36 (KHTML, like Gecko) Chrome/80.0.3987.116 Safari/537.36 0.049
0:0:0:0:0:0:0:1 - - [24/Feb/2020:22:53:59 -0500] GET /devportal/site/public/images/_favicon.ico HTTP/1.1 200 1150 https://localhost:9443/devportal/apis/304ad494-308a-479b-ae7a-5ac64beffe60/credentials/wizard Mozilla/5.0 (Windows NT 10.0; Win64; x64) AppleWebKit/537.36 (KHTML, like Gecko) Chrome/80.0.3987.116 Safari/537.36 0.005
0:0:0:0:0:0:0:1 - - [24/Feb/2020:22:53:59 -0500] GET /devportal/site/public/images/_favicon.ico HTTP/1.1 200 1150 https://localhost:9443/devportal/apis/304ad494-308a-479b-ae7a-5ac64beffe60/credentials/wizard Mozilla/5.0 (Windows NT 10.0; Win64; x64) AppleWebKit/537.36 (KHTML, like Gecko) Chrome/80.0.3987.116 Safari/537.36 0.003
0:0:0:0:0:0:0:1 - - [24/Feb/2020:22:54:03 -0500] GET /api/am/store/v1.0/tags?limit=25&offset=0 HTTP/1.1 200 103 https://localhost:9443/devportal/apis Mozilla/5.0 (Windows NT 10.0; Win64; x64) AppleWebKit/537.36 (KHTML, like Gecko) Chrome/80.0.3987.116 Safari/537.36 0.027
0:0:0:0:0:0:0:1 - - [24/Feb/2020:22:54:03 -0500] GET /devportal/site/public/images/_favicon.ico HTTP/1.1 200 1150 https://localhost:9443/devportal/apis Mozilla/5.0 (Windows NT 10.0; Win64; x64) AppleWebKit/537.36 (KHTML, like Gecko) Chrome/80.0.3987.116 Safari/537.36 0.001
0:0:0:0:0:0:0:1 - - [24/Feb/2020:22:54:03 -0500] GET /devportal/site/public/images/_favicon.ico HTTP/1.1 200 1150 https://localhost:9443/devportal/apis Mozilla/5.0 (Windows NT 10.0; Win64; x64) AppleWebKit/537.36 (KHTML, like Gecko) Chrome/80.0.3987.116 Safari/537.36 0.003
0:0:0:0:0:0:0:1 - - [24/Feb/2020:22:54:03 -0500] GET /api/am/store/v1.0/apis?limit=10&offset=0 HTTP/1.1 200 2118 https://localhost:9443/devportal/apis Mozilla/5.0 (Windows NT 10.0; Win64; x64) AppleWebKit/537.36 (KHTML, like Gecko) Chrome/80.0.3987.116 Safari/537.36 0.090
0:0:0:0:0:0:0:1 - - [24/Feb/2020:22:54:03 -0500] GET /api/am/store/v1.0/apis/304ad494-308a-479b-ae7a-5ac64beffe60/thumbnail HTTP/1.1 204 - https://localhost:9443/devportal/apis Mozilla/5.0 (Windows NT 10.0; Win64; x64) AppleWebKit/537.36 (KHTML, like Gecko) Chrome/80.0.3987.116 Safari/537.36 0.009
0:0:0:0:0:0:0:1 - - [24/Feb/2020:22:54:04 -0500] GET /api/am/store/v1.0/apis/304ad494-308a-479b-ae7a-5ac64beffe60/ratings?limit=25&offset=0 HTTP/1.1 200 136 https://localhost:9443/devportal/apis Mozilla/5.0 (Windows NT 10.0; Win64; x64) AppleWebKit/537.36 (KHTML, like Gecko) Chrome/80.0.3987.116 Safari/537.36 0.023
0:0:0:0:0:0:0:1 - - [24/Feb/2020:22:54:04 -0500] GET /api/am/store/v1.0/apis/cc689bc4-e79b-4af0-b018-3e5e86fb743a/thumbnail HTTP/1.1 204 - https://localhost:9443/devportal/apis Mozilla/5.0 (Windows NT 10.0; Win64; x64) AppleWebKit/537.36 (KHTML, like Gecko) Chrome/80.0.3987.116 Safari/537.36 0.009
0:0:0:0:0:0:0:1 - - [24/Feb/2020:22:54:04 -0500] GET /api/am/store/v1.0/apis/cc689bc4-e79b-4af0-b018-3e5e86fb743a/ratings?limit=25&offset=0 HTTP/1.1 200 263 https://localhost:9443/devportal/apis Mozilla/5.0 (Windows NT 10.0; Win64; x64) AppleWebKit/537.36 (KHTML, like Gecko) Chrome/80.0.3987.116 Safari/537.36 0.017
0:0:0:0:0:0:0:1 - - [24/Feb/2020:22:54:04 -0500] GET /api/am/store/v1.0/apis/bacd087f-16bd-439b-ab64-d3077a078910/ratings?limit=25&offset=0 HTTP/1.1 200 136 https://localhost:9443/devportal/apis Mozilla/5.0 (Windows NT 10.0; Win64; x64) AppleWebKit/537.36 (KHTML, like Gecko) Chrome/80.0.3987.116 Safari/537.36 0.020
0:0:0:0:0:0:0:1 - - [24/Feb/2020:22:54:04 -0500] GET /api/am/store/v1.0/apis/bacd087f-16bd-439b-ab64-d3077a078910/thumbnail HTTP/1.1 204 - https://localhost:9443/devportal/apis Mozilla/5.0 (Windows NT 10.0; Win64; x64) AppleWebKit/537.36 (KHTML, like Gecko) Chrome/80.0.3987.116 Safari/537.36 0.010
0:0:0:0:0:0:0:1 - - [24/Feb/2020:22:54:04 -0500] GET /api/am/store/v1.0/apis/2a3811af-0ada-4c74-ac63-c65d42cf82ca/thumbnail HTTP/1.1 204 - https://localhost:9443/devportal/apis Mozilla/5.0 (Windows NT 10.0; Win64; x64) AppleWebKit/537.36 (KHTML, like Gecko) Chrome/80.0.3987.116 Safari/537.36 0.019
0:0:0:0:0:0:0:1 - - [24/Feb/2020:22:54:04 -0500] GET /api/am/store/v1.0/apis/2a3811af-0ada-4c74-ac63-c65d42cf82ca/ratings?limit=25&offset=0 HTTP/1.1 200 263 https://localhost:9443/devportal/apis Mozilla/5.0 (Windows NT 10.0; Win64; x64) AppleWebKit/537.36 (KHTML, like Gecko) Chrome/80.0.3987.116 Safari/537.36 0.025
0:0:0:0:0:0:0:1 - - [24/Feb/2020:22:54:06 -0500] GET /api/am/store/v1.0/swagger.yaml HTTP/1.1 200 219176 https://localhost:9443/devportal/applications Mozilla/5.0 (Windows NT 10.0; Win64; x64) AppleWebKit/537.36 (KHTML, like Gecko) Chrome/80.0.3987.116 Safari/537.36 0.027
0:0:0:0:0:0:0:1 - - [24/Feb/2020:22:54:06 -0500] GET /devportal/site/public/images/_favicon.ico HTTP/1.1 200 1150 https://localhost:9443/devportal/applications Mozilla/5.0 (Windows NT 10.0; Win64; x64) AppleWebKit/537.36 (KHTML, like Gecko) Chrome/80.0.3987.116 Safari/537.36 0.004
0:0:0:0:0:0:0:1 - - [24/Feb/2020:22:54:06 -0500] GET /devportal/site/public/images/_favicon.ico HTTP/1.1 200 1150 https://localhost:9443/devportal/applications Mozilla/5.0 (Windows NT 10.0; Win64; x64) AppleWebKit/537.36 (KHTML, like Gecko) Chrome/80.0.3987.116 Safari/537.36 0.001
0:0:0:0:0:0:0:1 - - [24/Feb/2020:22:54:07 -0500] GET /api/am/store/v1.0/applications?sortBy=name&sortOrder=asc&limit=10&offset=0 HTTP/1.1 200 565 https://localhost:9443/devportal/applications Mozilla/5.0 (Windows NT 10.0; Win64; x64) AppleWebKit/537.36 (KHTML, like Gecko) Chrome/80.0.3987.116 Safari/537.36 0.018
0:0:0:0:0:0:0:1 - - [24/Feb/2020:22:54:10 -0500] GET /api/am/store/v1.0/swagger.yaml HTTP/1.1 200 219176 https://localhost:9443/devportal/applications/239d7d37-b066-43a3-885d-0612e5e6817d/edit/ Mozilla/5.0 (Windows NT 10.0; Win64; x64) AppleWebKit/537.36 (KHTML, like Gecko) Chrome/80.0.3987.116 Safari/537.36 0.024
0:0:0:0:0:0:0:1 - - [24/Feb/2020:22:54:10 -0500] GET /api/am/store/v1.0/throttling-policies/application?limit=25&offset=0 HTTP/1.1 200 1655 https://localhost:9443/devportal/applications/239d7d37-b066-43a3-885d-0612e5e6817d/edit/ Mozilla/5.0 (Windows NT 10.0; Win64; x64) AppleWebKit/537.36 (KHTML, like Gecko) Chrome/80.0.3987.116 Safari/537.36 0.014
0:0:0:0:0:0:0:1 - - [24/Feb/2020:22:54:10 -0500] GET /devportal/site/public/images/_favicon.ico HTTP/1.1 200 1150 https://localhost:9443/devportal/applications/239d7d37-b066-43a3-885d-0612e5e6817d/edit/ Mozilla/5.0 (Windows NT 10.0; Win64; x64) AppleWebKit/537.36 (KHTML, like Gecko) Chrome/80.0.3987.116 Safari/537.36 0.004
0:0:0:0:0:0:0:1 - - [24/Feb/2020:22:54:10 -0500] GET /api/am/store/v1.0/settings/application-attributes HTTP/1.1 200 32 https://localhost:9443/devportal/applications/239d7d37-b066-43a3-885d-0612e5e6817d/edit/ Mozilla/5.0 (Windows NT 10.0; Win64; x64) AppleWebKit/537.36 (KHTML, like Gecko) Chrome/80.0.3987.116 Safari/537.36 0.058
0:0:0:0:0:0:0:1 - - [24/Feb/2020:22:54:10 -0500] GET /devportal/site/public/images/_favicon.ico HTTP/1.1 200 1150 https://localhost:9443/devportal/applications/239d7d37-b066-43a3-885d-0612e5e6817d/edit/ Mozilla/5.0 (Windows NT 10.0; Win64; x64) AppleWebKit/537.36 (KHTML, like Gecko) Chrome/80.0.3987.116 Safari/537.36 0.002
127.0.0.1 - - [24/Feb/2020:22:54:10 -0500] POST /services/APIKeyMgtSubscriberService HTTP/1.1 200 1368 - Axis2 0.004
0:0:0:0:0:0:0:1 - - [24/Feb/2020:22:54:10 -0500] GET /api/am/store/v1.0/applications/239d7d37-b066-43a3-885d-0612e5e6817d HTTP/1.1 200 324 https://localhost:9443/devportal/applications/239d7d37-b066-43a3-885d-0612e5e6817d/edit/ Mozilla/5.0 (Windows NT 10.0; Win64; x64) AppleWebKit/537.36 (KHTML, like Gecko) Chrome/80.0.3987.116 Safari/537.36 0.023
0:0:0:0:0:0:0:1 - - [24/Feb/2020:22:54:15 -0500] GET /api/am/store/v1.0/swagger.yaml HTTP/1.1 200 219176 https://localhost:9443/devportal/applications Mozilla/5.0 (Windows NT 10.0; Win64; x64) AppleWebKit/537.36 (KHTML, like Gecko) Chrome/80.0.3987.116 Safari/537.36 0.031
0:0:0:0:0:0:0:1 - - [24/Feb/2020:22:54:15 -0500] GET /devportal/site/public/images/_favicon.ico HTTP/1.1 200 1150 https://localhost:9443/devportal/applications Mozilla/5.0 (Windows NT 10.0; Win64; x64) AppleWebKit/537.36 (KHTML, like Gecko) Chrome/80.0.3987.116 Safari/537.36 0.003
0:0:0:0:0:0:0:1 - - [24/Feb/2020:22:54:15 -0500] GET /devportal/site/public/images/_favicon.ico HTTP/1.1 200 1150 https://localhost:9443/devportal/applications Mozilla/5.0 (Windows NT 10.0; Win64; x64) AppleWebKit/537.36 (KHTML, like Gecko) Chrome/80.0.3987.116 Safari/537.36 0.003
0:0:0:0:0:0:0:1 - - [24/Feb/2020:22:54:15 -0500] GET /api/am/store/v1.0/applications?sortBy=name&sortOrder=asc&limit=10&offset=0 HTTP/1.1 200 565 https://localhost:9443/devportal/applications Mozilla/5.0 (Windows NT 10.0; Win64; x64) AppleWebKit/537.36 (KHTML, like Gecko) Chrome/80.0.3987.116 Safari/537.36 0.014
127.0.0.1 - - [24/Feb/2020:22:54:17 -0500] POST /services/APIKeyMgtSubscriberService HTTP/1.1 200 1368 - Axis2 0.005
0:0:0:0:0:0:0:1 - - [24/Feb/2020:22:54:17 -0500] GET /devportal/site/public/images/_favicon.ico HTTP/1.1 200 1150 https://localhost:9443/devportal/applications/239d7d37-b066-43a3-885d-0612e5e6817d Mozilla/5.0 (Windows NT 10.0; Win64; x64) AppleWebKit/537.36 (KHTML, like Gecko) Chrome/80.0.3987.116 Safari/537.36 0.002
0:0:0:0:0:0:0:1 - - [24/Feb/2020:22:54:17 -0500] GET /api/am/store/v1.0/applications/239d7d37-b066-43a3-885d-0612e5e6817d HTTP/1.1 200 324 https://localhost:9443/devportal/applications/239d7d37-b066-43a3-885d-0612e5e6817d Mozilla/5.0 (Windows NT 10.0; Win64; x64) AppleWebKit/537.36 (KHTML, like Gecko) Chrome/80.0.3987.116 Safari/537.36 0.024
0:0:0:0:0:0:0:1 - - [24/Feb/2020:22:54:17 -0500] GET /devportal/site/public/images/_favicon.ico HTTP/1.1 200 1150 https://localhost:9443/devportal/applications/239d7d37-b066-43a3-885d-0612e5e6817d Mozilla/5.0 (Windows NT 10.0; Win64; x64) AppleWebKit/537.36 (KHTML, like Gecko) Chrome/80.0.3987.116 Safari/537.36 0.002
0:0:0:0:0:0:0:1 - - [24/Feb/2020:22:54:17 -0500] GET /api/am/store/v1.0/swagger.yaml HTTP/1.1 200 219176 https://localhost:9443/devportal/applications/239d7d37-b066-43a3-885d-0612e5e6817d/productionkeys Mozilla/5.0 (Windows NT 10.0; Win64; x64) AppleWebKit/537.36 (KHTML, like Gecko) Chrome/80.0.3987.116 Safari/537.36 0.018
127.0.0.1 - - [24/Feb/2020:22:54:17 -0500] POST /services/APIKeyMgtSubscriberService HTTP/1.1 200 1368 - Axis2 0.002
0:0:0:0:0:0:0:1 - - [24/Feb/2020:22:54:17 -0500] GET /api/am/store/v1.0/applications/239d7d37-b066-43a3-885d-0612e5e6817d HTTP/1.1 200 324 https://localhost:9443/devportal/applications/239d7d37-b066-43a3-885d-0612e5e6817d/productionkeys Mozilla/5.0 (Windows NT 10.0; Win64; x64) AppleWebKit/537.36 (KHTML, like Gecko) Chrome/80.0.3987.116 Safari/537.36 0.013
0:0:0:0:0:0:0:1 - - [24/Feb/2020:22:54:17 -0500] GET /devportal/site/public/images/_favicon.ico HTTP/1.1 200 1150 https://localhost:9443/devportal/applications/239d7d37-b066-43a3-885d-0612e5e6817d/productionkeys Mozilla/5.0 (Windows NT 10.0; Win64; x64) AppleWebKit/537.36 (KHTML, like Gecko) Chrome/80.0.3987.116 Safari/537.36 0.002
0:0:0:0:0:0:0:1 - - [24/Feb/2020:22:54:18 -0500] GET /api/am/store/v1.0/settings HTTP/1.1 200 539 https://localhost:9443/devportal/applications/239d7d37-b066-43a3-885d-0612e5e6817d/productionkeys Mozilla/5.0 (Windows NT 10.0; Win64; x64) AppleWebKit/537.36 (KHTML, like Gecko) Chrome/80.0.3987.116 Safari/537.36 0.130
127.0.0.1 - - [24/Feb/2020:22:54:18 -0500] POST /services/APIKeyMgtSubscriberService HTTP/1.1 200 1368 - Axis2 0.005
0:0:0:0:0:0:0:1 - - [24/Feb/2020:22:54:18 -0500] GET /api/am/store/v1.0/applications/239d7d37-b066-43a3-885d-0612e5e6817d HTTP/1.1 200 324 https://localhost:9443/devportal/applications/239d7d37-b066-43a3-885d-0612e5e6817d/productionkeys Mozilla/5.0 (Windows NT 10.0; Win64; x64) AppleWebKit/537.36 (KHTML, like Gecko) Chrome/80.0.3987.116 Safari/537.36 0.017
0:0:0:0:0:0:0:1 - - [24/Feb/2020:22:54:18 -0500] GET /api/am/store/v1.0/throttling-policies/application/Unlimited HTTP/1.1 200 403 https://localhost:9443/devportal/applications/239d7d37-b066-43a3-885d-0612e5e6817d/productionkeys Mozilla/5.0 (Windows NT 10.0; Win64; x64) AppleWebKit/537.36 (KHTML, like Gecko) Chrome/80.0.3987.116 Safari/537.36 0.007
127.0.0.1 - - [24/Feb/2020:22:54:18 -0500] POST /services/APIKeyMgtSubscriberService HTTP/1.1 200 1368 - Axis2 0.003
0:0:0:0:0:0:0:1 - - [24/Feb/2020:22:54:18 -0500] GET /api/am/store/v1.0/applications/239d7d37-b066-43a3-885d-0612e5e6817d/keys HTTP/1.1 200 480 https://localhost:9443/devportal/applications/239d7d37-b066-43a3-885d-0612e5e6817d/productionkeys Mozilla/5.0 (Windows NT 10.0; Win64; x64) AppleWebKit/537.36 (KHTML, like Gecko) Chrome/80.0.3987.116 Safari/537.36 0.011
0:0:0:0:0:0:0:1 - - [24/Feb/2020:22:54:18 -0500] GET /api/am/store/v1.0/swagger.yaml HTTP/1.1 200 219176 https://localhost:9443/devportal/applications/239d7d37-b066-43a3-885d-0612e5e6817d/productionkeys Mozilla/5.0 (Windows NT 10.0; Win64; x64) AppleWebKit/537.36 (KHTML, like Gecko) Chrome/80.0.3987.116 Safari/537.36 0.019
127.0.0.1 - - [24/Feb/2020:22:54:19 -0500] POST /services/APIKeyMgtSubscriberService HTTP/1.1 200 1368 - Axis2 0.006
0:0:0:0:0:0:0:1 - - [24/Feb/2020:22:54:19 -0500] GET /api/am/store/v1.0/applications/239d7d37-b066-43a3-885d-0612e5e6817d HTTP/1.1 200 324 https://localhost:9443/devportal/applications/239d7d37-b066-43a3-885d-0612e5e6817d/productionkeys Mozilla/5.0 (Windows NT 10.0; Win64; x64) AppleWebKit/537.36 (KHTML, like Gecko) Chrome/80.0.3987.116 Safari/537.36 0.015
127.0.0.1 - - [24/Feb/2020:22:54:19 -0500] POST /services/APIKeyMgtSubscriberService HTTP/1.1 200 1368 - Axis2 0.006
0:0:0:0:0:0:0:1 - - [24/Feb/2020:22:54:19 -0500] GET /api/am/store/v1.0/applications/239d7d37-b066-43a3-885d-0612e5e6817d/keys HTTP/1.1 200 480 https://localhost:9443/devportal/applications/239d7d37-b066-43a3-885d-0612e5e6817d/productionkeys Mozilla/5.0 (Windows NT 10.0; Win64; x64) AppleWebKit/537.36 (KHTML, like Gecko) Chrome/80.0.3987.116 Safari/537.36 0.014
127.0.0.1 - - [24/Feb/2020:22:54:26 -0500] POST /services/APIKeyMgtSubscriberService HTTP/1.1 200 1368 - Axis2 0.004
127.0.0.1 - - [24/Feb/2020:22:54:26 -0500] POST /services/APIKeyMgtSubscriberService HTTP/1.1 200 1364 - Axis2 0.148
0:0:0:0:0:0:0:1 - - [24/Feb/2020:22:54:26 -0500] PUT /api/am/store/v1.0/applications/239d7d37-b066-43a3-885d-0612e5e6817d/keys/PRODUCTION HTTP/1.1 200 369 https://localhost:9443/devportal/applications/239d7d37-b066-43a3-885d-0612e5e6817d/productionkeys Mozilla/5.0 (Windows NT 10.0; Win64; x64) AppleWebKit/537.36 (KHTML, like Gecko) Chrome/80.0.3987.116 Safari/537.36 0.262
127.0.0.1 - - [24/Feb/2020:22:54:38 -0500] POST /services/APIKeyMgtSubscriberService HTTP/1.1 200 1368 - Axis2 0.003
0:0:0:0:0:0:0:1 - - [24/Feb/2020:22:54:38 -0500] GET /api/am/store/v1.0/applications/239d7d37-b066-43a3-885d-0612e5e6817d/keys HTTP/1.1 200 480 https://localhost:9443/devportal/applications/239d7d37-b066-43a3-885d-0612e5e6817d/productionkeys Mozilla/5.0 (Windows NT 10.0; Win64; x64) AppleWebKit/537.36 (KHTML, like Gecko) Chrome/80.0.3987.116 Safari/537.36 0.019
127.0.0.1 - - [24/Feb/2020:22:54:38 -0500] POST /services/APIKeyMgtSubscriberService HTTP/1.1 200 1368 - Axis2 0.003
127.0.0.1 - - [24/Feb/2020:22:54:38 -0500] POST /services/APIKeyMgtSubscriberService HTTP/1.1 200 1368 - Axis2 0.003
127.0.0.1 - - [24/Feb/2020:22:54:39 -0500] POST /oauth2/token HTTP/1.1 200 1949 - Synapse-PT-HttpComponents-NIO 0.075
0:0:0:0:0:0:0:1 - - [24/Feb/2020:22:54:39 -0500] POST /api/am/store/v1.0/applications/239d7d37-b066-43a3-885d-0612e5e6817d/keys/PRODUCTION/generate-token HTTP/1.1 200 1950 https://localhost:9443/devportal/applications/239d7d37-b066-43a3-885d-0612e5e6817d/productionkeys Mozilla/5.0 (Windows NT 10.0; Win64; x64) AppleWebKit/537.36 (KHTML, like Gecko) Chrome/80.0.3987.116 Safari/537.36 0.464
127.0.0.1 - - [24/Feb/2020:22:55:06 -0500] POST /oauth2/token HTTP/1.1 200 1949 - Synapse-PT-HttpComponents-NIO 0.087
0:0:0:0:0:0:0:1 - - [24/Feb/2020:22:55:43 -0500] GET /devportal/site/public/images/_favicon.ico HTTP/1.1 200 1150 https://localhost:9443/devportal/applications Mozilla/5.0 (Windows NT 10.0; Win64; x64) AppleWebKit/537.36 (KHTML, like Gecko) Chrome/80.0.3987.116 Safari/537.36 0.002
0:0:0:0:0:0:0:1 - - [24/Feb/2020:22:55:43 -0500] GET /devportal/site/public/images/_favicon.ico HTTP/1.1 200 1150 https://localhost:9443/devportal/applications Mozilla/5.0 (Windows NT 10.0; Win64; x64) AppleWebKit/537.36 (KHTML, like Gecko) Chrome/80.0.3987.116 Safari/537.36 0.002
0:0:0:0:0:0:0:1 - - [24/Feb/2020:22:55:43 -0500] GET /api/am/store/v1.0/swagger.yaml HTTP/1.1 200 219176 https://localhost:9443/devportal/applications Mozilla/5.0 (Windows NT 10.0; Win64; x64) AppleWebKit/537.36 (KHTML, like Gecko) Chrome/80.0.3987.116 Safari/537.36 0.028
0:0:0:0:0:0:0:1 - - [24/Feb/2020:22:55:44 -0500] GET /api/am/store/v1.0/applications?sortBy=name&sortOrder=asc&limit=10&offset=0 HTTP/1.1 200 565 https://localhost:9443/devportal/applications Mozilla/5.0 (Windows NT 10.0; Win64; x64) AppleWebKit/537.36 (KHTML, like Gecko) Chrome/80.0.3987.116 Safari/537.36 0.019
0:0:0:0:0:0:0:1 - - [24/Feb/2020:22:55:50 -0500] GET /api/am/store/v1.0/tags?limit=25&offset=0 HTTP/1.1 200 103 https://localhost:9443/devportal/apis Mozilla/5.0 (Windows NT 10.0; Win64; x64) AppleWebKit/537.36 (KHTML, like Gecko) Chrome/80.0.3987.116 Safari/537.36 0.019
0:0:0:0:0:0:0:1 - - [24/Feb/2020:22:55:50 -0500] GET /devportal/site/public/images/_favicon.ico HTTP/1.1 200 1150 https://localhost:9443/devportal/apis Mozilla/5.0 (Windows NT 10.0; Win64; x64) AppleWebKit/537.36 (KHTML, like Gecko) Chrome/80.0.3987.116 Safari/537.36 0.004
0:0:0:0:0:0:0:1 - - [24/Feb/2020:22:55:50 -0500] GET /devportal/site/public/images/_favicon.ico HTTP/1.1 200 1150 https://localhost:9443/devportal/apis Mozilla/5.0 (Windows NT 10.0; Win64; x64) AppleWebKit/537.36 (KHTML, like Gecko) Chrome/80.0.3987.116 Safari/537.36 0.003
0:0:0:0:0:0:0:1 - - [24/Feb/2020:22:55:50 -0500] GET /devportal/site/public/images/_favicon.ico HTTP/1.1 200 1150 https://localhost:9443/devportal/apis Mozilla/5.0 (Windows NT 10.0; Win64; x64) AppleWebKit/537.36 (KHTML, like Gecko) Chrome/80.0.3987.116 Safari/537.36 0.007
0:0:0:0:0:0:0:1 - - [24/Feb/2020:22:55:50 -0500] GET /api/am/store/v1.0/apis?limit=10&offset=0 HTTP/1.1 200 2118 https://localhost:9443/devportal/apis Mozilla/5.0 (Windows NT 10.0; Win64; x64) AppleWebKit/537.36 (KHTML, like Gecko) Chrome/80.0.3987.116 Safari/537.36 0.072
0:0:0:0:0:0:0:1 - - [24/Feb/2020:22:55:50 -0500] GET /api/am/store/v1.0/apis/304ad494-308a-479b-ae7a-5ac64beffe60/thumbnail HTTP/1.1 204 - https://localhost:9443/devportal/apis Mozilla/5.0 (Windows NT 10.0; Win64; x64) AppleWebKit/537.36 (KHTML, like Gecko) Chrome/80.0.3987.116 Safari/537.36 0.008
0:0:0:0:0:0:0:1 - - [24/Feb/2020:22:55:50 -0500] GET /api/am/store/v1.0/apis/304ad494-308a-479b-ae7a-5ac64beffe60/ratings?limit=25&offset=0 HTTP/1.1 200 136 https://localhost:9443/devportal/apis Mozilla/5.0 (Windows NT 10.0; Win64; x64) AppleWebKit/537.36 (KHTML, like Gecko) Chrome/80.0.3987.116 Safari/537.36 0.016
0:0:0:0:0:0:0:1 - - [24/Feb/2020:22:55:50 -0500] GET /api/am/store/v1.0/apis/cc689bc4-e79b-4af0-b018-3e5e86fb743a/ratings?limit=25&offset=0 HTTP/1.1 200 263 https://localhost:9443/devportal/apis Mozilla/5.0 (Windows NT 10.0; Win64; x64) AppleWebKit/537.36 (KHTML, like Gecko) Chrome/80.0.3987.116 Safari/537.36 0.017
0:0:0:0:0:0:0:1 - - [24/Feb/2020:22:55:50 -0500] GET /api/am/store/v1.0/apis/cc689bc4-e79b-4af0-b018-3e5e86fb743a/thumbnail HTTP/1.1 204 - https://localhost:9443/devportal/apis Mozilla/5.0 (Windows NT 10.0; Win64; x64) AppleWebKit/537.36 (KHTML, like Gecko) Chrome/80.0.3987.116 Safari/537.36 0.011
0:0:0:0:0:0:0:1 - - [24/Feb/2020:22:55:50 -0500] GET /api/am/store/v1.0/apis/bacd087f-16bd-439b-ab64-d3077a078910/thumbnail HTTP/1.1 204 - https://localhost:9443/devportal/apis Mozilla/5.0 (Windows NT 10.0; Win64; x64) AppleWebKit/537.36 (KHTML, like Gecko) Chrome/80.0.3987.116 Safari/537.36 0.010
0:0:0:0:0:0:0:1 - - [24/Feb/2020:22:55:50 -0500] GET /api/am/store/v1.0/apis/bacd087f-16bd-439b-ab64-d3077a078910/ratings?limit=25&offset=0 HTTP/1.1 200 136 https://localhost:9443/devportal/apis Mozilla/5.0 (Windows NT 10.0; Win64; x64) AppleWebKit/537.36 (KHTML, like Gecko) Chrome/80.0.3987.116 Safari/537.36 0.016
0:0:0:0:0:0:0:1 - - [24/Feb/2020:22:55:50 -0500] GET /api/am/store/v1.0/apis/2a3811af-0ada-4c74-ac63-c65d42cf82ca/thumbnail HTTP/1.1 204 - https://localhost:9443/devportal/apis Mozilla/5.0 (Windows NT 10.0; Win64; x64) AppleWebKit/537.36 (KHTML, like Gecko) Chrome/80.0.3987.116 Safari/537.36 0.009
0:0:0:0:0:0:0:1 - - [24/Feb/2020:22:55:50 -0500] GET /api/am/store/v1.0/apis/2a3811af-0ada-4c74-ac63-c65d42cf82ca/ratings?limit=25&offset=0 HTTP/1.1 200 263 https://localhost:9443/devportal/apis Mozilla/5.0 (Windows NT 10.0; Win64; x64) AppleWebKit/537.36 (KHTML, like Gecko) Chrome/80.0.3987.116 Safari/537.36 0.017
