- 127.0.0.1  - [25/Feb/2020:02:55:00 -0500] "- - " 200 - "-" "-"
- 0:0:0:0:0:0:0:1  - [25/Feb/2020:02:55:00 -0500] "- - " 200 - "-" "-"
- 127.0.0.1  - [25/Feb/2020:02:55:04 -0500] "- - " 200 - "-" "-"
- 0:0:0:0:0:0:0:1  - [25/Feb/2020:02:55:04 -0500] "- - " 200 - "-" "-"
- 127.0.0.1  - [25/Feb/2020:02:55:06 -0500] "- - " 200 - "-" "-"
- 0:0:0:0:0:0:0:1  - [25/Feb/2020:02:55:06 -0500] "- - " 200 - "-" "-"
- 192.168.0.108  - [25/Feb/2020:02:55:06 -0500] "- - " 200 - "-" "-"
- 0:0:0:0:0:0:0:1  - [25/Feb/2020:02:55:06 -0500] "- - " 200 - "-" "-"
- 0:0:0:0:0:0:0:1 - - [25/Feb/2020:02:56:03 -0500] "POST /api/validate-token/v1.0/accounts/validate-token HTTP/1.1" - 2 "-" "GuzzleHttp/6.4.1 curl/7.61.1 PHP/7.2.11"
- 127.0.0.1 - - [25/Feb/2020:02:56:03 -0500] "POST /api/v1/accounts/validate-token HTTP/1.1" - - "-" "Synapse-PT-HttpComponents-NIO"
- 0:0:0:0:0:0:0:1 - - [25/Feb/2020:02:56:05 -0500] "POST /api/validate-token/v1.0/accounts/validate-token HTTP/1.1" - 2 "-" "GuzzleHttp/6.4.1 curl/7.61.1 PHP/7.2.11"
- 127.0.0.1 - - [25/Feb/2020:02:56:05 -0500] "POST /api/v1/accounts/validate-token HTTP/1.1" - - "-" "Synapse-PT-HttpComponents-NIO"
- 0:0:0:0:0:0:0:1 - - [25/Feb/2020:02:56:05 -0500] "GET /api/georeferencia/v1.0/emprendimientos HTTP/1.1" - 2 "-" "GuzzleHttp/6.4.1 curl/7.61.1 PHP/7.2.11"
- 192.168.0.108 - - [25/Feb/2020:02:56:05 -0500] "GET /api/v1/emprendimientos HTTP/1.1" - - "-" "Synapse-PT-HttpComponents-NIO"
- 0:0:0:0:0:0:0:1 - - [25/Feb/2020:02:56:08 -0500] "POST /api/validate-token/v1.0/accounts/validate-token HTTP/1.1" - 2 "-" "GuzzleHttp/6.4.1 curl/7.61.1 PHP/7.2.11"
- 127.0.0.1 - - [25/Feb/2020:02:56:08 -0500] "POST /api/v1/accounts/validate-token HTTP/1.1" - - "-" "Synapse-PT-HttpComponents-NIO"
- 0:0:0:0:0:0:0:1 - - [25/Feb/2020:02:56:09 -0500] "GET /api/session/v1.0/georeferencia/find-all-select HTTP/1.1" - 2 "-" "GuzzleHttp/6.4.1 curl/7.61.1 PHP/7.2.11"
- 192.168.0.108 - - [25/Feb/2020:02:56:09 -0500] "GET /api/v1/georeferencia/find-all-select HTTP/1.1" - - "-" "Synapse-PT-HttpComponents-NIO"
- 0:0:0:0:0:0:0:1 - - [25/Feb/2020:02:56:13 -0500] "POST /api/session/v1.0/accounts/login HTTP/1.1" - 58 "-" "GuzzleHttp/6.4.1 curl/7.61.1 PHP/7.2.11"
- 192.168.0.108 - - [25/Feb/2020:02:56:13 -0500] "POST /api/v1/accounts/login HTTP/1.1" - - "-" "Synapse-PT-HttpComponents-NIO"
- 0:0:0:0:0:0:0:1 - - [25/Feb/2020:02:56:14 -0500] "POST /token HTTP/1.1" - 29 "-" "python-requests/2.20.1"
- 127.0.0.1 - - [25/Feb/2020:02:56:14 -0500] "POST /oauth2/token HTTP/1.1" - - "-" "Synapse-PT-HttpComponents-NIO"
- 127.0.0.1  - [25/Feb/2020:02:56:03 -0500] "- - " 200 - "-" "-"
- 0:0:0:0:0:0:0:1  - [25/Feb/2020:02:56:03 -0500] "- - " 200 - "-" "-"
- 127.0.0.1  - [25/Feb/2020:02:56:05 -0500] "- - " 200 - "-" "-"
- 0:0:0:0:0:0:0:1  - [25/Feb/2020:02:56:05 -0500] "- - " 200 - "-" "-"
- 192.168.0.108  - [25/Feb/2020:02:56:05 -0500] "- - " 200 - "-" "-"
- 0:0:0:0:0:0:0:1  - [25/Feb/2020:02:56:05 -0500] "- - " 200 - "-" "-"
- 127.0.0.1  - [25/Feb/2020:02:56:08 -0500] "- - " 200 - "-" "-"
- 0:0:0:0:0:0:0:1  - [25/Feb/2020:02:56:08 -0500] "- - " 200 - "-" "-"
- 192.168.0.108  - [25/Feb/2020:02:56:09 -0500] "- - " 200 - "-" "-"
- 0:0:0:0:0:0:0:1  - [25/Feb/2020:02:56:09 -0500] "- - " 200 - "-" "-"
- 127.0.0.1  - [25/Feb/2020:02:56:14 -0500] "- - " 200 - "-" "-"
- 0:0:0:0:0:0:0:1  - [25/Feb/2020:02:56:14 -0500] "- - " 200 - "-" "-"
- 192.168.0.108  - [25/Feb/2020:02:56:13 -0500] "- - " 200 - "-" "-"
- 0:0:0:0:0:0:0:1  - [25/Feb/2020:02:56:13 -0500] "- - " 200 - "-" "-"
- 0:0:0:0:0:0:0:1 - - [25/Feb/2020:02:56:27 -0500] "POST /api/validate-token/v1.0/accounts/validate-token HTTP/1.1" - 2 "-" "GuzzleHttp/6.4.1 curl/7.61.1 PHP/7.2.11"
- 127.0.0.1  - [25/Feb/2020:02:56:27 -0500] "- - " 200 - "-" "-"
- 127.0.0.1 - - [25/Feb/2020:02:56:27 -0500] "POST /api/v1/accounts/validate-token HTTP/1.1" - - "-" "Synapse-PT-HttpComponents-NIO"
- 0:0:0:0:0:0:0:1  - [25/Feb/2020:02:56:27 -0500] "- - " 200 - "-" "-"
- 0:0:0:0:0:0:0:1 - - [25/Feb/2020:02:56:29 -0500] "POST /api/validate-token/v1.0/accounts/validate-token HTTP/1.1" - 2 "-" "GuzzleHttp/6.4.1 curl/7.61.1 PHP/7.2.11"
- 127.0.0.1  - [25/Feb/2020:02:56:29 -0500] "- - " 200 - "-" "-"
- 127.0.0.1 - - [25/Feb/2020:02:56:29 -0500] "POST /api/v1/accounts/validate-token HTTP/1.1" - - "-" "Synapse-PT-HttpComponents-NIO"
- 0:0:0:0:0:0:0:1  - [25/Feb/2020:02:56:29 -0500] "- - " 200 - "-" "-"
- 0:0:0:0:0:0:0:1 - - [25/Feb/2020:02:56:29 -0500] "GET /api/georeferencia/v1.0/emprendimientos HTTP/1.1" - 2 "-" "GuzzleHttp/6.4.1 curl/7.61.1 PHP/7.2.11"
- 192.168.0.108  - [25/Feb/2020:02:56:29 -0500] "- - " 200 - "-" "-"
- 192.168.0.108 - - [25/Feb/2020:02:56:29 -0500] "GET /api/v1/emprendimientos HTTP/1.1" - - "-" "Synapse-PT-HttpComponents-NIO"
- 0:0:0:0:0:0:0:1  - [25/Feb/2020:02:56:29 -0500] "- - " 200 - "-" "-"
- 127.0.0.1  - [25/Feb/2020:03:08:07 -0500] "- - " 200 - "-" "-"
- 0:0:0:0:0:0:0:1  - [25/Feb/2020:03:08:07 -0500] "- - " 200 - "-" "-"
- 127.0.0.1  - [25/Feb/2020:03:08:10 -0500] "- - " 200 - "-" "-"
- 0:0:0:0:0:0:0:1  - [25/Feb/2020:03:08:10 -0500] "- - " 200 - "-" "-"
- 0:0:0:0:0:0:0:1 - - [25/Feb/2020:03:08:07 -0500] "POST /api/validate-token/v1.0/accounts/validate-token HTTP/1.1" - 2 "-" "GuzzleHttp/6.4.1 curl/7.61.1 PHP/7.2.11"
- 192.168.0.108  - [25/Feb/2020:03:08:10 -0500] "- - " 200 - "-" "-"
- 0:0:0:0:0:0:0:1  - [25/Feb/2020:03:08:10 -0500] "- - " 200 - "-" "-"
- 127.0.0.1 - - [25/Feb/2020:03:08:07 -0500] "POST /api/v1/accounts/validate-token HTTP/1.1" - - "-" "Synapse-PT-HttpComponents-NIO"
- 0:0:0:0:0:0:0:1 - - [25/Feb/2020:03:08:10 -0500] "POST /api/validate-token/v1.0/accounts/validate-token HTTP/1.1" - 2 "-" "GuzzleHttp/6.4.1 curl/7.61.1 PHP/7.2.11"
- 127.0.0.1 - - [25/Feb/2020:03:08:10 -0500] "POST /api/v1/accounts/validate-token HTTP/1.1" - - "-" "Synapse-PT-HttpComponents-NIO"
- 0:0:0:0:0:0:0:1 - - [25/Feb/2020:03:08:10 -0500] "GET /api/georeferencia/v1.0/emprendimientos HTTP/1.1" - 2 "-" "GuzzleHttp/6.4.1 curl/7.61.1 PHP/7.2.11"
- 192.168.0.108 - - [25/Feb/2020:03:08:10 -0500] "GET /api/v1/emprendimientos HTTP/1.1" - - "-" "Synapse-PT-HttpComponents-NIO"
- 127.0.0.1  - [25/Feb/2020:03:12:36 -0500] "- - " 200 - "-" "-"
- 0:0:0:0:0:0:0:1 - - [25/Feb/2020:03:12:36 -0500] "POST /api/validate-token/v1.0/accounts/validate-token HTTP/1.1" - 2 "-" "GuzzleHttp/6.4.1 curl/7.61.1 PHP/7.2.11"
- 0:0:0:0:0:0:0:1  - [25/Feb/2020:03:12:36 -0500] "- - " 200 - "-" "-"
- 127.0.0.1 - - [25/Feb/2020:03:12:36 -0500] "POST /api/v1/accounts/validate-token HTTP/1.1" - - "-" "Synapse-PT-HttpComponents-NIO"
- 0:0:0:0:0:0:0:1  - [25/Feb/2020:03:12:36 -0500] "- - " 404 - "-" "-"
- 0:0:0:0:0:0:0:1 - - [25/Feb/2020:03:12:36 -0500] "GET /api/v1/mapa-digital/contar-emprendimientos HTTP/1.1" - 2 "-" "GuzzleHttp/6.4.1 curl/7.61.1 PHP/7.2.11"
- 127.0.0.1  - [25/Feb/2020:03:13:01 -0500] "- - " 200 - "-" "-"
- 0:0:0:0:0:0:0:1 - - [25/Feb/2020:03:13:01 -0500] "POST /api/validate-token/v1.0/accounts/validate-token HTTP/1.1" - 2 "-" "GuzzleHttp/6.4.1 curl/7.61.1 PHP/7.2.11"
- 0:0:0:0:0:0:0:1  - [25/Feb/2020:03:13:01 -0500] "- - " 200 - "-" "-"
- 127.0.0.1 - - [25/Feb/2020:03:13:01 -0500] "POST /api/v1/accounts/validate-token HTTP/1.1" - - "-" "Synapse-PT-HttpComponents-NIO"
- 0:0:0:0:0:0:0:1  - [25/Feb/2020:03:13:01 -0500] "- - " 404 - "-" "-"
- 0:0:0:0:0:0:0:1 - - [25/Feb/2020:03:13:01 -0500] "GET /api/v1/mapa-digital/contar-emprendimientos HTTP/1.1" - 2 "-" "GuzzleHttp/6.4.1 curl/7.61.1 PHP/7.2.11"
- 127.0.0.1  - [25/Feb/2020:03:14:44 -0500] "- - " 200 - "-" "-"
- 0:0:0:0:0:0:0:1  - [25/Feb/2020:03:14:44 -0500] "- - " 200 - "-" "-"
- 0:0:0:0:0:0:0:1  - [25/Feb/2020:03:14:44 -0500] "- - " 404 - "-" "-"
- 127.0.0.1  - [25/Feb/2020:03:14:50 -0500] "- - " 200 - "-" "-"
- 0:0:0:0:0:0:0:1  - [25/Feb/2020:03:14:50 -0500] "- - " 200 - "-" "-"
- 0:0:0:0:0:0:0:1  - [25/Feb/2020:03:14:50 -0500] "- - " 404 - "-" "-"
- 0:0:0:0:0:0:0:1 - - [25/Feb/2020:03:14:44 -0500] "POST /api/validate-token/v1.0/accounts/validate-token HTTP/1.1" - 2 "-" "GuzzleHttp/6.4.1 curl/7.61.1 PHP/7.2.11"
- 127.0.0.1 - - [25/Feb/2020:03:14:44 -0500] "POST /api/v1/accounts/validate-token HTTP/1.1" - - "-" "Synapse-PT-HttpComponents-NIO"
- 0:0:0:0:0:0:0:1 - - [25/Feb/2020:03:14:44 -0500] "GET /api/v1/mapa-digital/contar-emprendimientos HTTP/1.1" - 2 "-" "GuzzleHttp/6.4.1 curl/7.61.1 PHP/7.2.11"
- 0:0:0:0:0:0:0:1 - - [25/Feb/2020:03:14:50 -0500] "POST /api/validate-token/v1.0/accounts/validate-token HTTP/1.1" - 2 "-" "GuzzleHttp/6.4.1 curl/7.61.1 PHP/7.2.11"
- 127.0.0.1 - - [25/Feb/2020:03:14:50 -0500] "POST /api/v1/accounts/validate-token HTTP/1.1" - - "-" "Synapse-PT-HttpComponents-NIO"
- 0:0:0:0:0:0:0:1 - - [25/Feb/2020:03:14:50 -0500] "GET /api/v1/mapa-digital/contar-emprendimientos HTTP/1.1" - 2 "-" "GuzzleHttp/6.4.1 curl/7.61.1 PHP/7.2.11"
- 127.0.0.1  - [25/Feb/2020:03:15:23 -0500] "- - " 200 - "-" "-"
- 0:0:0:0:0:0:0:1 - - [25/Feb/2020:03:15:23 -0500] "POST /api/validate-token/v1.0/accounts/validate-token HTTP/1.1" - 2 "-" "GuzzleHttp/6.4.1 curl/7.61.1 PHP/7.2.11"
- 127.0.0.1 - - [25/Feb/2020:03:15:23 -0500] "POST /api/v1/accounts/validate-token HTTP/1.1" - - "-" "Synapse-PT-HttpComponents-NIO"
- 0:0:0:0:0:0:0:1  - [25/Feb/2020:03:15:23 -0500] "- - " 200 - "-" "-"
- 127.0.0.1  - [25/Feb/2020:03:15:23 -0500] "- - " 200 - "-" "-"
- 0:0:0:0:0:0:0:1 - - [25/Feb/2020:03:15:23 -0500] "GET /api/mapa-digital/v1.0/contar-emprendimientos HTTP/1.1" - 2 "-" "GuzzleHttp/6.4.1 curl/7.61.1 PHP/7.2.11"
- 127.0.0.1 - - [25/Feb/2020:03:15:23 -0500] "GET /api/v1/mapa-digital/contar-emprendimientos HTTP/1.1" - - "-" "Synapse-PT-HttpComponents-NIO"
- 0:0:0:0:0:0:0:1  - [25/Feb/2020:03:15:23 -0500] "- - " 200 - "-" "-"
- 127.0.0.1  - [25/Feb/2020:03:16:41 -0500] "- - " 200 - "-" "-"
- 0:0:0:0:0:0:0:1 - - [25/Feb/2020:03:16:41 -0500] "POST /api/validate-token/v1.0/accounts/validate-token HTTP/1.1" - 2 "-" "GuzzleHttp/6.4.1 curl/7.61.1 PHP/7.2.11"
- 0:0:0:0:0:0:0:1  - [25/Feb/2020:03:16:41 -0500] "- - " 200 - "-" "-"
- 127.0.0.1 - - [25/Feb/2020:03:16:41 -0500] "POST /api/v1/accounts/validate-token HTTP/1.1" - - "-" "Synapse-PT-HttpComponents-NIO"
- 127.0.0.1  - [25/Feb/2020:03:16:41 -0500] "- - " 200 - "-" "-"
- 0:0:0:0:0:0:0:1 - - [25/Feb/2020:03:16:41 -0500] "GET /api/mapa-digital/v1.0/contar-emprendimientos HTTP/1.1" - 2 "-" "GuzzleHttp/6.4.1 curl/7.61.1 PHP/7.2.11"
- 0:0:0:0:0:0:0:1  - [25/Feb/2020:03:16:41 -0500] "- - " 200 - "-" "-"
- 127.0.0.1 - - [25/Feb/2020:03:16:41 -0500] "GET /api/v1/mapa-digital/contar-emprendimientos HTTP/1.1" - - "-" "Synapse-PT-HttpComponents-NIO"
- 127.0.0.1  - [25/Feb/2020:03:17:05 -0500] "- - " 200 - "-" "-"
- 0:0:0:0:0:0:0:1 - - [25/Feb/2020:03:17:05 -0500] "POST /api/validate-token/v1.0/accounts/validate-token HTTP/1.1" - 2 "-" "GuzzleHttp/6.4.1 curl/7.61.1 PHP/7.2.11"
- 0:0:0:0:0:0:0:1  - [25/Feb/2020:03:17:05 -0500] "- - " 200 - "-" "-"
- 127.0.0.1 - - [25/Feb/2020:03:17:05 -0500] "POST /api/v1/accounts/validate-token HTTP/1.1" - - "-" "Synapse-PT-HttpComponents-NIO"
- 127.0.0.1  - [25/Feb/2020:03:17:05 -0500] "- - " 200 - "-" "-"
- 0:0:0:0:0:0:0:1 - - [25/Feb/2020:03:17:05 -0500] "GET /api/mapa-digital/v1.0/contar-emprendimientos HTTP/1.1" - 2 "-" "GuzzleHttp/6.4.1 curl/7.61.1 PHP/7.2.11"
- 0:0:0:0:0:0:0:1  - [25/Feb/2020:03:17:05 -0500] "- - " 200 - "-" "-"
- 127.0.0.1 - - [25/Feb/2020:03:17:05 -0500] "GET /api/v1/mapa-digital/contar-emprendimientos HTTP/1.1" - - "-" "Synapse-PT-HttpComponents-NIO"
- 127.0.0.1  - [25/Feb/2020:03:17:07 -0500] "- - " 200 - "-" "-"
- 0:0:0:0:0:0:0:1 - - [25/Feb/2020:03:17:07 -0500] "POST /api/validate-token/v1.0/accounts/validate-token HTTP/1.1" - 2 "-" "GuzzleHttp/6.4.1 curl/7.61.1 PHP/7.2.11"
- 0:0:0:0:0:0:0:1  - [25/Feb/2020:03:17:07 -0500] "- - " 200 - "-" "-"
- 127.0.0.1 - - [25/Feb/2020:03:17:07 -0500] "POST /api/v1/accounts/validate-token HTTP/1.1" - - "-" "Synapse-PT-HttpComponents-NIO"
- 127.0.0.1  - [25/Feb/2020:03:17:07 -0500] "- - " 200 - "-" "-"
- 0:0:0:0:0:0:0:1 - - [25/Feb/2020:03:17:07 -0500] "GET /api/mapa-digital/v1.0/contar-emprendimientos HTTP/1.1" - 2 "-" "GuzzleHttp/6.4.1 curl/7.61.1 PHP/7.2.11"
- 0:0:0:0:0:0:0:1  - [25/Feb/2020:03:17:07 -0500] "- - " 200 - "-" "-"
- 127.0.0.1 - - [25/Feb/2020:03:17:07 -0500] "GET /api/v1/mapa-digital/contar-emprendimientos HTTP/1.1" - - "-" "Synapse-PT-HttpComponents-NIO"
- 127.0.0.1  - [25/Feb/2020:03:17:22 -0500] "- - " 200 - "-" "-"
- 0:0:0:0:0:0:0:1 - - [25/Feb/2020:03:17:22 -0500] "POST /api/validate-token/v1.0/accounts/validate-token HTTP/1.1" - 2 "-" "GuzzleHttp/6.4.1 curl/7.61.1 PHP/7.2.11"
- 0:0:0:0:0:0:0:1  - [25/Feb/2020:03:17:22 -0500] "- - " 200 - "-" "-"
- 127.0.0.1 - - [25/Feb/2020:03:17:22 -0500] "POST /api/v1/accounts/validate-token HTTP/1.1" - - "-" "Synapse-PT-HttpComponents-NIO"
- 127.0.0.1  - [25/Feb/2020:03:17:22 -0500] "- - " 200 - "-" "-"
- 0:0:0:0:0:0:0:1 - - [25/Feb/2020:03:17:22 -0500] "GET /api/mapa-digital/v1.0/contar-emprendimientos HTTP/1.1" - 2 "-" "GuzzleHttp/6.4.1 curl/7.61.1 PHP/7.2.11"
- 0:0:0:0:0:0:0:1  - [25/Feb/2020:03:17:22 -0500] "- - " 200 - "-" "-"
- 127.0.0.1 - - [25/Feb/2020:03:17:22 -0500] "GET /api/v1/mapa-digital/contar-emprendimientos HTTP/1.1" - - "-" "Synapse-PT-HttpComponents-NIO"
- 0:0:0:0:0:0:0:1 - - [25/Feb/2020:03:20:46 -0500] "POST /api/validate-token/v1.0/accounts/validate-token HTTP/1.1" - 2 "-" "GuzzleHttp/6.4.1 curl/7.61.1 PHP/7.2.11"
- 127.0.0.1  - [25/Feb/2020:03:20:46 -0500] "- - " 200 - "-" "-"
- 0:0:0:0:0:0:0:1  - [25/Feb/2020:03:20:46 -0500] "- - " 200 - "-" "-"
- 127.0.0.1 - - [25/Feb/2020:03:20:46 -0500] "POST /api/v1/accounts/validate-token HTTP/1.1" - - "-" "Synapse-PT-HttpComponents-NIO"
- 127.0.0.1  - [25/Feb/2020:03:20:46 -0500] "- - " 200 - "-" "-"
- 0:0:0:0:0:0:0:1 - - [25/Feb/2020:03:20:46 -0500] "GET /api/mapa-digital/v1.0/contar-emprendimientos HTTP/1.1" - 2 "-" "GuzzleHttp/6.4.1 curl/7.61.1 PHP/7.2.11"
- 0:0:0:0:0:0:0:1  - [25/Feb/2020:03:20:46 -0500] "- - " 200 - "-" "-"
- 127.0.0.1 - - [25/Feb/2020:03:20:46 -0500] "GET /api/v1/mapa-digital/contar-emprendimientos HTTP/1.1" - - "-" "Synapse-PT-HttpComponents-NIO"
- 127.0.0.1  - [25/Feb/2020:03:22:07 -0500] "- - " 200 - "-" "-"
- 0:0:0:0:0:0:0:1 - - [25/Feb/2020:03:22:07 -0500] "POST /api/validate-token/v1.0/accounts/validate-token HTTP/1.1" - 2 "-" "GuzzleHttp/6.4.1 curl/7.61.1 PHP/7.2.11"
- 0:0:0:0:0:0:0:1  - [25/Feb/2020:03:22:07 -0500] "- - " 200 - "-" "-"
- 127.0.0.1  - [25/Feb/2020:03:22:07 -0500] "- - " 200 - "-" "-"
- 127.0.0.1 - - [25/Feb/2020:03:22:07 -0500] "POST /api/v1/accounts/validate-token HTTP/1.1" - - "-" "Synapse-PT-HttpComponents-NIO"
- 0:0:0:0:0:0:0:1  - [25/Feb/2020:03:22:07 -0500] "- - " 200 - "-" "-"
- 0:0:0:0:0:0:0:1 - - [25/Feb/2020:03:22:07 -0500] "GET /api/mapa-digital/v1.0/contar-emprendimientos HTTP/1.1" - 2 "-" "GuzzleHttp/6.4.1 curl/7.61.1 PHP/7.2.11"
- 127.0.0.1 - - [25/Feb/2020:03:22:07 -0500] "GET /api/v1/mapa-digital/contar-emprendimientos HTTP/1.1" - - "-" "Synapse-PT-HttpComponents-NIO"
- 127.0.0.1  - [25/Feb/2020:03:23:56 -0500] "- - " 200 - "-" "-"
- 0:0:0:0:0:0:0:1  - [25/Feb/2020:03:23:56 -0500] "- - " 200 - "-" "-"
- 127.0.0.1  - [25/Feb/2020:03:23:58 -0500] "- - " 200 - "-" "-"
- 0:0:0:0:0:0:0:1  - [25/Feb/2020:03:23:58 -0500] "- - " 200 - "-" "-"
- 192.168.0.108  - [25/Feb/2020:03:23:58 -0500] "- - " 200 - "-" "-"
- 0:0:0:0:0:0:0:1  - [25/Feb/2020:03:23:58 -0500] "- - " 200 - "-" "-"
- 127.0.0.1  - [25/Feb/2020:03:24:03 -0500] "- - " 200 - "-" "-"
- 0:0:0:0:0:0:0:1  - [25/Feb/2020:03:24:03 -0500] "- - " 200 - "-" "-"
- 127.0.0.1  - [25/Feb/2020:03:24:08 -0500] "- - " 200 - "-" "-"
- 0:0:0:0:0:0:0:1 - - [25/Feb/2020:03:23:56 -0500] "POST /api/validate-token/v1.0/accounts/validate-token HTTP/1.1" - 2 "-" "GuzzleHttp/6.4.1 curl/7.61.1 PHP/7.2.11"
- 0:0:0:0:0:0:0:1  - [25/Feb/2020:03:24:08 -0500] "- - " 200 - "-" "-"
- 127.0.0.1 - - [25/Feb/2020:03:23:56 -0500] "POST /api/v1/accounts/validate-token HTTP/1.1" - - "-" "Synapse-PT-HttpComponents-NIO"
- 0:0:0:0:0:0:0:1 - - [25/Feb/2020:03:23:58 -0500] "POST /api/validate-token/v1.0/accounts/validate-token HTTP/1.1" - 2 "-" "GuzzleHttp/6.4.1 curl/7.61.1 PHP/7.2.11"
- 127.0.0.1 - - [25/Feb/2020:03:23:58 -0500] "POST /api/v1/accounts/validate-token HTTP/1.1" - - "-" "Synapse-PT-HttpComponents-NIO"
- 0:0:0:0:0:0:0:1 - - [25/Feb/2020:03:23:58 -0500] "GET /api/georeferencia/v1.0/emprendimientos HTTP/1.1" - 2 "-" "GuzzleHttp/6.4.1 curl/7.61.1 PHP/7.2.11"
- 192.168.0.108 - - [25/Feb/2020:03:23:58 -0500] "GET /api/v1/emprendimientos HTTP/1.1" - - "-" "Synapse-PT-HttpComponents-NIO"
- 0:0:0:0:0:0:0:1 - - [25/Feb/2020:03:24:03 -0500] "POST /api/validate-token/v1.0/accounts/validate-token HTTP/1.1" - 2 "-" "GuzzleHttp/6.4.1 curl/7.61.1 PHP/7.2.11"
- 127.0.0.1 - - [25/Feb/2020:03:24:03 -0500] "POST /api/v1/accounts/validate-token HTTP/1.1" - - "-" "Synapse-PT-HttpComponents-NIO"
- 0:0:0:0:0:0:0:1 - - [25/Feb/2020:03:24:08 -0500] "POST /api/validate-token/v1.0/accounts/validate-token HTTP/1.1" - 2 "-" "GuzzleHttp/6.4.1 curl/7.61.1 PHP/7.2.11"
- 127.0.0.1 - - [25/Feb/2020:03:24:08 -0500] "POST /api/v1/accounts/validate-token HTTP/1.1" - - "-" "Synapse-PT-HttpComponents-NIO"
- 127.0.0.1  - [25/Feb/2020:03:27:12 -0500] "- - " 200 - "-" "-"
- 0:0:0:0:0:0:0:1 - - [25/Feb/2020:03:27:12 -0500] "POST /api/validate-token/v1.0/accounts/validate-token HTTP/1.1" - 2 "-" "GuzzleHttp/6.4.1 curl/7.61.1 PHP/7.2.11"
- 0:0:0:0:0:0:0:1  - [25/Feb/2020:03:27:12 -0500] "- - " 200 - "-" "-"
- 127.0.0.1 - - [25/Feb/2020:03:27:12 -0500] "POST /api/v1/accounts/validate-token HTTP/1.1" - - "-" "Synapse-PT-HttpComponents-NIO"
- 127.0.0.1  - [25/Feb/2020:03:27:12 -0500] "- - " 200 - "-" "-"
- 0:0:0:0:0:0:0:1 - - [25/Feb/2020:03:27:12 -0500] "GET /api/mapa-digital/v1.0/contar-emprendimientos HTTP/1.1" - 2 "-" "GuzzleHttp/6.4.1 curl/7.61.1 PHP/7.2.11"
- 0:0:0:0:0:0:0:1  - [25/Feb/2020:03:27:12 -0500] "- - " 200 - "-" "-"
- 127.0.0.1 - - [25/Feb/2020:03:27:12 -0500] "GET /api/v1/mapa-digital/contar-emprendimientos HTTP/1.1" - - "-" "Synapse-PT-HttpComponents-NIO"
- 127.0.0.1  - [25/Feb/2020:03:27:18 -0500] "- - " 200 - "-" "-"
- 0:0:0:0:0:0:0:1 - - [25/Feb/2020:03:27:18 -0500] "POST /api/validate-token/v1.0/accounts/validate-token HTTP/1.1" - 2 "-" "GuzzleHttp/6.4.1 curl/7.61.1 PHP/7.2.11"
- 0:0:0:0:0:0:0:1  - [25/Feb/2020:03:27:18 -0500] "- - " 200 - "-" "-"
- 127.0.0.1 - - [25/Feb/2020:03:27:18 -0500] "POST /api/v1/accounts/validate-token HTTP/1.1" - - "-" "Synapse-PT-HttpComponents-NIO"
- 127.0.0.1  - [25/Feb/2020:03:27:18 -0500] "- - " 200 - "-" "-"
- 0:0:0:0:0:0:0:1 - - [25/Feb/2020:03:27:18 -0500] "GET /api/mapa-digital/v1.0/contar-emprendimientos HTTP/1.1" - 2 "-" "GuzzleHttp/6.4.1 curl/7.61.1 PHP/7.2.11"
- 0:0:0:0:0:0:0:1  - [25/Feb/2020:03:27:18 -0500] "- - " 200 - "-" "-"
- 127.0.0.1 - - [25/Feb/2020:03:27:18 -0500] "GET /api/v1/mapa-digital/contar-emprendimientos HTTP/1.1" - - "-" "Synapse-PT-HttpComponents-NIO"
- 127.0.0.1  - [25/Feb/2020:03:30:00 -0500] "- - " 200 - "-" "-"
- 0:0:0:0:0:0:0:1 - - [25/Feb/2020:03:30:00 -0500] "POST /api/validate-token/v1.0/accounts/validate-token HTTP/1.1" - 2 "-" "GuzzleHttp/6.4.1 curl/7.61.1 PHP/7.2.11"
- 127.0.0.1 - - [25/Feb/2020:03:30:00 -0500] "POST /api/v1/accounts/validate-token HTTP/1.1" - - "-" "Synapse-PT-HttpComponents-NIO"
- 0:0:0:0:0:0:0:1 - - [25/Feb/2020:03:30:00 -0500] "GET /api/mapa-digital/v1.0/contar-emprendimientos HTTP/1.1" - 2 "-" "GuzzleHttp/6.4.1 curl/7.61.1 PHP/7.2.11"
- 127.0.0.1 - - [25/Feb/2020:03:30:00 -0500] "GET /api/v1/mapa-digital/contar-emprendimientos HTTP/1.1" - - "-" "Synapse-PT-HttpComponents-NIO"
- 0:0:0:0:0:0:0:1  - [25/Feb/2020:03:30:00 -0500] "- - " 200 - "-" "-"
- 127.0.0.1  - [25/Feb/2020:03:30:00 -0500] "- - " 200 - "-" "-"
- 0:0:0:0:0:0:0:1  - [25/Feb/2020:03:30:00 -0500] "- - " 200 - "-" "-"
- 127.0.0.1  - [25/Feb/2020:03:30:28 -0500] "- - " 200 - "-" "-"
- 0:0:0:0:0:0:0:1 - - [25/Feb/2020:03:30:28 -0500] "POST /api/validate-token/v1.0/accounts/validate-token HTTP/1.1" - 2 "-" "GuzzleHttp/6.4.1 curl/7.61.1 PHP/7.2.11"
- 0:0:0:0:0:0:0:1  - [25/Feb/2020:03:30:28 -0500] "- - " 200 - "-" "-"
- 127.0.0.1 - - [25/Feb/2020:03:30:28 -0500] "POST /api/v1/accounts/validate-token HTTP/1.1" - - "-" "Synapse-PT-HttpComponents-NIO"
- 127.0.0.1  - [25/Feb/2020:03:30:28 -0500] "- - " 200 - "-" "-"
- 0:0:0:0:0:0:0:1 - - [25/Feb/2020:03:30:28 -0500] "GET /api/mapa-digital/v1.0/contar-emprendimientos HTTP/1.1" - 2 "-" "GuzzleHttp/6.4.1 curl/7.61.1 PHP/7.2.11"
- 127.0.0.1 - - [25/Feb/2020:03:30:28 -0500] "GET /api/v1/mapa-digital/contar-emprendimientos HTTP/1.1" - - "-" "Synapse-PT-HttpComponents-NIO"
- 0:0:0:0:0:0:0:1 - - [25/Feb/2020:03:30:47 -0500] "POST /api/validate-token/v1.0/accounts/validate-token HTTP/1.1" - 2 "-" "GuzzleHttp/6.4.1 curl/7.61.1 PHP/7.2.11"
- 0:0:0:0:0:0:0:1  - [25/Feb/2020:03:30:28 -0500] "- - " 200 - "-" "-"
- 127.0.0.1 - - [25/Feb/2020:03:30:47 -0500] "POST /api/v1/accounts/validate-token HTTP/1.1" - - "-" "Synapse-PT-HttpComponents-NIO"
- 127.0.0.1  - [25/Feb/2020:03:30:47 -0500] "- - " 200 - "-" "-"
- 0:0:0:0:0:0:0:1 - - [25/Feb/2020:03:30:47 -0500] "GET /api/mapa-digital/v1.0/contar-emprendimientos HTTP/1.1" - 2 "-" "GuzzleHttp/6.4.1 curl/7.61.1 PHP/7.2.11"
- 0:0:0:0:0:0:0:1  - [25/Feb/2020:03:30:47 -0500] "- - " 200 - "-" "-"
- 127.0.0.1 - - [25/Feb/2020:03:30:47 -0500] "GET /api/v1/mapa-digital/contar-emprendimientos HTTP/1.1" - - "-" "Synapse-PT-HttpComponents-NIO"
- 127.0.0.1  - [25/Feb/2020:03:30:47 -0500] "- - " 200 - "-" "-"
- 0:0:0:0:0:0:0:1 - - [25/Feb/2020:03:30:51 -0500] "POST /api/validate-token/v1.0/accounts/validate-token HTTP/1.1" - 2 "-" "GuzzleHttp/6.4.1 curl/7.61.1 PHP/7.2.11"
- 0:0:0:0:0:0:0:1  - [25/Feb/2020:03:30:47 -0500] "- - " 200 - "-" "-"
- 127.0.0.1 - - [25/Feb/2020:03:30:51 -0500] "POST /api/v1/accounts/validate-token HTTP/1.1" - - "-" "Synapse-PT-HttpComponents-NIO"
- 127.0.0.1  - [25/Feb/2020:03:30:51 -0500] "- - " 200 - "-" "-"
- 0:0:0:0:0:0:0:1 - - [25/Feb/2020:03:30:51 -0500] "GET /api/mapa-digital/v1.0/contar-emprendimientos HTTP/1.1" - 2 "-" "GuzzleHttp/6.4.1 curl/7.61.1 PHP/7.2.11"
- 0:0:0:0:0:0:0:1  - [25/Feb/2020:03:30:51 -0500] "- - " 200 - "-" "-"
- 127.0.0.1 - - [25/Feb/2020:03:30:51 -0500] "GET /api/v1/mapa-digital/contar-emprendimientos HTTP/1.1" - - "-" "Synapse-PT-HttpComponents-NIO"
- 127.0.0.1  - [25/Feb/2020:03:30:51 -0500] "- - " 200 - "-" "-"
- 0:0:0:0:0:0:0:1  - [25/Feb/2020:03:30:51 -0500] "- - " 200 - "-" "-"
- 0:0:0:0:0:0:0:1 - - [25/Feb/2020:03:31:13 -0500] "POST /api/validate-token/v1.0/accounts/validate-token HTTP/1.1" - 2 "-" "GuzzleHttp/6.4.1 curl/7.61.1 PHP/7.2.11"
- 127.0.0.1 - - [25/Feb/2020:03:31:13 -0500] "POST /api/v1/accounts/validate-token HTTP/1.1" - - "-" "Synapse-PT-HttpComponents-NIO"
- 0:0:0:0:0:0:0:1 - - [25/Feb/2020:03:31:13 -0500] "GET /api/mapa-digital/v1.0/contar-emprendimientos HTTP/1.1" - 2 "-" "GuzzleHttp/6.4.1 curl/7.61.1 PHP/7.2.11"
- 127.0.0.1 - - [25/Feb/2020:03:31:13 -0500] "GET /api/v1/mapa-digital/contar-emprendimientos HTTP/1.1" - - "-" "Synapse-PT-HttpComponents-NIO"
- 127.0.0.1  - [25/Feb/2020:03:31:13 -0500] "- - " 200 - "-" "-"
- 0:0:0:0:0:0:0:1  - [25/Feb/2020:03:31:13 -0500] "- - " 200 - "-" "-"
- 127.0.0.1  - [25/Feb/2020:03:31:13 -0500] "- - " 200 - "-" "-"
- 0:0:0:0:0:0:0:1  - [25/Feb/2020:03:31:13 -0500] "- - " 200 - "-" "-"
- 127.0.0.1  - [25/Feb/2020:03:31:25 -0500] "- - " 200 - "-" "-"
- 0:0:0:0:0:0:0:1 - - [25/Feb/2020:03:31:25 -0500] "POST /api/validate-token/v1.0/accounts/validate-token HTTP/1.1" - 2 "-" "GuzzleHttp/6.4.1 curl/7.61.1 PHP/7.2.11"
- 0:0:0:0:0:0:0:1  - [25/Feb/2020:03:31:25 -0500] "- - " 200 - "-" "-"
- 127.0.0.1 - - [25/Feb/2020:03:31:25 -0500] "POST /api/v1/accounts/validate-token HTTP/1.1" - - "-" "Synapse-PT-HttpComponents-NIO"
- 127.0.0.1  - [25/Feb/2020:03:31:25 -0500] "- - " 200 - "-" "-"
- 0:0:0:0:0:0:0:1 - - [25/Feb/2020:03:31:25 -0500] "GET /api/mapa-digital/v1.0/contar-emprendimientos HTTP/1.1" - 2 "-" "GuzzleHttp/6.4.1 curl/7.61.1 PHP/7.2.11"
- 0:0:0:0:0:0:0:1  - [25/Feb/2020:03:31:25 -0500] "- - " 200 - "-" "-"
- 127.0.0.1 - - [25/Feb/2020:03:31:25 -0500] "GET /api/v1/mapa-digital/contar-emprendimientos HTTP/1.1" - - "-" "Synapse-PT-HttpComponents-NIO"
- 127.0.0.1  - [25/Feb/2020:03:33:28 -0500] "- - " 200 - "-" "-"
- 0:0:0:0:0:0:0:1 - - [25/Feb/2020:03:33:28 -0500] "POST /api/validate-token/v1.0/accounts/validate-token HTTP/1.1" - 2 "-" "GuzzleHttp/6.4.1 curl/7.61.1 PHP/7.2.11"
- 127.0.0.1 - - [25/Feb/2020:03:33:28 -0500] "POST /api/v1/accounts/validate-token HTTP/1.1" - - "-" "Synapse-PT-HttpComponents-NIO"
- 0:0:0:0:0:0:0:1 - - [25/Feb/2020:03:33:28 -0500] "GET /api/mapa-digital/v1.0/contar-emprendimientos HTTP/1.1" - 2 "-" "GuzzleHttp/6.4.1 curl/7.61.1 PHP/7.2.11"
- 0:0:0:0:0:0:0:1  - [25/Feb/2020:03:33:28 -0500] "- - " 200 - "-" "-"
- 0:0:0:0:0:0:0:1  - [25/Feb/2020:03:33:30 -0500] "- - " 500 - "-" "-"
- 127.0.0.1  - [25/Feb/2020:03:34:10 -0500] "- - " 200 - "-" "-"
- 0:0:0:0:0:0:0:1 - - [25/Feb/2020:03:34:10 -0500] "POST /api/validate-token/v1.0/accounts/validate-token HTTP/1.1" - 2 "-" "GuzzleHttp/6.4.1 curl/7.61.1 PHP/7.2.11"
- 0:0:0:0:0:0:0:1  - [25/Feb/2020:03:34:10 -0500] "- - " 200 - "-" "-"
- 127.0.0.1 - - [25/Feb/2020:03:34:10 -0500] "POST /api/v1/accounts/validate-token HTTP/1.1" - - "-" "Synapse-PT-HttpComponents-NIO"
- 0:0:0:0:0:0:0:1  - [25/Feb/2020:03:34:11 -0500] "- - " 500 - "-" "-"
- 0:0:0:0:0:0:0:1 - - [25/Feb/2020:03:34:10 -0500] "GET /api/mapa-digital/v1.0/contar-emprendimientos HTTP/1.1" - 2 "-" "GuzzleHttp/6.4.1 curl/7.61.1 PHP/7.2.11"
- 127.0.0.1  - [25/Feb/2020:03:34:24 -0500] "- - " 200 - "-" "-"
- 0:0:0:0:0:0:0:1 - - [25/Feb/2020:03:34:24 -0500] "POST /api/validate-token/v1.0/accounts/validate-token HTTP/1.1" - 2 "-" "GuzzleHttp/6.4.1 curl/7.61.1 PHP/7.2.11"
- 0:0:0:0:0:0:0:1  - [25/Feb/2020:03:34:24 -0500] "- - " 200 - "-" "-"
- 127.0.0.1 - - [25/Feb/2020:03:34:24 -0500] "POST /api/v1/accounts/validate-token HTTP/1.1" - - "-" "Synapse-PT-HttpComponents-NIO"
- 0:0:0:0:0:0:0:1  - [25/Feb/2020:03:34:24 -0500] "- - " 500 - "-" "-"
- 0:0:0:0:0:0:0:1 - - [25/Feb/2020:03:34:24 -0500] "GET /api/mapa-digital/v1.0/contar-emprendimientos HTTP/1.1" - 2 "-" "GuzzleHttp/6.4.1 curl/7.61.1 PHP/7.2.11"
- 127.0.0.1  - [25/Feb/2020:03:35:02 -0500] "- - " 200 - "-" "-"
- 0:0:0:0:0:0:0:1 - - [25/Feb/2020:03:35:02 -0500] "POST /api/validate-token/v1.0/accounts/validate-token HTTP/1.1" - 2 "-" "GuzzleHttp/6.4.1 curl/7.61.1 PHP/7.2.11"
- 0:0:0:0:0:0:0:1  - [25/Feb/2020:03:35:02 -0500] "- - " 200 - "-" "-"
- 0:0:0:0:0:0:0:1  - [25/Feb/2020:03:35:03 -0500] "- - " 500 - "-" "-"
- 127.0.0.1 - - [25/Feb/2020:03:35:02 -0500] "POST /api/v1/accounts/validate-token HTTP/1.1" - - "-" "Synapse-PT-HttpComponents-NIO"
- 0:0:0:0:0:0:0:1 - - [25/Feb/2020:03:35:02 -0500] "GET /api/mapa-digital/v1.0/contar-emprendimientos HTTP/1.1" - 2 "-" "GuzzleHttp/6.4.1 curl/7.61.1 PHP/7.2.11"
- 127.0.0.1  - [25/Feb/2020:03:35:28 -0500] "- - " 200 - "-" "-"
- 0:0:0:0:0:0:0:1 - - [25/Feb/2020:03:35:28 -0500] "POST /api/validate-token/v1.0/accounts/validate-token HTTP/1.1" - 2 "-" "GuzzleHttp/6.4.1 curl/7.61.1 PHP/7.2.11"
- 0:0:0:0:0:0:0:1  - [25/Feb/2020:03:35:28 -0500] "- - " 200 - "-" "-"
- 127.0.0.1 - - [25/Feb/2020:03:35:28 -0500] "POST /api/v1/accounts/validate-token HTTP/1.1" - - "-" "Synapse-PT-HttpComponents-NIO"
- 0:0:0:0:0:0:0:1  - [25/Feb/2020:03:35:28 -0500] "- - " 500 - "-" "-"
- 0:0:0:0:0:0:0:1 - - [25/Feb/2020:03:35:28 -0500] "GET /api/mapa-digital/v1.0/contar-emprendimientos HTTP/1.1" - 2 "-" "GuzzleHttp/6.4.1 curl/7.61.1 PHP/7.2.11"
- 127.0.0.1  - [25/Feb/2020:03:35:54 -0500] "- - " 200 - "-" "-"
- 0:0:0:0:0:0:0:1 - - [25/Feb/2020:03:35:54 -0500] "POST /api/validate-token/v1.0/accounts/validate-token HTTP/1.1" - 2 "-" "GuzzleHttp/6.4.1 curl/7.61.1 PHP/7.2.11"
- 0:0:0:0:0:0:0:1  - [25/Feb/2020:03:35:54 -0500] "- - " 200 - "-" "-"
- 127.0.0.1 - - [25/Feb/2020:03:35:54 -0500] "POST /api/v1/accounts/validate-token HTTP/1.1" - - "-" "Synapse-PT-HttpComponents-NIO"
- 0:0:0:0:0:0:0:1  - [25/Feb/2020:03:35:55 -0500] "- - " 500 - "-" "-"
- 0:0:0:0:0:0:0:1 - - [25/Feb/2020:03:35:54 -0500] "GET /api/mapa-digital/v1.0/contar-emprendimientos HTTP/1.1" - 2 "-" "GuzzleHttp/6.4.1 curl/7.61.1 PHP/7.2.11"
- 127.0.0.1  - [25/Feb/2020:03:36:33 -0500] "- - " 200 - "-" "-"
- 0:0:0:0:0:0:0:1 - - [25/Feb/2020:03:36:33 -0500] "POST /api/validate-token/v1.0/accounts/validate-token HTTP/1.1" - 2 "-" "GuzzleHttp/6.4.1 curl/7.61.1 PHP/7.2.11"
- 0:0:0:0:0:0:0:1  - [25/Feb/2020:03:36:33 -0500] "- - " 200 - "-" "-"
- 0:0:0:0:0:0:0:1  - [25/Feb/2020:03:36:34 -0500] "- - " 500 - "-" "-"
- 127.0.0.1 - - [25/Feb/2020:03:36:33 -0500] "POST /api/v1/accounts/validate-token HTTP/1.1" - - "-" "Synapse-PT-HttpComponents-NIO"
- 0:0:0:0:0:0:0:1 - - [25/Feb/2020:03:36:33 -0500] "GET /api/mapa-digital/v1.0/contar-emprendimientos HTTP/1.1" - 2 "-" "GuzzleHttp/6.4.1 curl/7.61.1 PHP/7.2.11"
- 127.0.0.1  - [25/Feb/2020:03:36:57 -0500] "- - " 200 - "-" "-"
- 0:0:0:0:0:0:0:1 - - [25/Feb/2020:03:36:57 -0500] "POST /api/validate-token/v1.0/accounts/validate-token HTTP/1.1" - 2 "-" "GuzzleHttp/6.4.1 curl/7.61.1 PHP/7.2.11"
- 0:0:0:0:0:0:0:1  - [25/Feb/2020:03:36:57 -0500] "- - " 200 - "-" "-"
- 127.0.0.1 - - [25/Feb/2020:03:36:57 -0500] "POST /api/v1/accounts/validate-token HTTP/1.1" - - "-" "Synapse-PT-HttpComponents-NIO"
- 0:0:0:0:0:0:0:1  - [25/Feb/2020:03:36:57 -0500] "- - " 500 - "-" "-"
- 0:0:0:0:0:0:0:1 - - [25/Feb/2020:03:36:57 -0500] "GET /api/mapa-digital/v1.0/contar-emprendimientos HTTP/1.1" - 2 "-" "GuzzleHttp/6.4.1 curl/7.61.1 PHP/7.2.11"
- 127.0.0.1  - [25/Feb/2020:03:37:20 -0500] "- - " 200 - "-" "-"
- 0:0:0:0:0:0:0:1 - - [25/Feb/2020:03:37:20 -0500] "POST /api/validate-token/v1.0/accounts/validate-token HTTP/1.1" - 2 "-" "GuzzleHttp/6.4.1 curl/7.61.1 PHP/7.2.11"
- 0:0:0:0:0:0:0:1  - [25/Feb/2020:03:37:20 -0500] "- - " 200 - "-" "-"
- 127.0.0.1 - - [25/Feb/2020:03:37:20 -0500] "POST /api/v1/accounts/validate-token HTTP/1.1" - - "-" "Synapse-PT-HttpComponents-NIO"
- 127.0.0.1  - [25/Feb/2020:03:37:20 -0500] "- - " 200 - "-" "-"
- 0:0:0:0:0:0:0:1 - - [25/Feb/2020:03:37:20 -0500] "GET /api/mapa-digital/v1.0/contar-emprendimientos HTTP/1.1" - 2 "-" "GuzzleHttp/6.4.1 curl/7.61.1 PHP/7.2.11"
- 0:0:0:0:0:0:0:1  - [25/Feb/2020:03:37:20 -0500] "- - " 200 - "-" "-"
- 127.0.0.1 - - [25/Feb/2020:03:37:20 -0500] "GET /api/v1/mapa-digital/contar-emprendimientos HTTP/1.1" - - "-" "Synapse-PT-HttpComponents-NIO"
- 127.0.0.1  - [25/Feb/2020:03:38:13 -0500] "- - " 200 - "-" "-"
- 0:0:0:0:0:0:0:1 - - [25/Feb/2020:03:38:13 -0500] "POST /api/validate-token/v1.0/accounts/validate-token HTTP/1.1" - 2 "-" "GuzzleHttp/6.4.1 curl/7.61.1 PHP/7.2.11"
- 0:0:0:0:0:0:0:1  - [25/Feb/2020:03:38:13 -0500] "- - " 200 - "-" "-"
- 127.0.0.1 - - [25/Feb/2020:03:38:13 -0500] "POST /api/v1/accounts/validate-token HTTP/1.1" - - "-" "Synapse-PT-HttpComponents-NIO"
- 127.0.0.1  - [25/Feb/2020:03:38:13 -0500] "- - " 200 - "-" "-"
- 0:0:0:0:0:0:0:1 - - [25/Feb/2020:03:38:13 -0500] "GET /api/mapa-digital/v1.0/contar-emprendimientos HTTP/1.1" - 2 "-" "GuzzleHttp/6.4.1 curl/7.61.1 PHP/7.2.11"
- 0:0:0:0:0:0:0:1  - [25/Feb/2020:03:38:13 -0500] "- - " 200 - "-" "-"
- 127.0.0.1 - - [25/Feb/2020:03:38:13 -0500] "GET /api/v1/mapa-digital/contar-emprendimientos HTTP/1.1" - - "-" "Synapse-PT-HttpComponents-NIO"
- 127.0.0.1  - [25/Feb/2020:03:38:34 -0500] "- - " 200 - "-" "-"
- 0:0:0:0:0:0:0:1 - - [25/Feb/2020:03:38:34 -0500] "POST /api/validate-token/v1.0/accounts/validate-token HTTP/1.1" - 2 "-" "GuzzleHttp/6.4.1 curl/7.61.1 PHP/7.2.11"
- 0:0:0:0:0:0:0:1  - [25/Feb/2020:03:38:34 -0500] "- - " 200 - "-" "-"
- 127.0.0.1 - - [25/Feb/2020:03:38:34 -0500] "POST /api/v1/accounts/validate-token HTTP/1.1" - - "-" "Synapse-PT-HttpComponents-NIO"
- 127.0.0.1  - [25/Feb/2020:03:38:34 -0500] "- - " 200 - "-" "-"
- 0:0:0:0:0:0:0:1 - - [25/Feb/2020:03:38:34 -0500] "GET /api/mapa-digital/v1.0/contar-emprendimientos HTTP/1.1" - 2 "-" "GuzzleHttp/6.4.1 curl/7.61.1 PHP/7.2.11"
- 0:0:0:0:0:0:0:1  - [25/Feb/2020:03:38:34 -0500] "- - " 200 - "-" "-"
- 127.0.0.1 - - [25/Feb/2020:03:38:34 -0500] "GET /api/v1/mapa-digital/contar-emprendimientos HTTP/1.1" - - "-" "Synapse-PT-HttpComponents-NIO"
- 127.0.0.1  - [25/Feb/2020:03:38:52 -0500] "- - " 200 - "-" "-"
- 0:0:0:0:0:0:0:1 - - [25/Feb/2020:03:38:52 -0500] "POST /api/validate-token/v1.0/accounts/validate-token HTTP/1.1" - 2 "-" "GuzzleHttp/6.4.1 curl/7.61.1 PHP/7.2.11"
- 0:0:0:0:0:0:0:1  - [25/Feb/2020:03:38:52 -0500] "- - " 200 - "-" "-"
- 127.0.0.1 - - [25/Feb/2020:03:38:52 -0500] "POST /api/v1/accounts/validate-token HTTP/1.1" - - "-" "Synapse-PT-HttpComponents-NIO"
- 127.0.0.1  - [25/Feb/2020:03:38:52 -0500] "- - " 200 - "-" "-"
- 0:0:0:0:0:0:0:1 - - [25/Feb/2020:03:38:52 -0500] "GET /api/mapa-digital/v1.0/contar-emprendimientos HTTP/1.1" - 2 "-" "GuzzleHttp/6.4.1 curl/7.61.1 PHP/7.2.11"
- 0:0:0:0:0:0:0:1  - [25/Feb/2020:03:38:52 -0500] "- - " 200 - "-" "-"
- 127.0.0.1 - - [25/Feb/2020:03:38:52 -0500] "GET /api/v1/mapa-digital/contar-emprendimientos HTTP/1.1" - - "-" "Synapse-PT-HttpComponents-NIO"
- 127.0.0.1  - [25/Feb/2020:03:39:08 -0500] "- - " 200 - "-" "-"
- 0:0:0:0:0:0:0:1 - - [25/Feb/2020:03:39:08 -0500] "POST /api/validate-token/v1.0/accounts/validate-token HTTP/1.1" - 2 "-" "GuzzleHttp/6.4.1 curl/7.61.1 PHP/7.2.11"
- 0:0:0:0:0:0:0:1  - [25/Feb/2020:03:39:08 -0500] "- - " 200 - "-" "-"
- 127.0.0.1 - - [25/Feb/2020:03:39:08 -0500] "POST /api/v1/accounts/validate-token HTTP/1.1" - - "-" "Synapse-PT-HttpComponents-NIO"
- 127.0.0.1  - [25/Feb/2020:03:39:08 -0500] "- - " 200 - "-" "-"
- 0:0:0:0:0:0:0:1 - - [25/Feb/2020:03:39:08 -0500] "GET /api/mapa-digital/v1.0/contar-emprendimientos HTTP/1.1" - 2 "-" "GuzzleHttp/6.4.1 curl/7.61.1 PHP/7.2.11"
- 127.0.0.1 - - [25/Feb/2020:03:39:08 -0500] "GET /api/v1/mapa-digital/contar-emprendimientos HTTP/1.1" - - "-" "Synapse-PT-HttpComponents-NIO"
- 0:0:0:0:0:0:0:1  - [25/Feb/2020:03:39:08 -0500] "- - " 200 - "-" "-"
- 127.0.0.1  - [25/Feb/2020:03:39:50 -0500] "- - " 200 - "-" "-"
- 0:0:0:0:0:0:0:1 - - [25/Feb/2020:03:39:50 -0500] "POST /api/validate-token/v1.0/accounts/validate-token HTTP/1.1" - 2 "-" "GuzzleHttp/6.4.1 curl/7.61.1 PHP/7.2.11"
- 0:0:0:0:0:0:0:1  - [25/Feb/2020:03:39:50 -0500] "- - " 200 - "-" "-"
- 127.0.0.1  - [25/Feb/2020:03:39:50 -0500] "- - " 200 - "-" "-"
- 127.0.0.1 - - [25/Feb/2020:03:39:50 -0500] "POST /api/v1/accounts/validate-token HTTP/1.1" - - "-" "Synapse-PT-HttpComponents-NIO"
- 0:0:0:0:0:0:0:1  - [25/Feb/2020:03:39:50 -0500] "- - " 200 - "-" "-"
- 0:0:0:0:0:0:0:1 - - [25/Feb/2020:03:39:50 -0500] "GET /api/mapa-digital/v1.0/contar-emprendimientos HTTP/1.1" - 2 "-" "GuzzleHttp/6.4.1 curl/7.61.1 PHP/7.2.11"
- 127.0.0.1 - - [25/Feb/2020:03:39:50 -0500] "GET /api/v1/mapa-digital/contar-emprendimientos HTTP/1.1" - - "-" "Synapse-PT-HttpComponents-NIO"
- 127.0.0.1  - [25/Feb/2020:03:40:05 -0500] "- - " 200 - "-" "-"
- 0:0:0:0:0:0:0:1 - - [25/Feb/2020:03:40:05 -0500] "POST /api/validate-token/v1.0/accounts/validate-token HTTP/1.1" - 2 "-" "GuzzleHttp/6.4.1 curl/7.61.1 PHP/7.2.11"
- 0:0:0:0:0:0:0:1  - [25/Feb/2020:03:40:05 -0500] "- - " 200 - "-" "-"
- 127.0.0.1 - - [25/Feb/2020:03:40:05 -0500] "POST /api/v1/accounts/validate-token HTTP/1.1" - - "-" "Synapse-PT-HttpComponents-NIO"
- 127.0.0.1  - [25/Feb/2020:03:40:05 -0500] "- - " 200 - "-" "-"
- 0:0:0:0:0:0:0:1 - - [25/Feb/2020:03:40:05 -0500] "GET /api/mapa-digital/v1.0/contar-emprendimientos HTTP/1.1" - 2 "-" "GuzzleHttp/6.4.1 curl/7.61.1 PHP/7.2.11"
- 0:0:0:0:0:0:0:1  - [25/Feb/2020:03:40:05 -0500] "- - " 200 - "-" "-"
- 127.0.0.1 - - [25/Feb/2020:03:40:05 -0500] "GET /api/v1/mapa-digital/contar-emprendimientos HTTP/1.1" - - "-" "Synapse-PT-HttpComponents-NIO"
- 127.0.0.1  - [25/Feb/2020:03:41:39 -0500] "- - " 200 - "-" "-"
- 0:0:0:0:0:0:0:1 - - [25/Feb/2020:03:41:39 -0500] "POST /api/validate-token/v1.0/accounts/validate-token HTTP/1.1" - 2 "-" "GuzzleHttp/6.4.1 curl/7.61.1 PHP/7.2.11"
- 0:0:0:0:0:0:0:1  - [25/Feb/2020:03:41:39 -0500] "- - " 200 - "-" "-"
- 127.0.0.1 - - [25/Feb/2020:03:41:39 -0500] "POST /api/v1/accounts/validate-token HTTP/1.1" - - "-" "Synapse-PT-HttpComponents-NIO"
- 127.0.0.1  - [25/Feb/2020:03:41:39 -0500] "- - " 200 - "-" "-"
- 0:0:0:0:0:0:0:1 - - [25/Feb/2020:03:41:39 -0500] "GET /api/mapa-digital/v1.0/contar-emprendimientos HTTP/1.1" - 2 "-" "GuzzleHttp/6.4.1 curl/7.61.1 PHP/7.2.11"
- 0:0:0:0:0:0:0:1  - [25/Feb/2020:03:41:39 -0500] "- - " 200 - "-" "-"
- 127.0.0.1 - - [25/Feb/2020:03:41:39 -0500] "GET /api/v1/mapa-digital/contar-emprendimientos HTTP/1.1" - - "-" "Synapse-PT-HttpComponents-NIO"
- 127.0.0.1  - [25/Feb/2020:03:42:14 -0500] "- - " 200 - "-" "-"
- 0:0:0:0:0:0:0:1 - - [25/Feb/2020:03:42:14 -0500] "POST /api/validate-token/v1.0/accounts/validate-token HTTP/1.1" - 2 "-" "GuzzleHttp/6.4.1 curl/7.61.1 PHP/7.2.11"
- 0:0:0:0:0:0:0:1  - [25/Feb/2020:03:42:14 -0500] "- - " 200 - "-" "-"
- 127.0.0.1 - - [25/Feb/2020:03:42:14 -0500] "POST /api/v1/accounts/validate-token HTTP/1.1" - - "-" "Synapse-PT-HttpComponents-NIO"
- 127.0.0.1  - [25/Feb/2020:03:42:14 -0500] "- - " 200 - "-" "-"
- 0:0:0:0:0:0:0:1 - - [25/Feb/2020:03:42:14 -0500] "GET /api/mapa-digital/v1.0/contar-emprendimientos HTTP/1.1" - 2 "-" "GuzzleHttp/6.4.1 curl/7.61.1 PHP/7.2.11"
- 0:0:0:0:0:0:0:1  - [25/Feb/2020:03:42:14 -0500] "- - " 200 - "-" "-"
- 127.0.0.1 - - [25/Feb/2020:03:42:14 -0500] "GET /api/v1/mapa-digital/contar-emprendimientos HTTP/1.1" - - "-" "Synapse-PT-HttpComponents-NIO"
- 127.0.0.1  - [25/Feb/2020:03:42:33 -0500] "- - " 200 - "-" "-"
- 0:0:0:0:0:0:0:1 - - [25/Feb/2020:03:42:33 -0500] "POST /api/validate-token/v1.0/accounts/validate-token HTTP/1.1" - 2 "-" "GuzzleHttp/6.4.1 curl/7.61.1 PHP/7.2.11"
- 0:0:0:0:0:0:0:1  - [25/Feb/2020:03:42:33 -0500] "- - " 200 - "-" "-"
- 127.0.0.1 - - [25/Feb/2020:03:42:33 -0500] "POST /api/v1/accounts/validate-token HTTP/1.1" - - "-" "Synapse-PT-HttpComponents-NIO"
- 127.0.0.1  - [25/Feb/2020:03:42:33 -0500] "- - " 200 - "-" "-"
- 0:0:0:0:0:0:0:1  - [25/Feb/2020:03:42:33 -0500] "- - " 200 - "-" "-"
- 127.0.0.1  - [25/Feb/2020:03:42:47 -0500] "- - " 200 - "-" "-"
- 0:0:0:0:0:0:0:1  - [25/Feb/2020:03:42:47 -0500] "- - " 200 - "-" "-"
- 127.0.0.1  - [25/Feb/2020:03:42:47 -0500] "- - " 200 - "-" "-"
- 0:0:0:0:0:0:0:1 - - [25/Feb/2020:03:42:33 -0500] "GET /api/mapa-digital/v1.0/contar-emprendimientos HTTP/1.1" - 2 "-" "GuzzleHttp/6.4.1 curl/7.61.1 PHP/7.2.11"
- 0:0:0:0:0:0:0:1  - [25/Feb/2020:03:42:47 -0500] "- - " 200 - "-" "-"
- 127.0.0.1 - - [25/Feb/2020:03:42:33 -0500] "GET /api/v1/mapa-digital/contar-emprendimientos HTTP/1.1" - - "-" "Synapse-PT-HttpComponents-NIO"
- 0:0:0:0:0:0:0:1 - - [25/Feb/2020:03:42:47 -0500] "POST /api/validate-token/v1.0/accounts/validate-token HTTP/1.1" - 2 "-" "GuzzleHttp/6.4.1 curl/7.61.1 PHP/7.2.11"
- 127.0.0.1 - - [25/Feb/2020:03:42:47 -0500] "POST /api/v1/accounts/validate-token HTTP/1.1" - - "-" "Synapse-PT-HttpComponents-NIO"
- 0:0:0:0:0:0:0:1 - - [25/Feb/2020:03:42:47 -0500] "GET /api/mapa-digital/v1.0/contar-emprendimientos HTTP/1.1" - 2 "-" "GuzzleHttp/6.4.1 curl/7.61.1 PHP/7.2.11"
- 127.0.0.1 - - [25/Feb/2020:03:42:47 -0500] "GET /api/v1/mapa-digital/contar-emprendimientos HTTP/1.1" - - "-" "Synapse-PT-HttpComponents-NIO"
- 127.0.0.1  - [25/Feb/2020:03:43:42 -0500] "- - " 200 - "-" "-"
- 0:0:0:0:0:0:0:1 - - [25/Feb/2020:03:43:42 -0500] "POST /api/validate-token/v1.0/accounts/validate-token HTTP/1.1" - 2 "-" "GuzzleHttp/6.4.1 curl/7.61.1 PHP/7.2.11"
- 0:0:0:0:0:0:0:1  - [25/Feb/2020:03:43:42 -0500] "- - " 200 - "-" "-"
- 127.0.0.1 - - [25/Feb/2020:03:43:42 -0500] "POST /api/v1/accounts/validate-token HTTP/1.1" - - "-" "Synapse-PT-HttpComponents-NIO"
- 127.0.0.1  - [25/Feb/2020:03:43:42 -0500] "- - " 200 - "-" "-"
- 0:0:0:0:0:0:0:1 - - [25/Feb/2020:03:43:42 -0500] "GET /api/mapa-digital/v1.0/contar-emprendimientos HTTP/1.1" - 2 "-" "GuzzleHttp/6.4.1 curl/7.61.1 PHP/7.2.11"
- 0:0:0:0:0:0:0:1  - [25/Feb/2020:03:43:42 -0500] "- - " 200 - "-" "-"
- 127.0.0.1 - - [25/Feb/2020:03:43:42 -0500] "GET /api/v1/mapa-digital/contar-emprendimientos HTTP/1.1" - - "-" "Synapse-PT-HttpComponents-NIO"
- 127.0.0.1  - [25/Feb/2020:03:43:46 -0500] "- - " 200 - "-" "-"
- 0:0:0:0:0:0:0:1 - - [25/Feb/2020:03:43:46 -0500] "POST /api/validate-token/v1.0/accounts/validate-token HTTP/1.1" - 2 "-" "GuzzleHttp/6.4.1 curl/7.61.1 PHP/7.2.11"
- 0:0:0:0:0:0:0:1  - [25/Feb/2020:03:43:46 -0500] "- - " 200 - "-" "-"
- 127.0.0.1 - - [25/Feb/2020:03:43:46 -0500] "POST /api/v1/accounts/validate-token HTTP/1.1" - - "-" "Synapse-PT-HttpComponents-NIO"
- 127.0.0.1  - [25/Feb/2020:03:43:46 -0500] "- - " 200 - "-" "-"
- 0:0:0:0:0:0:0:1 - - [25/Feb/2020:03:43:46 -0500] "GET /api/mapa-digital/v1.0/contar-emprendimientos HTTP/1.1" - 2 "-" "GuzzleHttp/6.4.1 curl/7.61.1 PHP/7.2.11"
- 0:0:0:0:0:0:0:1  - [25/Feb/2020:03:43:46 -0500] "- - " 200 - "-" "-"
- 127.0.0.1 - - [25/Feb/2020:03:43:46 -0500] "GET /api/v1/mapa-digital/contar-emprendimientos HTTP/1.1" - - "-" "Synapse-PT-HttpComponents-NIO"
- 127.0.0.1  - [25/Feb/2020:03:46:04 -0500] "- - " 200 - "-" "-"
- 0:0:0:0:0:0:0:1 - - [25/Feb/2020:03:46:04 -0500] "POST /api/validate-token/v1.0/accounts/validate-token HTTP/1.1" - 2 "-" "GuzzleHttp/6.4.1 curl/7.61.1 PHP/7.2.11"
- 0:0:0:0:0:0:0:1  - [25/Feb/2020:03:46:04 -0500] "- - " 200 - "-" "-"
- 127.0.0.1 - - [25/Feb/2020:03:46:04 -0500] "POST /api/v1/accounts/validate-token HTTP/1.1" - - "-" "Synapse-PT-HttpComponents-NIO"
- 127.0.0.1  - [25/Feb/2020:03:46:04 -0500] "- - " 200 - "-" "-"
- 0:0:0:0:0:0:0:1 - - [25/Feb/2020:03:46:04 -0500] "GET /api/mapa-digital/v1.0/contar-emprendimientos HTTP/1.1" - 2 "-" "GuzzleHttp/6.4.1 curl/7.61.1 PHP/7.2.11"
- 0:0:0:0:0:0:0:1  - [25/Feb/2020:03:46:04 -0500] "- - " 200 - "-" "-"
- 127.0.0.1 - - [25/Feb/2020:03:46:04 -0500] "GET /api/v1/mapa-digital/contar-emprendimientos HTTP/1.1" - - "-" "Synapse-PT-HttpComponents-NIO"
- 127.0.0.1  - [25/Feb/2020:03:49:56 -0500] "- - " 200 - "-" "-"
- 0:0:0:0:0:0:0:1 - - [25/Feb/2020:03:49:56 -0500] "POST /api/validate-token/v1.0/accounts/validate-token HTTP/1.1" - 2 "-" "GuzzleHttp/6.4.1 curl/7.61.1 PHP/7.2.11"
- 0:0:0:0:0:0:0:1  - [25/Feb/2020:03:49:56 -0500] "- - " 200 - "-" "-"
- 127.0.0.1 - - [25/Feb/2020:03:49:56 -0500] "POST /api/v1/accounts/validate-token HTTP/1.1" - - "-" "Synapse-PT-HttpComponents-NIO"
- 127.0.0.1  - [25/Feb/2020:03:49:56 -0500] "- - " 200 - "-" "-"
- 0:0:0:0:0:0:0:1 - - [25/Feb/2020:03:49:56 -0500] "GET /api/mapa-digital/v1.0/contar-emprendimientos HTTP/1.1" - 2 "-" "GuzzleHttp/6.4.1 curl/7.61.1 PHP/7.2.11"
- 0:0:0:0:0:0:0:1  - [25/Feb/2020:03:49:56 -0500] "- - " 200 - "-" "-"
- 127.0.0.1 - - [25/Feb/2020:03:49:56 -0500] "GET /api/v1/mapa-digital/contar-emprendimientos HTTP/1.1" - - "-" "Synapse-PT-HttpComponents-NIO"
- 127.0.0.1  - [25/Feb/2020:03:50:17 -0500] "- - " 200 - "-" "-"
- 0:0:0:0:0:0:0:1 - - [25/Feb/2020:03:50:17 -0500] "POST /api/validate-token/v1.0/accounts/validate-token HTTP/1.1" - 2 "-" "GuzzleHttp/6.4.1 curl/7.61.1 PHP/7.2.11"
- 0:0:0:0:0:0:0:1  - [25/Feb/2020:03:50:17 -0500] "- - " 200 - "-" "-"
- 127.0.0.1 - - [25/Feb/2020:03:50:17 -0500] "POST /api/v1/accounts/validate-token HTTP/1.1" - - "-" "Synapse-PT-HttpComponents-NIO"
- 127.0.0.1  - [25/Feb/2020:03:50:17 -0500] "- - " 200 - "-" "-"
- 0:0:0:0:0:0:0:1 - - [25/Feb/2020:03:50:17 -0500] "GET /api/mapa-digital/v1.0/contar-emprendimientos HTTP/1.1" - 2 "-" "GuzzleHttp/6.4.1 curl/7.61.1 PHP/7.2.11"
- 0:0:0:0:0:0:0:1  - [25/Feb/2020:03:50:17 -0500] "- - " 200 - "-" "-"
- 127.0.0.1 - - [25/Feb/2020:03:50:17 -0500] "GET /api/v1/mapa-digital/contar-emprendimientos HTTP/1.1" - - "-" "Synapse-PT-HttpComponents-NIO"
- 127.0.0.1  - [25/Feb/2020:03:50:29 -0500] "- - " 200 - "-" "-"
- 0:0:0:0:0:0:0:1 - - [25/Feb/2020:03:50:29 -0500] "POST /api/validate-token/v1.0/accounts/validate-token HTTP/1.1" - 2 "-" "GuzzleHttp/6.4.1 curl/7.61.1 PHP/7.2.11"
- 0:0:0:0:0:0:0:1  - [25/Feb/2020:03:50:29 -0500] "- - " 200 - "-" "-"
- 127.0.0.1 - - [25/Feb/2020:03:50:29 -0500] "POST /api/v1/accounts/validate-token HTTP/1.1" - - "-" "Synapse-PT-HttpComponents-NIO"
- 127.0.0.1  - [25/Feb/2020:03:50:29 -0500] "- - " 200 - "-" "-"
- 0:0:0:0:0:0:0:1 - - [25/Feb/2020:03:50:29 -0500] "GET /api/mapa-digital/v1.0/contar-emprendimientos HTTP/1.1" - 2 "-" "GuzzleHttp/6.4.1 curl/7.61.1 PHP/7.2.11"
- 0:0:0:0:0:0:0:1  - [25/Feb/2020:03:50:29 -0500] "- - " 200 - "-" "-"
- 127.0.0.1 - - [25/Feb/2020:03:50:29 -0500] "GET /api/v1/mapa-digital/contar-emprendimientos HTTP/1.1" - - "-" "Synapse-PT-HttpComponents-NIO"
- 127.0.0.1  - [25/Feb/2020:03:50:43 -0500] "- - " 200 - "-" "-"
- 0:0:0:0:0:0:0:1 - - [25/Feb/2020:03:50:43 -0500] "POST /api/validate-token/v1.0/accounts/validate-token HTTP/1.1" - 2 "-" "GuzzleHttp/6.4.1 curl/7.61.1 PHP/7.2.11"
- 0:0:0:0:0:0:0:1  - [25/Feb/2020:03:50:43 -0500] "- - " 200 - "-" "-"
- 127.0.0.1 - - [25/Feb/2020:03:50:43 -0500] "POST /api/v1/accounts/validate-token HTTP/1.1" - - "-" "Synapse-PT-HttpComponents-NIO"
- 127.0.0.1  - [25/Feb/2020:03:50:43 -0500] "- - " 200 - "-" "-"
- 0:0:0:0:0:0:0:1 - - [25/Feb/2020:03:50:43 -0500] "GET /api/mapa-digital/v1.0/contar-emprendimientos HTTP/1.1" - 2 "-" "GuzzleHttp/6.4.1 curl/7.61.1 PHP/7.2.11"
- 0:0:0:0:0:0:0:1  - [25/Feb/2020:03:50:43 -0500] "- - " 200 - "-" "-"
- 127.0.0.1 - - [25/Feb/2020:03:50:43 -0500] "GET /api/v1/mapa-digital/contar-emprendimientos HTTP/1.1" - - "-" "Synapse-PT-HttpComponents-NIO"
- 127.0.0.1  - [25/Feb/2020:03:50:47 -0500] "- - " 200 - "-" "-"
- 0:0:0:0:0:0:0:1 - - [25/Feb/2020:03:50:47 -0500] "POST /api/validate-token/v1.0/accounts/validate-token HTTP/1.1" - 2 "-" "GuzzleHttp/6.4.1 curl/7.61.1 PHP/7.2.11"
- 0:0:0:0:0:0:0:1  - [25/Feb/2020:03:50:47 -0500] "- - " 200 - "-" "-"
- 127.0.0.1 - - [25/Feb/2020:03:50:47 -0500] "POST /api/v1/accounts/validate-token HTTP/1.1" - - "-" "Synapse-PT-HttpComponents-NIO"
- 127.0.0.1  - [25/Feb/2020:03:50:47 -0500] "- - " 200 - "-" "-"
- 0:0:0:0:0:0:0:1 - - [25/Feb/2020:03:50:47 -0500] "GET /api/mapa-digital/v1.0/contar-emprendimientos HTTP/1.1" - 2 "-" "GuzzleHttp/6.4.1 curl/7.61.1 PHP/7.2.11"
- 0:0:0:0:0:0:0:1  - [25/Feb/2020:03:50:47 -0500] "- - " 200 - "-" "-"
- 127.0.0.1 - - [25/Feb/2020:03:50:47 -0500] "GET /api/v1/mapa-digital/contar-emprendimientos HTTP/1.1" - - "-" "Synapse-PT-HttpComponents-NIO"
- 127.0.0.1  - [25/Feb/2020:03:53:28 -0500] "- - " 200 - "-" "-"
- 0:0:0:0:0:0:0:1 - - [25/Feb/2020:03:53:28 -0500] "POST /api/validate-token/v1.0/accounts/validate-token HTTP/1.1" - 2 "-" "GuzzleHttp/6.4.1 curl/7.61.1 PHP/7.2.11"
- 0:0:0:0:0:0:0:1  - [25/Feb/2020:03:53:28 -0500] "- - " 200 - "-" "-"
- 127.0.0.1 - - [25/Feb/2020:03:53:28 -0500] "POST /api/v1/accounts/validate-token HTTP/1.1" - - "-" "Synapse-PT-HttpComponents-NIO"
- 127.0.0.1  - [25/Feb/2020:03:54:24 -0500] "- - " 200 - "-" "-"
- 0:0:0:0:0:0:0:1 - - [25/Feb/2020:03:54:24 -0500] "POST /api/validate-token/v1.0/accounts/validate-token HTTP/1.1" - 2 "-" "GuzzleHttp/6.4.1 curl/7.61.1 PHP/7.2.11"
- 127.0.0.1 - - [25/Feb/2020:03:54:24 -0500] "POST /api/v1/accounts/validate-token HTTP/1.1" - - "-" "Synapse-PT-HttpComponents-NIO"
- 0:0:0:0:0:0:0:1 - - [25/Feb/2020:03:54:24 -0500] "GET /api/mapa-digital/v1.0/contar-emprendimientos HTTP/1.1" - 2 "-" "GuzzleHttp/6.4.1 curl/7.61.1 PHP/7.2.11"
- 0:0:0:0:0:0:0:1  - [25/Feb/2020:03:54:24 -0500] "- - " 200 - "-" "-"
- 127.0.0.1  - [25/Feb/2020:03:54:24 -0500] "- - " 200 - "-" "-"
- 127.0.0.1 - - [25/Feb/2020:03:54:24 -0500] "GET /api/v1/mapa-digital/contar-emprendimientos HTTP/1.1" - - "-" "Synapse-PT-HttpComponents-NIO"
- 0:0:0:0:0:0:0:1  - [25/Feb/2020:03:54:24 -0500] "- - " 200 - "-" "-"
- 127.0.0.1  - [25/Feb/2020:03:55:22 -0500] "- - " 200 - "-" "-"
- 0:0:0:0:0:0:0:1  - [25/Feb/2020:03:55:22 -0500] "- - " 200 - "-" "-"
- 127.0.0.1  - [25/Feb/2020:03:55:22 -0500] "- - " 200 - "-" "-"
- 0:0:0:0:0:0:0:1  - [25/Feb/2020:03:55:22 -0500] "- - " 200 - "-" "-"
- 0:0:0:0:0:0:0:1 - - [25/Feb/2020:03:55:22 -0500] "POST /api/validate-token/v1.0/accounts/validate-token HTTP/1.1" - 2 "-" "GuzzleHttp/6.4.1 curl/7.61.1 PHP/7.2.11"
- 127.0.0.1 - - [25/Feb/2020:03:55:22 -0500] "POST /api/v1/accounts/validate-token HTTP/1.1" - - "-" "Synapse-PT-HttpComponents-NIO"
- 0:0:0:0:0:0:0:1 - - [25/Feb/2020:03:55:22 -0500] "GET /api/mapa-digital/v1.0/contar-emprendimientos HTTP/1.1" - 2 "-" "GuzzleHttp/6.4.1 curl/7.61.1 PHP/7.2.11"
- 127.0.0.1 - - [25/Feb/2020:03:55:22 -0500] "GET /api/v1/mapa-digital/contar-emprendimientos HTTP/1.1" - - "-" "Synapse-PT-HttpComponents-NIO"
- 127.0.0.1  - [25/Feb/2020:03:55:27 -0500] "- - " 200 - "-" "-"
- 0:0:0:0:0:0:0:1 - - [25/Feb/2020:03:55:27 -0500] "POST /api/validate-token/v1.0/accounts/validate-token HTTP/1.1" - 2 "-" "GuzzleHttp/6.4.1 curl/7.61.1 PHP/7.2.11"
- 0:0:0:0:0:0:0:1  - [25/Feb/2020:03:55:27 -0500] "- - " 200 - "-" "-"
- 127.0.0.1 - - [25/Feb/2020:03:55:27 -0500] "POST /api/v1/accounts/validate-token HTTP/1.1" - - "-" "Synapse-PT-HttpComponents-NIO"
- 127.0.0.1  - [25/Feb/2020:03:55:27 -0500] "- - " 200 - "-" "-"
- 0:0:0:0:0:0:0:1  - [25/Feb/2020:03:55:27 -0500] "- - " 200 - "-" "-"
- 0:0:0:0:0:0:0:1 - - [25/Feb/2020:03:55:27 -0500] "GET /api/mapa-digital/v1.0/contar-emprendimientos HTTP/1.1" - 2 "-" "GuzzleHttp/6.4.1 curl/7.61.1 PHP/7.2.11"
- 127.0.0.1  - [25/Feb/2020:03:55:34 -0500] "- - " 200 - "-" "-"
- 0:0:0:0:0:0:0:1  - [25/Feb/2020:03:55:34 -0500] "- - " 200 - "-" "-"
- 127.0.0.1 - - [25/Feb/2020:03:55:27 -0500] "GET /api/v1/mapa-digital/contar-emprendimientos HTTP/1.1" - - "-" "Synapse-PT-HttpComponents-NIO"
- 127.0.0.1  - [25/Feb/2020:03:55:35 -0500] "- - " 200 - "-" "-"
- 0:0:0:0:0:0:0:1  - [25/Feb/2020:03:55:34 -0500] "- - " 200 - "-" "-"
- 0:0:0:0:0:0:0:1 - - [25/Feb/2020:03:55:34 -0500] "POST /api/validate-token/v1.0/accounts/validate-token HTTP/1.1" - 2 "-" "GuzzleHttp/6.4.1 curl/7.61.1 PHP/7.2.11"
- 127.0.0.1 - - [25/Feb/2020:03:55:34 -0500] "POST /api/v1/accounts/validate-token HTTP/1.1" - - "-" "Synapse-PT-HttpComponents-NIO"
- 0:0:0:0:0:0:0:1 - - [25/Feb/2020:03:55:34 -0500] "GET /api/mapa-digital/v1.0/contar-emprendimientos HTTP/1.1" - 2 "-" "GuzzleHttp/6.4.1 curl/7.61.1 PHP/7.2.11"
