0:0:0:0:0:0:0:1 - - [25/Feb/2020:02:03:45 -0500] GET /api/am/store/v1.0/swagger.yaml HTTP/1.1 200 219176 https://localhost:9443/devportal/ Mozilla/5.0 (Windows NT 10.0; Win64; x64) AppleWebKit/537.36 (KHTML, like Gecko) Chrome/80.0.3987.116 Safari/537.36 0.027
0:0:0:0:0:0:0:1 - - [25/Feb/2020:02:03:46 -0500] GET /devportal/site/public/dist/ProtectedApp.bundle.js HTTP/1.1 200 475898 https://localhost:9443/devportal/ Mozilla/5.0 (Windows NT 10.0; Win64; x64) AppleWebKit/537.36 (KHTML, like Gecko) Chrome/80.0.3987.116 Safari/537.36 0.528
0:0:0:0:0:0:0:1 - - [25/Feb/2020:02:03:46 -0500] GET /devportal/site/public/dist/vendors~ProtectedApp.bundle.js HTTP/1.1 200 1458149 https://localhost:9443/devportal/ Mozilla/5.0 (Windows NT 10.0; Win64; x64) AppleWebKit/537.36 (KHTML, like Gecko) Chrome/80.0.3987.116 Safari/537.36 1.753
0:0:0:0:0:0:0:1 - - [25/Feb/2020:02:03:47 -0500] GET /devportal/site/public/dist/vendors~ProtectedApp.bundle.js HTTP/1.1 200 1458149 https://localhost:9443/devportal/ Mozilla/5.0 (Windows NT 10.0; Win64; x64) AppleWebKit/537.36 (KHTML, like Gecko) Chrome/80.0.3987.116 Safari/537.36 1.527
0:0:0:0:0:0:0:1 - - [25/Feb/2020:02:03:47 -0500] GET /devportal/site/public/dist/Overview.bundle.js HTTP/1.1 200 37193 https://localhost:9443/devportal/ Mozilla/5.0 (Windows NT 10.0; Win64; x64) AppleWebKit/537.36 (KHTML, like Gecko) Chrome/80.0.3987.116 Safari/537.36 0.016
0:0:0:0:0:0:0:1 - - [25/Feb/2020:02:03:47 -0500] GET /devportal/site/public/dist/Comments.bundle.js HTTP/1.1 200 45629 https://localhost:9443/devportal/ Mozilla/5.0 (Windows NT 10.0; Win64; x64) AppleWebKit/537.36 (KHTML, like Gecko) Chrome/80.0.3987.116 Safari/537.36 0.021
0:0:0:0:0:0:0:1 - - [25/Feb/2020:02:03:47 -0500] GET /devportal/site/public/dist/ApiConsole.bundle.js HTTP/1.1 200 19889 https://localhost:9443/devportal/ Mozilla/5.0 (Windows NT 10.0; Win64; x64) AppleWebKit/537.36 (KHTML, like Gecko) Chrome/80.0.3987.116 Safari/537.36 0.036
0:0:0:0:0:0:0:1 - - [25/Feb/2020:02:03:47 -0500] GET /devportal/site/public/dist/vendors~Documentation~Overview.bundle.js HTTP/1.1 200 137752 https://localhost:9443/devportal/ Mozilla/5.0 (Windows NT 10.0; Win64; x64) AppleWebKit/537.36 (KHTML, like Gecko) Chrome/80.0.3987.116 Safari/537.36 0.084
0:0:0:0:0:0:0:1 - - [25/Feb/2020:02:03:47 -0500] GET /devportal/site/public/dist/Documentation.bundle.js HTTP/1.1 200 21429 https://localhost:9443/devportal/ Mozilla/5.0 (Windows NT 10.0; Win64; x64) AppleWebKit/537.36 (KHTML, like Gecko) Chrome/80.0.3987.116 Safari/537.36 0.015
0:0:0:0:0:0:0:1 - - [25/Feb/2020:02:03:47 -0500] GET /devportal/site/public/dist/Credentials.bundle.js HTTP/1.1 200 20278 https://localhost:9443/devportal/ Mozilla/5.0 (Windows NT 10.0; Win64; x64) AppleWebKit/537.36 (KHTML, like Gecko) Chrome/80.0.3987.116 Safari/537.36 0.021
0:0:0:0:0:0:0:1 - - [25/Feb/2020:02:03:47 -0500] GET /devportal/site/public/dist/Sdk.bundle.js HTTP/1.1 200 11384 https://localhost:9443/devportal/ Mozilla/5.0 (Windows NT 10.0; Win64; x64) AppleWebKit/537.36 (KHTML, like Gecko) Chrome/80.0.3987.116 Safari/537.36 0.013
0:0:0:0:0:0:0:1 - - [25/Feb/2020:02:03:47 -0500] GET /api/am/store/v1.0/settings HTTP/1.1 200 539 https://localhost:9443/devportal/ Mozilla/5.0 (Windows NT 10.0; Win64; x64) AppleWebKit/537.36 (KHTML, like Gecko) Chrome/80.0.3987.116 Safari/537.36 0.231
0:0:0:0:0:0:0:1 - - [25/Feb/2020:02:03:48 -0500] GET /api/am/store/v1.0/tenants?state=active&limit=25&offset=0 HTTP/1.1 200 107 https://localhost:9443/devportal/ Mozilla/5.0 (Windows NT 10.0; Win64; x64) AppleWebKit/537.36 (KHTML, like Gecko) Chrome/80.0.3987.116 Safari/537.36 0.008
0:0:0:0:0:0:0:1 - - [25/Feb/2020:02:03:48 -0500] GET /devportal/site/public/theme/temporary_environments_config.json HTTP/1.1 200 122 https://localhost:9443/devportal/ Mozilla/5.0 (Windows NT 10.0; Win64; x64) AppleWebKit/537.36 (KHTML, like Gecko) Chrome/80.0.3987.116 Safari/537.36 0.007
0:0:0:0:0:0:0:1 - - [25/Feb/2020:02:03:48 -0500] GET /devportal/site/public/theme/temporary_features_config.json HTTP/1.1 200 84 https://localhost:9443/devportal/ Mozilla/5.0 (Windows NT 10.0; Win64; x64) AppleWebKit/537.36 (KHTML, like Gecko) Chrome/80.0.3987.116 Safari/537.36 0.004
0:0:0:0:0:0:0:1 - - [25/Feb/2020:02:03:48 -0500] GET /devportal/site/public/images/_favicon.ico HTTP/1.1 200 1150 https://localhost:9443/devportal/ Mozilla/5.0 (Windows NT 10.0; Win64; x64) AppleWebKit/537.36 (KHTML, like Gecko) Chrome/80.0.3987.116 Safari/537.36 0.005
0:0:0:0:0:0:0:1 - - [25/Feb/2020:02:03:48 -0500] GET /devportal/site/public/images/logo.svg HTTP/1.1 200 16496 https://localhost:9443/devportal/apis Mozilla/5.0 (Windows NT 10.0; Win64; x64) AppleWebKit/537.36 (KHTML, like Gecko) Chrome/80.0.3987.116 Safari/537.36 0.004
0:0:0:0:0:0:0:1 - - [25/Feb/2020:02:03:48 -0500] GET /api/am/store/v1.0/tags?limit=25&offset=0 HTTP/1.1 200 103 https://localhost:9443/devportal/apis Mozilla/5.0 (Windows NT 10.0; Win64; x64) AppleWebKit/537.36 (KHTML, like Gecko) Chrome/80.0.3987.116 Safari/537.36 0.028
0:0:0:0:0:0:0:1 - - [25/Feb/2020:02:03:48 -0500] GET /devportal/ HTTP/1.1 200 1859 https://localhost:9443/devportal/ Mozilla/5.0 (Windows NT 10.0; Win64; x64) AppleWebKit/537.36 (KHTML, like Gecko) Chrome/80.0.3987.116 Safari/537.36 0.005
0:0:0:0:0:0:0:1 - - [25/Feb/2020:02:03:48 -0500] GET /api/am/store/v1.0/apis?limit=10&offset=0 HTTP/1.1 200 2627 https://localhost:9443/devportal/apis Mozilla/5.0 (Windows NT 10.0; Win64; x64) AppleWebKit/537.36 (KHTML, like Gecko) Chrome/80.0.3987.116 Safari/537.36 0.075
0:0:0:0:0:0:0:1 - - [25/Feb/2020:02:03:48 -0500] GET /devportal/site/public/images/_favicon.ico HTTP/1.1 200 1150 https://localhost:9443/devportal/apis Mozilla/5.0 (Windows NT 10.0; Win64; x64) AppleWebKit/537.36 (KHTML, like Gecko) Chrome/80.0.3987.116 Safari/537.36 0.001
0:0:0:0:0:0:0:1 - - [25/Feb/2020:02:03:48 -0500] GET /devportal/site/public/fonts/Open_Sans/mem8YaGs126MiZpBA-UFVZ0bf8pkAg.woff2 HTTP/1.1 200 8892 https://localhost:9443/devportal/site/public/css/main.css Mozilla/5.0 (Windows NT 10.0; Win64; x64) AppleWebKit/537.36 (KHTML, like Gecko) Chrome/80.0.3987.116 Safari/537.36 0.006
0:0:0:0:0:0:0:1 - - [25/Feb/2020:02:03:48 -0500] GET /devportal/site/public/fonts/iconfont/MaterialIcons-Regular.woff2 HTTP/1.1 200 60840 https://localhost:9443/devportal/site/public/fonts/iconfont/material-icons.css Mozilla/5.0 (Windows NT 10.0; Win64; x64) AppleWebKit/537.36 (KHTML, like Gecko) Chrome/80.0.3987.116 Safari/537.36 0.012
0:0:0:0:0:0:0:1 - - [25/Feb/2020:02:03:48 -0500] GET /devportal/site/public/fonts/Open_Sans/mem5YaGs126MiZpBA-UN7rgOUuhpKKSTjw.woff2 HTTP/1.1 200 8800 https://localhost:9443/devportal/site/public/css/main.css Mozilla/5.0 (Windows NT 10.0; Win64; x64) AppleWebKit/537.36 (KHTML, like Gecko) Chrome/80.0.3987.116 Safari/537.36 0.005
0:0:0:0:0:0:0:1 - - [25/Feb/2020:02:03:48 -0500] GET /devportal/site/public/dist/vendors~ApiConsole.bundle.js HTTP/1.1 200 1898211 https://localhost:9443/devportal/ Mozilla/5.0 (Windows NT 10.0; Win64; x64) AppleWebKit/537.36 (KHTML, like Gecko) Chrome/80.0.3987.116 Safari/537.36 1.030
0:0:0:0:0:0:0:1 - - [25/Feb/2020:02:03:48 -0500] GET /api/am/store/v1.0/apis/304ad494-308a-479b-ae7a-5ac64beffe60/ratings?limit=25&offset=0 HTTP/1.1 200 263 https://localhost:9443/devportal/apis Mozilla/5.0 (Windows NT 10.0; Win64; x64) AppleWebKit/537.36 (KHTML, like Gecko) Chrome/80.0.3987.116 Safari/537.36 0.013
0:0:0:0:0:0:0:1 - - [25/Feb/2020:02:03:48 -0500] GET /api/am/store/v1.0/apis/304ad494-308a-479b-ae7a-5ac64beffe60/thumbnail HTTP/1.1 200 77 https://localhost:9443/devportal/apis Mozilla/5.0 (Windows NT 10.0; Win64; x64) AppleWebKit/537.36 (KHTML, like Gecko) Chrome/80.0.3987.116 Safari/537.36 0.015
0:0:0:0:0:0:0:1 - - [25/Feb/2020:02:03:48 -0500] GET /api/am/store/v1.0/apis/cc689bc4-e79b-4af0-b018-3e5e86fb743a/ratings?limit=25&offset=0 HTTP/1.1 200 263 https://localhost:9443/devportal/apis Mozilla/5.0 (Windows NT 10.0; Win64; x64) AppleWebKit/537.36 (KHTML, like Gecko) Chrome/80.0.3987.116 Safari/537.36 0.016
0:0:0:0:0:0:0:1 - - [25/Feb/2020:02:03:48 -0500] GET /api/am/store/v1.0/apis/cc689bc4-e79b-4af0-b018-3e5e86fb743a/thumbnail HTTP/1.1 200 74 https://localhost:9443/devportal/apis Mozilla/5.0 (Windows NT 10.0; Win64; x64) AppleWebKit/537.36 (KHTML, like Gecko) Chrome/80.0.3987.116 Safari/537.36 0.009
0:0:0:0:0:0:0:1 - - [25/Feb/2020:02:03:48 -0500] GET /api/am/store/v1.0/apis/bacd087f-16bd-439b-ab64-d3077a078910/ratings?limit=25&offset=0 HTTP/1.1 200 263 https://localhost:9443/devportal/apis Mozilla/5.0 (Windows NT 10.0; Win64; x64) AppleWebKit/537.36 (KHTML, like Gecko) Chrome/80.0.3987.116 Safari/537.36 0.014
0:0:0:0:0:0:0:1 - - [25/Feb/2020:02:03:48 -0500] GET /api/am/store/v1.0/apis/41940dae-cce1-4b33-93fd-37f274deb5db/thumbnail HTTP/1.1 200 74 https://localhost:9443/devportal/apis Mozilla/5.0 (Windows NT 10.0; Win64; x64) AppleWebKit/537.36 (KHTML, like Gecko) Chrome/80.0.3987.116 Safari/537.36 0.010
0:0:0:0:0:0:0:1 - - [25/Feb/2020:02:03:48 -0500] GET /api/am/store/v1.0/apis/bacd087f-16bd-439b-ab64-d3077a078910/thumbnail HTTP/1.1 200 74 https://localhost:9443/devportal/apis Mozilla/5.0 (Windows NT 10.0; Win64; x64) AppleWebKit/537.36 (KHTML, like Gecko) Chrome/80.0.3987.116 Safari/537.36 0.013
0:0:0:0:0:0:0:1 - - [25/Feb/2020:02:03:48 -0500] GET /api/am/store/v1.0/apis/41940dae-cce1-4b33-93fd-37f274deb5db/ratings?limit=25&offset=0 HTTP/1.1 200 263 https://localhost:9443/devportal/apis Mozilla/5.0 (Windows NT 10.0; Win64; x64) AppleWebKit/537.36 (KHTML, like Gecko) Chrome/80.0.3987.116 Safari/537.36 0.016
0:0:0:0:0:0:0:1 - - [25/Feb/2020:02:03:48 -0500] GET /api/am/store/v1.0/apis/2a3811af-0ada-4c74-ac63-c65d42cf82ca/ratings?limit=25&offset=0 HTTP/1.1 200 263 https://localhost:9443/devportal/apis Mozilla/5.0 (Windows NT 10.0; Win64; x64) AppleWebKit/537.36 (KHTML, like Gecko) Chrome/80.0.3987.116 Safari/537.36 0.013
0:0:0:0:0:0:0:1 - - [25/Feb/2020:02:03:48 -0500] GET /api/am/store/v1.0/apis/2a3811af-0ada-4c74-ac63-c65d42cf82ca/thumbnail HTTP/1.1 200 74 https://localhost:9443/devportal/apis Mozilla/5.0 (Windows NT 10.0; Win64; x64) AppleWebKit/537.36 (KHTML, like Gecko) Chrome/80.0.3987.116 Safari/537.36 0.010
0:0:0:0:0:0:0:1 - - [25/Feb/2020:02:03:50 -0500] GET /api/am/store/v1.0/apis/304ad494-308a-479b-ae7a-5ac64beffe60 HTTP/1.1 200 2320 https://localhost:9443/devportal/apis/304ad494-308a-479b-ae7a-5ac64beffe60 Mozilla/5.0 (Windows NT 10.0; Win64; x64) AppleWebKit/537.36 (KHTML, like Gecko) Chrome/80.0.3987.116 Safari/537.36 0.021
0:0:0:0:0:0:0:1 - - [25/Feb/2020:02:03:50 -0500] GET /devportal/site/public/images/_favicon.ico HTTP/1.1 200 1150 https://localhost:9443/devportal/apis/304ad494-308a-479b-ae7a-5ac64beffe60 Mozilla/5.0 (Windows NT 10.0; Win64; x64) AppleWebKit/537.36 (KHTML, like Gecko) Chrome/80.0.3987.116 Safari/537.36 0.001
0:0:0:0:0:0:0:1 - - [25/Feb/2020:02:03:50 -0500] GET /api/am/store/v1.0/applications?limit=25&offset=0 HTTP/1.1 200 565 https://localhost:9443/devportal/apis/304ad494-308a-479b-ae7a-5ac64beffe60 Mozilla/5.0 (Windows NT 10.0; Win64; x64) AppleWebKit/537.36 (KHTML, like Gecko) Chrome/80.0.3987.116 Safari/537.36 0.023
127.0.0.1 - - [25/Feb/2020:02:03:50 -0500] POST /services/APIKeyMgtSubscriberService HTTP/1.1 200 1368 - Axis2 0.004
0:0:0:0:0:0:0:1 - - [25/Feb/2020:02:03:50 -0500] GET /api/am/store/v1.0/subscriptions?apiId=304ad494-308a-479b-ae7a-5ac64beffe60&offset=0&limit=25 HTTP/1.1 200 1037 https://localhost:9443/devportal/apis/304ad494-308a-479b-ae7a-5ac64beffe60 Mozilla/5.0 (Windows NT 10.0; Win64; x64) AppleWebKit/537.36 (KHTML, like Gecko) Chrome/80.0.3987.116 Safari/537.36 0.062
0:0:0:0:0:0:0:1 - - [25/Feb/2020:02:03:50 -0500] GET /devportal/site/public/dist/ApiConsole.bundle.js HTTP/1.1 200 19889 https://localhost:9443/devportal/apis/304ad494-308a-479b-ae7a-5ac64beffe60 Mozilla/5.0 (Windows NT 10.0; Win64; x64) AppleWebKit/537.36 (KHTML, like Gecko) Chrome/80.0.3987.116 Safari/537.36 0.008
0:0:0:0:0:0:0:1 - - [25/Feb/2020:02:03:50 -0500] GET /devportal/site/public/dist/Overview.bundle.js HTTP/1.1 200 37193 https://localhost:9443/devportal/apis/304ad494-308a-479b-ae7a-5ac64beffe60 Mozilla/5.0 (Windows NT 10.0; Win64; x64) AppleWebKit/537.36 (KHTML, like Gecko) Chrome/80.0.3987.116 Safari/537.36 0.016
0:0:0:0:0:0:0:1 - - [25/Feb/2020:02:03:50 -0500] GET /devportal/site/public/dist/Comments.bundle.js HTTP/1.1 200 45629 https://localhost:9443/devportal/apis/304ad494-308a-479b-ae7a-5ac64beffe60 Mozilla/5.0 (Windows NT 10.0; Win64; x64) AppleWebKit/537.36 (KHTML, like Gecko) Chrome/80.0.3987.116 Safari/537.36 0.018
0:0:0:0:0:0:0:1 - - [25/Feb/2020:02:03:50 -0500] GET /devportal/site/public/dist/Credentials.bundle.js HTTP/1.1 200 20278 https://localhost:9443/devportal/apis/304ad494-308a-479b-ae7a-5ac64beffe60 Mozilla/5.0 (Windows NT 10.0; Win64; x64) AppleWebKit/537.36 (KHTML, like Gecko) Chrome/80.0.3987.116 Safari/537.36 0.008
0:0:0:0:0:0:0:1 - - [25/Feb/2020:02:03:50 -0500] GET /devportal/site/public/dist/Sdk.bundle.js HTTP/1.1 200 11384 https://localhost:9443/devportal/apis/304ad494-308a-479b-ae7a-5ac64beffe60 Mozilla/5.0 (Windows NT 10.0; Win64; x64) AppleWebKit/537.36 (KHTML, like Gecko) Chrome/80.0.3987.116 Safari/537.36 0.007
0:0:0:0:0:0:0:1 - - [25/Feb/2020:02:03:50 -0500] GET /devportal/site/public/dist/Documentation.bundle.js HTTP/1.1 200 21429 https://localhost:9443/devportal/apis/304ad494-308a-479b-ae7a-5ac64beffe60 Mozilla/5.0 (Windows NT 10.0; Win64; x64) AppleWebKit/537.36 (KHTML, like Gecko) Chrome/80.0.3987.116 Safari/537.36 0.028
0:0:0:0:0:0:0:1 - - [25/Feb/2020:02:03:50 -0500] GET /devportal/site/public/dist/vendors~Documentation~Overview.bundle.js HTTP/1.1 200 137752 https://localhost:9443/devportal/apis/304ad494-308a-479b-ae7a-5ac64beffe60 Mozilla/5.0 (Windows NT 10.0; Win64; x64) AppleWebKit/537.36 (KHTML, like Gecko) Chrome/80.0.3987.116 Safari/537.36 0.106
0:0:0:0:0:0:0:1 - - [25/Feb/2020:02:03:50 -0500] GET /api/am/store/v1.0/apis/304ad494-308a-479b-ae7a-5ac64beffe60/thumbnail HTTP/1.1 200 77 https://localhost:9443/devportal/apis/304ad494-308a-479b-ae7a-5ac64beffe60 Mozilla/5.0 (Windows NT 10.0; Win64; x64) AppleWebKit/537.36 (KHTML, like Gecko) Chrome/80.0.3987.116 Safari/537.36 0.015
0:0:0:0:0:0:0:1 - - [25/Feb/2020:02:03:50 -0500] GET /api/am/store/v1.0/apis/304ad494-308a-479b-ae7a-5ac64beffe60/ratings?limit=25&offset=0 HTTP/1.1 200 263 https://localhost:9443/devportal/apis/304ad494-308a-479b-ae7a-5ac64beffe60 Mozilla/5.0 (Windows NT 10.0; Win64; x64) AppleWebKit/537.36 (KHTML, like Gecko) Chrome/80.0.3987.116 Safari/537.36 0.029
0:0:0:0:0:0:0:1 - - [25/Feb/2020:02:03:50 -0500] GET /api/am/store/v1.0/apis/304ad494-308a-479b-ae7a-5ac64beffe60/ratings?limit=25&offset=0 HTTP/1.1 200 263 https://localhost:9443/devportal/apis/304ad494-308a-479b-ae7a-5ac64beffe60 Mozilla/5.0 (Windows NT 10.0; Win64; x64) AppleWebKit/537.36 (KHTML, like Gecko) Chrome/80.0.3987.116 Safari/537.36 0.014
0:0:0:0:0:0:0:1 - - [25/Feb/2020:02:03:51 -0500] GET /devportal/site/public/dist/vendors~ApiConsole.bundle.js HTTP/1.1 200 1898211 https://localhost:9443/devportal/apis/304ad494-308a-479b-ae7a-5ac64beffe60 Mozilla/5.0 (Windows NT 10.0; Win64; x64) AppleWebKit/537.36 (KHTML, like Gecko) Chrome/80.0.3987.116 Safari/537.36 0.963
0:0:0:0:0:0:0:1 - - [25/Feb/2020:02:03:51 -0500] GET /api/am/store/v1.0/apis/304ad494-308a-479b-ae7a-5ac64beffe60/ratings?limit=25&offset=0 HTTP/1.1 200 263 https://localhost:9443/devportal/apis/304ad494-308a-479b-ae7a-5ac64beffe60/overview Mozilla/5.0 (Windows NT 10.0; Win64; x64) AppleWebKit/537.36 (KHTML, like Gecko) Chrome/80.0.3987.116 Safari/537.36 0.016
0:0:0:0:0:0:0:1 - - [25/Feb/2020:02:03:51 -0500] GET /api/am/store/v1.0/apis/304ad494-308a-479b-ae7a-5ac64beffe60/swagger HTTP/1.1 200 1075 https://localhost:9443/devportal/apis/304ad494-308a-479b-ae7a-5ac64beffe60/overview Mozilla/5.0 (Windows NT 10.0; Win64; x64) AppleWebKit/537.36 (KHTML, like Gecko) Chrome/80.0.3987.116 Safari/537.36 0.016
0:0:0:0:0:0:0:1 - - [25/Feb/2020:02:03:51 -0500] GET /api/am/store/v1.0/sdk-gen/languages HTTP/1.1 200 51 https://localhost:9443/devportal/apis/304ad494-308a-479b-ae7a-5ac64beffe60/overview Mozilla/5.0 (Windows NT 10.0; Win64; x64) AppleWebKit/537.36 (KHTML, like Gecko) Chrome/80.0.3987.116 Safari/537.36 0.005
0:0:0:0:0:0:0:1 - - [25/Feb/2020:02:03:51 -0500] GET /api/am/store/v1.0/apis/304ad494-308a-479b-ae7a-5ac64beffe60/comments?limit=25&offset=0 HTTP/1.1 201 50 https://localhost:9443/devportal/apis/304ad494-308a-479b-ae7a-5ac64beffe60/overview Mozilla/5.0 (Windows NT 10.0; Win64; x64) AppleWebKit/537.36 (KHTML, like Gecko) Chrome/80.0.3987.116 Safari/537.36 0.017
0:0:0:0:0:0:0:1 - - [25/Feb/2020:02:03:51 -0500] GET /api/am/store/v1.0/apis/304ad494-308a-479b-ae7a-5ac64beffe60/documents?limit=25&offset=0 HTTP/1.1 200 103 https://localhost:9443/devportal/apis/304ad494-308a-479b-ae7a-5ac64beffe60/overview Mozilla/5.0 (Windows NT 10.0; Win64; x64) AppleWebKit/537.36 (KHTML, like Gecko) Chrome/80.0.3987.116 Safari/537.36 0.013
0:0:0:0:0:0:0:1 - - [25/Feb/2020:02:03:51 -0500] GET /api/am/store/v1.0/apis/304ad494-308a-479b-ae7a-5ac64beffe60/documents?limit=25&offset=0 HTTP/1.1 200 103 https://localhost:9443/devportal/apis/304ad494-308a-479b-ae7a-5ac64beffe60/overview Mozilla/5.0 (Windows NT 10.0; Win64; x64) AppleWebKit/537.36 (KHTML, like Gecko) Chrome/80.0.3987.116 Safari/537.36 0.010
0:0:0:0:0:0:0:1 - - [25/Feb/2020:02:03:51 -0500] GET /devportal/site/public/images/_favicon.ico HTTP/1.1 200 1150 https://localhost:9443/devportal/apis/304ad494-308a-479b-ae7a-5ac64beffe60/overview Mozilla/5.0 (Windows NT 10.0; Win64; x64) AppleWebKit/537.36 (KHTML, like Gecko) Chrome/80.0.3987.116 Safari/537.36 0.001
0:0:0:0:0:0:0:1 - - [25/Feb/2020:02:03:51 -0500] GET /devportal/site/public/images/overview/comments.svg HTTP/1.1 200 1201417 https://localhost:9443/devportal/ Mozilla/5.0 (Windows NT 10.0; Win64; x64) AppleWebKit/537.36 (KHTML, like Gecko) Chrome/80.0.3987.116 Safari/537.36 0.126
0:0:0:0:0:0:0:1 - - [25/Feb/2020:02:03:51 -0500] GET /devportal/site/public/images/overview/documents.svg HTTP/1.1 200 1199064 https://localhost:9443/devportal/ Mozilla/5.0 (Windows NT 10.0; Win64; x64) AppleWebKit/537.36 (KHTML, like Gecko) Chrome/80.0.3987.116 Safari/537.36 0.145
0:0:0:0:0:0:0:1 - - [25/Feb/2020:02:03:51 -0500] GET /devportal/site/public/images/sdks/android.svg HTTP/1.1 200 1521 https://localhost:9443/devportal/apis/304ad494-308a-479b-ae7a-5ac64beffe60/overview Mozilla/5.0 (Windows NT 10.0; Win64; x64) AppleWebKit/537.36 (KHTML, like Gecko) Chrome/80.0.3987.116 Safari/537.36 0.004
0:0:0:0:0:0:0:1 - - [25/Feb/2020:02:03:51 -0500] GET /devportal/site/public/images/sdks/java.svg HTTP/1.1 200 2633 https://localhost:9443/devportal/apis/304ad494-308a-479b-ae7a-5ac64beffe60/overview Mozilla/5.0 (Windows NT 10.0; Win64; x64) AppleWebKit/537.36 (KHTML, like Gecko) Chrome/80.0.3987.116 Safari/537.36 0.003
0:0:0:0:0:0:0:1 - - [25/Feb/2020:02:03:51 -0500] GET /devportal/site/public/images/sdks/javascript.svg HTTP/1.1 200 79025 https://localhost:9443/devportal/apis/304ad494-308a-479b-ae7a-5ac64beffe60/overview Mozilla/5.0 (Windows NT 10.0; Win64; x64) AppleWebKit/537.36 (KHTML, like Gecko) Chrome/80.0.3987.116 Safari/537.36 0.011
0:0:0:0:0:0:0:1 - - [25/Feb/2020:02:09:46 -0500] GET /devportal/site/public/images/_favicon.ico HTTP/1.1 200 1150 https://localhost:9443/devportal/applications Mozilla/5.0 (Windows NT 10.0; Win64; x64) AppleWebKit/537.36 (KHTML, like Gecko) Chrome/80.0.3987.116 Safari/537.36 0.005
127.0.0.1 - - [25/Feb/2020:02:09:46 -0500] GET /api/am/store/v1.0/settings HTTP/1.1 200 313 - Jakarta Commons-HttpClient/3.1 0.110
0:0:0:0:0:0:0:1 - - [25/Feb/2020:02:09:46 -0500] GET /devportal/services/configs HTTP/1.1 302 - https://localhost:9443/devportal/applications Mozilla/5.0 (Windows NT 10.0; Win64; x64) AppleWebKit/537.36 (KHTML, like Gecko) Chrome/80.0.3987.116 Safari/537.36 0.182
0:0:0:0:0:0:0:1 - - [25/Feb/2020:02:09:46 -0500] GET /oauth2/authorize?response_type=code&client_id=YV4XNkVcUgH891pFy5E0f3tFuB0a&scope=apim:api_key%20apim:app_manage%20apim:app_update%20apim:dedicated_gateway%20apim:self-signup%20apim:store_settings%20apim:sub_alert_manage%20apim:sub_manage%20apim:subscribe%20openid&state=/applications&redirect_uri=https://localhost:9443/devportal/services/auth/callback/login HTTP/1.1 302 - https://localhost:9443/devportal/applications Mozilla/5.0 (Windows NT 10.0; Win64; x64) AppleWebKit/537.36 (KHTML, like Gecko) Chrome/80.0.3987.116 Safari/537.36 0.152
127.0.0.1 - - [25/Feb/2020:02:09:46 -0500] POST /oauth2/token HTTP/1.1 200 1221 - Jakarta Commons-HttpClient/3.1 0.028
0:0:0:0:0:0:0:1 - - [25/Feb/2020:02:09:46 -0500] GET /devportal/services/auth/callback/login?code=0891373f-5da8-39f1-b219-871b43169ca7&state=%2Fapplications&session_state=5759171900f67986ff891fc0f4c38c1985637dca59a682f74b759b238d2c1044.jtBRKJ0tiIyLvF5SCJ45fw HTTP/1.1 302 - https://localhost:9443/devportal/applications Mozilla/5.0 (Windows NT 10.0; Win64; x64) AppleWebKit/537.36 (KHTML, like Gecko) Chrome/80.0.3987.116 Safari/537.36 0.231
0:0:0:0:0:0:0:1 - - [25/Feb/2020:02:09:46 -0500] GET /devportal/applications HTTP/1.1 200 1859 https://localhost:9443/devportal/applications Mozilla/5.0 (Windows NT 10.0; Win64; x64) AppleWebKit/537.36 (KHTML, like Gecko) Chrome/80.0.3987.116 Safari/537.36 0.017
0:0:0:0:0:0:0:1 - - [25/Feb/2020:02:09:46 -0500] GET /devportal/site/public/css/main.css HTTP/1.1 200 1271 https://localhost:9443/devportal/applications Mozilla/5.0 (Windows NT 10.0; Win64; x64) AppleWebKit/537.36 (KHTML, like Gecko) Chrome/80.0.3987.116 Safari/537.36 0.006
0:0:0:0:0:0:0:1 - - [25/Feb/2020:02:09:46 -0500] GET /devportal/site/public/fonts/iconfont/material-icons.css HTTP/1.1 200 970 https://localhost:9443/devportal/applications Mozilla/5.0 (Windows NT 10.0; Win64; x64) AppleWebKit/537.36 (KHTML, like Gecko) Chrome/80.0.3987.116 Safari/537.36 0.006
0:0:0:0:0:0:0:1 - - [25/Feb/2020:02:09:47 -0500] GET /devportal/site/public/dist/ProtectedApp.bundle.js HTTP/1.1 200 475898 https://localhost:9443/devportal/applications Mozilla/5.0 (Windows NT 10.0; Win64; x64) AppleWebKit/537.36 (KHTML, like Gecko) Chrome/80.0.3987.116 Safari/537.36 0.355
0:0:0:0:0:0:0:1 - - [25/Feb/2020:02:09:47 -0500] GET /api/am/store/v1.0/swagger.yaml HTTP/1.1 200 219176 https://localhost:9443/devportal/applications Mozilla/5.0 (Windows NT 10.0; Win64; x64) AppleWebKit/537.36 (KHTML, like Gecko) Chrome/80.0.3987.116 Safari/537.36 0.053
0:0:0:0:0:0:0:1 - - [25/Feb/2020:02:09:47 -0500] GET /devportal/site/public/dist/ProtectedApp.bundle.js HTTP/1.1 200 475898 https://localhost:9443/devportal/applications Mozilla/5.0 (Windows NT 10.0; Win64; x64) AppleWebKit/537.36 (KHTML, like Gecko) Chrome/80.0.3987.116 Safari/537.36 0.368
0:0:0:0:0:0:0:1 - - [25/Feb/2020:02:09:48 -0500] GET /devportal/site/public/dist/vendors~ProtectedApp.bundle.js HTTP/1.1 200 1458149 https://localhost:9443/devportal/applications Mozilla/5.0 (Windows NT 10.0; Win64; x64) AppleWebKit/537.36 (KHTML, like Gecko) Chrome/80.0.3987.116 Safari/537.36 1.227
0:0:0:0:0:0:0:1 - - [25/Feb/2020:02:09:48 -0500] GET /devportal/site/public/dist/vendors~ProtectedApp.bundle.js HTTP/1.1 200 1458149 https://localhost:9443/devportal/applications Mozilla/5.0 (Windows NT 10.0; Win64; x64) AppleWebKit/537.36 (KHTML, like Gecko) Chrome/80.0.3987.116 Safari/537.36 1.106
0:0:0:0:0:0:0:1 - - [25/Feb/2020:02:09:49 -0500] GET /devportal/site/public/dist/Comments.bundle.js HTTP/1.1 200 45629 https://localhost:9443/devportal/applications Mozilla/5.0 (Windows NT 10.0; Win64; x64) AppleWebKit/537.36 (KHTML, like Gecko) Chrome/80.0.3987.116 Safari/537.36 0.025
0:0:0:0:0:0:0:1 - - [25/Feb/2020:02:09:49 -0500] GET /devportal/site/public/dist/Overview.bundle.js HTTP/1.1 200 37193 https://localhost:9443/devportal/applications Mozilla/5.0 (Windows NT 10.0; Win64; x64) AppleWebKit/537.36 (KHTML, like Gecko) Chrome/80.0.3987.116 Safari/537.36 0.018
0:0:0:0:0:0:0:1 - - [25/Feb/2020:02:09:49 -0500] GET /devportal/site/public/dist/ApiConsole.bundle.js HTTP/1.1 200 19889 https://localhost:9443/devportal/applications Mozilla/5.0 (Windows NT 10.0; Win64; x64) AppleWebKit/537.36 (KHTML, like Gecko) Chrome/80.0.3987.116 Safari/537.36 0.127
0:0:0:0:0:0:0:1 - - [25/Feb/2020:02:09:49 -0500] GET /devportal/site/public/dist/vendors~Documentation~Overview.bundle.js HTTP/1.1 200 137752 https://localhost:9443/devportal/applications Mozilla/5.0 (Windows NT 10.0; Win64; x64) AppleWebKit/537.36 (KHTML, like Gecko) Chrome/80.0.3987.116 Safari/537.36 0.216
0:0:0:0:0:0:0:1 - - [25/Feb/2020:02:09:49 -0500] GET /devportal/site/public/dist/Documentation.bundle.js HTTP/1.1 200 21429 https://localhost:9443/devportal/applications Mozilla/5.0 (Windows NT 10.0; Win64; x64) AppleWebKit/537.36 (KHTML, like Gecko) Chrome/80.0.3987.116 Safari/537.36 0.012
0:0:0:0:0:0:0:1 - - [25/Feb/2020:02:09:49 -0500] GET /devportal/site/public/dist/Sdk.bundle.js HTTP/1.1 200 11384 https://localhost:9443/devportal/applications Mozilla/5.0 (Windows NT 10.0; Win64; x64) AppleWebKit/537.36 (KHTML, like Gecko) Chrome/80.0.3987.116 Safari/537.36 0.004
0:0:0:0:0:0:0:1 - - [25/Feb/2020:02:09:49 -0500] GET /api/am/store/v1.0/settings HTTP/1.1 200 313 https://localhost:9443/devportal/applications Mozilla/5.0 (Windows NT 10.0; Win64; x64) AppleWebKit/537.36 (KHTML, like Gecko) Chrome/80.0.3987.116 Safari/537.36 0.396
0:0:0:0:0:0:0:1 - - [25/Feb/2020:02:09:49 -0500] GET /devportal/site/public/dist/Credentials.bundle.js HTTP/1.1 200 20278 https://localhost:9443/devportal/applications Mozilla/5.0 (Windows NT 10.0; Win64; x64) AppleWebKit/537.36 (KHTML, like Gecko) Chrome/80.0.3987.116 Safari/537.36 0.018
0:0:0:0:0:0:0:1 - - [25/Feb/2020:02:09:49 -0500] GET /devportal/site/public/images/_favicon.ico HTTP/1.1 200 1150 https://localhost:9443/devportal/applications Mozilla/5.0 (Windows NT 10.0; Win64; x64) AppleWebKit/537.36 (KHTML, like Gecko) Chrome/80.0.3987.116 Safari/537.36 0.002
0:0:0:0:0:0:0:1 - - [25/Feb/2020:02:09:50 -0500] GET /devportal/site/public/theme/temporary_features_config.json HTTP/1.1 200 84 https://localhost:9443/devportal/applications Mozilla/5.0 (Windows NT 10.0; Win64; x64) AppleWebKit/537.36 (KHTML, like Gecko) Chrome/80.0.3987.116 Safari/537.36 0.003
0:0:0:0:0:0:0:1 - - [25/Feb/2020:02:09:50 -0500] GET /devportal/site/public/theme/temporary_environments_config.json HTTP/1.1 200 122 https://localhost:9443/devportal/applications Mozilla/5.0 (Windows NT 10.0; Win64; x64) AppleWebKit/537.36 (KHTML, like Gecko) Chrome/80.0.3987.116 Safari/537.36 0.009
0:0:0:0:0:0:0:1 - - [25/Feb/2020:02:09:50 -0500] GET /api/am/store/v1.0/tenants?state=active&limit=25&offset=0 HTTP/1.1 200 107 https://localhost:9443/devportal/applications Mozilla/5.0 (Windows NT 10.0; Win64; x64) AppleWebKit/537.36 (KHTML, like Gecko) Chrome/80.0.3987.116 Safari/537.36 0.015
127.0.0.1 - - [25/Feb/2020:02:09:50 -0500] GET /oauth2/userinfo HTTP/1.1 200 15 - Jakarta Commons-HttpClient/3.1 0.021
0:0:0:0:0:0:0:1 - - [25/Feb/2020:02:09:50 -0500] GET /devportal/services/auth/introspect HTTP/1.1 200 321 https://localhost:9443/devportal/applications Mozilla/5.0 (Windows NT 10.0; Win64; x64) AppleWebKit/537.36 (KHTML, like Gecko) Chrome/80.0.3987.116 Safari/537.36 0.154
127.0.0.1 - - [25/Feb/2020:02:09:50 -0500] POST /oauth2/introspect HTTP/1.1 200 298 - Jakarta Commons-HttpClient/3.1 0.030
0:0:0:0:0:0:0:1 - - [25/Feb/2020:02:09:50 -0500] GET /api/am/store/v1.0/swagger.yaml HTTP/1.1 200 219176 https://localhost:9443/devportal/applications Mozilla/5.0 (Windows NT 10.0; Win64; x64) AppleWebKit/537.36 (KHTML, like Gecko) Chrome/80.0.3987.116 Safari/537.36 0.019
0:0:0:0:0:0:0:1 - - [25/Feb/2020:02:09:50 -0500] GET /devportal/ HTTP/1.1 200 1859 https://localhost:9443/devportal/ Mozilla/5.0 (Windows NT 10.0; Win64; x64) AppleWebKit/537.36 (KHTML, like Gecko) Chrome/80.0.3987.116 Safari/537.36 0.004
0:0:0:0:0:0:0:1 - - [25/Feb/2020:02:09:50 -0500] GET /devportal/site/public/dist/vendors~ApiConsole.bundle.js HTTP/1.1 200 1898211 https://localhost:9443/devportal/applications Mozilla/5.0 (Windows NT 10.0; Win64; x64) AppleWebKit/537.36 (KHTML, like Gecko) Chrome/80.0.3987.116 Safari/537.36 1.694
0:0:0:0:0:0:0:1 - - [25/Feb/2020:02:09:51 -0500] GET /api/am/store/v1.0/applications?sortBy=name&sortOrder=asc&limit=10&offset=0 HTTP/1.1 200 565 https://localhost:9443/devportal/applications Mozilla/5.0 (Windows NT 10.0; Win64; x64) AppleWebKit/537.36 (KHTML, like Gecko) Chrome/80.0.3987.116 Safari/537.36 0.009
0:0:0:0:0:0:0:1 - - [25/Feb/2020:02:09:58 -0500] GET /devportal/site/public/images/_favicon.ico HTTP/1.1 200 1150 https://localhost:9443/devportal/applications/239d7d37-b066-43a3-885d-0612e5e6817d Mozilla/5.0 (Windows NT 10.0; Win64; x64) AppleWebKit/537.36 (KHTML, like Gecko) Chrome/80.0.3987.116 Safari/537.36 0.006
127.0.0.1 - - [25/Feb/2020:02:09:58 -0500] POST /services/APIKeyMgtSubscriberService HTTP/1.1 200 1368 - Axis2 0.013
0:0:0:0:0:0:0:1 - - [25/Feb/2020:02:09:58 -0500] GET /api/am/store/v1.0/applications/239d7d37-b066-43a3-885d-0612e5e6817d HTTP/1.1 200 324 https://localhost:9443/devportal/applications/239d7d37-b066-43a3-885d-0612e5e6817d Mozilla/5.0 (Windows NT 10.0; Win64; x64) AppleWebKit/537.36 (KHTML, like Gecko) Chrome/80.0.3987.116 Safari/537.36 0.055
0:0:0:0:0:0:0:1 - - [25/Feb/2020:02:09:58 -0500] GET /api/am/store/v1.0/swagger.yaml HTTP/1.1 200 219176 https://localhost:9443/devportal/applications/239d7d37-b066-43a3-885d-0612e5e6817d/productionkeys Mozilla/5.0 (Windows NT 10.0; Win64; x64) AppleWebKit/537.36 (KHTML, like Gecko) Chrome/80.0.3987.116 Safari/537.36 0.019
127.0.0.1 - - [25/Feb/2020:02:09:58 -0500] POST /services/APIKeyMgtSubscriberService HTTP/1.1 200 1368 - Axis2 0.002
0:0:0:0:0:0:0:1 - - [25/Feb/2020:02:09:58 -0500] GET /api/am/store/v1.0/applications/239d7d37-b066-43a3-885d-0612e5e6817d HTTP/1.1 200 324 https://localhost:9443/devportal/applications/239d7d37-b066-43a3-885d-0612e5e6817d/productionkeys Mozilla/5.0 (Windows NT 10.0; Win64; x64) AppleWebKit/537.36 (KHTML, like Gecko) Chrome/80.0.3987.116 Safari/537.36 0.049
0:0:0:0:0:0:0:1 - - [25/Feb/2020:02:09:58 -0500] GET /devportal/site/public/images/_favicon.ico HTTP/1.1 200 1150 https://localhost:9443/devportal/applications/239d7d37-b066-43a3-885d-0612e5e6817d/productionkeys Mozilla/5.0 (Windows NT 10.0; Win64; x64) AppleWebKit/537.36 (KHTML, like Gecko) Chrome/80.0.3987.116 Safari/537.36 0.002
0:0:0:0:0:0:0:1 - - [25/Feb/2020:02:09:58 -0500] GET /api/am/store/v1.0/settings HTTP/1.1 200 539 https://localhost:9443/devportal/applications/239d7d37-b066-43a3-885d-0612e5e6817d/productionkeys Mozilla/5.0 (Windows NT 10.0; Win64; x64) AppleWebKit/537.36 (KHTML, like Gecko) Chrome/80.0.3987.116 Safari/537.36 0.235
127.0.0.1 - - [25/Feb/2020:02:09:59 -0500] POST /services/APIKeyMgtSubscriberService HTTP/1.1 200 1368 - Axis2 0.005
0:0:0:0:0:0:0:1 - - [25/Feb/2020:02:09:59 -0500] GET /api/am/store/v1.0/applications/239d7d37-b066-43a3-885d-0612e5e6817d HTTP/1.1 200 324 https://localhost:9443/devportal/applications/239d7d37-b066-43a3-885d-0612e5e6817d/productionkeys Mozilla/5.0 (Windows NT 10.0; Win64; x64) AppleWebKit/537.36 (KHTML, like Gecko) Chrome/80.0.3987.116 Safari/537.36 0.018
0:0:0:0:0:0:0:1 - - [25/Feb/2020:02:09:59 -0500] GET /api/am/store/v1.0/throttling-policies/application/Unlimited HTTP/1.1 200 403 https://localhost:9443/devportal/applications/239d7d37-b066-43a3-885d-0612e5e6817d/productionkeys Mozilla/5.0 (Windows NT 10.0; Win64; x64) AppleWebKit/537.36 (KHTML, like Gecko) Chrome/80.0.3987.116 Safari/537.36 0.006
127.0.0.1 - - [25/Feb/2020:02:09:59 -0500] POST /services/APIKeyMgtSubscriberService HTTP/1.1 200 1368 - Axis2 0.003
0:0:0:0:0:0:0:1 - - [25/Feb/2020:02:09:59 -0500] GET /api/am/store/v1.0/applications/239d7d37-b066-43a3-885d-0612e5e6817d/keys HTTP/1.1 200 480 https://localhost:9443/devportal/applications/239d7d37-b066-43a3-885d-0612e5e6817d/productionkeys Mozilla/5.0 (Windows NT 10.0; Win64; x64) AppleWebKit/537.36 (KHTML, like Gecko) Chrome/80.0.3987.116 Safari/537.36 0.015
0:0:0:0:0:0:0:1 - - [25/Feb/2020:02:09:59 -0500] GET /api/am/store/v1.0/swagger.yaml HTTP/1.1 200 219176 https://localhost:9443/devportal/applications/239d7d37-b066-43a3-885d-0612e5e6817d/productionkeys Mozilla/5.0 (Windows NT 10.0; Win64; x64) AppleWebKit/537.36 (KHTML, like Gecko) Chrome/80.0.3987.116 Safari/537.36 0.017
127.0.0.1 - - [25/Feb/2020:02:10:00 -0500] POST /services/APIKeyMgtSubscriberService HTTP/1.1 200 1368 - Axis2 0.004
0:0:0:0:0:0:0:1 - - [25/Feb/2020:02:10:00 -0500] GET /api/am/store/v1.0/applications/239d7d37-b066-43a3-885d-0612e5e6817d HTTP/1.1 200 324 https://localhost:9443/devportal/applications/239d7d37-b066-43a3-885d-0612e5e6817d/productionkeys Mozilla/5.0 (Windows NT 10.0; Win64; x64) AppleWebKit/537.36 (KHTML, like Gecko) Chrome/80.0.3987.116 Safari/537.36 0.015
127.0.0.1 - - [25/Feb/2020:02:10:00 -0500] POST /services/APIKeyMgtSubscriberService HTTP/1.1 200 1368 - Axis2 0.002
0:0:0:0:0:0:0:1 - - [25/Feb/2020:02:10:00 -0500] GET /api/am/store/v1.0/applications/239d7d37-b066-43a3-885d-0612e5e6817d/keys HTTP/1.1 200 480 https://localhost:9443/devportal/applications/239d7d37-b066-43a3-885d-0612e5e6817d/productionkeys Mozilla/5.0 (Windows NT 10.0; Win64; x64) AppleWebKit/537.36 (KHTML, like Gecko) Chrome/80.0.3987.116 Safari/537.36 0.010
127.0.0.1 - - [25/Feb/2020:02:10:29 -0500] POST /services/APIKeyMgtSubscriberService HTTP/1.1 200 1368 - Axis2 0.003
0:0:0:0:0:0:0:1 - - [25/Feb/2020:02:10:29 -0500] POST /api/am/store/v1.0/applications/239d7d37-b066-43a3-885d-0612e5e6817d/api-keys/PRODUCTION/generate HTTP/1.1 200 2181 https://localhost:9443/devportal/applications/239d7d37-b066-43a3-885d-0612e5e6817d/productionkeys Mozilla/5.0 (Windows NT 10.0; Win64; x64) AppleWebKit/537.36 (KHTML, like Gecko) Chrome/80.0.3987.116 Safari/537.36 0.187
127.0.0.1 - - [25/Feb/2020:02:11:11 -0500] POST /services/APIKeyMgtSubscriberService HTTP/1.1 200 1368 - Axis2 0.003
0:0:0:0:0:0:0:1 - - [25/Feb/2020:02:11:11 -0500] POST /api/am/store/v1.0/applications/239d7d37-b066-43a3-885d-0612e5e6817d/api-keys/PRODUCTION/generate HTTP/1.1 200 2201 https://localhost:9443/devportal/applications/239d7d37-b066-43a3-885d-0612e5e6817d/productionkeys Mozilla/5.0 (Windows NT 10.0; Win64; x64) AppleWebKit/537.36 (KHTML, like Gecko) Chrome/80.0.3987.116 Safari/537.36 0.042
127.0.0.1 - - [25/Feb/2020:02:12:28 -0500] POST /oauth2/token HTTP/1.1 200 2413 - Synapse-PT-HttpComponents-NIO 0.021
0:0:0:0:0:0:0:1 - - [25/Feb/2020:02:13:15 -0500] GET /api/am/store/v1.0/swagger.yaml HTTP/1.1 200 219176 https://localhost:9443/devportal/applications/239d7d37-b066-43a3-885d-0612e5e6817d/edit/ Mozilla/5.0 (Windows NT 10.0; Win64; x64) AppleWebKit/537.36 (KHTML, like Gecko) Chrome/80.0.3987.116 Safari/537.36 0.027
0:0:0:0:0:0:0:1 - - [25/Feb/2020:02:13:15 -0500] GET /api/am/store/v1.0/throttling-policies/application?limit=25&offset=0 HTTP/1.1 200 1655 https://localhost:9443/devportal/applications/239d7d37-b066-43a3-885d-0612e5e6817d/edit/ Mozilla/5.0 (Windows NT 10.0; Win64; x64) AppleWebKit/537.36 (KHTML, like Gecko) Chrome/80.0.3987.116 Safari/537.36 0.043
0:0:0:0:0:0:0:1 - - [25/Feb/2020:02:13:15 -0500] GET /api/am/store/v1.0/settings/application-attributes HTTP/1.1 200 32 https://localhost:9443/devportal/applications/239d7d37-b066-43a3-885d-0612e5e6817d/edit/ Mozilla/5.0 (Windows NT 10.0; Win64; x64) AppleWebKit/537.36 (KHTML, like Gecko) Chrome/80.0.3987.116 Safari/537.36 0.031
0:0:0:0:0:0:0:1 - - [25/Feb/2020:02:13:15 -0500] GET /devportal/site/public/images/_favicon.ico HTTP/1.1 200 1150 https://localhost:9443/devportal/applications/239d7d37-b066-43a3-885d-0612e5e6817d/edit/ Mozilla/5.0 (Windows NT 10.0; Win64; x64) AppleWebKit/537.36 (KHTML, like Gecko) Chrome/80.0.3987.116 Safari/537.36 0.003
127.0.0.1 - - [25/Feb/2020:02:13:16 -0500] POST /services/APIKeyMgtSubscriberService HTTP/1.1 200 1368 - Axis2 0.003
0:0:0:0:0:0:0:1 - - [25/Feb/2020:02:13:16 -0500] GET /api/am/store/v1.0/applications/239d7d37-b066-43a3-885d-0612e5e6817d HTTP/1.1 200 324 https://localhost:9443/devportal/applications/239d7d37-b066-43a3-885d-0612e5e6817d/edit/ Mozilla/5.0 (Windows NT 10.0; Win64; x64) AppleWebKit/537.36 (KHTML, like Gecko) Chrome/80.0.3987.116 Safari/537.36 0.045
127.0.0.1 - - [25/Feb/2020:02:13:21 -0500] POST /services/APIKeyMgtSubscriberService HTTP/1.1 200 1368 - Axis2 0.005
127.0.0.1 - - [25/Feb/2020:02:13:21 -0500] POST /services/APIKeyMgtSubscriberService HTTP/1.1 200 1368 - Axis2 0.003
127.0.0.1 - - [25/Feb/2020:02:13:21 -0500] POST /services/APIKeyMgtSubscriberService HTTP/1.1 200 1368 - Axis2 0.005
0:0:0:0:0:0:0:1 - - [25/Feb/2020:02:13:21 -0500] PUT /api/am/store/v1.0/applications/239d7d37-b066-43a3-885d-0612e5e6817d HTTP/1.1 200 325 https://localhost:9443/devportal/applications/239d7d37-b066-43a3-885d-0612e5e6817d/edit/ Mozilla/5.0 (Windows NT 10.0; Win64; x64) AppleWebKit/537.36 (KHTML, like Gecko) Chrome/80.0.3987.116 Safari/537.36 0.144
127.0.0.1 - - [25/Feb/2020:02:13:22 -0500] POST /services/APIKeyMgtSubscriberService HTTP/1.1 200 1368 - Axis2 0.003
0:0:0:0:0:0:0:1 - - [25/Feb/2020:02:13:22 -0500] GET /api/am/store/v1.0/applications/239d7d37-b066-43a3-885d-0612e5e6817d HTTP/1.1 200 326 https://localhost:9443/devportal/applications/239d7d37-b066-43a3-885d-0612e5e6817d Mozilla/5.0 (Windows NT 10.0; Win64; x64) AppleWebKit/537.36 (KHTML, like Gecko) Chrome/80.0.3987.116 Safari/537.36 0.015
127.0.0.1 - - [25/Feb/2020:02:13:22 -0500] POST /services/AuthenticationAdmin HTTP/1.1 200 299 - Axis2 0.013
127.0.0.1 - - [25/Feb/2020:02:13:22 -0500] POST /services/APIAuthenticationService HTTP/1.1 202 5 - Axis2 0.002
0:0:0:0:0:0:0:1 - - [25/Feb/2020:02:13:22 -0500] GET /devportal/site/public/images/_favicon.ico HTTP/1.1 200 1150 https://localhost:9443/devportal/applications/239d7d37-b066-43a3-885d-0612e5e6817d Mozilla/5.0 (Windows NT 10.0; Win64; x64) AppleWebKit/537.36 (KHTML, like Gecko) Chrome/80.0.3987.116 Safari/537.36 0.003
0:0:0:0:0:0:0:1 - - [25/Feb/2020:02:13:22 -0500] GET /api/am/store/v1.0/swagger.yaml HTTP/1.1 200 219176 https://localhost:9443/devportal/applications/239d7d37-b066-43a3-885d-0612e5e6817d/productionkeys Mozilla/5.0 (Windows NT 10.0; Win64; x64) AppleWebKit/537.36 (KHTML, like Gecko) Chrome/80.0.3987.116 Safari/537.36 0.019
127.0.0.1 - - [25/Feb/2020:02:13:22 -0500] POST /services/APIKeyMgtSubscriberService HTTP/1.1 200 1368 - Axis2 0.012
0:0:0:0:0:0:0:1 - - [25/Feb/2020:02:13:22 -0500] GET /api/am/store/v1.0/applications/239d7d37-b066-43a3-885d-0612e5e6817d HTTP/1.1 200 326 https://localhost:9443/devportal/applications/239d7d37-b066-43a3-885d-0612e5e6817d/productionkeys Mozilla/5.0 (Windows NT 10.0; Win64; x64) AppleWebKit/537.36 (KHTML, like Gecko) Chrome/80.0.3987.116 Safari/537.36 0.054
0:0:0:0:0:0:0:1 - - [25/Feb/2020:02:13:22 -0500] GET /devportal/site/public/images/_favicon.ico HTTP/1.1 200 1150 https://localhost:9443/devportal/applications/239d7d37-b066-43a3-885d-0612e5e6817d/productionkeys Mozilla/5.0 (Windows NT 10.0; Win64; x64) AppleWebKit/537.36 (KHTML, like Gecko) Chrome/80.0.3987.116 Safari/537.36 0.009
0:0:0:0:0:0:0:1 - - [25/Feb/2020:02:13:22 -0500] GET /api/am/store/v1.0/settings HTTP/1.1 200 539 https://localhost:9443/devportal/applications/239d7d37-b066-43a3-885d-0612e5e6817d/productionkeys Mozilla/5.0 (Windows NT 10.0; Win64; x64) AppleWebKit/537.36 (KHTML, like Gecko) Chrome/80.0.3987.116 Safari/537.36 0.271
127.0.0.1 - - [25/Feb/2020:02:13:23 -0500] POST /services/APIKeyMgtSubscriberService HTTP/1.1 200 1368 - Axis2 0.010
0:0:0:0:0:0:0:1 - - [25/Feb/2020:02:13:23 -0500] GET /api/am/store/v1.0/applications/239d7d37-b066-43a3-885d-0612e5e6817d HTTP/1.1 200 326 https://localhost:9443/devportal/applications/239d7d37-b066-43a3-885d-0612e5e6817d/productionkeys Mozilla/5.0 (Windows NT 10.0; Win64; x64) AppleWebKit/537.36 (KHTML, like Gecko) Chrome/80.0.3987.116 Safari/537.36 0.023
0:0:0:0:0:0:0:1 - - [25/Feb/2020:02:13:23 -0500] GET /api/am/store/v1.0/throttling-policies/application/Unlimited HTTP/1.1 200 403 https://localhost:9443/devportal/applications/239d7d37-b066-43a3-885d-0612e5e6817d/productionkeys Mozilla/5.0 (Windows NT 10.0; Win64; x64) AppleWebKit/537.36 (KHTML, like Gecko) Chrome/80.0.3987.116 Safari/537.36 0.008
127.0.0.1 - - [25/Feb/2020:02:13:23 -0500] POST /services/APIKeyMgtSubscriberService HTTP/1.1 200 1368 - Axis2 0.003
0:0:0:0:0:0:0:1 - - [25/Feb/2020:02:13:23 -0500] GET /api/am/store/v1.0/applications/239d7d37-b066-43a3-885d-0612e5e6817d/keys HTTP/1.1 200 516 https://localhost:9443/devportal/applications/239d7d37-b066-43a3-885d-0612e5e6817d/productionkeys Mozilla/5.0 (Windows NT 10.0; Win64; x64) AppleWebKit/537.36 (KHTML, like Gecko) Chrome/80.0.3987.116 Safari/537.36 0.015
0:0:0:0:0:0:0:1 - - [25/Feb/2020:02:13:23 -0500] GET /api/am/store/v1.0/swagger.yaml HTTP/1.1 200 219176 https://localhost:9443/devportal/applications/239d7d37-b066-43a3-885d-0612e5e6817d/productionkeys Mozilla/5.0 (Windows NT 10.0; Win64; x64) AppleWebKit/537.36 (KHTML, like Gecko) Chrome/80.0.3987.116 Safari/537.36 0.018
127.0.0.1 - - [25/Feb/2020:02:13:24 -0500] POST /services/APIKeyMgtSubscriberService HTTP/1.1 200 1368 - Axis2 0.004
0:0:0:0:0:0:0:1 - - [25/Feb/2020:02:13:24 -0500] GET /api/am/store/v1.0/applications/239d7d37-b066-43a3-885d-0612e5e6817d HTTP/1.1 200 326 https://localhost:9443/devportal/applications/239d7d37-b066-43a3-885d-0612e5e6817d/productionkeys Mozilla/5.0 (Windows NT 10.0; Win64; x64) AppleWebKit/537.36 (KHTML, like Gecko) Chrome/80.0.3987.116 Safari/537.36 0.019
127.0.0.1 - - [25/Feb/2020:02:13:24 -0500] POST /services/APIKeyMgtSubscriberService HTTP/1.1 200 1368 - Axis2 0.005
0:0:0:0:0:0:0:1 - - [25/Feb/2020:02:13:24 -0500] GET /api/am/store/v1.0/applications/239d7d37-b066-43a3-885d-0612e5e6817d/keys HTTP/1.1 200 516 https://localhost:9443/devportal/applications/239d7d37-b066-43a3-885d-0612e5e6817d/productionkeys Mozilla/5.0 (Windows NT 10.0; Win64; x64) AppleWebKit/537.36 (KHTML, like Gecko) Chrome/80.0.3987.116 Safari/537.36 0.015
127.0.0.1 - - [25/Feb/2020:02:14:07 -0500] POST /services/APIKeyMgtSubscriberService HTTP/1.1 200 1368 - Axis2 0.003
127.0.0.1 - - [25/Feb/2020:02:14:07 -0500] POST /services/APIKeyMgtSubscriberService HTTP/1.1 200 1364 - Axis2 0.012
0:0:0:0:0:0:0:1 - - [25/Feb/2020:02:14:07 -0500] PUT /api/am/store/v1.0/applications/239d7d37-b066-43a3-885d-0612e5e6817d/keys/PRODUCTION HTTP/1.1 200 369 https://localhost:9443/devportal/applications/239d7d37-b066-43a3-885d-0612e5e6817d/productionkeys Mozilla/5.0 (Windows NT 10.0; Win64; x64) AppleWebKit/537.36 (KHTML, like Gecko) Chrome/80.0.3987.116 Safari/537.36 0.043
127.0.0.1 - - [25/Feb/2020:02:14:14 -0500] POST /services/APIKeyMgtSubscriberService HTTP/1.1 200 1368 - Axis2 0.003
0:0:0:0:0:0:0:1 - - [25/Feb/2020:02:14:14 -0500] GET /api/am/store/v1.0/applications/239d7d37-b066-43a3-885d-0612e5e6817d/keys HTTP/1.1 200 516 https://localhost:9443/devportal/applications/239d7d37-b066-43a3-885d-0612e5e6817d/productionkeys Mozilla/5.0 (Windows NT 10.0; Win64; x64) AppleWebKit/537.36 (KHTML, like Gecko) Chrome/80.0.3987.116 Safari/537.36 0.016
127.0.0.1 - - [25/Feb/2020:02:14:14 -0500] POST /services/APIKeyMgtSubscriberService HTTP/1.1 200 1368 - Axis2 0.002
127.0.0.1 - - [25/Feb/2020:02:14:14 -0500] POST /services/APIKeyMgtSubscriberService HTTP/1.1 200 1368 - Axis2 0.002
127.0.0.1 - - [25/Feb/2020:02:14:15 -0500] POST /oauth2/revoke HTTP/1.1 200 - - Synapse-PT-HttpComponents-NIO 0.904
127.0.0.1 - - [25/Feb/2020:02:14:15 -0500] POST /oauth2/token HTTP/1.1 200 134 - Synapse-PT-HttpComponents-NIO 0.008
0:0:0:0:0:0:0:1 - - [25/Feb/2020:02:14:15 -0500] POST /api/am/store/v1.0/applications/239d7d37-b066-43a3-885d-0612e5e6817d/keys/PRODUCTION/generate-token HTTP/1.1 200 134 https://localhost:9443/devportal/applications/239d7d37-b066-43a3-885d-0612e5e6817d/productionkeys Mozilla/5.0 (Windows NT 10.0; Win64; x64) AppleWebKit/537.36 (KHTML, like Gecko) Chrome/80.0.3987.116 Safari/537.36 1.083
0:0:0:0:0:0:0:1 - - [25/Feb/2020:02:15:23 -0500] GET /api/am/store/v1.0/swagger.yaml HTTP/1.1 200 219176 https://localhost:9443/devportal/applications/239d7d37-b066-43a3-885d-0612e5e6817d/edit/ Mozilla/5.0 (Windows NT 10.0; Win64; x64) AppleWebKit/537.36 (KHTML, like Gecko) Chrome/80.0.3987.116 Safari/537.36 0.105
0:0:0:0:0:0:0:1 - - [25/Feb/2020:02:15:23 -0500] GET /devportal/site/public/images/_favicon.ico HTTP/1.1 200 1150 https://localhost:9443/devportal/applications/239d7d37-b066-43a3-885d-0612e5e6817d/edit/ Mozilla/5.0 (Windows NT 10.0; Win64; x64) AppleWebKit/537.36 (KHTML, like Gecko) Chrome/80.0.3987.116 Safari/537.36 0.007
0:0:0:0:0:0:0:1 - - [25/Feb/2020:02:15:23 -0500] GET /api/am/store/v1.0/settings/application-attributes HTTP/1.1 200 32 https://localhost:9443/devportal/applications/239d7d37-b066-43a3-885d-0612e5e6817d/edit/ Mozilla/5.0 (Windows NT 10.0; Win64; x64) AppleWebKit/537.36 (KHTML, like Gecko) Chrome/80.0.3987.116 Safari/537.36 0.118
0:0:0:0:0:0:0:1 - - [25/Feb/2020:02:15:23 -0500] GET /api/am/store/v1.0/throttling-policies/application?limit=25&offset=0 HTTP/1.1 200 1655 https://localhost:9443/devportal/applications/239d7d37-b066-43a3-885d-0612e5e6817d/edit/ Mozilla/5.0 (Windows NT 10.0; Win64; x64) AppleWebKit/537.36 (KHTML, like Gecko) Chrome/80.0.3987.116 Safari/537.36 0.151
127.0.0.1 - - [25/Feb/2020:02:15:24 -0500] POST /services/APIKeyMgtSubscriberService HTTP/1.1 200 1368 - Axis2 0.003
0:0:0:0:0:0:0:1 - - [25/Feb/2020:02:15:24 -0500] GET /api/am/store/v1.0/applications/239d7d37-b066-43a3-885d-0612e5e6817d HTTP/1.1 200 326 https://localhost:9443/devportal/applications/239d7d37-b066-43a3-885d-0612e5e6817d/edit/ Mozilla/5.0 (Windows NT 10.0; Win64; x64) AppleWebKit/537.36 (KHTML, like Gecko) Chrome/80.0.3987.116 Safari/537.36 0.041
127.0.0.1 - - [25/Feb/2020:02:15:29 -0500] POST /services/APIKeyMgtSubscriberService HTTP/1.1 200 1368 - Axis2 0.002
127.0.0.1 - - [25/Feb/2020:02:15:29 -0500] POST /services/APIKeyMgtSubscriberService HTTP/1.1 200 1368 - Axis2 0.003
127.0.0.1 - - [25/Feb/2020:02:15:29 -0500] POST /services/APIKeyMgtSubscriberService HTTP/1.1 200 1368 - Axis2 0.003
0:0:0:0:0:0:0:1 - - [25/Feb/2020:02:15:29 -0500] PUT /api/am/store/v1.0/applications/239d7d37-b066-43a3-885d-0612e5e6817d HTTP/1.1 200 323 https://localhost:9443/devportal/applications/239d7d37-b066-43a3-885d-0612e5e6817d/edit/ Mozilla/5.0 (Windows NT 10.0; Win64; x64) AppleWebKit/537.36 (KHTML, like Gecko) Chrome/80.0.3987.116 Safari/537.36 0.158
127.0.0.1 - - [25/Feb/2020:02:15:29 -0500] POST /services/AuthenticationAdmin HTTP/1.1 200 299 - Axis2 0.024
127.0.0.1 - - [25/Feb/2020:02:15:29 -0500] POST /services/APIAuthenticationService HTTP/1.1 202 5 - Axis2 0.006
0:0:0:0:0:0:0:1 - - [25/Feb/2020:02:15:29 -0500] GET /api/am/store/v1.0/applications/239d7d37-b066-43a3-885d-0612e5e6817d HTTP/1.1 200 324 https://localhost:9443/devportal/applications/239d7d37-b066-43a3-885d-0612e5e6817d Mozilla/5.0 (Windows NT 10.0; Win64; x64) AppleWebKit/537.36 (KHTML, like Gecko) Chrome/80.0.3987.116 Safari/537.36 0.023
127.0.0.1 - - [25/Feb/2020:02:15:29 -0500] POST /services/APIKeyMgtSubscriberService HTTP/1.1 200 1368 - Axis2 0.009
0:0:0:0:0:0:0:1 - - [25/Feb/2020:02:15:29 -0500] GET /devportal/site/public/images/_favicon.ico HTTP/1.1 200 1150 https://localhost:9443/devportal/applications/239d7d37-b066-43a3-885d-0612e5e6817d Mozilla/5.0 (Windows NT 10.0; Win64; x64) AppleWebKit/537.36 (KHTML, like Gecko) Chrome/80.0.3987.116 Safari/537.36 0.005
0:0:0:0:0:0:0:1 - - [25/Feb/2020:02:15:29 -0500] GET /api/am/store/v1.0/swagger.yaml HTTP/1.1 200 219176 https://localhost:9443/devportal/applications/239d7d37-b066-43a3-885d-0612e5e6817d/productionkeys Mozilla/5.0 (Windows NT 10.0; Win64; x64) AppleWebKit/537.36 (KHTML, like Gecko) Chrome/80.0.3987.116 Safari/537.36 0.021
0:0:0:0:0:0:0:1 - - [25/Feb/2020:02:15:29 -0500] GET /devportal/site/public/images/_favicon.ico HTTP/1.1 200 1150 https://localhost:9443/devportal/applications/239d7d37-b066-43a3-885d-0612e5e6817d/productionkeys Mozilla/5.0 (Windows NT 10.0; Win64; x64) AppleWebKit/537.36 (KHTML, like Gecko) Chrome/80.0.3987.116 Safari/537.36 0.003
127.0.0.1 - - [25/Feb/2020:02:15:29 -0500] POST /services/APIKeyMgtSubscriberService HTTP/1.1 200 1368 - Axis2 0.004
0:0:0:0:0:0:0:1 - - [25/Feb/2020:02:15:29 -0500] GET /api/am/store/v1.0/applications/239d7d37-b066-43a3-885d-0612e5e6817d HTTP/1.1 200 324 https://localhost:9443/devportal/applications/239d7d37-b066-43a3-885d-0612e5e6817d/productionkeys Mozilla/5.0 (Windows NT 10.0; Win64; x64) AppleWebKit/537.36 (KHTML, like Gecko) Chrome/80.0.3987.116 Safari/537.36 0.052
0:0:0:0:0:0:0:1 - - [25/Feb/2020:02:15:29 -0500] GET /api/am/store/v1.0/settings HTTP/1.1 200 539 https://localhost:9443/devportal/applications/239d7d37-b066-43a3-885d-0612e5e6817d/productionkeys Mozilla/5.0 (Windows NT 10.0; Win64; x64) AppleWebKit/537.36 (KHTML, like Gecko) Chrome/80.0.3987.116 Safari/537.36 0.223
127.0.0.1 - - [25/Feb/2020:02:15:30 -0500] POST /services/APIKeyMgtSubscriberService HTTP/1.1 200 1368 - Axis2 0.005
0:0:0:0:0:0:0:1 - - [25/Feb/2020:02:15:30 -0500] GET /api/am/store/v1.0/applications/239d7d37-b066-43a3-885d-0612e5e6817d HTTP/1.1 200 324 https://localhost:9443/devportal/applications/239d7d37-b066-43a3-885d-0612e5e6817d/productionkeys Mozilla/5.0 (Windows NT 10.0; Win64; x64) AppleWebKit/537.36 (KHTML, like Gecko) Chrome/80.0.3987.116 Safari/537.36 0.015
0:0:0:0:0:0:0:1 - - [25/Feb/2020:02:15:30 -0500] GET /api/am/store/v1.0/throttling-policies/application/Unlimited HTTP/1.1 200 403 https://localhost:9443/devportal/applications/239d7d37-b066-43a3-885d-0612e5e6817d/productionkeys Mozilla/5.0 (Windows NT 10.0; Win64; x64) AppleWebKit/537.36 (KHTML, like Gecko) Chrome/80.0.3987.116 Safari/537.36 0.007
127.0.0.1 - - [25/Feb/2020:02:15:30 -0500] POST /services/APIKeyMgtSubscriberService HTTP/1.1 200 1368 - Axis2 0.003
