0:0:0:0:0:0:0:1 - - [23/Feb/2020:02:20:54 -0500] GET /devportal/apis/2a3811af-0ada-4c74-ac63-c65d42cf82ca/credentials HTTP/1.1 200 1859 https://localhost:9443/devportal/apis/2a3811af-0ada-4c74-ac63-c65d42cf82ca/overview Mozilla/5.0 (Windows NT 10.0; Win64; x64) AppleWebKit/537.36 (KHTML, like Gecko) Chrome/80.0.3987.116 Safari/537.36 0.045
0:0:0:0:0:0:0:1 - - [23/Feb/2020:02:20:54 -0500] GET /devportal/site/public/fonts/iconfont/material-icons.css HTTP/1.1 200 970 https://localhost:9443/devportal/apis/2a3811af-0ada-4c74-ac63-c65d42cf82ca/credentials Mozilla/5.0 (Windows NT 10.0; Win64; x64) AppleWebKit/537.36 (KHTML, like Gecko) Chrome/80.0.3987.116 Safari/537.36 0.003
0:0:0:0:0:0:0:1 - - [23/Feb/2020:02:20:54 -0500] GET /devportal/site/public/css/main.css HTTP/1.1 200 1271 https://localhost:9443/devportal/apis/2a3811af-0ada-4c74-ac63-c65d42cf82ca/credentials Mozilla/5.0 (Windows NT 10.0; Win64; x64) AppleWebKit/537.36 (KHTML, like Gecko) Chrome/80.0.3987.116 Safari/537.36 0.006
0:0:0:0:0:0:0:1 - - [23/Feb/2020:02:20:54 -0500] GET /devportal/site/public/dist/ProtectedApp.bundle.js HTTP/1.1 200 475898 https://localhost:9443/devportal/apis/2a3811af-0ada-4c74-ac63-c65d42cf82ca/credentials Mozilla/5.0 (Windows NT 10.0; Win64; x64) AppleWebKit/537.36 (KHTML, like Gecko) Chrome/80.0.3987.116 Safari/537.36 0.254
0:0:0:0:0:0:0:1 - - [23/Feb/2020:02:20:54 -0500] GET /api/am/store/v1.0/swagger.yaml HTTP/1.1 200 219176 https://localhost:9443/devportal/apis/2a3811af-0ada-4c74-ac63-c65d42cf82ca/credentials Mozilla/5.0 (Windows NT 10.0; Win64; x64) AppleWebKit/537.36 (KHTML, like Gecko) Chrome/80.0.3987.116 Safari/537.36 0.020
0:0:0:0:0:0:0:1 - - [23/Feb/2020:02:20:55 -0500] GET /devportal/site/public/dist/ProtectedApp.bundle.js HTTP/1.1 200 475898 https://localhost:9443/devportal/apis/2a3811af-0ada-4c74-ac63-c65d42cf82ca/credentials Mozilla/5.0 (Windows NT 10.0; Win64; x64) AppleWebKit/537.36 (KHTML, like Gecko) Chrome/80.0.3987.116 Safari/537.36 0.362
0:0:0:0:0:0:0:1 - - [23/Feb/2020:02:20:55 -0500] GET /devportal/site/public/dist/vendors~ProtectedApp.bundle.js HTTP/1.1 200 1458149 https://localhost:9443/devportal/apis/2a3811af-0ada-4c74-ac63-c65d42cf82ca/credentials Mozilla/5.0 (Windows NT 10.0; Win64; x64) AppleWebKit/537.36 (KHTML, like Gecko) Chrome/80.0.3987.116 Safari/537.36 1.062
0:0:0:0:0:0:0:1 - - [23/Feb/2020:02:20:55 -0500] GET /devportal/site/public/dist/vendors~ProtectedApp.bundle.js HTTP/1.1 200 1458149 https://localhost:9443/devportal/apis/2a3811af-0ada-4c74-ac63-c65d42cf82ca/credentials Mozilla/5.0 (Windows NT 10.0; Win64; x64) AppleWebKit/537.36 (KHTML, like Gecko) Chrome/80.0.3987.116 Safari/537.36 0.974
0:0:0:0:0:0:0:1 - - [23/Feb/2020:02:20:56 -0500] GET /devportal/site/public/dist/Comments.bundle.js HTTP/1.1 200 45629 https://localhost:9443/devportal/apis/2a3811af-0ada-4c74-ac63-c65d42cf82ca/credentials Mozilla/5.0 (Windows NT 10.0; Win64; x64) AppleWebKit/537.36 (KHTML, like Gecko) Chrome/80.0.3987.116 Safari/537.36 0.106
0:0:0:0:0:0:0:1 - - [23/Feb/2020:02:20:56 -0500] GET /devportal/site/public/dist/Overview.bundle.js HTTP/1.1 200 37193 https://localhost:9443/devportal/apis/2a3811af-0ada-4c74-ac63-c65d42cf82ca/credentials Mozilla/5.0 (Windows NT 10.0; Win64; x64) AppleWebKit/537.36 (KHTML, like Gecko) Chrome/80.0.3987.116 Safari/537.36 0.069
0:0:0:0:0:0:0:1 - - [23/Feb/2020:02:20:56 -0500] GET /devportal/site/public/dist/vendors~Documentation~Overview.bundle.js HTTP/1.1 200 137752 https://localhost:9443/devportal/apis/2a3811af-0ada-4c74-ac63-c65d42cf82ca/credentials Mozilla/5.0 (Windows NT 10.0; Win64; x64) AppleWebKit/537.36 (KHTML, like Gecko) Chrome/80.0.3987.116 Safari/537.36 0.158
0:0:0:0:0:0:0:1 - - [23/Feb/2020:02:20:56 -0500] GET /devportal/site/public/dist/ApiConsole.bundle.js HTTP/1.1 200 19889 https://localhost:9443/devportal/apis/2a3811af-0ada-4c74-ac63-c65d42cf82ca/credentials Mozilla/5.0 (Windows NT 10.0; Win64; x64) AppleWebKit/537.36 (KHTML, like Gecko) Chrome/80.0.3987.116 Safari/537.36 0.015
0:0:0:0:0:0:0:1 - - [23/Feb/2020:02:20:56 -0500] GET /devportal/site/public/dist/Credentials.bundle.js HTTP/1.1 200 20278 https://localhost:9443/devportal/apis/2a3811af-0ada-4c74-ac63-c65d42cf82ca/credentials Mozilla/5.0 (Windows NT 10.0; Win64; x64) AppleWebKit/537.36 (KHTML, like Gecko) Chrome/80.0.3987.116 Safari/537.36 0.016
0:0:0:0:0:0:0:1 - - [23/Feb/2020:02:20:56 -0500] GET /devportal/site/public/dist/Documentation.bundle.js HTTP/1.1 200 21429 https://localhost:9443/devportal/apis/2a3811af-0ada-4c74-ac63-c65d42cf82ca/credentials Mozilla/5.0 (Windows NT 10.0; Win64; x64) AppleWebKit/537.36 (KHTML, like Gecko) Chrome/80.0.3987.116 Safari/537.36 0.017
0:0:0:0:0:0:0:1 - - [23/Feb/2020:02:20:56 -0500] GET /devportal/site/public/dist/Sdk.bundle.js HTTP/1.1 200 11384 https://localhost:9443/devportal/apis/2a3811af-0ada-4c74-ac63-c65d42cf82ca/credentials Mozilla/5.0 (Windows NT 10.0; Win64; x64) AppleWebKit/537.36 (KHTML, like Gecko) Chrome/80.0.3987.116 Safari/537.36 0.014
0:0:0:0:0:0:0:1 - - [23/Feb/2020:02:20:56 -0500] GET /api/am/store/v1.0/settings HTTP/1.1 200 539 https://localhost:9443/devportal/apis/2a3811af-0ada-4c74-ac63-c65d42cf82ca/credentials Mozilla/5.0 (Windows NT 10.0; Win64; x64) AppleWebKit/537.36 (KHTML, like Gecko) Chrome/80.0.3987.116 Safari/537.36 0.295
0:0:0:0:0:0:0:1 - - [23/Feb/2020:02:20:56 -0500] GET /devportal/site/public/images/_favicon.ico HTTP/1.1 200 1150 https://localhost:9443/devportal/apis/2a3811af-0ada-4c74-ac63-c65d42cf82ca/credentials Mozilla/5.0 (Windows NT 10.0; Win64; x64) AppleWebKit/537.36 (KHTML, like Gecko) Chrome/80.0.3987.116 Safari/537.36 0.006
0:0:0:0:0:0:0:1 - - [23/Feb/2020:02:20:56 -0500] GET /api/am/store/v1.0/tenants?state=active&limit=25&offset=0 HTTP/1.1 200 107 https://localhost:9443/devportal/apis/2a3811af-0ada-4c74-ac63-c65d42cf82ca/credentials Mozilla/5.0 (Windows NT 10.0; Win64; x64) AppleWebKit/537.36 (KHTML, like Gecko) Chrome/80.0.3987.116 Safari/537.36 0.013
0:0:0:0:0:0:0:1 - - [23/Feb/2020:02:20:56 -0500] GET /devportal/site/public/theme/temporary_environments_config.json HTTP/1.1 200 122 https://localhost:9443/devportal/apis/2a3811af-0ada-4c74-ac63-c65d42cf82ca/credentials Mozilla/5.0 (Windows NT 10.0; Win64; x64) AppleWebKit/537.36 (KHTML, like Gecko) Chrome/80.0.3987.116 Safari/537.36 0.006
0:0:0:0:0:0:0:1 - - [23/Feb/2020:02:20:56 -0500] GET /devportal/site/public/theme/temporary_features_config.json HTTP/1.1 200 84 https://localhost:9443/devportal/apis/2a3811af-0ada-4c74-ac63-c65d42cf82ca/credentials Mozilla/5.0 (Windows NT 10.0; Win64; x64) AppleWebKit/537.36 (KHTML, like Gecko) Chrome/80.0.3987.116 Safari/537.36 0.005
0:0:0:0:0:0:0:1 - - [23/Feb/2020:02:20:56 -0500] GET /devportal/site/public/images/favicon.ico HTTP/1.1 200 162098 https://localhost:9443/devportal/apis/2a3811af-0ada-4c74-ac63-c65d42cf82ca/credentials Mozilla/5.0 (Windows NT 10.0; Win64; x64) AppleWebKit/537.36 (KHTML, like Gecko) Chrome/80.0.3987.116 Safari/537.36 0.012
0:0:0:0:0:0:0:1 - - [23/Feb/2020:02:20:57 -0500] GET /devportal/ HTTP/1.1 200 1859 https://localhost:9443/devportal/ Mozilla/5.0 (Windows NT 10.0; Win64; x64) AppleWebKit/537.36 (KHTML, like Gecko) Chrome/80.0.3987.116 Safari/537.36 0.008
0:0:0:0:0:0:0:1 - - [23/Feb/2020:02:20:57 -0500] GET /api/am/store/v1.0/apis/2a3811af-0ada-4c74-ac63-c65d42cf82ca HTTP/1.1 200 3454 https://localhost:9443/devportal/apis/2a3811af-0ada-4c74-ac63-c65d42cf82ca/credentials Mozilla/5.0 (Windows NT 10.0; Win64; x64) AppleWebKit/537.36 (KHTML, like Gecko) Chrome/80.0.3987.116 Safari/537.36 0.024
0:0:0:0:0:0:0:1 - - [23/Feb/2020:02:20:57 -0500] GET /api/am/store/v1.0/applications?limit=25&offset=0 HTTP/1.1 200 565 https://localhost:9443/devportal/apis/2a3811af-0ada-4c74-ac63-c65d42cf82ca/credentials Mozilla/5.0 (Windows NT 10.0; Win64; x64) AppleWebKit/537.36 (KHTML, like Gecko) Chrome/80.0.3987.116 Safari/537.36 0.023
127.0.0.1 - - [23/Feb/2020:02:20:57 -0500] POST /services/APIKeyMgtSubscriberService HTTP/1.1 200 1368 - Axis2 0.008
0:0:0:0:0:0:0:1 - - [23/Feb/2020:02:20:57 -0500] GET /api/am/store/v1.0/subscriptions?apiId=2a3811af-0ada-4c74-ac63-c65d42cf82ca&offset=0&limit=25 HTTP/1.1 200 1039 https://localhost:9443/devportal/apis/2a3811af-0ada-4c74-ac63-c65d42cf82ca/credentials Mozilla/5.0 (Windows NT 10.0; Win64; x64) AppleWebKit/537.36 (KHTML, like Gecko) Chrome/80.0.3987.116 Safari/537.36 0.111
0:0:0:0:0:0:0:1 - - [23/Feb/2020:02:20:57 -0500] GET /devportal/site/public/dist/ApiConsole.bundle.js HTTP/1.1 200 19889 https://localhost:9443/devportal/apis/2a3811af-0ada-4c74-ac63-c65d42cf82ca/credentials Mozilla/5.0 (Windows NT 10.0; Win64; x64) AppleWebKit/537.36 (KHTML, like Gecko) Chrome/80.0.3987.116 Safari/537.36 0.008
0:0:0:0:0:0:0:1 - - [23/Feb/2020:02:20:57 -0500] GET /devportal/site/public/dist/Comments.bundle.js HTTP/1.1 200 45629 https://localhost:9443/devportal/apis/2a3811af-0ada-4c74-ac63-c65d42cf82ca/credentials Mozilla/5.0 (Windows NT 10.0; Win64; x64) AppleWebKit/537.36 (KHTML, like Gecko) Chrome/80.0.3987.116 Safari/537.36 0.023
0:0:0:0:0:0:0:1 - - [23/Feb/2020:02:20:57 -0500] GET /devportal/site/public/dist/Overview.bundle.js HTTP/1.1 200 37193 https://localhost:9443/devportal/apis/2a3811af-0ada-4c74-ac63-c65d42cf82ca/credentials Mozilla/5.0 (Windows NT 10.0; Win64; x64) AppleWebKit/537.36 (KHTML, like Gecko) Chrome/80.0.3987.116 Safari/537.36 0.018
0:0:0:0:0:0:0:1 - - [23/Feb/2020:02:20:57 -0500] GET /devportal/site/public/dist/Documentation.bundle.js HTTP/1.1 200 21429 https://localhost:9443/devportal/apis/2a3811af-0ada-4c74-ac63-c65d42cf82ca/credentials Mozilla/5.0 (Windows NT 10.0; Win64; x64) AppleWebKit/537.36 (KHTML, like Gecko) Chrome/80.0.3987.116 Safari/537.36 0.012
0:0:0:0:0:0:0:1 - - [23/Feb/2020:02:20:57 -0500] GET /devportal/site/public/dist/Credentials.bundle.js HTTP/1.1 200 20278 https://localhost:9443/devportal/apis/2a3811af-0ada-4c74-ac63-c65d42cf82ca/credentials Mozilla/5.0 (Windows NT 10.0; Win64; x64) AppleWebKit/537.36 (KHTML, like Gecko) Chrome/80.0.3987.116 Safari/537.36 0.008
0:0:0:0:0:0:0:1 - - [23/Feb/2020:02:20:57 -0500] GET /devportal/site/public/dist/Sdk.bundle.js HTTP/1.1 200 11384 https://localhost:9443/devportal/apis/2a3811af-0ada-4c74-ac63-c65d42cf82ca/credentials Mozilla/5.0 (Windows NT 10.0; Win64; x64) AppleWebKit/537.36 (KHTML, like Gecko) Chrome/80.0.3987.116 Safari/537.36 0.008
0:0:0:0:0:0:0:1 - - [23/Feb/2020:02:20:57 -0500] GET /devportal/site/public/dist/vendors~ApiConsole.bundle.js HTTP/1.1 200 1898211 https://localhost:9443/devportal/apis/2a3811af-0ada-4c74-ac63-c65d42cf82ca/credentials Mozilla/5.0 (Windows NT 10.0; Win64; x64) AppleWebKit/537.36 (KHTML, like Gecko) Chrome/80.0.3987.116 Safari/537.36 1.438
0:0:0:0:0:0:0:1 - - [23/Feb/2020:02:20:57 -0500] GET /api/am/store/v1.0/apis/2a3811af-0ada-4c74-ac63-c65d42cf82ca/thumbnail HTTP/1.1 204 - https://localhost:9443/devportal/apis/2a3811af-0ada-4c74-ac63-c65d42cf82ca/credentials Mozilla/5.0 (Windows NT 10.0; Win64; x64) AppleWebKit/537.36 (KHTML, like Gecko) Chrome/80.0.3987.116 Safari/537.36 0.014
0:0:0:0:0:0:0:1 - - [23/Feb/2020:02:20:57 -0500] GET /devportal/site/public/dist/vendors~Documentation~Overview.bundle.js HTTP/1.1 200 137752 https://localhost:9443/devportal/apis/2a3811af-0ada-4c74-ac63-c65d42cf82ca/credentials Mozilla/5.0 (Windows NT 10.0; Win64; x64) AppleWebKit/537.36 (KHTML, like Gecko) Chrome/80.0.3987.116 Safari/537.36 0.158
0:0:0:0:0:0:0:1 - - [23/Feb/2020:02:20:57 -0500] GET /api/am/store/v1.0/apis/2a3811af-0ada-4c74-ac63-c65d42cf82ca/ratings?limit=25&offset=0 HTTP/1.1 200 136 https://localhost:9443/devportal/apis/2a3811af-0ada-4c74-ac63-c65d42cf82ca/credentials Mozilla/5.0 (Windows NT 10.0; Win64; x64) AppleWebKit/537.36 (KHTML, like Gecko) Chrome/80.0.3987.116 Safari/537.36 0.019
0:0:0:0:0:0:0:1 - - [23/Feb/2020:02:20:57 -0500] GET /api/am/store/v1.0/apis/2a3811af-0ada-4c74-ac63-c65d42cf82ca/ratings?limit=25&offset=0 HTTP/1.1 200 136 https://localhost:9443/devportal/apis/2a3811af-0ada-4c74-ac63-c65d42cf82ca/credentials Mozilla/5.0 (Windows NT 10.0; Win64; x64) AppleWebKit/537.36 (KHTML, like Gecko) Chrome/80.0.3987.116 Safari/537.36 0.012
0:0:0:0:0:0:0:1 - - [23/Feb/2020:02:20:58 -0500] GET /devportal/site/public/dist/vendors~ApiConsole.bundle.js HTTP/1.1 200 1898211 https://localhost:9443/devportal/apis/2a3811af-0ada-4c74-ac63-c65d42cf82ca/credentials Mozilla/5.0 (Windows NT 10.0; Win64; x64) AppleWebKit/537.36 (KHTML, like Gecko) Chrome/80.0.3987.116 Safari/537.36 1.041
0:0:0:0:0:0:0:1 - - [23/Feb/2020:02:21:05 -0500] GET /api/am/store/v1.0/swagger.yaml HTTP/1.1 200 219176 https://localhost:9443/devportal/apis/2a3811af-0ada-4c74-ac63-c65d42cf82ca/credentials Mozilla/5.0 (Windows NT 10.0; Win64; x64) AppleWebKit/537.36 (KHTML, like Gecko) Chrome/80.0.3987.116 Safari/537.36 0.017
0:0:0:0:0:0:0:1 - - [23/Feb/2020:02:21:05 -0500] GET /api/am/store/v1.0/swagger.yaml HTTP/1.1 200 219176 https://localhost:9443/devportal/apis/2a3811af-0ada-4c74-ac63-c65d42cf82ca/credentials Mozilla/5.0 (Windows NT 10.0; Win64; x64) AppleWebKit/537.36 (KHTML, like Gecko) Chrome/80.0.3987.116 Safari/537.36 0.017
0:0:0:0:0:0:0:1 - - [23/Feb/2020:02:21:05 -0500] GET /devportal/site/public/images/_favicon.ico HTTP/1.1 200 1150 https://localhost:9443/devportal/apis/2a3811af-0ada-4c74-ac63-c65d42cf82ca/credentials Mozilla/5.0 (Windows NT 10.0; Win64; x64) AppleWebKit/537.36 (KHTML, like Gecko) Chrome/80.0.3987.116 Safari/537.36 0.003
0:0:0:0:0:0:0:1 - - [23/Feb/2020:02:21:05 -0500] GET /api/am/store/v1.0/settings HTTP/1.1 200 539 https://localhost:9443/devportal/apis/2a3811af-0ada-4c74-ac63-c65d42cf82ca/credentials Mozilla/5.0 (Windows NT 10.0; Win64; x64) AppleWebKit/537.36 (KHTML, like Gecko) Chrome/80.0.3987.116 Safari/537.36 0.226
127.0.0.1 - - [23/Feb/2020:02:21:05 -0500] POST /services/APIKeyMgtSubscriberService HTTP/1.1 200 1368 - Axis2 0.004
0:0:0:0:0:0:0:1 - - [23/Feb/2020:02:21:06 -0500] GET /api/am/store/v1.0/applications/239d7d37-b066-43a3-885d-0612e5e6817d HTTP/1.1 200 324 https://localhost:9443/devportal/apis/2a3811af-0ada-4c74-ac63-c65d42cf82ca/credentials Mozilla/5.0 (Windows NT 10.0; Win64; x64) AppleWebKit/537.36 (KHTML, like Gecko) Chrome/80.0.3987.116 Safari/537.36 0.030
127.0.0.1 - - [23/Feb/2020:02:21:06 -0500] POST /services/APIKeyMgtSubscriberService HTTP/1.1 200 1368 - Axis2 0.004
0:0:0:0:0:0:0:1 - - [23/Feb/2020:02:21:06 -0500] GET /api/am/store/v1.0/applications/239d7d37-b066-43a3-885d-0612e5e6817d HTTP/1.1 200 324 https://localhost:9443/devportal/apis/2a3811af-0ada-4c74-ac63-c65d42cf82ca/credentials Mozilla/5.0 (Windows NT 10.0; Win64; x64) AppleWebKit/537.36 (KHTML, like Gecko) Chrome/80.0.3987.116 Safari/537.36 0.016
127.0.0.1 - - [23/Feb/2020:02:21:06 -0500] POST /services/APIKeyMgtSubscriberService HTTP/1.1 200 1368 - Axis2 0.002
0:0:0:0:0:0:0:1 - - [23/Feb/2020:02:21:06 -0500] GET /api/am/store/v1.0/applications/239d7d37-b066-43a3-885d-0612e5e6817d/keys HTTP/1.1 200 480 https://localhost:9443/devportal/apis/2a3811af-0ada-4c74-ac63-c65d42cf82ca/credentials Mozilla/5.0 (Windows NT 10.0; Win64; x64) AppleWebKit/537.36 (KHTML, like Gecko) Chrome/80.0.3987.116 Safari/537.36 0.012
0:0:0:0:0:0:0:1 - - [23/Feb/2020:02:21:06 -0500] GET /api/am/store/v1.0/swagger.yaml HTTP/1.1 200 219176 https://localhost:9443/devportal/apis/2a3811af-0ada-4c74-ac63-c65d42cf82ca/credentials Mozilla/5.0 (Windows NT 10.0; Win64; x64) AppleWebKit/537.36 (KHTML, like Gecko) Chrome/80.0.3987.116 Safari/537.36 0.019
127.0.0.1 - - [23/Feb/2020:02:21:07 -0500] POST /services/APIKeyMgtSubscriberService HTTP/1.1 200 1368 - Axis2 0.002
0:0:0:0:0:0:0:1 - - [23/Feb/2020:02:21:07 -0500] GET /api/am/store/v1.0/applications/239d7d37-b066-43a3-885d-0612e5e6817d HTTP/1.1 200 324 https://localhost:9443/devportal/apis/2a3811af-0ada-4c74-ac63-c65d42cf82ca/credentials Mozilla/5.0 (Windows NT 10.0; Win64; x64) AppleWebKit/537.36 (KHTML, like Gecko) Chrome/80.0.3987.116 Safari/537.36 0.026
127.0.0.1 - - [23/Feb/2020:02:21:07 -0500] POST /services/APIKeyMgtSubscriberService HTTP/1.1 200 1368 - Axis2 0.002
0:0:0:0:0:0:0:1 - - [23/Feb/2020:02:21:07 -0500] GET /api/am/store/v1.0/applications/239d7d37-b066-43a3-885d-0612e5e6817d/keys HTTP/1.1 200 480 https://localhost:9443/devportal/apis/2a3811af-0ada-4c74-ac63-c65d42cf82ca/credentials Mozilla/5.0 (Windows NT 10.0; Win64; x64) AppleWebKit/537.36 (KHTML, like Gecko) Chrome/80.0.3987.116 Safari/537.36 0.012
127.0.0.1 - - [23/Feb/2020:02:21:19 -0500] POST /services/APIKeyMgtSubscriberService HTTP/1.1 200 1368 - Axis2 0.003
127.0.0.1 - - [23/Feb/2020:02:21:19 -0500] POST /services/APIKeyMgtSubscriberService HTTP/1.1 200 1364 - Axis2 0.086
0:0:0:0:0:0:0:1 - - [23/Feb/2020:02:21:19 -0500] PUT /api/am/store/v1.0/applications/239d7d37-b066-43a3-885d-0612e5e6817d/keys/PRODUCTION HTTP/1.1 200 369 https://localhost:9443/devportal/apis/2a3811af-0ada-4c74-ac63-c65d42cf82ca/credentials Mozilla/5.0 (Windows NT 10.0; Win64; x64) AppleWebKit/537.36 (KHTML, like Gecko) Chrome/80.0.3987.116 Safari/537.36 0.158
127.0.0.1 - - [23/Feb/2020:02:21:39 -0500] POST /services/APIKeyMgtSubscriberService HTTP/1.1 200 1368 - Axis2 0.004
127.0.0.1 - - [23/Feb/2020:02:21:40 -0500] POST /services/APIKeyMgtSubscriberService HTTP/1.1 200 1281 - Axis2 0.052
0:0:0:0:0:0:0:1 - - [23/Feb/2020:02:21:40 -0500] PUT /api/am/store/v1.0/applications/239d7d37-b066-43a3-885d-0612e5e6817d/keys/PRODUCTION HTTP/1.1 200 278 https://localhost:9443/devportal/apis/2a3811af-0ada-4c74-ac63-c65d42cf82ca/credentials Mozilla/5.0 (Windows NT 10.0; Win64; x64) AppleWebKit/537.36 (KHTML, like Gecko) Chrome/80.0.3987.116 Safari/537.36 0.085
127.0.0.1 - - [23/Feb/2020:02:22:04 -0500] POST /services/APIKeyMgtSubscriberService HTTP/1.1 200 1285 - Axis2 0.010
0:0:0:0:0:0:0:1 - - [23/Feb/2020:02:22:04 -0500] GET /api/am/store/v1.0/applications/239d7d37-b066-43a3-885d-0612e5e6817d HTTP/1.1 200 324 https://localhost:9443/devportal/applications/239d7d37-b066-43a3-885d-0612e5e6817d Mozilla/5.0 (Windows NT 10.0; Win64; x64) AppleWebKit/537.36 (KHTML, like Gecko) Chrome/80.0.3987.116 Safari/537.36 0.023
0:0:0:0:0:0:0:1 - - [23/Feb/2020:02:22:04 -0500] GET /devportal/site/public/images/_favicon.ico HTTP/1.1 200 1150 https://localhost:9443/devportal/applications/239d7d37-b066-43a3-885d-0612e5e6817d Mozilla/5.0 (Windows NT 10.0; Win64; x64) AppleWebKit/537.36 (KHTML, like Gecko) Chrome/80.0.3987.116 Safari/537.36 0.005
0:0:0:0:0:0:0:1 - - [23/Feb/2020:02:22:04 -0500] GET /api/am/store/v1.0/swagger.yaml HTTP/1.1 200 219176 https://localhost:9443/devportal/applications/239d7d37-b066-43a3-885d-0612e5e6817d/productionkeys Mozilla/5.0 (Windows NT 10.0; Win64; x64) AppleWebKit/537.36 (KHTML, like Gecko) Chrome/80.0.3987.116 Safari/537.36 0.017
127.0.0.1 - - [23/Feb/2020:02:22:04 -0500] POST /services/APIKeyMgtSubscriberService HTTP/1.1 200 1285 - Axis2 0.005
0:0:0:0:0:0:0:1 - - [23/Feb/2020:02:22:04 -0500] GET /api/am/store/v1.0/applications/239d7d37-b066-43a3-885d-0612e5e6817d HTTP/1.1 200 324 https://localhost:9443/devportal/applications/239d7d37-b066-43a3-885d-0612e5e6817d/productionkeys Mozilla/5.0 (Windows NT 10.0; Win64; x64) AppleWebKit/537.36 (KHTML, like Gecko) Chrome/80.0.3987.116 Safari/537.36 0.020
0:0:0:0:0:0:0:1 - - [23/Feb/2020:02:22:04 -0500] GET /devportal/site/public/images/_favicon.ico HTTP/1.1 200 1150 https://localhost:9443/devportal/applications/239d7d37-b066-43a3-885d-0612e5e6817d/productionkeys Mozilla/5.0 (Windows NT 10.0; Win64; x64) AppleWebKit/537.36 (KHTML, like Gecko) Chrome/80.0.3987.116 Safari/537.36 0.001
0:0:0:0:0:0:0:1 - - [23/Feb/2020:02:22:04 -0500] GET /devportal/site/public/images/_favicon.ico HTTP/1.1 200 1150 https://localhost:9443/devportal/applications/239d7d37-b066-43a3-885d-0612e5e6817d/productionkeys Mozilla/5.0 (Windows NT 10.0; Win64; x64) AppleWebKit/537.36 (KHTML, like Gecko) Chrome/80.0.3987.116 Safari/537.36 0.002
0:0:0:0:0:0:0:1 - - [23/Feb/2020:02:22:04 -0500] GET /api/am/store/v1.0/settings HTTP/1.1 200 539 https://localhost:9443/devportal/applications/239d7d37-b066-43a3-885d-0612e5e6817d/productionkeys Mozilla/5.0 (Windows NT 10.0; Win64; x64) AppleWebKit/537.36 (KHTML, like Gecko) Chrome/80.0.3987.116 Safari/537.36 0.160
127.0.0.1 - - [23/Feb/2020:02:22:05 -0500] POST /services/APIKeyMgtSubscriberService HTTP/1.1 200 1285 - Axis2 0.005
0:0:0:0:0:0:0:1 - - [23/Feb/2020:02:22:05 -0500] GET /api/am/store/v1.0/applications/239d7d37-b066-43a3-885d-0612e5e6817d HTTP/1.1 200 324 https://localhost:9443/devportal/applications/239d7d37-b066-43a3-885d-0612e5e6817d/productionkeys Mozilla/5.0 (Windows NT 10.0; Win64; x64) AppleWebKit/537.36 (KHTML, like Gecko) Chrome/80.0.3987.116 Safari/537.36 0.024
0:0:0:0:0:0:0:1 - - [23/Feb/2020:02:22:05 -0500] GET /api/am/store/v1.0/throttling-policies/application/Unlimited HTTP/1.1 200 403 https://localhost:9443/devportal/applications/239d7d37-b066-43a3-885d-0612e5e6817d/productionkeys Mozilla/5.0 (Windows NT 10.0; Win64; x64) AppleWebKit/537.36 (KHTML, like Gecko) Chrome/80.0.3987.116 Safari/537.36 0.010
127.0.0.1 - - [23/Feb/2020:02:22:05 -0500] POST /services/APIKeyMgtSubscriberService HTTP/1.1 200 1285 - Axis2 0.002
0:0:0:0:0:0:0:1 - - [23/Feb/2020:02:22:05 -0500] GET /api/am/store/v1.0/applications/239d7d37-b066-43a3-885d-0612e5e6817d/keys HTTP/1.1 200 389 https://localhost:9443/devportal/applications/239d7d37-b066-43a3-885d-0612e5e6817d/productionkeys Mozilla/5.0 (Windows NT 10.0; Win64; x64) AppleWebKit/537.36 (KHTML, like Gecko) Chrome/80.0.3987.116 Safari/537.36 0.016
0:0:0:0:0:0:0:1 - - [23/Feb/2020:02:22:05 -0500] GET /api/am/store/v1.0/swagger.yaml HTTP/1.1 200 219176 https://localhost:9443/devportal/applications/239d7d37-b066-43a3-885d-0612e5e6817d/productionkeys Mozilla/5.0 (Windows NT 10.0; Win64; x64) AppleWebKit/537.36 (KHTML, like Gecko) Chrome/80.0.3987.116 Safari/537.36 0.018
127.0.0.1 - - [23/Feb/2020:02:22:06 -0500] POST /services/APIKeyMgtSubscriberService HTTP/1.1 200 1285 - Axis2 0.005
0:0:0:0:0:0:0:1 - - [23/Feb/2020:02:22:06 -0500] GET /api/am/store/v1.0/applications/239d7d37-b066-43a3-885d-0612e5e6817d HTTP/1.1 200 324 https://localhost:9443/devportal/applications/239d7d37-b066-43a3-885d-0612e5e6817d/productionkeys Mozilla/5.0 (Windows NT 10.0; Win64; x64) AppleWebKit/537.36 (KHTML, like Gecko) Chrome/80.0.3987.116 Safari/537.36 0.014
127.0.0.1 - - [23/Feb/2020:02:22:06 -0500] POST /services/APIKeyMgtSubscriberService HTTP/1.1 200 1285 - Axis2 0.002
0:0:0:0:0:0:0:1 - - [23/Feb/2020:02:22:06 -0500] GET /api/am/store/v1.0/applications/239d7d37-b066-43a3-885d-0612e5e6817d/keys HTTP/1.1 200 389 https://localhost:9443/devportal/applications/239d7d37-b066-43a3-885d-0612e5e6817d/productionkeys Mozilla/5.0 (Windows NT 10.0; Win64; x64) AppleWebKit/537.36 (KHTML, like Gecko) Chrome/80.0.3987.116 Safari/537.36 0.010
127.0.0.1 - - [23/Feb/2020:02:22:27 -0500] POST /services/APIKeyMgtSubscriberService HTTP/1.1 200 1285 - Axis2 0.003
0:0:0:0:0:0:0:1 - - [23/Feb/2020:02:22:27 -0500] POST /api/am/store/v1.0/applications/239d7d37-b066-43a3-885d-0612e5e6817d/api-keys/PRODUCTION/generate HTTP/1.1 200 1253 https://localhost:9443/devportal/applications/239d7d37-b066-43a3-885d-0612e5e6817d/productionkeys Mozilla/5.0 (Windows NT 10.0; Win64; x64) AppleWebKit/537.36 (KHTML, like Gecko) Chrome/80.0.3987.116 Safari/537.36 0.078
0:0:0:0:0:0:0:1 - - [23/Feb/2020:02:23:19 -0500] GET /api/am/store/v1.0/swagger.yaml HTTP/1.1 200 219176 https://localhost:9443/devportal/applications/239d7d37-b066-43a3-885d-0612e5e6817d/productionkeys Mozilla/5.0 (Windows NT 10.0; Win64; x64) AppleWebKit/537.36 (KHTML, like Gecko) Chrome/80.0.3987.116 Safari/537.36 0.019
0:0:0:0:0:0:0:1 - - [23/Feb/2020:02:23:19 -0500] GET /api/am/store/v1.0/settings HTTP/1.1 200 539 https://localhost:9443/devportal/applications/239d7d37-b066-43a3-885d-0612e5e6817d/productionkeys Mozilla/5.0 (Windows NT 10.0; Win64; x64) AppleWebKit/537.36 (KHTML, like Gecko) Chrome/80.0.3987.116 Safari/537.36 0.153
127.0.0.1 - - [23/Feb/2020:02:23:20 -0500] POST /services/APIKeyMgtSubscriberService HTTP/1.1 200 1285 - Axis2 0.005
0:0:0:0:0:0:0:1 - - [23/Feb/2020:02:23:20 -0500] GET /api/am/store/v1.0/applications/239d7d37-b066-43a3-885d-0612e5e6817d HTTP/1.1 200 324 https://localhost:9443/devportal/applications/239d7d37-b066-43a3-885d-0612e5e6817d/productionkeys Mozilla/5.0 (Windows NT 10.0; Win64; x64) AppleWebKit/537.36 (KHTML, like Gecko) Chrome/80.0.3987.116 Safari/537.36 0.017
127.0.0.1 - - [23/Feb/2020:02:23:20 -0500] POST /services/APIKeyMgtSubscriberService HTTP/1.1 200 1285 - Axis2 0.004
0:0:0:0:0:0:0:1 - - [23/Feb/2020:02:23:20 -0500] GET /api/am/store/v1.0/applications/239d7d37-b066-43a3-885d-0612e5e6817d/keys HTTP/1.1 200 389 https://localhost:9443/devportal/applications/239d7d37-b066-43a3-885d-0612e5e6817d/productionkeys Mozilla/5.0 (Windows NT 10.0; Win64; x64) AppleWebKit/537.36 (KHTML, like Gecko) Chrome/80.0.3987.116 Safari/537.36 0.014
0:0:0:0:0:0:0:1 - - [23/Feb/2020:02:23:20 -0500] GET /api/am/store/v1.0/swagger.yaml HTTP/1.1 200 219176 https://localhost:9443/devportal/applications/239d7d37-b066-43a3-885d-0612e5e6817d/productionkeys Mozilla/5.0 (Windows NT 10.0; Win64; x64) AppleWebKit/537.36 (KHTML, like Gecko) Chrome/80.0.3987.116 Safari/537.36 0.020
127.0.0.1 - - [23/Feb/2020:02:23:21 -0500] POST /services/APIKeyMgtSubscriberService HTTP/1.1 200 1285 - Axis2 0.004
0:0:0:0:0:0:0:1 - - [23/Feb/2020:02:23:21 -0500] GET /api/am/store/v1.0/applications/239d7d37-b066-43a3-885d-0612e5e6817d HTTP/1.1 200 324 https://localhost:9443/devportal/applications/239d7d37-b066-43a3-885d-0612e5e6817d/productionkeys Mozilla/5.0 (Windows NT 10.0; Win64; x64) AppleWebKit/537.36 (KHTML, like Gecko) Chrome/80.0.3987.116 Safari/537.36 0.016
127.0.0.1 - - [23/Feb/2020:02:23:21 -0500] POST /services/APIKeyMgtSubscriberService HTTP/1.1 200 1285 - Axis2 0.004
0:0:0:0:0:0:0:1 - - [23/Feb/2020:02:23:21 -0500] GET /api/am/store/v1.0/applications/239d7d37-b066-43a3-885d-0612e5e6817d/keys HTTP/1.1 200 389 https://localhost:9443/devportal/applications/239d7d37-b066-43a3-885d-0612e5e6817d/productionkeys Mozilla/5.0 (Windows NT 10.0; Win64; x64) AppleWebKit/537.36 (KHTML, like Gecko) Chrome/80.0.3987.116 Safari/537.36 0.015
0:0:0:0:0:0:0:1 - - [23/Feb/2020:02:23:29 -0500] GET /api/am/store/v1.0/swagger.yaml HTTP/1.1 200 219176 https://localhost:9443/devportal/applications/239d7d37-b066-43a3-885d-0612e5e6817d/edit/ Mozilla/5.0 (Windows NT 10.0; Win64; x64) AppleWebKit/537.36 (KHTML, like Gecko) Chrome/80.0.3987.116 Safari/537.36 0.031
0:0:0:0:0:0:0:1 - - [23/Feb/2020:02:23:29 -0500] GET /api/am/store/v1.0/throttling-policies/application?limit=25&offset=0 HTTP/1.1 200 1655 https://localhost:9443/devportal/applications/239d7d37-b066-43a3-885d-0612e5e6817d/edit/ Mozilla/5.0 (Windows NT 10.0; Win64; x64) AppleWebKit/537.36 (KHTML, like Gecko) Chrome/80.0.3987.116 Safari/537.36 0.023
0:0:0:0:0:0:0:1 - - [23/Feb/2020:02:23:29 -0500] GET /api/am/store/v1.0/settings/application-attributes HTTP/1.1 200 32 https://localhost:9443/devportal/applications/239d7d37-b066-43a3-885d-0612e5e6817d/edit/ Mozilla/5.0 (Windows NT 10.0; Win64; x64) AppleWebKit/537.36 (KHTML, like Gecko) Chrome/80.0.3987.116 Safari/537.36 0.027
0:0:0:0:0:0:0:1 - - [23/Feb/2020:02:23:29 -0500] GET /devportal/site/public/images/_favicon.ico HTTP/1.1 200 1150 https://localhost:9443/devportal/applications/239d7d37-b066-43a3-885d-0612e5e6817d/edit/ Mozilla/5.0 (Windows NT 10.0; Win64; x64) AppleWebKit/537.36 (KHTML, like Gecko) Chrome/80.0.3987.116 Safari/537.36 0.007
0:0:0:0:0:0:0:1 - - [23/Feb/2020:02:23:29 -0500] GET /devportal/site/public/images/_favicon.ico HTTP/1.1 200 1150 https://localhost:9443/devportal/applications/239d7d37-b066-43a3-885d-0612e5e6817d/edit/ Mozilla/5.0 (Windows NT 10.0; Win64; x64) AppleWebKit/537.36 (KHTML, like Gecko) Chrome/80.0.3987.116 Safari/537.36 0.002
127.0.0.1 - - [23/Feb/2020:02:23:30 -0500] POST /services/APIKeyMgtSubscriberService HTTP/1.1 200 1285 - Axis2 0.003
0:0:0:0:0:0:0:1 - - [23/Feb/2020:02:23:30 -0500] GET /api/am/store/v1.0/applications/239d7d37-b066-43a3-885d-0612e5e6817d HTTP/1.1 200 324 https://localhost:9443/devportal/applications/239d7d37-b066-43a3-885d-0612e5e6817d/edit/ Mozilla/5.0 (Windows NT 10.0; Win64; x64) AppleWebKit/537.36 (KHTML, like Gecko) Chrome/80.0.3987.116 Safari/537.36 0.016
0:0:0:0:0:0:0:1 - - [23/Feb/2020:02:23:38 -0500] GET /devportal/site/public/images/_favicon.ico HTTP/1.1 200 1150 https://localhost:9443/devportal/applications/239d7d37-b066-43a3-885d-0612e5e6817d/productionkeys Mozilla/5.0 (Windows NT 10.0; Win64; x64) AppleWebKit/537.36 (KHTML, like Gecko) Chrome/80.0.3987.116 Safari/537.36 0.003
127.0.0.1 - - [23/Feb/2020:02:23:38 -0500] POST /services/APIKeyMgtSubscriberService HTTP/1.1 200 1285 - Axis2 0.007
0:0:0:0:0:0:0:1 - - [23/Feb/2020:02:23:38 -0500] GET /api/am/store/v1.0/applications/239d7d37-b066-43a3-885d-0612e5e6817d HTTP/1.1 200 324 https://localhost:9443/devportal/applications/239d7d37-b066-43a3-885d-0612e5e6817d/productionkeys Mozilla/5.0 (Windows NT 10.0; Win64; x64) AppleWebKit/537.36 (KHTML, like Gecko) Chrome/80.0.3987.116 Safari/537.36 0.025
0:0:0:0:0:0:0:1 - - [23/Feb/2020:02:23:38 -0500] GET /api/am/store/v1.0/swagger.yaml HTTP/1.1 200 219176 https://localhost:9443/devportal/applications/239d7d37-b066-43a3-885d-0612e5e6817d/productionkeys Mozilla/5.0 (Windows NT 10.0; Win64; x64) AppleWebKit/537.36 (KHTML, like Gecko) Chrome/80.0.3987.116 Safari/537.36 0.021
127.0.0.1 - - [23/Feb/2020:02:23:38 -0500] POST /services/APIKeyMgtSubscriberService HTTP/1.1 200 1285 - Axis2 0.004
0:0:0:0:0:0:0:1 - - [23/Feb/2020:02:23:38 -0500] GET /api/am/store/v1.0/applications/239d7d37-b066-43a3-885d-0612e5e6817d HTTP/1.1 200 324 https://localhost:9443/devportal/applications/239d7d37-b066-43a3-885d-0612e5e6817d/productionkeys Mozilla/5.0 (Windows NT 10.0; Win64; x64) AppleWebKit/537.36 (KHTML, like Gecko) Chrome/80.0.3987.116 Safari/537.36 0.017
0:0:0:0:0:0:0:1 - - [23/Feb/2020:02:23:38 -0500] GET /api/am/store/v1.0/settings HTTP/1.1 200 539 https://localhost:9443/devportal/applications/239d7d37-b066-43a3-885d-0612e5e6817d/productionkeys Mozilla/5.0 (Windows NT 10.0; Win64; x64) AppleWebKit/537.36 (KHTML, like Gecko) Chrome/80.0.3987.116 Safari/537.36 0.172
127.0.0.1 - - [23/Feb/2020:02:23:39 -0500] POST /services/APIKeyMgtSubscriberService HTTP/1.1 200 1285 - Axis2 0.002
0:0:0:0:0:0:0:1 - - [23/Feb/2020:02:23:39 -0500] GET /api/am/store/v1.0/applications/239d7d37-b066-43a3-885d-0612e5e6817d HTTP/1.1 200 324 https://localhost:9443/devportal/applications/239d7d37-b066-43a3-885d-0612e5e6817d/productionkeys Mozilla/5.0 (Windows NT 10.0; Win64; x64) AppleWebKit/537.36 (KHTML, like Gecko) Chrome/80.0.3987.116 Safari/537.36 0.016
0:0:0:0:0:0:0:1 - - [23/Feb/2020:02:23:39 -0500] GET /api/am/store/v1.0/throttling-policies/application/Unlimited HTTP/1.1 200 403 https://localhost:9443/devportal/applications/239d7d37-b066-43a3-885d-0612e5e6817d/productionkeys Mozilla/5.0 (Windows NT 10.0; Win64; x64) AppleWebKit/537.36 (KHTML, like Gecko) Chrome/80.0.3987.116 Safari/537.36 0.017
127.0.0.1 - - [23/Feb/2020:02:23:39 -0500] POST /services/APIKeyMgtSubscriberService HTTP/1.1 200 1285 - Axis2 0.003
0:0:0:0:0:0:0:1 - - [23/Feb/2020:02:23:39 -0500] GET /api/am/store/v1.0/applications/239d7d37-b066-43a3-885d-0612e5e6817d/keys HTTP/1.1 200 389 https://localhost:9443/devportal/applications/239d7d37-b066-43a3-885d-0612e5e6817d/productionkeys Mozilla/5.0 (Windows NT 10.0; Win64; x64) AppleWebKit/537.36 (KHTML, like Gecko) Chrome/80.0.3987.116 Safari/537.36 0.014
0:0:0:0:0:0:0:1 - - [23/Feb/2020:02:23:39 -0500] GET /api/am/store/v1.0/swagger.yaml HTTP/1.1 200 219176 https://localhost:9443/devportal/applications/239d7d37-b066-43a3-885d-0612e5e6817d/productionkeys Mozilla/5.0 (Windows NT 10.0; Win64; x64) AppleWebKit/537.36 (KHTML, like Gecko) Chrome/80.0.3987.116 Safari/537.36 0.018
127.0.0.1 - - [23/Feb/2020:02:23:39 -0500] POST /services/APIKeyMgtSubscriberService HTTP/1.1 200 1285 - Axis2 0.004
0:0:0:0:0:0:0:1 - - [23/Feb/2020:02:23:39 -0500] GET /api/am/store/v1.0/applications/239d7d37-b066-43a3-885d-0612e5e6817d HTTP/1.1 200 324 https://localhost:9443/devportal/applications/239d7d37-b066-43a3-885d-0612e5e6817d/productionkeys Mozilla/5.0 (Windows NT 10.0; Win64; x64) AppleWebKit/537.36 (KHTML, like Gecko) Chrome/80.0.3987.116 Safari/537.36 0.023
127.0.0.1 - - [23/Feb/2020:02:23:39 -0500] POST /services/APIKeyMgtSubscriberService HTTP/1.1 200 1285 - Axis2 0.003
0:0:0:0:0:0:0:1 - - [23/Feb/2020:02:23:39 -0500] GET /api/am/store/v1.0/applications/239d7d37-b066-43a3-885d-0612e5e6817d/keys HTTP/1.1 200 389 https://localhost:9443/devportal/applications/239d7d37-b066-43a3-885d-0612e5e6817d/productionkeys Mozilla/5.0 (Windows NT 10.0; Win64; x64) AppleWebKit/537.36 (KHTML, like Gecko) Chrome/80.0.3987.116 Safari/537.36 0.013
127.0.0.1 - - [23/Feb/2020:02:23:51 -0500] POST /services/APIKeyMgtSubscriberService HTTP/1.1 200 1285 - Axis2 0.004
0:0:0:0:0:0:0:1 - - [23/Feb/2020:02:23:51 -0500] PUT /api/am/store/v1.0/applications/239d7d37-b066-43a3-885d-0612e5e6817d/keys/PRODUCTION HTTP/1.1 200 369 https://localhost:9443/devportal/applications/239d7d37-b066-43a3-885d-0612e5e6817d/productionkeys Mozilla/5.0 (Windows NT 10.0; Win64; x64) AppleWebKit/537.36 (KHTML, like Gecko) Chrome/80.0.3987.116 Safari/537.36 0.061
127.0.0.1 - - [23/Feb/2020:02:23:51 -0500] POST /services/APIKeyMgtSubscriberService HTTP/1.1 200 1364 - Axis2 0.043
127.0.0.1 - - [23/Feb/2020:02:24:07 -0500] POST /services/APIKeyMgtSubscriberService HTTP/1.1 200 1368 - Axis2 0.003
0:0:0:0:0:0:0:1 - - [23/Feb/2020:02:24:07 -0500] GET /api/am/store/v1.0/applications/239d7d37-b066-43a3-885d-0612e5e6817d/keys HTTP/1.1 200 480 https://localhost:9443/devportal/applications/239d7d37-b066-43a3-885d-0612e5e6817d/productionkeys Mozilla/5.0 (Windows NT 10.0; Win64; x64) AppleWebKit/537.36 (KHTML, like Gecko) Chrome/80.0.3987.116 Safari/537.36 0.028
127.0.0.1 - - [23/Feb/2020:02:24:07 -0500] POST /services/APIKeyMgtSubscriberService HTTP/1.1 200 1368 - Axis2 0.003
127.0.0.1 - - [23/Feb/2020:02:24:07 -0500] POST /services/APIKeyMgtSubscriberService HTTP/1.1 200 1368 - Axis2 0.003
127.0.0.1 - - [23/Feb/2020:02:24:07 -0500] POST /oauth2/token HTTP/1.1 200 1499 - Synapse-PT-HttpComponents-NIO 0.024
0:0:0:0:0:0:0:1 - - [23/Feb/2020:02:24:07 -0500] POST /api/am/store/v1.0/applications/239d7d37-b066-43a3-885d-0612e5e6817d/keys/PRODUCTION/generate-token HTTP/1.1 200 1500 https://localhost:9443/devportal/applications/239d7d37-b066-43a3-885d-0612e5e6817d/productionkeys Mozilla/5.0 (Windows NT 10.0; Win64; x64) AppleWebKit/537.36 (KHTML, like Gecko) Chrome/80.0.3987.116 Safari/537.36 0.213
0:0:0:0:0:0:0:1 - - [23/Feb/2020:02:25:23 -0500] GET /api/am/store/v1.0/swagger.yaml HTTP/1.1 200 219176 https://localhost:9443/devportal/applications/239d7d37-b066-43a3-885d-0612e5e6817d/productionkeys Mozilla/5.0 (Windows NT 10.0; Win64; x64) AppleWebKit/537.36 (KHTML, like Gecko) Chrome/80.0.3987.116 Safari/537.36 0.035
0:0:0:0:0:0:0:1 - - [23/Feb/2020:02:25:23 -0500] GET /devportal/site/public/images/_favicon.ico HTTP/1.1 200 1150 https://localhost:9443/devportal/applications/239d7d37-b066-43a3-885d-0612e5e6817d/productionkeys Mozilla/5.0 (Windows NT 10.0; Win64; x64) AppleWebKit/537.36 (KHTML, like Gecko) Chrome/80.0.3987.116 Safari/537.36 0.010
0:0:0:0:0:0:0:1 - - [23/Feb/2020:02:25:23 -0500] GET /devportal/site/public/images/_favicon.ico HTTP/1.1 200 1150 https://localhost:9443/devportal/applications/239d7d37-b066-43a3-885d-0612e5e6817d/productionkeys Mozilla/5.0 (Windows NT 10.0; Win64; x64) AppleWebKit/537.36 (KHTML, like Gecko) Chrome/80.0.3987.116 Safari/537.36 0.001
0:0:0:0:0:0:0:1 - - [23/Feb/2020:02:25:23 -0500] GET /api/am/store/v1.0/settings HTTP/1.1 200 539 https://localhost:9443/devportal/applications/239d7d37-b066-43a3-885d-0612e5e6817d/productionkeys Mozilla/5.0 (Windows NT 10.0; Win64; x64) AppleWebKit/537.36 (KHTML, like Gecko) Chrome/80.0.3987.116 Safari/537.36 0.177
127.0.0.1 - - [23/Feb/2020:02:25:23 -0500] POST /services/APIKeyMgtSubscriberService HTTP/1.1 200 1368 - Axis2 0.003
0:0:0:0:0:0:0:1 - - [23/Feb/2020:02:25:23 -0500] GET /api/am/store/v1.0/applications/239d7d37-b066-43a3-885d-0612e5e6817d HTTP/1.1 200 324 https://localhost:9443/devportal/applications/239d7d37-b066-43a3-885d-0612e5e6817d/productionkeys Mozilla/5.0 (Windows NT 10.0; Win64; x64) AppleWebKit/537.36 (KHTML, like Gecko) Chrome/80.0.3987.116 Safari/537.36 0.068
127.0.0.1 - - [23/Feb/2020:02:25:23 -0500] POST /services/APIKeyMgtSubscriberService HTTP/1.1 200 1368 - Axis2 0.003
0:0:0:0:0:0:0:1 - - [23/Feb/2020:02:25:23 -0500] GET /api/am/store/v1.0/applications/239d7d37-b066-43a3-885d-0612e5e6817d/keys HTTP/1.1 200 478 https://localhost:9443/devportal/applications/239d7d37-b066-43a3-885d-0612e5e6817d/productionkeys Mozilla/5.0 (Windows NT 10.0; Win64; x64) AppleWebKit/537.36 (KHTML, like Gecko) Chrome/80.0.3987.116 Safari/537.36 0.030
0:0:0:0:0:0:0:1 - - [23/Feb/2020:02:25:24 -0500] GET /api/am/store/v1.0/swagger.yaml HTTP/1.1 200 219176 https://localhost:9443/devportal/applications/239d7d37-b066-43a3-885d-0612e5e6817d/productionkeys Mozilla/5.0 (Windows NT 10.0; Win64; x64) AppleWebKit/537.36 (KHTML, like Gecko) Chrome/80.0.3987.116 Safari/537.36 0.019
127.0.0.1 - - [23/Feb/2020:02:25:24 -0500] POST /services/APIKeyMgtSubscriberService HTTP/1.1 200 1368 - Axis2 0.003
0:0:0:0:0:0:0:1 - - [23/Feb/2020:02:25:24 -0500] GET /api/am/store/v1.0/applications/239d7d37-b066-43a3-885d-0612e5e6817d HTTP/1.1 200 324 https://localhost:9443/devportal/applications/239d7d37-b066-43a3-885d-0612e5e6817d/productionkeys Mozilla/5.0 (Windows NT 10.0; Win64; x64) AppleWebKit/537.36 (KHTML, like Gecko) Chrome/80.0.3987.116 Safari/537.36 0.017
127.0.0.1 - - [23/Feb/2020:02:25:24 -0500] POST /services/APIKeyMgtSubscriberService HTTP/1.1 200 1368 - Axis2 0.002
0:0:0:0:0:0:0:1 - - [23/Feb/2020:02:25:24 -0500] GET /api/am/store/v1.0/applications/239d7d37-b066-43a3-885d-0612e5e6817d/keys HTTP/1.1 200 478 https://localhost:9443/devportal/applications/239d7d37-b066-43a3-885d-0612e5e6817d/productionkeys Mozilla/5.0 (Windows NT 10.0; Win64; x64) AppleWebKit/537.36 (KHTML, like Gecko) Chrome/80.0.3987.116 Safari/537.36 0.012
0:0:0:0:0:0:0:1 - - [23/Feb/2020:02:25:29 -0500] GET /api/am/store/v1.0/swagger.yaml HTTP/1.1 200 219176 https://localhost:9443/devportal/applications Mozilla/5.0 (Windows NT 10.0; Win64; x64) AppleWebKit/537.36 (KHTML, like Gecko) Chrome/80.0.3987.116 Safari/537.36 0.026
0:0:0:0:0:0:0:1 - - [23/Feb/2020:02:25:29 -0500] GET /devportal/site/public/images/_favicon.ico HTTP/1.1 200 1150 https://localhost:9443/devportal/applications Mozilla/5.0 (Windows NT 10.0; Win64; x64) AppleWebKit/537.36 (KHTML, like Gecko) Chrome/80.0.3987.116 Safari/537.36 0.005
0:0:0:0:0:0:0:1 - - [23/Feb/2020:02:25:29 -0500] GET /devportal/site/public/images/_favicon.ico HTTP/1.1 200 1150 https://localhost:9443/devportal/applications Mozilla/5.0 (Windows NT 10.0; Win64; x64) AppleWebKit/537.36 (KHTML, like Gecko) Chrome/80.0.3987.116 Safari/537.36 0.001
0:0:0:0:0:0:0:1 - - [23/Feb/2020:02:25:30 -0500] GET /api/am/store/v1.0/applications?sortBy=name&sortOrder=asc&limit=10&offset=0 HTTP/1.1 200 565 https://localhost:9443/devportal/applications Mozilla/5.0 (Windows NT 10.0; Win64; x64) AppleWebKit/537.36 (KHTML, like Gecko) Chrome/80.0.3987.116 Safari/537.36 0.008
0:0:0:0:0:0:0:1 - - [23/Feb/2020:02:25:33 -0500] GET /api/am/store/v1.0/tags?limit=25&offset=0 HTTP/1.1 200 103 https://localhost:9443/devportal/apis Mozilla/5.0 (Windows NT 10.0; Win64; x64) AppleWebKit/537.36 (KHTML, like Gecko) Chrome/80.0.3987.116 Safari/537.36 0.031
0:0:0:0:0:0:0:1 - - [23/Feb/2020:02:25:33 -0500] GET /devportal/site/public/images/_favicon.ico HTTP/1.1 200 1150 https://localhost:9443/devportal/apis Mozilla/5.0 (Windows NT 10.0; Win64; x64) AppleWebKit/537.36 (KHTML, like Gecko) Chrome/80.0.3987.116 Safari/537.36 0.002
0:0:0:0:0:0:0:1 - - [23/Feb/2020:02:25:33 -0500] GET /devportal/site/public/images/_favicon.ico HTTP/1.1 200 1150 https://localhost:9443/devportal/apis Mozilla/5.0 (Windows NT 10.0; Win64; x64) AppleWebKit/537.36 (KHTML, like Gecko) Chrome/80.0.3987.116 Safari/537.36 0.002
0:0:0:0:0:0:0:1 - - [23/Feb/2020:02:25:33 -0500] GET /api/am/store/v1.0/apis?limit=10&offset=0 HTTP/1.1 200 611 https://localhost:9443/devportal/apis Mozilla/5.0 (Windows NT 10.0; Win64; x64) AppleWebKit/537.36 (KHTML, like Gecko) Chrome/80.0.3987.116 Safari/537.36 0.064
0:0:0:0:0:0:0:1 - - [23/Feb/2020:02:25:33 -0500] GET /api/am/store/v1.0/apis/2a3811af-0ada-4c74-ac63-c65d42cf82ca/ratings?limit=25&offset=0 HTTP/1.1 200 136 https://localhost:9443/devportal/apis Mozilla/5.0 (Windows NT 10.0; Win64; x64) AppleWebKit/537.36 (KHTML, like Gecko) Chrome/80.0.3987.116 Safari/537.36 0.015
0:0:0:0:0:0:0:1 - - [23/Feb/2020:02:25:33 -0500] GET /api/am/store/v1.0/apis/2a3811af-0ada-4c74-ac63-c65d42cf82ca/thumbnail HTTP/1.1 204 - https://localhost:9443/devportal/apis Mozilla/5.0 (Windows NT 10.0; Win64; x64) AppleWebKit/537.36 (KHTML, like Gecko) Chrome/80.0.3987.116 Safari/537.36 0.008
0:0:0:0:0:0:0:1 - - [23/Feb/2020:02:25:35 -0500] GET /api/am/store/v1.0/tags?limit=25&offset=0 HTTP/1.1 200 103 https://localhost:9443/devportal/apis Mozilla/5.0 (Windows NT 10.0; Win64; x64) AppleWebKit/537.36 (KHTML, like Gecko) Chrome/80.0.3987.116 Safari/537.36 0.018
0:0:0:0:0:0:0:1 - - [23/Feb/2020:02:25:35 -0500] GET /api/am/store/v1.0/apis?limit=10&offset=0 HTTP/1.1 200 611 https://localhost:9443/devportal/apis Mozilla/5.0 (Windows NT 10.0; Win64; x64) AppleWebKit/537.36 (KHTML, like Gecko) Chrome/80.0.3987.116 Safari/537.36 0.026
0:0:0:0:0:0:0:1 - - [23/Feb/2020:02:25:35 -0500] GET /devportal/site/public/images/_favicon.ico HTTP/1.1 200 1150 https://localhost:9443/devportal/apis Mozilla/5.0 (Windows NT 10.0; Win64; x64) AppleWebKit/537.36 (KHTML, like Gecko) Chrome/80.0.3987.116 Safari/537.36 0.004
0:0:0:0:0:0:0:1 - - [23/Feb/2020:02:25:35 -0500] GET /devportal/site/public/images/_favicon.ico HTTP/1.1 200 1150 https://localhost:9443/devportal/apis Mozilla/5.0 (Windows NT 10.0; Win64; x64) AppleWebKit/537.36 (KHTML, like Gecko) Chrome/80.0.3987.116 Safari/537.36 0.002
0:0:0:0:0:0:0:1 - - [23/Feb/2020:02:25:35 -0500] GET /devportal/site/public/images/_favicon.ico HTTP/1.1 200 1150 https://localhost:9443/devportal/apis Mozilla/5.0 (Windows NT 10.0; Win64; x64) AppleWebKit/537.36 (KHTML, like Gecko) Chrome/80.0.3987.116 Safari/537.36 0.001
0:0:0:0:0:0:0:1 - - [23/Feb/2020:02:25:35 -0500] GET /api/am/store/v1.0/apis/2a3811af-0ada-4c74-ac63-c65d42cf82ca/thumbnail HTTP/1.1 204 - https://localhost:9443/devportal/apis Mozilla/5.0 (Windows NT 10.0; Win64; x64) AppleWebKit/537.36 (KHTML, like Gecko) Chrome/80.0.3987.116 Safari/537.36 0.013
0:0:0:0:0:0:0:1 - - [23/Feb/2020:02:25:35 -0500] GET /api/am/store/v1.0/apis/2a3811af-0ada-4c74-ac63-c65d42cf82ca/ratings?limit=25&offset=0 HTTP/1.1 200 136 https://localhost:9443/devportal/apis Mozilla/5.0 (Windows NT 10.0; Win64; x64) AppleWebKit/537.36 (KHTML, like Gecko) Chrome/80.0.3987.116 Safari/537.36 0.017
0:0:0:0:0:0:0:1 - - [23/Feb/2020:02:25:40 -0500] GET /api/am/store/v1.0/alert-types HTTP/1.1 204 - https://localhost:9443/devportal/settings Mozilla/5.0 (Windows NT 10.0; Win64; x64) AppleWebKit/537.36 (KHTML, like Gecko) Chrome/80.0.3987.116 Safari/537.36 0.010
0:0:0:0:0:0:0:1 - - [23/Feb/2020:02:25:40 -0500] GET /devportal/site/public/images/_favicon.ico HTTP/1.1 200 1150 https://localhost:9443/devportal/settings Mozilla/5.0 (Windows NT 10.0; Win64; x64) AppleWebKit/537.36 (KHTML, like Gecko) Chrome/80.0.3987.116 Safari/537.36 0.003
0:0:0:0:0:0:0:1 - - [23/Feb/2020:02:25:40 -0500] GET /devportal/site/public/images/_favicon.ico HTTP/1.1 200 1150 https://localhost:9443/devportal/settings Mozilla/5.0 (Windows NT 10.0; Win64; x64) AppleWebKit/537.36 (KHTML, like Gecko) Chrome/80.0.3987.116 Safari/537.36 0.001
0:0:0:0:0:0:0:1 - - [23/Feb/2020:02:25:41 -0500] GET /api/am/store/v1.0/alert-subscriptions HTTP/1.1 204 - https://localhost:9443/devportal/settings Mozilla/5.0 (Windows NT 10.0; Win64; x64) AppleWebKit/537.36 (KHTML, like Gecko) Chrome/80.0.3987.116 Safari/537.36 0.161
0:0:0:0:0:0:0:1 - - [23/Feb/2020:02:25:47 -0500] GET /api/am/store/v1.0/tags?limit=25&offset=0 HTTP/1.1 200 103 https://localhost:9443/devportal/apis Mozilla/5.0 (Windows NT 10.0; Win64; x64) AppleWebKit/537.36 (KHTML, like Gecko) Chrome/80.0.3987.116 Safari/537.36 0.030
0:0:0:0:0:0:0:1 - - [23/Feb/2020:02:25:47 -0500] GET /api/am/store/v1.0/apis?limit=10&offset=0 HTTP/1.1 200 611 https://localhost:9443/devportal/apis Mozilla/5.0 (Windows NT 10.0; Win64; x64) AppleWebKit/537.36 (KHTML, like Gecko) Chrome/80.0.3987.116 Safari/537.36 0.043
0:0:0:0:0:0:0:1 - - [23/Feb/2020:02:25:47 -0500] GET /devportal/site/public/images/_favicon.ico HTTP/1.1 200 1150 https://localhost:9443/devportal/apis Mozilla/5.0 (Windows NT 10.0; Win64; x64) AppleWebKit/537.36 (KHTML, like Gecko) Chrome/80.0.3987.116 Safari/537.36 0.002
0:0:0:0:0:0:0:1 - - [23/Feb/2020:02:25:47 -0500] GET /devportal/site/public/images/_favicon.ico HTTP/1.1 200 1150 https://localhost:9443/devportal/apis Mozilla/5.0 (Windows NT 10.0; Win64; x64) AppleWebKit/537.36 (KHTML, like Gecko) Chrome/80.0.3987.116 Safari/537.36 0.002
0:0:0:0:0:0:0:1 - - [23/Feb/2020:02:25:47 -0500] GET /devportal/site/public/images/_favicon.ico HTTP/1.1 200 1150 https://localhost:9443/devportal/apis Mozilla/5.0 (Windows NT 10.0; Win64; x64) AppleWebKit/537.36 (KHTML, like Gecko) Chrome/80.0.3987.116 Safari/537.36 0.002
0:0:0:0:0:0:0:1 - - [23/Feb/2020:02:25:47 -0500] GET /api/am/store/v1.0/apis/2a3811af-0ada-4c74-ac63-c65d42cf82ca/thumbnail HTTP/1.1 204 - https://localhost:9443/devportal/apis Mozilla/5.0 (Windows NT 10.0; Win64; x64) AppleWebKit/537.36 (KHTML, like Gecko) Chrome/80.0.3987.116 Safari/537.36 0.008
0:0:0:0:0:0:0:1 - - [23/Feb/2020:02:25:47 -0500] GET /api/am/store/v1.0/apis/2a3811af-0ada-4c74-ac63-c65d42cf82ca/ratings?limit=25&offset=0 HTTP/1.1 200 136 https://localhost:9443/devportal/apis Mozilla/5.0 (Windows NT 10.0; Win64; x64) AppleWebKit/537.36 (KHTML, like Gecko) Chrome/80.0.3987.116 Safari/537.36 0.021
0:0:0:0:0:0:0:1 - - [23/Feb/2020:02:25:52 -0500] GET /publisher/site/public/images/_favicon.ico HTTP/1.1 200 1150 https://localhost:9443/publisher/apis/ Mozilla/5.0 (Windows NT 10.0; Win64; x64) AppleWebKit/537.36 (KHTML, like Gecko) Chrome/80.0.3987.116 Safari/537.36 0.012
0:0:0:0:0:0:0:1 - - [23/Feb/2020:02:25:53 -0500] GET /api/am/publisher/v1.0/apis?limit=10&offset=0 HTTP/1.1 200 373 https://localhost:9443/publisher/apis/ Mozilla/5.0 (Windows NT 10.0; Win64; x64) AppleWebKit/537.36 (KHTML, like Gecko) Chrome/80.0.3987.116 Safari/537.36 0.063
0:0:0:0:0:0:0:1 - - [23/Feb/2020:02:25:53 -0500] GET /api/am/publisher/v1.0/apis/2a3811af-0ada-4c74-ac63-c65d42cf82ca/thumbnail HTTP/1.1 204 - https://localhost:9443/publisher/apis/ Mozilla/5.0 (Windows NT 10.0; Win64; x64) AppleWebKit/537.36 (KHTML, like Gecko) Chrome/80.0.3987.116 Safari/537.36 0.010
0:0:0:0:0:0:0:1 - - [23/Feb/2020:02:25:55 -0500] GET /publisher/site/public/images/_favicon.ico HTTP/1.1 200 1150 https://localhost:9443/publisher/apis/2a3811af-0ada-4c74-ac63-c65d42cf82ca/overview Mozilla/5.0 (Windows NT 10.0; Win64; x64) AppleWebKit/537.36 (KHTML, like Gecko) Chrome/80.0.3987.116 Safari/537.36 0.002
0:0:0:0:0:0:0:1 - - [23/Feb/2020:02:25:55 -0500] GET /api/am/publisher/v1.0/apis/2a3811af-0ada-4c74-ac63-c65d42cf82ca HTTP/1.1 200 2086 https://localhost:9443/publisher/apis/2a3811af-0ada-4c74-ac63-c65d42cf82ca/overview Mozilla/5.0 (Windows NT 10.0; Win64; x64) AppleWebKit/537.36 (KHTML, like Gecko) Chrome/80.0.3987.116 Safari/537.36 0.029
0:0:0:0:0:0:0:1 - - [23/Feb/2020:02:25:55 -0500] GET /api/am/publisher/v1.0/apis/2a3811af-0ada-4c74-ac63-c65d42cf82ca/thumbnail HTTP/1.1 204 - https://localhost:9443/publisher/apis/2a3811af-0ada-4c74-ac63-c65d42cf82ca/overview Mozilla/5.0 (Windows NT 10.0; Win64; x64) AppleWebKit/537.36 (KHTML, like Gecko) Chrome/80.0.3987.116 Safari/537.36 0.032
0:0:0:0:0:0:0:1 - - [23/Feb/2020:02:25:55 -0500] GET /api/am/publisher/v1.0/apis/2a3811af-0ada-4c74-ac63-c65d42cf82ca/swagger HTTP/1.1 200 2677 https://localhost:9443/publisher/apis/2a3811af-0ada-4c74-ac63-c65d42cf82ca/overview Mozilla/5.0 (Windows NT 10.0; Win64; x64) AppleWebKit/537.36 (KHTML, like Gecko) Chrome/80.0.3987.116 Safari/537.36 0.033
0:0:0:0:0:0:0:1 - - [23/Feb/2020:02:25:55 -0500] GET /api/am/publisher/v1.0/apis/2a3811af-0ada-4c74-ac63-c65d42cf82ca/lifecycle-state HTTP/1.1 200 283 https://localhost:9443/publisher/apis/2a3811af-0ada-4c74-ac63-c65d42cf82ca/overview Mozilla/5.0 (Windows NT 10.0; Win64; x64) AppleWebKit/537.36 (KHTML, like Gecko) Chrome/80.0.3987.116 Safari/537.36 0.022
0:0:0:0:0:0:0:1 - - [23/Feb/2020:02:26:03 -0500] GET /api/am/publisher/v1.0/throttling-policies/api?limit=25&offset=0 HTTP/1.1 200 1106 https://localhost:9443/publisher/apis/2a3811af-0ada-4c74-ac63-c65d42cf82ca/resources Mozilla/5.0 (Windows NT 10.0; Win64; x64) AppleWebKit/537.36 (KHTML, like Gecko) Chrome/80.0.3987.116 Safari/537.36 0.015
0:0:0:0:0:0:0:1 - - [23/Feb/2020:02:26:03 -0500] GET /publisher/site/public/images/_favicon.ico HTTP/1.1 200 1150 https://localhost:9443/publisher/apis/2a3811af-0ada-4c74-ac63-c65d42cf82ca/resources Mozilla/5.0 (Windows NT 10.0; Win64; x64) AppleWebKit/537.36 (KHTML, like Gecko) Chrome/80.0.3987.116 Safari/537.36 0.004
0:0:0:0:0:0:0:1 - - [23/Feb/2020:02:26:03 -0500] GET /api/am/publisher/v1.0/apis/2a3811af-0ada-4c74-ac63-c65d42cf82ca/swagger HTTP/1.1 200 2677 https://localhost:9443/publisher/apis/2a3811af-0ada-4c74-ac63-c65d42cf82ca/resources Mozilla/5.0 (Windows NT 10.0; Win64; x64) AppleWebKit/537.36 (KHTML, like Gecko) Chrome/80.0.3987.116 Safari/537.36 0.040
127.0.0.1 - - [23/Feb/2020:02:26:14 -0500] POST /services/AuthenticationAdmin HTTP/1.1 200 299 - Axis2 0.016
127.0.0.1 - - [23/Feb/2020:02:26:14 -0500] POST /services/APIGatewayAdmin HTTP/1.1 200 3000 - Axis2 0.014
127.0.0.1 - - [23/Feb/2020:02:26:14 -0500] POST /services/AuthenticationAdmin HTTP/1.1 200 299 - Axis2 0.009
